BL51 BANKED LINKER/LOCATER V6.22                                                        04/15/2015  21:56:11  PAGE 1


BL51 BANKED LINKER/LOCATER V6.22, INVOKED BY:
C:\KEIL\C51\BIN\BL51.EXE .\Output\adc.obj, .\Output\cpu.obj, .\Output\dispinfo.obj, .\Output\etc_eep.obj, .\Output\I2c.o
>> bj, .\Output\keyremo.obj, .\Output\Main.obj, .\Output\Measure.obj, .\Output\Osdbasic.obj, .\Output\osdmenu.obj, .\Out
>> put\pc_eep.obj, .\Output\Printf.obj, .\Output\table.obj, .\Output\TW88.obj, .\Output\udfont.obj, .\Output\HS_keyremo.
>> obj, .\Output\HS_DisplayOSD.obj, .\Output\audio.obj, .\Output\Debug.obj, .\Output\HS_DVRProtocol.obj TO .\Output\AWT-
>> ML072 PRINT (.\Source\AWT-ML072.m51) RAMSIZE (256)




PROGRAM RECURSIONS REMOVED FROM CALL TREE
=========================================
+--> ?PR?CLEAROSDINFO?DISPINFO
|  | ?PR?CLOSEOSDMENU?OSDMENU
|  | ?PR?SETNOWMODE?HS_KEYREMO
|  | ?PR?_SETSOURCEMODE?HS_KEYREMO
|  | ?PR?_CHANGEINPUT?MAIN
<--+ ?PR?DISPLAYINPUT?DISPINFO



MEMORY MODEL: LARGE


INPUT MODULES INCLUDED:
  .\Output\adc.obj (ADC)
  .\Output\cpu.obj (CPU)
  .\Output\dispinfo.obj (DISPINFO)
  .\Output\etc_eep.obj (ETC_EEP)
  .\Output\I2c.obj (I2C)
  .\Output\keyremo.obj (KEYREMO)
  .\Output\Main.obj (MAIN)
  .\Output\Measure.obj (MEASURE)
  .\Output\Osdbasic.obj (OSDBASIC)
  .\Output\osdmenu.obj (OSDMENU)
  .\Output\pc_eep.obj (PC_EEP)
  .\Output\Printf.obj (PRINTF)
  .\Output\table.obj (TABLE)
  .\Output\TW88.obj (TW88)
  .\Output\udfont.obj (UDFONT)
  .\Output\HS_keyremo.obj (HS_KEYREMO)
  .\Output\HS_DisplayOSD.obj (HS_DISPLAYOSD)
  .\Output\audio.obj (AUDIO)
  .\Output\Debug.obj (DEBUG)
  .\Output\HS_DVRProtocol.obj (HS_DVRPROTOCOL)
  C:\KEIL\C51\LIB\C51L.LIB (?C_STARTUP)
  C:\KEIL\C51\LIB\C51L.LIB (?C?COPY)
  C:\KEIL\C51\LIB\C51L.LIB (?C?CLDPTR)
  C:\KEIL\C51\LIB\C51L.LIB (?C?CLDOPTR)
  C:\KEIL\C51\LIB\C51L.LIB (?C?CSTPTR)
  C:\KEIL\C51\LIB\C51L.LIB (?C?IMUL)
  C:\KEIL\C51\LIB\C51L.LIB (?C?UIDIV)
  C:\KEIL\C51\LIB\C51L.LIB (?C?SIDIV)
  C:\KEIL\C51\LIB\C51L.LIB (?C?IILDX)
  C:\KEIL\C51\LIB\C51L.LIB (?C?ILDPTR)
  C:\KEIL\C51\LIB\C51L.LIB (?C?ILDOPTR)
  C:\KEIL\C51\LIB\C51L.LIB (?C?ISTPTR)
  C:\KEIL\C51\LIB\C51L.LIB (?C?LMUL)
BL51 BANKED LINKER/LOCATER V6.22                                                      04/15/2015  21:56:11  PAGE 2


  C:\KEIL\C51\LIB\C51L.LIB (?C?ULDIV)
  C:\KEIL\C51\LIB\C51L.LIB (?C?ULCMP)
  C:\KEIL\C51\LIB\C51L.LIB (?C?SLSHR)
  C:\KEIL\C51\LIB\C51L.LIB (?C?LLDPTR)
  C:\KEIL\C51\LIB\C51L.LIB (?C?LLDXDATA)
  C:\KEIL\C51\LIB\C51L.LIB (?C?LLDXDATA0)
  C:\KEIL\C51\LIB\C51L.LIB (?C?LSTXDATA)
  C:\KEIL\C51\LIB\C51L.LIB (?C?LSTKXDATA)
  C:\KEIL\C51\LIB\C51L.LIB (?C?OFFXADD)
  C:\KEIL\C51\LIB\C51L.LIB (?C?PLDXDATA)
  C:\KEIL\C51\LIB\C51L.LIB (?C?PLDIXDATA)
  C:\KEIL\C51\LIB\C51L.LIB (?C?PSTXDATA)
  C:\KEIL\C51\LIB\C51L.LIB (?C?PLDCODE)
  C:\KEIL\C51\LIB\C51L.LIB (?C?PLDPTR)
  C:\KEIL\C51\LIB\C51L.LIB (?C?PLDOPTR)
  C:\KEIL\C51\LIB\C51L.LIB (?C?CCASE)
  C:\KEIL\C51\LIB\C51L.LIB (ABS)
  C:\KEIL\C51\LIB\C51L.LIB (?C_INIT)
  C:\KEIL\C51\LIB\C51L.LIB (?C?LLDIDATA)
  C:\KEIL\C51\LIB\C51L.LIB (?C?LLDPDATA)
  C:\KEIL\C51\LIB\C51L.LIB (?C?LLDCODE)
  C:\KEIL\C51\LIB\C51L.LIB (?C?PLDIDATA)
  C:\KEIL\C51\LIB\C51L.LIB (?C?PLDPDATA)


LINK MAP OF MODULE:  .\Output\AWT-ML072 (ADC)


            TYPE    BASE      LENGTH    RELOCATION   SEGMENT NAME
            -----------------------------------------------------

            * * * * * * *   D A T A   M E M O R Y   * * * * * * *
            REG     0000H     0008H     ABSOLUTE     "REG BANK 0"
            REG     0008H     0008H     ABSOLUTE     "REG BANK 1"
            DATA    0010H     000AH     UNIT         ?DT?OSDBASIC
            DATA    001AH     0005H     UNIT         ?DT?OSDMENU
                    001FH     0001H                  *** GAP ***
            BIT     0020H.0   0001H.3   UNIT         ?BI?MAIN
            BIT     0021H.3   0000H.5   UNIT         ?BI?CPU
            BIT     0022H.0   0000H.5   UNIT         ?BI?HS_DVRPROTOCOL
            BIT     0022H.5   0000H.3   UNIT         ?BI?HS_KEYREMO
            BIT     0023H.0   0000H.2   UNIT         ?BI?OSDMENU
            BIT     0023H.2   0000H.2   UNIT         _BIT_GROUP_
            BIT     0023H.4   0000H.1   UNIT         ?BI?KEYREMO
            BIT     0023H.5   0000H.1   UNIT         ?BI?HS_DISPLAYOSD
                    0023H.6   0000H.2                *** GAP ***
            DATA    0024H     003FH     UNIT         ?DT?CPU
            DATA    0063H     0007H     UNIT         ?DT?MAIN
            DATA    006AH     0002H     UNIT         ?DT?DISPINFO
            IDATA   006CH     0001H     UNIT         ?STACK

            * * * * * * *  X D A T A   M E M O R Y  * * * * * * *
            XDATA   0000H     006CH     UNIT         _XDATA_GROUP_
            XDATA   006CH     0048H     UNIT         ?XD?HS_DVRPROTOCOL
            XDATA   00B4H     0020H     UNIT         ?XD?OSDMENU
            XDATA   00D4H     0013H     UNIT         ?XD?MAIN
            XDATA   00E7H     000CH     UNIT         ?XD?HS_KEYREMO
BL51 BANKED LINKER/LOCATER V6.22                                                      04/15/2015  21:56:11  PAGE 3


            XDATA   00F3H     0009H     UNIT         ?XD?CPU
            XDATA   00FCH     0007H     UNIT         ?XD?KEYREMO
            XDATA   0103H     0002H     UNIT         ?XD?DISPINFO
            XDATA   0105H     0002H     UNIT         ?XD?AUDIO
            XDATA   0107H     0001H     UNIT         ?XD?TW88

            * * * * * * *   C O D E   M E M O R Y   * * * * * * *
            CODE    0000H     0003H     ABSOLUTE     
            CODE    0003H     0008H     UNIT         ?PR?_RS_TX?CPU
            CODE    000BH     0003H     ABSOLUTE     
            CODE    000EH     0004H     UNIT         ?PR?GETOSDPOSITIONMODE?OSDMENU
            CODE    0012H     0001H     UNIT         ?PR?DD?I2C
            CODE    0013H     0003H     ABSOLUTE     
            CODE    0016H     000DH     UNIT         ?PR?I2CSTOP?I2C
            CODE    0023H     0003H     ABSOLUTE     
            CODE    0026H     0003H     UNIT         ?PR?EXT1_INT?CPU
            CODE    0029H     0001H     UNIT         ?PR?ON_LVDS?TW88
            CODE    002AH     0001H     UNIT         ?PR?OFF_LVDS?TW88
            CODE    002BH     0003H     ABSOLUTE     
            CODE    002EH     0035H     UNIT         ?PR?OSDHIGHMENU?OSDMENU
            CODE    0063H     0003H     ABSOLUTE     
            CODE    0066H     1774H     UNIT         ?CO?OSDMENU
            CODE    17DAH     14F2H     UNIT         ?CO?UDFONT
            CODE    2CCCH     0937H     UNIT         ?PR?_SETITEMVALUE?OSDMENU
            CODE    3603H     0848H     UNIT         ?CO?CPU
            CODE    3E4BH     052BH     UNIT         ?C?LIB_CODE
            CODE    4376H     03DCH     UNIT         ?PR?OSDMENU
            CODE    4752H     038DH     UNIT         ?PR?_DISPLAYOSDMENUONEITEM?OSDMENU
            CODE    4ADFH     0321H     UNIT         ?PR?_DOPRINT?PRINTF
            CODE    4E00H     02ADH     UNIT         ?PR?CHECKKEYIN?KEYREMO
            CODE    50ADH     02A0H     UNIT         ?CO?TABLE
            CODE    534DH     0266H     UNIT         ?PR?_TW2835COMMAND?CPU
            CODE    55B3H     023AH     UNIT         ?CO?MAIN
            CODE    57EDH     020CH     UNIT         ?PR?_CAM_TXCOMMAND_TORS485?HS_DVRPROTOCOL
            CODE    59F9H     01F7H     UNIT         ?PR?_GETITEMVALUE?OSDMENU
            CODE    5BF0H     01CBH     UNIT         ?PR?RESETOSDVALUE?OSDMENU
            CODE    5DBBH     01BBH     UNIT         ?PR?_DRAWMENULIST?OSDMENU
            CODE    5F76H     01B3H     UNIT         ?PR?_TRIGGERHANDLER?HS_KEYREMO
            CODE    6129H     01AAH     UNIT         ?CO?HS_KEYREMO
            CODE    62D3H     017DH     UNIT         ?PR?_OSDCURSORMOVE?OSDMENU
            CODE    6450H     016DH     UNIT         ?PR?DISPLAYINFO_OSD?OSDMENU
            CODE    65BDH     016DH     UNIT         ?PR?OSDSELECT?OSDMENU
            CODE    672AH     0169H     UNIT         ?PR?_SETOSDPOSITIONMODE?OSDMENU
            CODE    6893H     0156H     UNIT         ?PR?MAIN_LOOP?MAIN
            CODE    69E9H     0150H     UNIT         ?PR?TIMER0_INT?CPU
            CODE    6B39H     0136H     UNIT         ?CO?HS_DISPLAYOSD
            CODE    6C6FH     0121H     UNIT         ?PR?_UTOA?OSDBASIC
            CODE    6D90H     0121H     UNIT         ?PR?_CHANGEVOL?AUDIO
            CODE    6EB1H     0120H     UNIT         ?PR?DISPLAYINPUT?DISPINFO
            CODE    6FD1H     011DH     UNIT         ?CO?OSDBASIC
            CODE    70EEH     011BH     UNIT         ?PR?MAIN_INIT?CPU
            CODE    7209H     0105H     UNIT         ?PR?LOADEEPROM?MAIN
            CODE    730EH     0102H     UNIT         ?PR?_OSDVALUEUPDN?OSDMENU
            CODE    7410H     00FEH     UNIT         ?CO?KEYREMO
            CODE    750EH     00FBH     UNIT         ?PR?DISPLAYOSDMENU?OSDMENU
            CODE    7609H     00F9H     UNIT         ?PR?CHECKDECODERINPUT?MAIN
            CODE    7702H     00F4H     UNIT         ?PR?_GETKEY?KEYREMO
BL51 BANKED LINKER/LOCATER V6.22                                                      04/15/2015  21:56:11  PAGE 4


            CODE    77F6H     00F0H     UNIT         ?PR?DISPLAYGAUGEOSD?HS_DISPLAYOSD
            CODE    78E6H     00EFH     UNIT         ?CO?DISPINFO
            CODE    79D5H     00E9H     UNIT         ?PR?_SETVIDEOMODE?OSDMENU
            CODE    7ABEH     00E5H     UNIT         ?PR?_DISPLAYINFORMATION?HS_DISPLAYOSD
            CODE    7BA3H     00E3H     UNIT         ?C_INITSEG
            CODE    7C86H     00DDH     UNIT         ?PR?DISPLAYCURSOR?OSDMENU
            CODE    7D63H     00DBH     UNIT         ?PR?_DISPLAYVIEWBAR?OSDMENU
            CODE    7E3EH     00DAH     UNIT         ?PR?_ACTIONREMO?KEYREMO
            CODE    7F18H     00D2H     UNIT         ?PR?_DRAWNUM?OSDMENU
            CODE    7FEAH     00D1H     UNIT         ?PR?_ADJUSTAUTODAYNIGHT?MAIN
            CODE    80BBH     00D0H     UNIT         ?PR?_DRAWSTRINGBYLANG?OSDMENU
            CODE    818BH     00CAH     UNIT         ?PR?DISPLAYVOL?DISPINFO
            CODE    8255H     00CAH     UNIT         ?PR?_SET4WIDESCREEN?OSDMENU
            CODE    831FH     00B0H     UNIT         ?PR?SETSELECTMODE?HS_KEYREMO
            CODE    83CFH     00B0H     UNIT         ?PR?SETREARSOURCE?HS_KEYREMO
            CODE    847FH     00AFH     UNIT         ?PR?_CHANGEINPUT?MAIN
            CODE    852EH     00A6H     UNIT         ?PR?_SETPCCOLOR?OSDMENU
            CODE    85D4H     00A6H     UNIT         ?PR?OSDHIGHMENU_SUB?OSDMENU
            CODE    867AH     00A5H     UNIT         ?PR?_MAPPING1?TW88
            CODE    871FH     00A2H     UNIT         ?PR?_I2CDEVICEINITIALIZE?MAIN
            CODE    87C1H     00A2H     UNIT         ?PR?_INITOSDWINDOW?OSDBASIC
            CODE    8863H     009EH     UNIT         ?PR?_SETVIDEOSHARPNESS?OSDMENU
            CODE    8901H     0099H     UNIT         ?PR?MAIN?MAIN
            CODE    899AH     0099H     UNIT         ?PR?_CHANGEVIDEODATA?OSDMENU
            CODE    8A33H     0090H     UNIT         ?PR?_DISPLAYVOLUMEBAR?OSDMENU
            CODE    8AC3H     0090H     UNIT         ?PR?_LCDPOWERON?TW88
            CODE    8B53H     008CH     UNIT         ?C_C51STARTUP
            CODE    8BDFH     008BH     UNIT         ?PR?INITTECHWELL?CPU
            CODE    8C6AH     008AH     UNIT         ?PR?CHECKTRIGGER?HS_KEYREMO
            CODE    8CF4H     0088H     UNIT         ?PR?SETPOSSIBLEAUTODETECTSTDEE?ETC_EEP
            CODE    8D7CH     0088H     UNIT         ?PR?OSDBASIC
            CODE    8E04H     0087H     UNIT         ?PR?CHECKANDCLEAROSD?DISPINFO
            CODE    8E8BH     0083H     UNIT         ?PR?INITOSDMENU?OSDMENU
            CODE    8F0EH     0082H     UNIT         ?PR?_INITVIDEODATA?MAIN
            CODE    8F90H     0082H     UNIT         ?PR?_DOACTION?OSDMENU
            CODE    9012H     0081H     UNIT         ?PR?SEND_PELCOP_COMMAND?HS_DVRPROTOCOL
            CODE    9093H     007CH     UNIT         ?PR?SEND_PELCOD_COMMAND?HS_DVRPROTOCOL
            CODE    910FH     007BH     UNIT         ?PR?_SETPCCOLORTEMP?OSDMENU
            CODE    918AH     007AH     UNIT         ?PR?WAITPOWERON?MAIN
            CODE    9204H     0070H     UNIT         ?PR?_SETVIDEOSATURATION?OSDMENU
            CODE    9274H     006CH     UNIT         ?PR?_SETVIDEOHUE?OSDMENU
            CODE    92E0H     0069H     UNIT         ?PR?_I2CWRITEDATA?I2C
            CODE    9349H     0069H     UNIT         ?PR?_SETVIDEOBACKLIGHT?OSDMENU
            CODE    93B2H     0066H     UNIT         ?PR?_SETRGBCONTRAST?OSDMENU
            CODE    9418H     0066H     UNIT         ?PR?RESETVIDEOVALUE?OSDMENU
            CODE    947EH     0061H     UNIT         ?PR?GETFWREVEE?ETC_EEP
            CODE    94DFH     0060H     UNIT         ?PR?TW88
            CODE    953FH     005FH     UNIT         ?PR?HS_KEYREMO
            CODE    959EH     005EH     UNIT         ?PR?_DOWNLOADFONT?OSDBASIC
            CODE    95FCH     005EH     UNIT         ?PR?INITOSDMENUXY?OSDMENU
            CODE    965AH     005BH     UNIT         ?PR?DISPLAYLOGO?DISPINFO
            CODE    96B5H     005BH     UNIT         ?PR?CHANGE_OSDCOLORLOOKUP?OSDBASIC
            CODE    9710H     005BH     UNIT         ?PR?PRINTF
            CODE    976BH     0059H     UNIT         ?PR?GETVINPUTSTDINX?MAIN
            CODE    97C4H     0058H     UNIT         ?PR?CHECKPANELIMAGE?OSDMENU
            CODE    981CH     0058H     UNIT         ?PR?SETJUMPMODE?HS_KEYREMO
            CODE    9874H     0057H     UNIT         ?PR?_GETOSDWINDOWY?OSDBASIC
BL51 BANKED LINKER/LOCATER V6.22                                                      04/15/2015  21:56:11  PAGE 5


            CODE    98CBH     0056H     UNIT         ?PR?DETECTDECODERINPUT?TW88
            CODE    9921H     0054H     UNIT         ?PR?DISPLAYFWVERSION?HS_DISPLAYOSD
            CODE    9975H     004FH     UNIT         ?CO?TW88
            CODE    99C4H     004DH     UNIT         ?PR?CLEARCURSOR?OSDMENU
            CODE    9A11H     004DH     UNIT         ?PR?_CAMOUTDSEL?OSDMENU
            CODE    9A5EH     004DH     UNIT         ?PR?SETNOWMODE?HS_KEYREMO
            CODE    9AABH     004CH     UNIT         ?PR?CLEAROSDINFO?DISPINFO
            CODE    9AF7H     004CH     UNIT         ?PR?_SETVIDEOBRIGHTNESS?OSDMENU
            CODE    9B43H     004BH     UNIT         ?PR?INITCPU?CPU
            CODE    9B8EH     004BH     UNIT         ?PR?_GETOSDWINDOWX?OSDBASIC
            CODE    9BD9H     0048H     UNIT         ?PR?_WAIT_MS?CPU
            CODE    9C21H     0047H     UNIT         ?PR?_WRITEEEP?I2C
            CODE    9C68H     0045H     UNIT         ?PR?_GETLOWERMENUITEM?OSDMENU
            CODE    9CADH     0044H     UNIT         ?PR?_SAVEFWREVEE?ETC_EEP
            CODE    9CF1H     0044H     UNIT         ?PR?_SHOWOSDWINDOW_TW88?OSDBASIC
            CODE    9D35H     0042H     UNIT         ?PR?_SETOSDWINDOWY_TW88?OSDBASIC
            CODE    9D77H     0041H     UNIT         ?PR?_WRITEI2CN?I2C
            CODE    9DB8H     0041H     UNIT         ?PR?_GETTARGETCHILD?OSDMENU
            CODE    9DF9H     003FH     UNIT         ?PR?CPU
            CODE    9E38H     003FH     UNIT         ?PR?_SETOSDWINDOWX_TW88?OSDBASIC
            CODE    9E77H     003FH     UNIT         ?PR?_SETVIDEOCONTRAST?OSDMENU
            CODE    9EB6H     003EH     UNIT         ?PR?_WRITEI2CND?I2C
            CODE    9EF4H     003EH     UNIT         ?PR?CLOSEOSDMENU?OSDMENU
            CODE    9F32H     003EH     UNIT         ?PR?_SETSOURCEMODE?HS_KEYREMO
            CODE    9F70H     003DH     UNIT         ?PR?GETTIME_MS?CPU
            CODE    9FADH     003CH     UNIT         ?PR?_SHOWOSDWINDOWALL?OSDBASIC
            CODE    9FE9H     003AH     UNIT         ?PR?LCDPOWEROFF?TW88
            CODE    A023H     0039H     UNIT         ?PR?_READI2C?I2C
            CODE    A05CH     0039H     UNIT         ?PR?_WRITEI2CN_?I2C
            CODE    A095H     0039H     UNIT         ?PR?_SETVINPUTSTD?MAIN
            CODE    A0CEH     0038H     UNIT         ?PR?DOWNLOADUDFONT?OSDBASIC
            CODE    A106H     0035H     UNIT         ?PR?HS_DVRPROTOCOL
            CODE    A13BH     0034H     UNIT         ?PR?SERIAL_INT?CPU
            CODE    A16FH     0034H     UNIT         ?PR?OPENOSDMENU?OSDMENU
            CODE    A1A3H     0033H     UNIT         ?PR?_WRITESTRINGTOADDR?OSDBASIC
            CODE    A1D6H     0031H     UNIT         ?PR?SERIAL2_INT?CPU
            CODE    A207H     0031H     UNIT         ?PR?MAIN
            CODE    A238H     0031H     UNIT         ?PR?_DRAWATTRCNT?OSDBASIC
            CODE    A269H     0030H     UNIT         ?PR?I2CREADDATA?I2C
            CODE    A299H     0030H     UNIT         ?PR?_GET_CURSOR_ITEM?OSDMENU
            CODE    A2C9H     0030H     UNIT         ?PR?SETRIGHTSOURCE?HS_KEYREMO
            CODE    A2F9H     002DH     UNIT         ?PR?WAITENDOFDISPLAYAREA?OSDBASIC
            CODE    A326H     002DH     UNIT         ?PR?_CLEARDATACNT?OSDBASIC
            CODE    A353H     002CH     UNIT         ?PR?PUSHMENU?OSDMENU
            CODE    A37FH     002CH     UNIT         ?CO?HS_DVRPROTOCOL
            CODE    A3ABH     0029H     UNIT         ?PR?SETAUTODETECTSTD?TW88
            CODE    A3D4H     0029H     UNIT         ?PR?HS_DISPLAYOSD
            CODE    A3FDH     0028H     UNIT         ?PR?SAVEVALUE1?OSDMENU
            CODE    A425H     0027H     UNIT         ?PR?CLEARINPUT?DISPINFO
            CODE    A44CH     0027H     UNIT         ?PR?CLEARBASICEE?ETC_EEP
            CODE    A473H     0027H     UNIT         ?PR?_PRINTF?PRINTF
            CODE    A49AH     0027H     UNIT         ?PR?SETLEFTSOURCE?HS_KEYREMO
            CODE    A4C1H     0026H     UNIT         ?PR?CLEARTVINFO?DISPINFO
            CODE    A4E7H     0026H     UNIT         ?PR?_READEEP?I2C
            CODE    A50DH     0026H     UNIT         ?PR?_WRITEI2C?I2C
            CODE    A533H     0025H     UNIT         ?PR?SEQMODE?HS_KEYREMO
            CODE    A558H     0024H     UNIT         ?PR?DISPINFO
BL51 BANKED LINKER/LOCATER V6.22                                                      04/15/2015  21:56:11  PAGE 6


            CODE    A57CH     0023H     UNIT         ?PR?REMOVOLUP_RIGHTKEY?KEYREMO
            CODE    A59FH     0023H     UNIT         ?PR?REMOVOLDN_LEFTKEY?KEYREMO
            CODE    A5C2H     0023H     UNIT         ?PR?READVINPUTSTD?MAIN
            CODE    A5E5H     0021H     UNIT         ?PR?_GETVIDEODATAFROMEE?ETC_EEP
            CODE    A606H     0020H     UNIT         ?PR?CLEARGAUGEINFO?HS_DISPLAYOSD
            CODE    A626H     001FH     UNIT         ?PR?_DIFFTIME_MS?CPU
            CODE    A645H     001FH     UNIT         ?PR?GETNEXTINPUTSELECTION?MAIN
            CODE    A664H     001FH     UNIT         ?PR?SETTRIGGERCSOURCE?HS_KEYREMO
            CODE    A683H     001EH     UNIT         ?PR?INITVARS?CPU
            CODE    A6A1H     001EH     UNIT         ?PR?_POWERLED?CPU
            CODE    A6BFH     001EH     UNIT         ?PR?I2C
            CODE    A6DDH     001DH     UNIT         ?PR?_SETLANGUAGE?OSDMENU
            CODE    A6FAH     001DH     UNIT         ?PR?_CLEARAUTODETECTSTD?TW88
            CODE    A717H     001CH     UNIT         ?PR?POPMENU?OSDMENU
            CODE    A733H     001CH     UNIT         ?PR?_GETNEXTCURSORMENUITEM?OSDMENU
            CODE    A74FH     001CH     UNIT         ?PR?COMPOSITE1INPUT?TW88
            CODE    A76BH     001CH     UNIT         ?PR?COMPOSITE3INPUT?TW88
            CODE    A787H     001CH     UNIT         ?PR?COMPOSITE4INPUT?TW88
            CODE    A7A3H     001BH     UNIT         ?PR?_STRLEN?OSDBASIC
            CODE    A7BEH     001BH     UNIT         ?PR?_PUTS?PRINTF
            CODE    A7D9H     0019H     UNIT         ?CO?AUDIO
            CODE    A7F2H     0018H     UNIT         ?PR?_DELAY?CPU
            CODE    A80AH     0012H     UNIT         ?PR?I2CSTART?I2C
            CODE    A81CH     0011H     UNIT         ?PR?_SAVEVIDEODATATOEE?ETC_EEP
            CODE    A82DH     0011H     UNIT         ?PR?ISNOINPUT?MAIN
            CODE    A83EH     0011H     UNIT         ?PR?GETOSDLANG?OSDMENU
            CODE    A84FH     0011H     UNIT         ?CO?PRINTF
            CODE    A860H     0010H     UNIT         ?PR?HS_INITVARS?MAIN
            CODE    A870H     000FH     UNIT         ?PR?TIMER2_INT?CPU
            CODE    A87FH     000FH     UNIT         ?PR?CLEARMUTEINFO?DISPINFO
            CODE    A88EH     000FH     UNIT         ?PR?GETLCDPOWERSTATE?TW88
            CODE    A89DH     000EH     UNIT         ?PR?REMOMENU_MENUKEY?KEYREMO
            CODE    A8ABH     000DH     UNIT         ?PR?REMOCHNUP_UPKEY?KEYREMO
            CODE    A8B8H     000DH     UNIT         ?PR?REMOCHNDN_DNKEY?KEYREMO
            CODE    A8C5H     000DH     UNIT         ?PR?POWEROFF?MAIN
            CODE    A8D2H     000CH     UNIT         ?PR?_CLEARDISPLAYEDOSD?DISPINFO
            CODE    A8DEH     000CH     UNIT         ?PR?SETOSDLASTKEYINTIME?MAIN
            CODE    A8EAH     000CH     UNIT         ?PR?CLEARVALUEWIN?OSDMENU
            CODE    A8F6H     000CH     UNIT         ?PR?_ABS?ABS
            CODE    A902H     000BH     UNIT         ?PR?RS_READY?CPU
            CODE    A90DH     0009H     UNIT         ?PR?_SAVEDEBUGLEVELEE?ETC_EEP
            CODE    A916H     0009H     UNIT         ?PR?_SAVEWIDEMODEEE?ETC_EEP
            CODE    A91FH     0009H     UNIT         ?PR?_SAVEOSDPOSITIONMODEEE?ETC_EEP
            CODE    A928H     0009H     UNIT         ?PR?_SAVEINPUTSELECTIONEE?ETC_EEP
            CODE    A931H     0009H     UNIT         ?PR?_SAVEOSDLANGEE?ETC_EEP
            CODE    A93AH     0009H     UNIT         ?PR?_SETAUDIOVOLEE?ETC_EEP
            CODE    A943H     0009H     UNIT         ?PR?_SETPCAUDIOVOLEE?ETC_EEP
            CODE    A94CH     0009H     UNIT         ?PR?POWERDOWN_XTAL?MAIN
            CODE    A955H     0009H     UNIT         ?PR?GETOSDLASTKEYINTIME?MAIN
            CODE    A95EH     0009H     UNIT         ?PR?_GETVIDEODATAWITHOFFSET?OSDMENU
            CODE    A967H     0009H     UNIT         ?PR?_GETUPPERMENUITEM?OSDMENU
            CODE    A970H     0009H     UNIT         ?PR?AUDIOMUTE?AUDIO
            CODE    A979H     0008H     UNIT         ?PR?_RS2_TX?CPU
            CODE    A981H     0008H     UNIT         ?PR?GETDEBUGLEVELEE?ETC_EEP
            CODE    A989H     0008H     UNIT         ?PR?GETWIDEMODEEE?ETC_EEP
            CODE    A991H     0008H     UNIT         ?PR?GETPOSSIBLEAUTODETECTSTDEE?ETC_EEP
            CODE    A999H     0008H     UNIT         ?PR?GETOSDPOSITIONMODEEE?ETC_EEP
BL51 BANKED LINKER/LOCATER V6.22                                                      04/15/2015  21:56:11  PAGE 7


            CODE    A9A1H     0008H     UNIT         ?PR?GETOSDLANGEE?ETC_EEP
            CODE    A9A9H     0008H     UNIT         ?PR?GETAUDIOVOLEE?ETC_EEP
            CODE    A9B1H     0008H     UNIT         ?PR?GETPCAUDIOVOLEE?ETC_EEP
            CODE    A9B9H     0008H     UNIT         ?PR?KEYREMO
            CODE    A9C1H     0007H     UNIT         ?PR?CLEARLOGO?DISPINFO
            CODE    A9C8H     0007H     UNIT         ?PR?_SETDISPLAYEDOSD?DISPINFO
            CODE    A9CFH     0006H     UNIT         ?PR?GETDISPLAYEDOSD?DISPINFO
            CODE    A9D5H     0006H     UNIT         ?PR?GETVINPUTSTD?MAIN
            CODE    A9DBH     0006H     UNIT         ?PR?GETINPUTSELECTION?MAIN
            CODE    A9E1H     0003H     UNIT         ?PR?ISINPUTANALOGRGB?OSDMENU



OVERLAY MAP OF MODULE:   .\Output\AWT-ML072 (ADC)


SEGMENT                                             BIT_GROUP          XDATA_GROUP
  +--> CALLED SEGMENT                            START    LENGTH     START    LENGTH
------------------------------------------------------------------------------------
?C_C51STARTUP                                    -----    -----      -----    -----
  +--> ?PR?MAIN?MAIN
  +--> ?C_INITSEG

?PR?MAIN?MAIN                                    -----    -----      0000H    0002H
  +--> ?PR?AUDIOMUTE?AUDIO
  +--> ?PR?_WAIT_MS?CPU
  +--> ?PR?INITCPU?CPU
  +--> ?PR?_POWERLED?CPU
  +--> ?PR?INITVARS?CPU
  +--> ?PR?HS_INITVARS?MAIN
  +--> ?PR?INITTECHWELL?CPU
  +--> ?PR?MAIN_INIT?CPU
  +--> ?PR?LOADEEPROM?MAIN
  +--> ?CO?MAIN
  +--> ?PR?_PRINTF?PRINTF
  +--> ?PR?MAIN_LOOP?MAIN
  +--> ?PR?WAITPOWERON?MAIN
  +--> ?PR?_CHANGEVOL?AUDIO
  +--> ?PR?_READEEP?I2C
  +--> ?PR?_CAMOUTDSEL?OSDMENU

?PR?AUDIOMUTE?AUDIO                              0023H.2  0000H.1    -----    -----

?PR?_WAIT_MS?CPU                                 -----    -----      0027H    0004H

?PR?INITVARS?CPU                                 -----    -----      -----    -----
  +--> ?PR?_DELAY?CPU
  +--> ?PR?POWERDOWN_XTAL?MAIN

?PR?POWERDOWN_XTAL?MAIN                          0023H.2  0000H.1    -----    -----

?PR?INITTECHWELL?CPU                             -----    -----      -----    -----
  +--> ?PR?_READI2C?I2C
  +--> ?CO?CPU
  +--> ?PR?_PUTS?PRINTF
  +--> ?PR?_PRINTF?PRINTF
  +--> ?PR?RS_READY?CPU
BL51 BANKED LINKER/LOCATER V6.22                                                      04/15/2015  21:56:11  PAGE 8


  +--> ?PR?_DELAY?CPU
  +--> ?PR?CPU

?PR?_READI2C?I2C                                 -----    -----      0036H    0003H
  +--> ?PR?I2CSTART?I2C
  +--> ?PR?_I2CWRITEDATA?I2C
  +--> ?PR?I2CREADDATA?I2C
  +--> ?PR?I2CSTOP?I2C

?PR?I2CSTART?I2C                                 -----    -----      -----    -----
  +--> ?PR?DD?I2C

?PR?_I2CWRITEDATA?I2C                            -----    -----      -----    -----
  +--> ?PR?I2C

?PR?I2C                                          -----    -----      -----    -----
  +--> ?PR?DD?I2C

?PR?I2CREADDATA?I2C                              -----    -----      -----    -----
  +--> ?PR?DD?I2C

?PR?I2CSTOP?I2C                                  -----    -----      -----    -----
  +--> ?PR?DD?I2C

?PR?_PUTS?PRINTF                                 -----    -----      0021H    0003H
  +--> ?PR?PRINTF
  +--> ?PR?_RS_TX?CPU

?PR?_PRINTF?PRINTF                               -----    -----      0029H    002EH
  +--> ?PR?_DOPRINT?PRINTF

?PR?_DOPRINT?PRINTF                              0023H.2  0000H.2    0057H    0015H
  +--> ?PR?PRINTF
  +--> ?CO?PRINTF

?PR?MAIN_INIT?CPU                                -----    -----      0002H    0002H
  +--> ?PR?_WRITEI2C?I2C
  +--> ?PR?GETFWREVEE?ETC_EEP
  +--> ?PR?CPU
  +--> ?CO?CPU
  +--> ?PR?_PRINTF?PRINTF
  +--> ?PR?_SAVEFWREVEE?ETC_EEP
  +--> ?PR?_SAVEDEBUGLEVELEE?ETC_EEP
  +--> ?PR?_SAVEINPUTSELECTIONEE?ETC_EEP
  +--> ?PR?CLEARBASICEE?ETC_EEP
  +--> ?PR?GETDEBUGLEVELEE?ETC_EEP
  +--> ?PR?_SETVINPUTSTD?MAIN
  +--> ?PR?DISPLAYLOGO?DISPINFO
  +--> ?PR?_LCDPOWERON?TW88
  +--> ?PR?_READEEP?I2C
  +--> ?PR?SETPOSSIBLEAUTODETECTSTDEE?ETC_EEP
  +--> ?PR?CHANGE_OSDCOLORLOOKUP?OSDBASIC
  +--> ?PR?DOWNLOADUDFONT?OSDBASIC
  +--> ?PR?_DISPLAYINFORMATION?HS_DISPLAYOSD
  +--> ?PR?_DELAY?CPU
  +--> ?PR?CLEARGAUGEINFO?HS_DISPLAYOSD

BL51 BANKED LINKER/LOCATER V6.22                                                      04/15/2015  21:56:11  PAGE 9


?PR?_WRITEI2C?I2C                                -----    -----      0057H    0003H
  +--> ?PR?I2C
  +--> ?PR?I2CSTART?I2C
  +--> ?PR?_I2CWRITEDATA?I2C
  +--> ?PR?I2CSTOP?I2C

?PR?GETFWREVEE?ETC_EEP                           -----    -----      0004H    0002H
  +--> ?PR?_READEEP?I2C

?PR?_READEEP?I2C                                 -----    -----      0035H    0001H
  +--> ?PR?_READI2C?I2C
  +--> ?PR?_DELAY?CPU

?PR?_SAVEFWREVEE?ETC_EEP                         -----    -----      0004H    0002H
  +--> ?PR?_WRITEEEP?I2C

?PR?_WRITEEEP?I2C                                -----    -----      002AH    0004H
  +--> ?PR?I2CSTART?I2C
  +--> ?PR?_I2CWRITEDATA?I2C
  +--> ?PR?I2CSTOP?I2C
  +--> ?PR?_DELAY?CPU

?PR?_SAVEDEBUGLEVELEE?ETC_EEP                    -----    -----      -----    -----
  +--> ?PR?_WRITEEEP?I2C

?PR?_SAVEINPUTSELECTIONEE?ETC_EEP                -----    -----      -----    -----
  +--> ?PR?_WRITEEEP?I2C

?PR?CLEARBASICEE?ETC_EEP                         -----    -----      -----    -----
  +--> ?PR?_WRITEEEP?I2C
  +--> ?PR?RESETOSDVALUE?OSDMENU
  +--> ?PR?RESETVIDEOVALUE?OSDMENU
  +--> ?PR?_SET4WIDESCREEN?OSDMENU

?PR?RESETOSDVALUE?OSDMENU                        -----    -----      -----    -----
  +--> ?CO?OSDMENU
  +--> ?PR?_SAVEOSDPOSITIONMODEEE?ETC_EEP
  +--> ?PR?_READEEP?I2C
  +--> ?PR?_WRITEEEP?I2C
  +--> ?PR?_CHANGEVOL?AUDIO
  +--> ?PR?_CAMOUTDSEL?OSDMENU
  +--> ?PR?_PUTS?PRINTF
  +--> ?PR?_CLEARDATACNT?OSDBASIC
  +--> ?PR?LOADEEPROM?MAIN
  +--> ?PR?_SAVEOSDLANGEE?ETC_EEP
  +--> ?PR?INITOSDMENU?OSDMENU

?PR?_SAVEOSDPOSITIONMODEEE?ETC_EEP               -----    -----      -----    -----
  +--> ?PR?_WRITEEEP?I2C

?PR?_CHANGEVOL?AUDIO                             -----    -----      001BH    0002H
  +--> ?PR?AUDIOMUTE?AUDIO
  +--> ?CO?OSDMENU
  +--> ?PR?_WRITEI2C?I2C
  +--> ?CO?AUDIO
  +--> ?PR?_SETPCAUDIOVOLEE?ETC_EEP
  +--> ?PR?_SETAUDIOVOLEE?ETC_EEP
BL51 BANKED LINKER/LOCATER V6.22                                                      04/15/2015  21:56:11  PAGE 10


  +--> ?PR?_PRINTF?PRINTF

?PR?_SETPCAUDIOVOLEE?ETC_EEP                     -----    -----      -----    -----
  +--> ?PR?_WRITEEEP?I2C

?PR?_SETAUDIOVOLEE?ETC_EEP                       -----    -----      -----    -----
  +--> ?PR?_WRITEEEP?I2C

?PR?_CAMOUTDSEL?OSDMENU                          -----    -----      0014H    0001H
  +--> ?CO?OSDMENU
  +--> ?PR?_PUTS?PRINTF

?PR?_CLEARDATACNT?OSDBASIC                       -----    -----      0032H    0003H
  +--> ?PR?OSDBASIC
  +--> ?PR?_WRITEI2C?I2C
  +--> ?PR?_WRITEI2CND?I2C

?PR?_WRITEI2CND?I2C                              -----    -----      0036H    0005H
  +--> ?PR?I2C
  +--> ?PR?I2CSTART?I2C
  +--> ?PR?_I2CWRITEDATA?I2C
  +--> ?PR?I2CSTOP?I2C

?PR?LOADEEPROM?MAIN                              -----    -----      -----    -----
  +--> ?PR?_READEEP?I2C
  +--> ?PR?GETAUDIOVOLEE?ETC_EEP
  +--> ?PR?GETPCAUDIOVOLEE?ETC_EEP

?PR?GETAUDIOVOLEE?ETC_EEP                        -----    -----      -----    -----
  +--> ?PR?_READEEP?I2C

?PR?GETPCAUDIOVOLEE?ETC_EEP                      -----    -----      -----    -----
  +--> ?PR?_READEEP?I2C

?PR?_SAVEOSDLANGEE?ETC_EEP                       -----    -----      -----    -----
  +--> ?PR?_WRITEEEP?I2C

?PR?INITOSDMENU?OSDMENU                          -----    -----      000BH    0001H
  +--> ?PR?GETOSDLANGEE?ETC_EEP
  +--> ?PR?GETINPUTSELECTION?MAIN
  +--> ?CO?OSDMENU
  +--> ?PR?OSDMENU
  +--> ?CO?OSDBASIC
  +--> ?PR?_INITOSDWINDOW?OSDBASIC
  +--> ?PR?_CLEARDATACNT?OSDBASIC
  +--> ?PR?GETOSDPOSITIONMODEEE?ETC_EEP
  +--> ?PR?INITOSDMENUXY?OSDMENU
  +--> ?PR?DISPLAYOSDMENU?OSDMENU

?PR?GETOSDLANGEE?ETC_EEP                         -----    -----      -----    -----
  +--> ?PR?_READEEP?I2C

?PR?OSDMENU                                      -----    -----      -----    -----
  +--> ?CO?OSDMENU
  +--> ?CO?MAIN

?PR?_INITOSDWINDOW?OSDBASIC                      -----    -----      0020H    0005H
BL51 BANKED LINKER/LOCATER V6.22                                                      04/15/2015  21:56:11  PAGE 11


  +--> ?PR?_READI2C?I2C
  +--> ?PR?_WRITEI2C?I2C
  +--> ?PR?OSDBASIC
  +--> ?PR?_WRITEI2CN_?I2C

?PR?_WRITEI2CN_?I2C                              -----    -----      0025H    0006H
  +--> ?PR?I2CSTART?I2C
  +--> ?PR?_I2CWRITEDATA?I2C
  +--> ?PR?I2C
  +--> ?PR?I2CSTOP?I2C

?PR?GETOSDPOSITIONMODEEE?ETC_EEP                 -----    -----      -----    -----
  +--> ?PR?_READEEP?I2C

?PR?INITOSDMENUXY?OSDMENU                        -----    -----      000CH    0007H
  +--> ?CO?OSDMENU
  +--> ?PR?OSDMENU
  +--> ?PR?_GETOSDWINDOWX?OSDBASIC
  +--> ?PR?_SETOSDWINDOWX_TW88?OSDBASIC
  +--> ?PR?_GETOSDWINDOWY?OSDBASIC
  +--> ?PR?_SETOSDWINDOWY_TW88?OSDBASIC

?PR?_GETOSDWINDOWX?OSDBASIC                      -----    -----      002AH    0002H
  +--> ?PR?OSDBASIC
  +--> ?PR?_WRITEI2C?I2C
  +--> ?PR?_READI2C?I2C

?PR?_SETOSDWINDOWX_TW88?OSDBASIC                 -----    -----      0013H    0003H
  +--> ?PR?OSDBASIC
  +--> ?PR?_WRITEI2C?I2C
  +--> ?PR?_READI2C?I2C

?PR?_GETOSDWINDOWY?OSDBASIC                      -----    -----      002AH    0002H
  +--> ?PR?OSDBASIC
  +--> ?PR?_WRITEI2C?I2C
  +--> ?PR?_READI2C?I2C

?PR?_SETOSDWINDOWY_TW88?OSDBASIC                 -----    -----      0013H    0003H
  +--> ?PR?OSDBASIC
  +--> ?PR?_WRITEI2C?I2C
  +--> ?PR?_READI2C?I2C

?PR?DISPLAYOSDMENU?OSDMENU                       -----    -----      -----    -----
  +--> ?PR?_DRAWATTRCNT?OSDBASIC
  +--> ?PR?OSDMENU
  +--> ?PR?GETINPUTSELECTION?MAIN
  +--> ?PR?_READEEP?I2C
  +--> ?PR?_DRAWMENULIST?OSDMENU
  +--> ?PR?PUSHMENU?OSDMENU
  +--> ?PR?POPMENU?OSDMENU
  +--> ?PR?DISPLAYCURSOR?OSDMENU

?PR?_DRAWATTRCNT?OSDBASIC                        -----    -----      0032H    0004H
  +--> ?PR?OSDBASIC
  +--> ?PR?_WRITEI2C?I2C
  +--> ?PR?_WRITEI2CND?I2C

BL51 BANKED LINKER/LOCATER V6.22                                                      04/15/2015  21:56:11  PAGE 12


?PR?_DRAWMENULIST?OSDMENU                        -----    -----      0013H    000CH
  +--> ?PR?OSDMENU
  +--> ?PR?_STRLEN?OSDBASIC
  +--> ?PR?_DRAWATTRCNT?OSDBASIC
  +--> ?PR?_WRITESTRINGTOADDR?OSDBASIC
  +--> ?PR?_CLEARDATACNT?OSDBASIC
  +--> ?PR?_WRITEI2C?I2C
  +--> ?PR?_DISPLAYOSDMENUONEITEM?OSDMENU
  +--> ?PR?_GETLOWERMENUITEM?OSDMENU

?PR?_STRLEN?OSDBASIC                             -----    -----      0051H    0003H

?PR?_WRITESTRINGTOADDR?OSDBASIC                  -----    -----      0051H    0006H
  +--> ?PR?OSDBASIC
  +--> ?PR?_WRITEI2C?I2C
  +--> ?PR?_WRITEI2CN?I2C

?PR?_WRITEI2CN?I2C                               -----    -----      0057H    0007H
  +--> ?PR?I2C
  +--> ?PR?I2CSTART?I2C
  +--> ?PR?_I2CWRITEDATA?I2C
  +--> ?PR?I2CSTOP?I2C

?PR?_DISPLAYOSDMENUONEITEM?OSDMENU               -----    -----      001FH    0013H
  +--> ?PR?OSDMENU
  +--> ?PR?_DRAWATTRCNT?OSDBASIC
  +--> ?PR?_CLEARDATACNT?OSDBASIC
  +--> ?PR?_GETITEMVALUE?OSDMENU
  +--> ?PR?_DISPLAYVIEWBAR?OSDMENU
  +--> ?PR?_DRAWNUM?OSDMENU
  +--> ?CO?OSDMENU
  +--> ?PR?_WRITESTRINGTOADDR?OSDBASIC
  +--> ?PR?_DRAWSTRINGBYLANG?OSDMENU
  +--> ?PR?_STRLEN?OSDBASIC

?PR?_GETITEMVALUE?OSDMENU                        -----    -----      0032H    0003H
  +--> ?PR?GETOSDPOSITIONMODE?OSDMENU
  +--> ?PR?_READEEP?I2C
  +--> ?PR?_GETVIDEODATAWITHOFFSET?OSDMENU
  +--> ?PR?OSDMENU

?PR?GETOSDPOSITIONMODE?OSDMENU                   -----    -----      -----    -----
  +--> ?PR?GETOSDPOSITIONMODEEE?ETC_EEP

?PR?_GETVIDEODATAWITHOFFSET?OSDMENU              -----    -----      -----    -----
  +--> ?PR?_GETVIDEODATAFROMEE?ETC_EEP
  +--> ?PR?OSDMENU

?PR?_GETVIDEODATAFROMEE?ETC_EEP                  -----    -----      -----    -----
  +--> ?PR?_READEEP?I2C

?PR?_DISPLAYVIEWBAR?OSDMENU                      -----    -----      0032H    0010H
  +--> ?CO?OSDMENU
  +--> ?PR?OSDMENU
  +--> ?PR?_WRITESTRINGTOADDR?OSDBASIC

?PR?_DRAWNUM?OSDMENU                             -----    -----      0032H    001FH
BL51 BANKED LINKER/LOCATER V6.22                                                      04/15/2015  21:56:11  PAGE 13


  +--> ?PR?OSDMENU
  +--> ?CO?OSDMENU
  +--> ?PR?_UTOA?OSDBASIC
  +--> ?PR?_STRLEN?OSDBASIC
  +--> ?PR?_WRITESTRINGTOADDR?OSDBASIC

?PR?_UTOA?OSDBASIC                               -----    -----      0051H    000EH
  +--> ?PR?OSDBASIC

?PR?_DRAWSTRINGBYLANG?OSDMENU                    -----    -----      0032H    0018H
  +--> ?PR?OSDMENU
  +--> ?CO?OSDMENU
  +--> ?PR?_WRITESTRINGTOADDR?OSDBASIC
  +--> ?PR?_STRLEN?OSDBASIC

?PR?_GETLOWERMENUITEM?OSDMENU                    -----    -----      001FH    0004H

?PR?PUSHMENU?OSDMENU                             -----    -----      -----    -----
  +--> ?PR?OSDMENU

?PR?POPMENU?OSDMENU                              -----    -----      -----    -----
  +--> ?PR?OSDMENU

?PR?DISPLAYCURSOR?OSDMENU                        -----    -----      000CH    0004H
  +--> ?PR?OSDMENU
  +--> ?PR?_DRAWATTRCNT?OSDBASIC
  +--> ?PR?_GETITEMVALUE?OSDMENU

?PR?RESETVIDEOVALUE?OSDMENU                      -----    -----      000BH    0002H
  +--> ?CO?OSDMENU
  +--> ?PR?_SETVIDEOMODE?OSDMENU
  +--> ?PR?_SAVEVIDEODATATOEE?ETC_EEP

?PR?_SETVIDEOMODE?OSDMENU                        -----    -----      0021H    0007H
  +--> ?PR?_WRITEEEP?I2C
  +--> ?CO?OSDMENU
  +--> ?PR?_WRITEI2C?I2C
  +--> ?PR?OSDMENU
  +--> ?PR?_GETVIDEODATAWITHOFFSET?OSDMENU
  +--> ?PR?_SETVIDEOCONTRAST?OSDMENU
  +--> ?PR?_SETVIDEOBRIGHTNESS?OSDMENU
  +--> ?PR?_SETVIDEOSATURATION?OSDMENU
  +--> ?PR?_SETVIDEOHUE?OSDMENU
  +--> ?PR?_MAPPING1?TW88
  +--> ?PR?_READI2C?I2C

?PR?_SETVIDEOCONTRAST?OSDMENU                    -----    -----      0028H    0003H
  +--> ?PR?GETINPUTSELECTION?MAIN
  +--> ?PR?OSDMENU
  +--> ?CO?OSDMENU
  +--> ?PR?_MAPPING1?TW88
  +--> ?PR?_WRITEI2C?I2C

?PR?_MAPPING1?TW88                               -----    -----      002CH    000FH
  +--> ?PR?TW88

?PR?_SETVIDEOBRIGHTNESS?OSDMENU                  -----    -----      0028H    0003H
BL51 BANKED LINKER/LOCATER V6.22                                                      04/15/2015  21:56:11  PAGE 14


  +--> ?PR?OSDMENU
  +--> ?CO?OSDMENU
  +--> ?PR?_MAPPING1?TW88
  +--> ?PR?ISINPUTANALOGRGB?OSDMENU
  +--> ?PR?_WRITEI2C?I2C

?PR?_SETVIDEOSATURATION?OSDMENU                  -----    -----      0028H    0004H
  +--> ?PR?ISINPUTANALOGRGB?OSDMENU
  +--> ?PR?OSDMENU
  +--> ?CO?OSDMENU
  +--> ?PR?_MAPPING1?TW88
  +--> ?PR?_READI2C?I2C
  +--> ?PR?_WRITEI2C?I2C

?PR?_SETVIDEOHUE?OSDMENU                         -----    -----      0028H    0003H
  +--> ?PR?OSDMENU
  +--> ?CO?OSDMENU
  +--> ?PR?_MAPPING1?TW88
  +--> ?PR?_READI2C?I2C
  +--> ?PR?ISINPUTANALOGRGB?OSDMENU
  +--> ?PR?_WRITEI2C?I2C

?PR?_SAVEVIDEODATATOEE?ETC_EEP                   -----    -----      -----    -----
  +--> ?PR?_WRITEEEP?I2C

?PR?_SET4WIDESCREEN?OSDMENU                      -----    -----      0021H    0006H
  +--> ?PR?GETVINPUTSTD?MAIN
  +--> ?CO?OSDMENU
  +--> ?PR?OSDMENU
  +--> ?PR?WAITENDOFDISPLAYAREA?OSDBASIC
  +--> ?PR?_WRITEI2C?I2C
  +--> ?PR?_SAVEWIDEMODEEE?ETC_EEP

?PR?WAITENDOFDISPLAYAREA?OSDBASIC                -----    -----      002AH    0002H
  +--> ?PR?_READI2C?I2C

?PR?_SAVEWIDEMODEEE?ETC_EEP                      -----    -----      -----    -----
  +--> ?PR?_WRITEEEP?I2C

?PR?GETDEBUGLEVELEE?ETC_EEP                      -----    -----      -----    -----
  +--> ?PR?_READEEP?I2C

?PR?_SETVINPUTSTD?MAIN                           -----    -----      -----    -----
  +--> ?PR?MAIN

?PR?MAIN                                         -----    -----      -----    -----
  +--> ?CO?MAIN

?PR?DISPLAYLOGO?DISPINFO                         -----    -----      0004H    0002H
  +--> ?CO?DISPINFO
  +--> ?CO?OSDBASIC
  +--> ?PR?_INITOSDWINDOW?OSDBASIC
  +--> ?PR?_CLEARDATACNT?OSDBASIC
  +--> ?PR?_DRAWATTRCNT?OSDBASIC
  +--> ?PR?DISPINFO
  +--> ?PR?_WRITESTRINGTOADDR?OSDBASIC
  +--> ?PR?_SHOWOSDWINDOW_TW88?OSDBASIC
BL51 BANKED LINKER/LOCATER V6.22                                                      04/15/2015  21:56:11  PAGE 15



?PR?DISPINFO                                     -----    -----      -----    -----
  +--> ?PR?GETDISPLAYEDOSD?DISPINFO
  +--> ?CO?MAIN

?PR?_SHOWOSDWINDOW_TW88?OSDBASIC                 -----    -----      0020H    0002H
  +--> ?PR?OSDBASIC
  +--> ?PR?_WRITEI2C?I2C
  +--> ?PR?_READI2C?I2C
  +--> ?PR?WAITENDOFDISPLAYAREA?OSDBASIC

?PR?_LCDPOWERON?TW88                             -----    -----      -----    -----
  +--> ?PR?CHECKTRIGGER?HS_KEYREMO
  +--> ?PR?_POWERLED?CPU
  +--> ?PR?GETLCDPOWERSTATE?TW88
  +--> ?CO?TW88
  +--> ?PR?_PRINTF?PRINTF
  +--> ?PR?OFF_LVDS?TW88
  +--> ?PR?_WAIT_MS?CPU
  +--> ?PR?_DELAY?CPU
  +--> ?PR?ON_LVDS?TW88
  +--> ?PR?_WRITEI2C?I2C
  +--> ?PR?_PUTS?PRINTF

?PR?CHECKTRIGGER?HS_KEYREMO                      -----    -----      001BH    0001H
  +--> ?PR?_WAIT_MS?CPU
  +--> ?CO?HS_KEYREMO
  +--> ?PR?_PRINTF?PRINTF

?PR?GETLCDPOWERSTATE?TW88                        -----    -----      -----    -----
  +--> ?PR?_READI2C?I2C

?PR?SETPOSSIBLEAUTODETECTSTDEE?ETC_EEP           -----    -----      0004H    0002H
  +--> ?CO?MAIN
  +--> ?PR?_WRITEEEP?I2C

?PR?CHANGE_OSDCOLORLOOKUP?OSDBASIC               -----    -----      0004H    0002H
  +--> ?CO?UDFONT
  +--> ?PR?_WRITEI2C?I2C

?PR?DOWNLOADUDFONT?OSDBASIC                      -----    -----      0004H    0001H
  +--> ?PR?_WRITEI2C?I2C
  +--> ?CO?UDFONT
  +--> ?PR?_DOWNLOADFONT?OSDBASIC

?PR?_DOWNLOADFONT?OSDBASIC                       -----    -----      0005H    0004H
  +--> ?PR?_READI2C?I2C
  +--> ?PR?_WRITEI2C?I2C
  +--> ?PR?_WRITEI2CN?I2C

?PR?_DISPLAYINFORMATION?HS_DISPLAYOSD            -----    -----      0006H    0001H
  +--> ?PR?GETDISPLAYEDOSD?DISPINFO
  +--> ?CO?HS_DISPLAYOSD
  +--> ?PR?_PRINTF?PRINTF
  +--> ?PR?HS_DISPLAYOSD
  +--> ?PR?_INITOSDWINDOW?OSDBASIC
  +--> ?PR?CLEAROSDINFO?DISPINFO
BL51 BANKED LINKER/LOCATER V6.22                                                      04/15/2015  21:56:11  PAGE 16


  +--> ?PR?_CLEARDATACNT?OSDBASIC
  +--> ?PR?_DRAWATTRCNT?OSDBASIC
  +--> ?PR?_WRITESTRINGTOADDR?OSDBASIC
  +--> ?PR?_SETDISPLAYEDOSD?DISPINFO
  +--> ?PR?_SHOWOSDWINDOW_TW88?OSDBASIC
  +--> ?PR?_SHOWOSDWINDOWALL?OSDBASIC
  +--> ?PR?_WRITEI2C?I2C

?PR?HS_DISPLAYOSD                                -----    -----      -----    -----
  +--> ?CO?HS_DISPLAYOSD

?PR?CLEAROSDINFO?DISPINFO                        -----    -----      000FH    0001H
  +--> ?PR?CLEARLOGO?DISPINFO
  +--> ?PR?GETDISPLAYEDOSD?DISPINFO
  +--> ?PR?DISPINFO
  +--> ?CO?DISPINFO
  +--> ?PR?_PRINTF?PRINTF
  +--> ?PR?CLEARTVINFO?DISPINFO
  +--> ?PR?CLEARMUTEINFO?DISPINFO
  +--> ?PR?CLEARINPUT?DISPINFO
  +--> ?PR?CLOSEOSDMENU?OSDMENU
  +--> ?PR?CLEARGAUGEINFO?HS_DISPLAYOSD

?PR?CLEARLOGO?DISPINFO                           -----    -----      -----    -----
  +--> ?PR?_SHOWOSDWINDOW_TW88?OSDBASIC

?PR?CLEARTVINFO?DISPINFO                         -----    -----      -----    -----
  +--> ?PR?_SHOWOSDWINDOW_TW88?OSDBASIC

?PR?CLEARMUTEINFO?DISPINFO                       -----    -----      -----    -----
  +--> ?PR?_SHOWOSDWINDOW_TW88?OSDBASIC

?PR?CLEARINPUT?DISPINFO                          -----    -----      -----    -----
  +--> ?PR?_SHOWOSDWINDOWALL?OSDBASIC
  +--> ?PR?_SHOWOSDWINDOW_TW88?OSDBASIC
  +--> ?PR?GETDISPLAYEDOSD?DISPINFO
  +--> ?CO?DISPINFO
  +--> ?PR?_PRINTF?PRINTF

?PR?_SHOWOSDWINDOWALL?OSDBASIC                   -----    -----      0020H    0002H
  +--> ?CO?OSDBASIC
  +--> ?PR?_PRINTF?PRINTF
  +--> ?PR?WAITENDOFDISPLAYAREA?OSDBASIC
  +--> ?PR?_READI2C?I2C
  +--> ?PR?_WRITEI2C?I2C

?PR?CLOSEOSDMENU?OSDMENU                         -----    -----      0010H    0001H
  +--> ?PR?_SHOWOSDWINDOWALL?OSDBASIC
  +--> ?PR?WAITENDOFDISPLAYAREA?OSDBASIC
  +--> ?PR?_WRITEI2C?I2C
  +--> ?PR?_CLEARDISPLAYEDOSD?DISPINFO
  +--> ?PR?SETNOWMODE?HS_KEYREMO

?PR?SETNOWMODE?HS_KEYREMO                        -----    -----      0014H    0001H
  +--> ?PR?HS_KEYREMO
  +--> ?PR?_PUTS?PRINTF
  +--> ?PR?_SETSOURCEMODE?HS_KEYREMO
BL51 BANKED LINKER/LOCATER V6.22                                                      04/15/2015  21:56:11  PAGE 17


  +--> ?PR?_READEEP?I2C
  +--> ?CO?HS_KEYREMO

?PR?HS_KEYREMO                                   -----    -----      -----    -----
  +--> ?CO?HS_KEYREMO

?PR?_SETSOURCEMODE?HS_KEYREMO                    -----    -----      0015H    0005H
  +--> ?CO?HS_KEYREMO
  +--> ?PR?_TW2835COMMAND?CPU
  +--> ?PR?_CHANGEINPUT?MAIN

?PR?_TW2835COMMAND?CPU                           -----    -----      001AH    000DH
  +--> ?PR?CPU
  +--> ?CO?CPU
  +--> ?PR?_PRINTF?PRINTF
  +--> ?PR?GETTIME_MS?CPU
  +--> ?PR?_ABS?ABS
  +--> ?PR?_WAIT_MS?CPU

?PR?GETTIME_MS?CPU                               -----    -----      0027H    0002H

?PR?_CHANGEINPUT?MAIN                            -----    -----      001AH    0001H
  +--> ?PR?LCDPOWEROFF?TW88
  +--> ?PR?_INITVIDEODATA?MAIN
  +--> ?PR?COMPOSITE1INPUT?TW88
  +--> ?CO?MAIN
  +--> ?PR?COMPOSITE3INPUT?TW88
  +--> ?PR?_CHANGEVOL?AUDIO
  +--> ?PR?MAIN
  +--> ?PR?_PRINTF?PRINTF
  +--> ?PR?CHECKPANELIMAGE?OSDMENU
  +--> ?PR?_SAVEINPUTSELECTIONEE?ETC_EEP
  +--> ?PR?_DELAY?CPU
  +--> ?PR?CHECKDECODERINPUT?MAIN
  +--> ?PR?DISPLAYINPUT?DISPINFO
  +--> ?PR?_LCDPOWERON?TW88
  +--> ?PR?_WRITEI2C?I2C

?PR?LCDPOWEROFF?TW88                             -----    -----      -----    -----
  +--> ?PR?_WRITEI2C?I2C
  +--> ?PR?OFF_LVDS?TW88
  +--> ?PR?_WAIT_MS?CPU
  +--> ?PR?_DELAY?CPU

?PR?_INITVIDEODATA?MAIN                          -----    -----      0020H    0001H
  +--> ?CO?TABLE
  +--> ?PR?_I2CDEVICEINITIALIZE?MAIN
  +--> ?PR?MAIN
  +--> ?PR?_WRITEI2C?I2C
  +--> ?PR?_CLEARAUTODETECTSTD?TW88
  +--> ?PR?SETAUTODETECTSTD?TW88
  +--> ?PR?_READEEP?I2C
  +--> ?PR?_SETVIDEOMODE?OSDMENU
  +--> ?PR?GETWIDEMODEEE?ETC_EEP
  +--> ?PR?_SET4WIDESCREEN?OSDMENU

?PR?_I2CDEVICEINITIALIZE?MAIN                    -----    -----      0021H    0008H
BL51 BANKED LINKER/LOCATER V6.22                                                      04/15/2015  21:56:11  PAGE 18


  +--> ?CO?MAIN
  +--> ?PR?MAIN
  +--> ?PR?_PRINTF?PRINTF
  +--> ?PR?_WRITEI2C?I2C

?PR?_CLEARAUTODETECTSTD?TW88                     -----    -----      0021H    0001H
  +--> ?PR?_READI2C?I2C
  +--> ?PR?_WRITEI2C?I2C

?PR?SETAUTODETECTSTD?TW88                        -----    -----      -----    -----
  +--> ?CO?TW88
  +--> ?PR?_PUTS?PRINTF
  +--> ?PR?GETPOSSIBLEAUTODETECTSTDEE?ETC_EEP
  +--> ?PR?_WRITEI2C?I2C
  +--> ?PR?_READI2C?I2C

?PR?GETPOSSIBLEAUTODETECTSTDEE?ETC_EEP           -----    -----      -----    -----
  +--> ?PR?_READEEP?I2C

?PR?GETWIDEMODEEE?ETC_EEP                        -----    -----      -----    -----
  +--> ?PR?_READEEP?I2C

?PR?COMPOSITE1INPUT?TW88                         -----    -----      -----    -----
  +--> ?PR?_WRITEI2C?I2C
  +--> ?PR?TW88
  +--> ?PR?_READI2C?I2C

?PR?COMPOSITE3INPUT?TW88                         -----    -----      -----    -----
  +--> ?PR?_WRITEI2C?I2C
  +--> ?PR?TW88
  +--> ?PR?_READI2C?I2C

?PR?CHECKPANELIMAGE?OSDMENU                      -----    -----      -----    -----
  +--> ?PR?_READI2C?I2C
  +--> ?PR?_WRITEI2C?I2C

?PR?CHECKDECODERINPUT?MAIN                       -----    -----      001BH    0005H
  +--> ?PR?DETECTDECODERINPUT?TW88
  +--> ?CO?MAIN
  +--> ?PR?_PRINTF?PRINTF
  +--> ?PR?_SETVINPUTSTD?MAIN
  +--> ?PR?CLEARGAUGEINFO?HS_DISPLAYOSD
  +--> ?PR?GETDISPLAYEDOSD?DISPINFO
  +--> ?PR?_DELAY?CPU
  +--> ?PR?_INITVIDEODATA?MAIN

?PR?DETECTDECODERINPUT?TW88                      -----    -----      0020H    0002H
  +--> ?PR?_DELAY?CPU
  +--> ?PR?_READI2C?I2C

?PR?CLEARGAUGEINFO?HS_DISPLAYOSD                 -----    -----      -----    -----
  +--> ?PR?GETDISPLAYEDOSD?DISPINFO
  +--> ?CO?HS_DISPLAYOSD
  +--> ?PR?_PRINTF?PRINTF
  +--> ?PR?_SHOWOSDWINDOW_TW88?OSDBASIC

?PR?DISPLAYINPUT?DISPINFO                        -----    -----      001BH    0005H
BL51 BANKED LINKER/LOCATER V6.22                                                      04/15/2015  21:56:11  PAGE 19


  +--> ?PR?DISPINFO
  +--> ?CO?DISPINFO
  +--> ?PR?_PRINTF?PRINTF
  +--> ?CO?OSDBASIC
  +--> ?PR?_INITOSDWINDOW?OSDBASIC
  +--> ?PR?_CLEARDATACNT?OSDBASIC
  +--> ?PR?_DRAWATTRCNT?OSDBASIC
  +--> ?PR?_WRITESTRINGTOADDR?OSDBASIC
  +--> ?PR?GETINPUTSELECTION?MAIN
  +--> ?PR?GETVINPUTSTDINX?MAIN
  +--> ?CO?MAIN
  +--> ?PR?_STRLEN?OSDBASIC
  +--> ?PR?_READEEP?I2C
  +--> ?PR?_SHOWOSDWINDOW_TW88?OSDBASIC
  +--> ?PR?_SHOWOSDWINDOWALL?OSDBASIC
  +--> ?PR?GETTIME_MS?CPU

?PR?GETVINPUTSTDINX?MAIN                         -----    -----      -----    -----
  +--> ?PR?READVINPUTSTD?MAIN
  +--> ?PR?MAIN
  +--> ?CO?MAIN

?PR?READVINPUTSTD?MAIN                           -----    -----      -----    -----
  +--> ?PR?ISNOINPUT?MAIN
  +--> ?PR?_READI2C?I2C

?PR?ISNOINPUT?MAIN                               -----    -----      -----    -----
  +--> ?PR?_READI2C?I2C

?PR?MAIN_LOOP?MAIN                               -----    -----      0002H    0001H
  +--> ?CO?MAIN
  +--> ?PR?_PUTS?PRINTF
  +--> ?PR?GETDISPLAYEDOSD?DISPINFO
  +--> ?PR?_READEEP?I2C
  +--> ?PR?_DISPLAYINFORMATION?HS_DISPLAYOSD
  +--> ?PR?DISPLAYINPUT?DISPINFO
  +--> ?PR?CHECKTRIGGER?HS_KEYREMO
  +--> ?PR?_TRIGGERHANDLER?HS_KEYREMO
  +--> ?PR?SEQMODE?HS_KEYREMO
  +--> ?PR?_READI2C?I2C
  +--> ?PR?_ADJUSTAUTODAYNIGHT?MAIN
  +--> ?PR?CHECKKEYIN?KEYREMO
  +--> ?PR?CLEARINPUT?DISPINFO
  +--> ?PR?SETNOWMODE?HS_KEYREMO
  +--> ?PR?CHECKANDCLEAROSD?DISPINFO
  +--> ?PR?GETINPUTSELECTION?MAIN
  +--> ?PR?CHECKDECODERINPUT?MAIN
  +--> ?PR?_WRITEI2C?I2C
  +--> ?PR?_POWERLED?CPU
  +--> ?PR?_WAIT_MS?CPU

?PR?_TRIGGERHANDLER?HS_KEYREMO                   -----    -----      0005H    0008H
  +--> ?CO?HS_KEYREMO
  +--> ?PR?SETREARSOURCE?HS_KEYREMO
  +--> ?PR?CLEARGAUGEINFO?HS_DISPLAYOSD
  +--> ?PR?SETLEFTSOURCE?HS_KEYREMO
  +--> ?PR?SETRIGHTSOURCE?HS_KEYREMO
BL51 BANKED LINKER/LOCATER V6.22                                                      04/15/2015  21:56:11  PAGE 20


  +--> ?PR?HS_KEYREMO
  +--> ?PR?_PUTS?PRINTF
  +--> ?PR?SETTRIGGERCSOURCE?HS_KEYREMO
  +--> ?PR?_PRINTF?PRINTF
  +--> ?PR?CHECKTRIGGER?HS_KEYREMO
  +--> ?PR?_WAIT_MS?CPU
  +--> ?PR?DISPLAYINPUT?DISPINFO
  +--> ?PR?SETNOWMODE?HS_KEYREMO
  +--> ?PR?_READEEP?I2C
  +--> ?PR?_READI2C?I2C
  +--> ?PR?_WRITEI2C?I2C

?PR?SETREARSOURCE?HS_KEYREMO                     -----    -----      000DH    0001H
  +--> ?PR?_READEEP?I2C
  +--> ?CO?HS_KEYREMO
  +--> ?PR?HS_KEYREMO
  +--> ?PR?_SETSOURCEMODE?HS_KEYREMO
  +--> ?PR?_PRINTF?PRINTF
  +--> ?PR?_WRITEI2C?I2C
  +--> ?PR?_READI2C?I2C
  +--> ?PR?DISPLAYGAUGEOSD?HS_DISPLAYOSD

?PR?DISPLAYGAUGEOSD?HS_DISPLAYOSD                -----    -----      000EH    0001H
  +--> ?PR?CLEAROSDINFO?DISPINFO
  +--> ?PR?HS_DISPLAYOSD
  +--> ?PR?_INITOSDWINDOW?OSDBASIC
  +--> ?PR?_CLEARDATACNT?OSDBASIC
  +--> ?PR?_DRAWATTRCNT?OSDBASIC
  +--> ?CO?HS_DISPLAYOSD
  +--> ?PR?_WRITESTRINGTOADDR?OSDBASIC
  +--> ?PR?_SETDISPLAYEDOSD?DISPINFO
  +--> ?PR?_SHOWOSDWINDOW_TW88?OSDBASIC
  +--> ?PR?_SHOWOSDWINDOWALL?OSDBASIC
  +--> ?PR?_WRITEI2C?I2C

?PR?SETLEFTSOURCE?HS_KEYREMO                     -----    -----      -----    -----
  +--> ?PR?_READEEP?I2C
  +--> ?CO?HS_KEYREMO
  +--> ?PR?HS_KEYREMO
  +--> ?PR?_SETSOURCEMODE?HS_KEYREMO

?PR?SETRIGHTSOURCE?HS_KEYREMO                    -----    -----      -----    -----
  +--> ?PR?_READEEP?I2C
  +--> ?CO?HS_KEYREMO
  +--> ?PR?HS_KEYREMO
  +--> ?PR?_SETSOURCEMODE?HS_KEYREMO

?PR?SETTRIGGERCSOURCE?HS_KEYREMO                 -----    -----      -----    -----
  +--> ?PR?_READEEP?I2C
  +--> ?CO?HS_KEYREMO
  +--> ?PR?HS_KEYREMO
  +--> ?PR?_SETSOURCEMODE?HS_KEYREMO

?PR?SEQMODE?HS_KEYREMO                           -----    -----      -----    -----
  +--> ?CO?HS_KEYREMO
  +--> ?PR?HS_KEYREMO
  +--> ?PR?_SETSOURCEMODE?HS_KEYREMO
BL51 BANKED LINKER/LOCATER V6.22                                                      04/15/2015  21:56:11  PAGE 21



?PR?_ADJUSTAUTODAYNIGHT?MAIN                     -----    -----      0003H    0002H
  +--> ?PR?_READI2C?I2C
  +--> ?PR?MAIN
  +--> ?PR?_WRITEI2C?I2C

?PR?CHECKKEYIN?KEYREMO                           -----    -----      0003H    0003H
  +--> ?PR?_GETKEY?KEYREMO
  +--> ?CO?KEYREMO
  +--> ?PR?_PRINTF?PRINTF
  +--> ?PR?_READEEP?I2C
  +--> ?PR?KEYREMO
  +--> ?PR?_WAIT_MS?CPU
  +--> ?PR?_WRITEEEP?I2C
  +--> ?PR?_DISPLAYINFORMATION?HS_DISPLAYOSD
  +--> ?PR?CLEARGAUGEINFO?HS_DISPLAYOSD
  +--> ?PR?DISPLAYINPUT?DISPINFO
  +--> ?PR?_POWERLED?CPU
  +--> ?PR?_DELAY?CPU
  +--> ?PR?SETOSDLASTKEYINTIME?MAIN
  +--> ?PR?_ACTIONREMO?KEYREMO
  +--> ?PR?_WRITEI2C?I2C
  +--> ?PR?CLEAROSDINFO?DISPINFO
  +--> ?PR?CLOSEOSDMENU?OSDMENU
  +--> ?PR?GETDISPLAYEDOSD?DISPINFO
  +--> ?PR?OSDSELECT?OSDMENU
  +--> ?PR?_OSDVALUEUPDN?OSDMENU
  +--> ?PR?_OSDCURSORMOVE?OSDMENU
  +--> ?PR?SETSELECTMODE?HS_KEYREMO
  +--> ?PR?SETJUMPMODE?HS_KEYREMO
  +--> ?PR?_CAM_TXCOMMAND_TORS485?HS_DVRPROT...
  +--> ?PR?DISPLAYFWVERSION?HS_DISPLAYOSD

?PR?_GETKEY?KEYREMO                              0023H.2  0000H.1    0006H    0001H
  +--> ?PR?GETDISPLAYEDOSD?DISPINFO

?PR?SETOSDLASTKEYINTIME?MAIN                     -----    -----      -----    -----
  +--> ?PR?GETTIME_MS?CPU

?PR?_ACTIONREMO?KEYREMO                          -----    -----      0006H    0002H
  +--> ?PR?SETOSDLASTKEYINTIME?MAIN
  +--> ?PR?GETNEXTINPUTSELECTION?MAIN
  +--> ?PR?_CHANGEINPUT?MAIN
  +--> ?PR?GETDISPLAYEDOSD?DISPINFO
  +--> ?PR?CLEARINPUT?DISPINFO
  +--> ?PR?DISPLAYINPUT?DISPINFO
  +--> ?PR?REMOCHNUP_UPKEY?KEYREMO
  +--> ?PR?REMOCHNDN_DNKEY?KEYREMO
  +--> ?PR?OSDSELECT?OSDMENU
  +--> ?PR?REMOVOLUP_RIGHTKEY?KEYREMO
  +--> ?PR?REMOVOLDN_LEFTKEY?KEYREMO
  +--> ?PR?REMOMENU_MENUKEY?KEYREMO
  +--> ?PR?_DOACTION?OSDMENU
  +--> ?PR?_SETITEMVALUE?OSDMENU

?PR?GETNEXTINPUTSELECTION?MAIN                   -----    -----      -----    -----
  +--> ?PR?MAIN
BL51 BANKED LINKER/LOCATER V6.22                                                      04/15/2015  21:56:11  PAGE 22



?PR?REMOCHNUP_UPKEY?KEYREMO                      -----    -----      -----    -----
  +--> ?PR?GETDISPLAYEDOSD?DISPINFO
  +--> ?PR?_OSDCURSORMOVE?OSDMENU

?PR?_OSDCURSORMOVE?OSDMENU                       0023H.2  0000H.1    0008H    0004H
  +--> ?PR?OSDMENU
  +--> ?PR?_READEEP?I2C
  +--> ?PR?_GETNEXTCURSORMENUITEM?OSDMENU
  +--> ?PR?_GETLOWERMENUITEM?OSDMENU
  +--> ?PR?CLEARVALUEWIN?OSDMENU
  +--> ?PR?CLEARCURSOR?OSDMENU
  +--> ?PR?WAITENDOFDISPLAYAREA?OSDBASIC
  +--> ?PR?_GETOSDWINDOWY?OSDBASIC
  +--> ?PR?_SETOSDWINDOWY_TW88?OSDBASIC
  +--> ?PR?_WRITEI2C?I2C
  +--> ?PR?DISPLAYOSDMENU?OSDMENU
  +--> ?PR?_DRAWMENULIST?OSDMENU
  +--> ?PR?DISPLAYCURSOR?OSDMENU

?PR?_GETNEXTCURSORMENUITEM?OSDMENU               -----    -----      000CH    0005H
  +--> ?PR?_GETUPPERMENUITEM?OSDMENU
  +--> ?PR?_GETLOWERMENUITEM?OSDMENU

?PR?CLEARVALUEWIN?OSDMENU                        -----    -----      -----    -----
  +--> ?PR?SAVEVALUE1?OSDMENU

?PR?SAVEVALUE1?OSDMENU                           -----    -----      -----    -----
  +--> ?PR?OSDMENU

?PR?CLEARCURSOR?OSDMENU                          -----    -----      000CH    0002H
  +--> ?PR?OSDMENU
  +--> ?PR?_DRAWATTRCNT?OSDBASIC

?PR?REMOCHNDN_DNKEY?KEYREMO                      -----    -----      -----    -----
  +--> ?PR?GETDISPLAYEDOSD?DISPINFO
  +--> ?PR?_OSDCURSORMOVE?OSDMENU

?PR?OSDSELECT?OSDMENU                            -----    -----      0008H    0002H
  +--> ?PR?OSDMENU
  +--> ?PR?GETINPUTSELECTION?MAIN
  +--> ?PR?READVINPUTSTD?MAIN
  +--> ?PR?_DOACTION?OSDMENU
  +--> ?PR?CLEARCURSOR?OSDMENU
  +--> ?PR?CLOSEOSDMENU?OSDMENU
  +--> ?PR?DISPLAYCURSOR?OSDMENU
  +--> ?PR?_GETITEMVALUE?OSDMENU
  +--> ?PR?_WRITEI2C?I2C
  +--> ?PR?PUSHMENU?OSDMENU
  +--> ?PR?_GET_CURSOR_ITEM?OSDMENU
  +--> ?PR?DISPLAYOSDMENU?OSDMENU

?PR?_DOACTION?OSDMENU                            -----    -----      000AH    0001H
  +--> ?PR?_CHANGEINPUT?MAIN
  +--> ?CO?OSDMENU
  +--> ?PR?_PRINTF?PRINTF
  +--> ?PR?OSDHIGHMENU_SUB?OSDMENU
BL51 BANKED LINKER/LOCATER V6.22                                                      04/15/2015  21:56:11  PAGE 23


  +--> ?PR?DISPLAYINFO_OSD?OSDMENU
  +--> ?PR?CLOSEOSDMENU?OSDMENU
  +--> ?PR?DISPLAYINPUT?DISPINFO
  +--> ?PR?CLEAROSDINFO?DISPINFO
  +--> ?PR?RESETVIDEOVALUE?OSDMENU
  +--> ?PR?RESETOSDVALUE?OSDMENU
  +--> ?PR?SETNOWMODE?HS_KEYREMO

?PR?OSDHIGHMENU_SUB?OSDMENU                      -----    -----      000BH    0001H
  +--> ?PR?OSDMENU
  +--> ?PR?POPMENU?OSDMENU
  +--> ?PR?CLOSEOSDMENU?OSDMENU
  +--> ?CO?OSDMENU
  +--> ?PR?_PRINTF?PRINTF
  +--> ?PR?DISPLAYOSDMENU?OSDMENU
  +--> ?PR?_DRAWMENULIST?OSDMENU
  +--> ?PR?DISPLAYCURSOR?OSDMENU
  +--> ?PR?_WRITEI2C?I2C

?PR?DISPLAYINFO_OSD?OSDMENU                      -----    -----      000BH    0008H
  +--> ?PR?PUSHMENU?OSDMENU
  +--> ?PR?OSDMENU
  +--> ?PR?_DRAWMENULIST?OSDMENU
  +--> ?PR?_DRAWATTRCNT?OSDBASIC
  +--> ?CO?OSDMENU
  +--> ?PR?_WRITESTRINGTOADDR?OSDBASIC
  +--> ?PR?GETINPUTSELECTION?MAIN
  +--> ?CO?MAIN
  +--> ?PR?_STRLEN?OSDBASIC
  +--> ?PR?GETVINPUTSTDINX?MAIN
  +--> ?PR?_READEEP?I2C

?PR?_GET_CURSOR_ITEM?OSDMENU                     -----    -----      000AH    0002H
  +--> ?PR?GETINPUTSELECTION?MAIN
  +--> ?PR?_GETTARGETCHILD?OSDMENU

?PR?_GETTARGETCHILD?OSDMENU                      -----    -----      -----    -----
  +--> ?PR?OSDMENU
  +--> ?PR?_GETLOWERMENUITEM?OSDMENU

?PR?REMOVOLUP_RIGHTKEY?KEYREMO                   -----    -----      -----    -----
  +--> ?PR?GETDISPLAYEDOSD?DISPINFO
  +--> ?PR?OSDSELECT?OSDMENU
  +--> ?PR?_OSDVALUEUPDN?OSDMENU
  +--> ?PR?_CHANGEVOL?AUDIO
  +--> ?PR?DISPLAYVOL?DISPINFO

?PR?_OSDVALUEUPDN?OSDMENU                        -----    -----      0008H    0008H
  +--> ?PR?OSDMENU
  +--> ?PR?_SETITEMVALUE?OSDMENU
  +--> ?PR?_DISPLAYVIEWBAR?OSDMENU
  +--> ?PR?_DRAWNUM?OSDMENU
  +--> ?PR?_DRAWSTRINGBYLANG?OSDMENU

?PR?_SETITEMVALUE?OSDMENU                        -----    -----      0010H    0004H
  +--> ?PR?OSDMENU
  +--> ?CO?OSDMENU
BL51 BANKED LINKER/LOCATER V6.22                                                      04/15/2015  21:56:11  PAGE 24


  +--> ?PR?_PRINTF?PRINTF
  +--> ?PR?_SETOSDPOSITIONMODE?OSDMENU
  +--> ?PR?_SETLANGUAGE?OSDMENU
  +--> ?PR?_SETPCCOLORTEMP?OSDMENU
  +--> ?PR?_SETPCCOLOR?OSDMENU
  +--> ?PR?_SETVIDEOMODE?OSDMENU
  +--> ?PR?_READEEP?I2C
  +--> ?PR?_DRAWATTRCNT?OSDBASIC
  +--> ?PR?_CHANGEVIDEODATA?OSDMENU
  +--> ?PR?_SETVIDEOSHARPNESS?OSDMENU
  +--> ?PR?_CHANGEVOL?AUDIO
  +--> ?PR?_SET4WIDESCREEN?OSDMENU
  +--> ?PR?_WRITEEEP?I2C
  +--> ?PR?SETNOWMODE?HS_KEYREMO
  +--> ?PR?GETINPUTSELECTION?MAIN
  +--> ?PR?_TW2835COMMAND?CPU
  +--> ?PR?SEQMODE?HS_KEYREMO
  +--> ?PR?_CAMOUTDSEL?OSDMENU

?PR?_SETOSDPOSITIONMODE?OSDMENU                  -----    -----      0014H    0016H
  +--> ?PR?GETOSDPOSITIONMODE?OSDMENU
  +--> ?PR?OSDMENU
  +--> ?PR?_GETOSDWINDOWX?OSDBASIC
  +--> ?PR?_GETOSDWINDOWY?OSDBASIC
  +--> ?PR?WAITENDOFDISPLAYAREA?OSDBASIC
  +--> ?PR?_READI2C?I2C
  +--> ?PR?_WRITEI2C?I2C
  +--> ?PR?_WRITEI2CN?I2C
  +--> ?PR?_SAVEOSDPOSITIONMODEEE?ETC_EEP

?PR?_SETLANGUAGE?OSDMENU                         -----    -----      -----    -----
  +--> ?PR?OSDMENU
  +--> ?PR?_SAVEOSDLANGEE?ETC_EEP

?PR?_SETPCCOLORTEMP?OSDMENU                      -----    -----      0014H    0002H
  +--> ?PR?OSDMENU
  +--> ?PR?_WRITEEEP?I2C
  +--> ?PR?_READEEP?I2C
  +--> ?CO?OSDMENU
  +--> ?PR?_MAPPING1?TW88
  +--> ?PR?_SETRGBCONTRAST?OSDMENU
  +--> ?PR?_DRAWATTRCNT?OSDBASIC

?PR?_SETRGBCONTRAST?OSDMENU                      -----    -----      0016H    0008H
  +--> ?PR?_READEEP?I2C
  +--> ?PR?OSDMENU
  +--> ?PR?_MAPPING1?TW88
  +--> ?PR?_WRITEI2C?I2C

?PR?_SETPCCOLOR?OSDMENU                          -----    -----      0014H    0007H
  +--> ?PR?OSDMENU
  +--> ?PR?_MAPPING1?TW88
  +--> ?PR?_WRITEEEP?I2C
  +--> ?PR?_READEEP?I2C
  +--> ?CO?OSDMENU
  +--> ?PR?_WRITEI2C?I2C

BL51 BANKED LINKER/LOCATER V6.22                                                      04/15/2015  21:56:11  PAGE 25


?PR?_CHANGEVIDEODATA?OSDMENU                     -----    -----      0014H    0003H
  +--> ?PR?OSDMENU
  +--> ?PR?_SETVIDEOCONTRAST?OSDMENU
  +--> ?PR?_SETVIDEOBRIGHTNESS?OSDMENU
  +--> ?PR?_SETVIDEOSATURATION?OSDMENU
  +--> ?PR?_SETVIDEOHUE?OSDMENU
  +--> ?PR?_SETVIDEOBACKLIGHT?OSDMENU
  +--> ?PR?_SAVEVIDEODATATOEE?ETC_EEP

?PR?_SETVIDEOBACKLIGHT?OSDMENU                   -----    -----      0017H    0003H
  +--> ?PR?OSDMENU
  +--> ?CO?OSDMENU
  +--> ?PR?_MAPPING1?TW88
  +--> ?PR?_READI2C?I2C
  +--> ?PR?_WRITEI2C?I2C

?PR?_SETVIDEOSHARPNESS?OSDMENU                   -----    -----      0014H    0005H
  +--> ?PR?_READI2C?I2C
  +--> ?PR?OSDMENU
  +--> ?CO?OSDMENU
  +--> ?PR?_MAPPING1?TW88
  +--> ?PR?_WRITEI2C?I2C
  +--> ?PR?_SAVEVIDEODATATOEE?ETC_EEP

?PR?DISPLAYVOL?DISPINFO                          -----    -----      0008H    0002H
  +--> ?CO?DISPINFO
  +--> ?PR?_PRINTF?PRINTF
  +--> ?PR?_WRITEI2C?I2C
  +--> ?PR?CLEAROSDINFO?DISPINFO
  +--> ?PR?_DELAY?CPU
  +--> ?CO?OSDBASIC
  +--> ?PR?_INITOSDWINDOW?OSDBASIC
  +--> ?PR?_CLEARDATACNT?OSDBASIC
  +--> ?PR?_DRAWATTRCNT?OSDBASIC
  +--> ?PR?GETOSDLANG?OSDMENU
  +--> ?CO?OSDMENU
  +--> ?PR?DISPINFO
  +--> ?PR?_STRLEN?OSDBASIC
  +--> ?PR?_WRITESTRINGTOADDR?OSDBASIC
  +--> ?PR?_SHOWOSDWINDOW_TW88?OSDBASIC
  +--> ?PR?_SHOWOSDWINDOWALL?OSDBASIC
  +--> ?PR?_DISPLAYVOLUMEBAR?OSDMENU
  +--> ?PR?GETTIME_MS?CPU
  +--> ?PR?_WAIT_MS?CPU

?PR?GETOSDLANG?OSDMENU                           -----    -----      -----    -----
  +--> ?PR?GETOSDLANGEE?ETC_EEP

?PR?_DISPLAYVOLUMEBAR?OSDMENU                    -----    -----      000AH    0019H
  +--> ?CO?OSDMENU
  +--> ?PR?OSDMENU
  +--> ?PR?_WRITESTRINGTOADDR?OSDBASIC

?PR?REMOVOLDN_LEFTKEY?KEYREMO                    -----    -----      -----    -----
  +--> ?PR?GETDISPLAYEDOSD?DISPINFO
  +--> ?PR?OSDHIGHMENU?OSDMENU
  +--> ?PR?_OSDVALUEUPDN?OSDMENU
BL51 BANKED LINKER/LOCATER V6.22                                                      04/15/2015  21:56:11  PAGE 26


  +--> ?PR?_CHANGEVOL?AUDIO
  +--> ?PR?DISPLAYVOL?DISPINFO

?PR?OSDHIGHMENU?OSDMENU                          -----    -----      -----    -----
  +--> ?PR?CLEARVALUEWIN?OSDMENU
  +--> ?PR?_DRAWMENULIST?OSDMENU
  +--> ?PR?DISPLAYCURSOR?OSDMENU
  +--> ?PR?OSDMENU
  +--> ?PR?_DOACTION?OSDMENU
  +--> ?PR?CLEARCURSOR?OSDMENU
  +--> ?PR?OSDHIGHMENU_SUB?OSDMENU

?PR?REMOMENU_MENUKEY?KEYREMO                     -----    -----      -----    -----
  +--> ?PR?GETDISPLAYEDOSD?DISPINFO
  +--> ?PR?OSDHIGHMENU?OSDMENU
  +--> ?PR?OPENOSDMENU?OSDMENU

?PR?OPENOSDMENU?OSDMENU                          -----    -----      0008H    0001H
  +--> ?PR?CLEAROSDINFO?DISPINFO
  +--> ?PR?INITOSDMENU?OSDMENU
  +--> ?PR?_SHOWOSDWINDOW_TW88?OSDBASIC
  +--> ?PR?_SHOWOSDWINDOWALL?OSDBASIC
  +--> ?PR?_SETDISPLAYEDOSD?DISPINFO

?PR?SETSELECTMODE?HS_KEYREMO                     -----    -----      0006H    0001H
  +--> ?PR?HS_KEYREMO
  +--> ?PR?_PUTS?PRINTF
  +--> ?PR?_SETSOURCEMODE?HS_KEYREMO
  +--> ?PR?_WRITEEEP?I2C
  +--> ?PR?_READEEP?I2C

?PR?SETJUMPMODE?HS_KEYREMO                       -----    -----      0006H    0001H
  +--> ?PR?_READEEP?I2C
  +--> ?CO?HS_KEYREMO
  +--> ?PR?_PUTS?PRINTF
  +--> ?PR?HS_KEYREMO
  +--> ?PR?_SETSOURCEMODE?HS_KEYREMO
  +--> ?PR?_WRITEEEP?I2C

?PR?_CAM_TXCOMMAND_TORS485?HS_DVRPROT...         -----    -----      0006H    0002H
  +--> ?PR?HS_DVRPROTOCOL
  +--> ?PR?SEND_PELCOP_COMMAND?HS_DVRPROTOCOL
  +--> ?PR?SEND_PELCOD_COMMAND?HS_DVRPROTOCOL

?PR?SEND_PELCOP_COMMAND?HS_DVRPROTOCOL           -----    -----      0008H    0001H
  +--> ?PR?HS_DVRPROTOCOL
  +--> ?CO?HS_DVRPROTOCOL
  +--> ?PR?_PRINTF?PRINTF
  +--> ?PR?_WAIT_MS?CPU
  +--> ?PR?_RS2_TX?CPU

?PR?SEND_PELCOD_COMMAND?HS_DVRPROTOCOL           -----    -----      0008H    0001H
  +--> ?PR?HS_DVRPROTOCOL
  +--> ?CO?HS_DVRPROTOCOL
  +--> ?PR?_PRINTF?PRINTF
  +--> ?PR?_WAIT_MS?CPU
  +--> ?PR?_RS2_TX?CPU
BL51 BANKED LINKER/LOCATER V6.22                                                      04/15/2015  21:56:11  PAGE 27



?PR?DISPLAYFWVERSION?HS_DISPLAYOSD               -----    -----      -----    -----
  +--> ?PR?CLEAROSDINFO?DISPINFO
  +--> ?PR?HS_DISPLAYOSD
  +--> ?PR?_INITOSDWINDOW?OSDBASIC
  +--> ?PR?_CLEARDATACNT?OSDBASIC
  +--> ?PR?_DRAWATTRCNT?OSDBASIC
  +--> ?CO?HS_DISPLAYOSD
  +--> ?PR?_WRITESTRINGTOADDR?OSDBASIC
  +--> ?CO?OSDMENU
  +--> ?PR?_SETDISPLAYEDOSD?DISPINFO
  +--> ?PR?_SHOWOSDWINDOW_TW88?OSDBASIC
  +--> ?PR?_SHOWOSDWINDOWALL?OSDBASIC
  +--> ?PR?_WRITEI2C?I2C

?PR?CHECKANDCLEAROSD?DISPINFO                    -----    -----      0003H    0006H
  +--> ?PR?GETDISPLAYEDOSD?DISPINFO
  +--> ?PR?GETOSDLASTKEYINTIME?MAIN
  +--> ?PR?GETTIME_MS?CPU
  +--> ?PR?_DIFFTIME_MS?CPU
  +--> ?PR?CLEARTVINFO?DISPINFO
  +--> ?PR?DISPLAYINPUT?DISPINFO
  +--> ?PR?CLOSEOSDMENU?OSDMENU

?PR?WAITPOWERON?MAIN                             -----    -----      0002H    0003H
  +--> ?PR?CHECKTRIGGER?HS_KEYREMO
  +--> ?PR?_TRIGGERHANDLER?HS_KEYREMO
  +--> ?PR?_LCDPOWERON?TW88
  +--> ?PR?POWEROFF?MAIN
  +--> ?PR?AUDIOMUTE?AUDIO
  +--> ?PR?_GETKEY?KEYREMO
  +--> ?PR?_WRITEEEP?I2C
  +--> ?PR?DISPLAYINPUT?DISPINFO
  +--> ?PR?SETNOWMODE?HS_KEYREMO
  +--> ?PR?_READEEP?I2C

?PR?POWEROFF?MAIN                                -----    -----      -----    -----
  +--> ?PR?AUDIOMUTE?AUDIO
  +--> ?PR?LCDPOWEROFF?TW88
  +--> ?PR?_POWERLED?CPU



UNRESOLVED EXTERNAL SYMBOLS:
   COMPOSITE2INPUT



SYMBOL TABLE OF MODULE:  .\Output\AWT-ML072 (ADC)

  VALUE           TYPE          NAME
  ----------------------------------

  -------         MODULE        ADC
  C:0000H         SYMBOL        _ICE_DUMMY_
  -------         ENDMOD        ADC

BL51 BANKED LINKER/LOCATER V6.22                                                      04/15/2015  21:56:11  PAGE 28


  -------         MODULE        CPU
  C:0000H         SYMBOL        _ICE_DUMMY_
  C:9B43H         PUBLIC        InitCPU
  D:00B1H         PUBLIC        P3M0
  C:69E9H         PUBLIC        timer0_int
  X:00F3H         PUBLIC        FormatSDCard
  D:00B2H         PUBLIC        P3M1
  D:00A0H         PUBLIC        P2
  C:A870H         PUBLIC        timer2_int
  D:00E8H         PUBLIC        P4
  X:00F4H         PUBLIC        FormatWait
  D:0024H         PUBLIC        DVR_buf
  D:0042H         PUBLIC        keytic
  D:00A8H         PUBLIC        IE
  D:0043H         PUBLIC        RS2_in
  B:0021H.3       PUBLIC        RepeatKey
  C:A7F2H         PUBLIC        _delay
  B:00B0H.4       PUBLIC        P3_4
  B:00A8H.4       PUBLIC        ES
  D:00B8H         PUBLIC        IP
  D:00DEH         PUBLIC        CCAPM4
  B:0098H.0       PUBLIC        RI
  B:0098H.1       PUBLIC        TI
  C:A902H         PUBLIC        RS_ready
  D:0044H         PUBLIC        tic01
  B:0021H.4       PUBLIC        KeyReady
  B:0021H.5       PUBLIC        RS_Xbusy
  D:00D8H         PUBLIC        CCON
  C:A979H         PUBLIC        _RS2_tx
  X:00F5H         PUBLIC        Time5ms
  X:00F6H         PUBLIC        keyticSec
  D:0045H         PUBLIC        Key
  C:A13BH         PUBLIC        serial_int
  C:0026H         PUBLIC        ext1_int
  D:0099H         PUBLIC        SBUF
  D:0087H         PUBLIC        PCON
  D:0098H         PUBLIC        SCON
  C:A683H         PUBLIC        InitVars
  D:0089H         PUBLIC        TMOD
  D:0088H         PUBLIC        TCON
  C:3E1CH         PUBLIC        PanelInfoStr
  D:00BFH         PUBLIC        CHPCON
  C:70EEH         PUBLIC        main_init
  D:00F6H         PUBLIC        CHPENR
  X:00F7H         PUBLIC        PowerDownWait
  D:0046H         PUBLIC        tm01
  D:0048H         PUBLIC        stopWatch
  C:534DH         PUBLIC        _TW2835Command
  D:004AH         SYMBOL        RS_buf
  B:00A8H.5       PUBLIC        ET2
  B:00C8H.7       PUBLIC        TF2
  D:008CH         PUBLIC        TH0
  D:008DH         PUBLIC        TH1
  C:A626H         PUBLIC        _DiffTime_ms
  B:00A8H.2       PUBLIC        EX1
  D:008AH         PUBLIC        TL0
  C:8BDFH         PUBLIC        InitTechwell
BL51 BANKED LINKER/LOCATER V6.22                                                      04/15/2015  21:56:11  PAGE 29


  B:0021H.6       PUBLIC        RS2_Xbusy
  C:9BD9H         PUBLIC        _Wait_ms
  B:00C8H.2       PUBLIC        TR2
  X:00F8H         PUBLIC        updn_reg
  D:0052H         PUBLIC        RS_in
  D:0053H         PUBLIC        RS_out
  C:A1D6H         PUBLIC        serial2_int
  D:009AH         PUBLIC        S2BUF
  C:A6A1H         PUBLIC        _PowerLED
  D:00AAH         PUBLIC        S2CON
  D:00C8H         PUBLIC        T2CON
  D:00BAH         PUBLIC        S2BRT
  C:0003H         PUBLIC        _RS_tx
  D:0054H         PUBLIC        tm001
  D:00A6H         PUBLIC        AUXR2
  B:0021H.7       PUBLIC        ChangeKey
  C:9F70H         PUBLIC        GetTime_ms
  D:0055H         PUBLIC        tic_pc
  D:0057H         PUBLIC        RS_buf2
  D:005FH         PUBLIC        SystemClock
  C:3DB6H         PUBLIC        CommTable
  D:00ADH         PUBLIC        AUXIE
  C:9DF9H         SYMBOL        Com00A5
  C:9DF9H         SYMBOL        L?0166
  C:9DFAH         SYMBOL        L?0167
  C:9DFDH         SYMBOL        L?0168
  C:9E06H         SYMBOL        L?0169
  C:9E06H         SYMBOL        L?0170
  C:9E0FH         SYMBOL        L?0171
  C:9E10H         SYMBOL        L?0172
  C:9E11H         SYMBOL        L?0173
  C:9E1AH         SYMBOL        L?0175
  C:9E1AH         SYMBOL        L?0176
  C:9E22H         SYMBOL        L?0177
  C:9E26H         SYMBOL        L?0178
  C:9E2EH         SYMBOL        L?0179
  C:9E31H         SYMBOL        L?0180
  -------         PROC          COM00A5
  -------         ENDPROC       COM00A5
  C:71F7H         SYMBOL        L?0181
  C:71FFH         SYMBOL        L?0182
  -------         PROC          MAIN_INIT
  -------         DO            
  X:0002H         SYMBOL        rev
  -------         ENDDO         
  C:70EEH         LINE#         278
  C:70EEH         LINE#         279
  C:70EEH         LINE#         285
  C:70F7H         LINE#         297
  C:70FEH         LINE#         298
  C:7110H         LINE#         300
  C:7119H         LINE#         301
  C:7119H         LINE#         302
  C:712AH         LINE#         303
  C:7131H         LINE#         304
  C:713FH         LINE#         305
  C:713FH         LINE#         309
BL51 BANKED LINKER/LOCATER V6.22                                                      04/15/2015  21:56:11  PAGE 30


  C:7148H         LINE#         310
  C:7148H         LINE#         311
  C:7154H         LINE#         312
  C:7154H         LINE#         313
  C:715CH         LINE#         316
  C:7161H         LINE#         317
  C:7164H         LINE#         318
  C:716DH         LINE#         323
  C:716FH         LINE#         325
  C:716FH         LINE#         327
  C:7177H         LINE#         329
  C:7177H         LINE#         330
  C:7179H         LINE#         332
  C:7179H         LINE#         333
  C:7182H         LINE#         334
  C:718BH         LINE#         335
  C:7191H         LINE#         336
  C:7196H         LINE#         338
  C:7199H         LINE#         339
  C:719EH         LINE#         341
  C:719EH         LINE#         348
  C:71AAH         LINE#         349
  C:71ACH         LINE#         350
  C:71ACH         LINE#         351
  C:71AEH         LINE#         352
  C:71B0H         LINE#         354
  C:71B0H         LINE#         355
  C:71B5H         LINE#         356
  C:71B5H         LINE#         357
  C:71B8H         LINE#         360
  C:71BEH         LINE#         365
  C:71C1H         LINE#         367
  C:71C4H         LINE#         370
  C:71C9H         LINE#         371
  C:71CEH         LINE#         372
  C:71D1H         LINE#         387
  C:71D6H         LINE#         388
  C:71DBH         LINE#         390
  C:71E4H         LINE#         394
  C:71EDH         LINE#         395
  C:71F6H         LINE#         396
  -------         ENDPROC       MAIN_INIT
  -------         PROC          INITCPU
  C:9B43H         LINE#         401
  C:9B43H         LINE#         402
  C:9B43H         LINE#         403
  C:9B46H         LINE#         404
  C:9B49H         LINE#         405
  C:9B4CH         LINE#         406
  C:9B4FH         LINE#         410
  C:9B52H         LINE#         417
  C:9B55H         LINE#         419
  C:9B58H         LINE#         421
  C:9B5BH         LINE#         425
  C:9B61H         LINE#         427
  C:9B64H         LINE#         428
  C:9B67H         LINE#         432
BL51 BANKED LINKER/LOCATER V6.22                                                      04/15/2015  21:56:11  PAGE 31


  C:9B6AH         LINE#         435
  C:9B6CH         LINE#         436
  C:9B6EH         LINE#         442
  C:9B70H         LINE#         443
  C:9B72H         LINE#         444
  C:9B74H         LINE#         450
  C:9B77H         LINE#         451
  C:9B7AH         LINE#         454
  C:9B7DH         LINE#         457
  C:9B80H         LINE#         459
  C:9B82H         LINE#         462
  C:9B85H         LINE#         463
  C:9B88H         LINE#         470
  C:9B8AH         LINE#         471
  C:9B8DH         LINE#         472
  -------         ENDPROC       INITCPU
  -------         PROC          TIMER0_INT
  -------         DO            
  D:000FH         SYMBOL        TempKey
  -------         ENDDO         
  C:69E9H         LINE#         490
  C:69F4H         LINE#         494
  C:69F6H         LINE#         497
  C:69FCH         LINE#         498
  C:69FEH         LINE#         499
  C:6A04H         LINE#         500
  C:6A04H         LINE#         504
  C:6A0DH         LINE#         506
  C:6A14H         LINE#         507
  C:6A14H         LINE#         508
  C:6A1CH         LINE#         509
  C:6A24H         LINE#         510
  C:6A2CH         LINE#         511
  C:6A2FH         LINE#         512
  C:6A31H         LINE#         515
  C:6A37H         LINE#         516
  C:6A37H         LINE#         517
  C:6A37H         LINE#         525
  C:6A41H         LINE#         528
  C:6A49H         LINE#         529
  C:6A4CH         LINE#         530
  C:6A4EH         LINE#         532
  C:6A57H         LINE#         533
  C:6A57H         LINE#         534
  C:6A62H         LINE#         535
  C:6A7AH         LINE#         536
  C:6A7DH         LINE#         540
  C:6A86H         LINE#         541
  C:6A89H         LINE#         543
  C:6A8FH         LINE#         545
  C:6A98H         LINE#         546
  C:6A9BH         LINE#         548
  C:6A9EH         LINE#         549
  C:6AA4H         LINE#         550
  C:6AA7H         LINE#         551
  C:6AADH         LINE#         552
  C:6AB4H         LINE#         553
BL51 BANKED LINKER/LOCATER V6.22                                                      04/15/2015  21:56:11  PAGE 32


  C:6AB4H         LINE#         554
  C:6AB6H         LINE#         555
  C:6ABCH         LINE#         556
  C:6ABCH         LINE#         558
  C:6AC3H         LINE#         559
  C:6AC3H         LINE#         560
  C:6AC5H         LINE#         561
  C:6ACBH         LINE#         562
  C:6ACBH         LINE#         564
  C:6AD2H         LINE#         565
  C:6AD2H         LINE#         566
  C:6AD4H         LINE#         567
  C:6ADAH         LINE#         568
  C:6ADAH         LINE#         570
  C:6AE1H         LINE#         571
  C:6AE6H         LINE#         573
  C:6AE8H         LINE#         580
  C:6AE8H         LINE#         581
  C:6AF2H         LINE#         582
  C:6AFAH         LINE#         585
  C:6B01H         LINE#         586
  C:6B06H         LINE#         587
  C:6B0DH         LINE#         588
  C:6B0FH         LINE#         589
  C:6B11H         LINE#         590
  C:6B13H         LINE#         591
  C:6B18H         LINE#         592
  C:6B1FH         LINE#         593
  C:6B21H         LINE#         594
  C:6B23H         LINE#         595
  C:6B26H         LINE#         596
  C:6B26H         LINE#         597
  C:6B28H         LINE#         598
  C:6B2AH         LINE#         600
  C:6B2AH         LINE#         601
  C:6B2DH         LINE#         602
  C:6B30H         LINE#         603
  C:6B30H         LINE#         605
  C:6B30H         LINE#         606
  -------         ENDPROC       TIMER0_INT
  -------         PROC          INITVARS
  C:A683H         LINE#         611
  C:A683H         LINE#         612
  C:A683H         LINE#         613
  C:A68CH         LINE#         622
  C:A690H         LINE#         627
  C:A695H         LINE#         628
  C:A69AH         LINE#         630
  C:A69CH         LINE#         631
  -------         ENDPROC       INITVARS
  C:8C4BH         SYMBOL        L?0164
  C:8C5DH         SYMBOL        L?0174
  -------         PROC          INITTECHWELL
  C:8BDFH         LINE#         637
  C:8BDFH         LINE#         638
  C:8BDFH         LINE#         656
  C:8BF3H         LINE#         657
BL51 BANKED LINKER/LOCATER V6.22                                                      04/15/2015  21:56:11  PAGE 33


  C:8BFBH         LINE#         658
  C:8C03H         LINE#         659
  C:8C0CH         LINE#         660
  C:8C16H         LINE#         661
  C:8C16H         LINE#         663
  C:8C1CH         LINE#         666
  C:8C26H         LINE#         667
  C:8C26H         LINE#         668
  C:8C2CH         LINE#         669
  C:8C37H         LINE#         670
  C:8C37H         LINE#         671
  C:8C37H         LINE#         673
  C:8C3CH         LINE#         674
  C:8C3CH         LINE#         675
  C:8C4AH         LINE#         676
  C:8C4AH         LINE#         677
  C:8C4AH         LINE#         683
  -------         ENDPROC       INITTECHWELL
  -------         PROC          _POWERLED
  D:0007H         SYMBOL        flag
  C:A6A1H         LINE#         689
  C:A6A1H         LINE#         690
  C:A6A1H         LINE#         694
  C:A6A5H         LINE#         696
  C:A6A8H         LINE#         697
  C:A6A8H         LINE#         699
  C:A6AAH         LINE#         700
  C:A6ADH         LINE#         701
  C:A6ADH         LINE#         703
  C:A6B0H         LINE#         704
  C:A6B3H         LINE#         706
  C:A6B4H         LINE#         707
  C:A6B8H         LINE#         708
  C:A6B8H         LINE#         710
  C:A6BBH         LINE#         711
  C:A6BEH         LINE#         713
  C:A6BEH         LINE#         714
  -------         ENDPROC       _POWERLED
  -------         PROC          EXT1_INT
  C:0026H         LINE#         723
  C:0026H         LINE#         725
  C:0028H         LINE#         726
  -------         ENDPROC       EXT1_INT
  -------         PROC          SERIAL_INT
  C:A13BH         LINE#         841
  C:A142H         LINE#         847
  C:A145H         LINE#         848
  C:A147H         LINE#         849
  C:A157H         LINE#         851
  C:A159H         LINE#         852
  C:A163H         LINE#         853
  C:A163H         LINE#         855
  C:A166H         LINE#         856
  C:A168H         LINE#         857
  C:A16AH         LINE#         858
  C:A16AH         LINE#         859
  -------         ENDPROC       SERIAL_INT
BL51 BANKED LINKER/LOCATER V6.22                                                      04/15/2015  21:56:11  PAGE 34


  -------         PROC          SERIAL2_INT
  C:A1D6H         LINE#         863
  C:A1DDH         LINE#         868
  C:A1E2H         LINE#         869
  C:A1E2H         LINE#         871
  C:A1E5H         LINE#         872
  C:A1ECH         LINE#         874
  C:A1EEH         LINE#         875
  C:A1F8H         LINE#         876
  C:A1F8H         LINE#         878
  C:A1FDH         LINE#         879
  C:A1FDH         LINE#         880
  C:A200H         LINE#         881
  C:A202H         LINE#         882
  C:A202H         LINE#         883
  -------         ENDPROC       SERIAL2_INT
  -------         PROC          RS_READY
  C:A902H         LINE#         890
  C:A902H         LINE#         891
  C:A902H         LINE#         892
  C:A90AH         LINE#         893
  C:A90CH         LINE#         894
  -------         ENDPROC       RS_READY
  -------         PROC          _RS_TX
  D:0007H         SYMBOL        tx_buf
  C:0003H         LINE#         916
  C:0003H         LINE#         917
  C:0003H         LINE#         918
  C:0006H         LINE#         919
  C:0008H         LINE#         920
  C:000AH         LINE#         921
  -------         ENDPROC       _RS_TX
  -------         PROC          _RS2_TX
  D:0007H         SYMBOL        tx_buf
  C:A979H         LINE#         926
  C:A979H         LINE#         927
  C:A979H         LINE#         936
  C:A97CH         LINE#         937
  C:A97EH         LINE#         938
  C:A980H         LINE#         939
  -------         ENDPROC       _RS2_TX
  -------         PROC          TIMER2_INT
  C:A870H         LINE#         977
  C:A872H         LINE#         979
  C:A874H         LINE#         981
  C:A87CH         LINE#         1112
  -------         ENDPROC       TIMER2_INT
  -------         PROC          _DELAY
  D:0007H         SYMBOL        cnt
  -------         DO            
  D:0004H         SYMBOL        ttic01
  -------         ENDDO         
  C:A7F2H         LINE#         1115
[...]
  C:6E33H         LINE#         361
  C:6E38H         LINE#         363
  C:6E44H         LINE#         365
  C:6E49H         LINE#         372
  C:6E53H         LINE#         373
  C:6E53H         LINE#         389
  C:6E5DH         LINE#         391
  C:6E69H         LINE#         392
  C:6E6DH         LINE#         394
  C:6E72H         LINE#         396
  C:6E7AH         LINE#         397
  C:6E7AH         LINE#         398
  C:6E7EH         LINE#         399
  C:6E81H         LINE#         400
  C:6E83H         LINE#         402
  C:6E83H         LINE#         403
  C:6E87H         LINE#         404
BL51 BANKED LINKER/LOCATER V6.22                                                      04/15/2015  21:56:11  PAGE 134


  C:6E8AH         LINE#         405
  C:6E8AH         LINE#         407
  C:6E8DH         LINE#         408
  C:6E93H         LINE#         410
  C:6E98H         LINE#         412
  -------         ENDPROC       _CHANGEVOL
  -------         ENDMOD        AUDIO

  -------         MODULE        DEBUG
  C:0000H         SYMBOL        _ICE_DUMMY_
  D:00E8H         PUBLIC        P4
  -------         ENDMOD        DEBUG

  -------         MODULE        HS_DVRPROTOCOL
  C:0000H         SYMBOL        _ICE_DUMMY_
  X:006CH         PUBLIC        PresetMode
  B:0022H.0       PUBLIC        FormatStart
  X:006DH         PUBLIC        second
  X:006EH         PUBLIC        UpdateOK
  B:0022H.1       PUBLIC        SpeedDomeMode
  D:00E8H         PUBLIC        P4
  X:006FH         PUBLIC        DVR_Resolution
  X:0070H         PUBLIC        DVR_timebeginesmonth
  X:0071H         PUBLIC        Information
  X:007FH         PUBLIC        DVR_timebeginesweek
  X:0080H         PUBLIC        minute
  X:0081H         PUBLIC        DVR_RecordLength
  B:0022H.2       PUBLIC        DoorState
  X:0082H         PUBLIC        CommandBuffer
  X:0084H         PUBLIC        month
  X:0085H         PUBLIC        InformationLen
  B:0022H.3       PUBLIC        GetDVRStatusflag
  X:0086H         PUBLIC        DVR_daylightsaving
  X:0087H         PUBLIC        DVR_FPS
  X:0088H         PUBLIC        DVR_RecordMode
  X:0089H         PUBLIC        DVR_RecordStatus
  X:008AH         PUBLIC        DVR_Quality
  X:008BH         PUBLIC        day
  X:008CH         PUBLIC        hour
  B:0022H.4       PUBLIC        DVR_Ready
  X:008DH         PUBLIC        DVR_standardtimebeginesWeek
  X:008EH         PUBLIC        DVR_standardtimebeginesTime
  C:9093H         PUBLIC        Send_PelcoD_Command
  X:008FH         PUBLIC        DVR_PostAlarmLength
  X:0090H         PUBLIC        DVR_PreAlarmLength
  D:008DH         PUBLIC        TH1
  X:0091H         PUBLIC        DVR_sandardtimebeginesMonth
  C:57EDH         PUBLIC        _CAM_TxCommand_toRS485
  X:0092H         PUBLIC        SerialNumber
  X:0093H         PUBLIC        DVR_System
  C:9012H         PUBLIC        Send_PelcoP_Command
  X:0094H         PUBLIC        DVRVersion
  X:00A5H         PUBLIC        TriggerStatus
  X:00A6H         PUBLIC        PresetNumber
  X:00A7H         PUBLIC        year1
  X:00A8H         PUBLIC        year2
  X:00A9H         PUBLIC        DVR_SDCardAvailable
BL51 BANKED LINKER/LOCATER V6.22                                                      04/15/2015  21:56:11  PAGE 135


  D:00BAH         PUBLIC        S2BRT
  X:00AAH         PUBLIC        GPSState
  X:00ABH         PUBLIC        DVR_Busy
  X:00ACH         PUBLIC        DVR_timebeginesTime
  X:00ADH         PUBLIC        FormatStatus
  X:00AEH         PUBLIC        DVRVersionLen
  X:00AFH         PUBLIC        gb_P_Com
  X:00B1H         PUBLIC        DVR_OverWrite
  X:00B2H         PUBLIC        gb_PTZ_Speed
  X:00B3H         PUBLIC        DVR_TimeZone
  C:A106H         SYMBOL        Com005D
  C:A106H         SYMBOL        L?0094
  C:A106H         SYMBOL        L?0095
  C:A10DH         SYMBOL        L?0096
  C:A10DH         SYMBOL        L?0097
  C:A110H         SYMBOL        L?0098
  C:A118H         SYMBOL        L?0099
  C:A118H         SYMBOL        L?0100
  C:A121H         SYMBOL        L?0101
  C:A121H         SYMBOL        L?0102
  C:A12AH         SYMBOL        L?0103
  C:A12AH         SYMBOL        L?0104
  C:A131H         SYMBOL        L?0105
  -------         PROC          COM005D
  -------         ENDPROC       COM005D
  -------         PROC          _CAM_TXCOMMAND_TORS485
  X:0006H         SYMBOL        Com_ID
  -------         DO            
  X:0007H         SYMBOL        j
  -------         ENDDO         
  C:57EDH         LINE#         994
  C:57F2H         LINE#         995
  C:57F2H         LINE#         1001
  C:5802H         LINE#         1002
  C:5802H         LINE#         1003
  C:5802H         LINE#         1005
  C:5811H         LINE#         1006
  C:581EH         LINE#         1007
  C:5824H         LINE#         1009
  C:582DH         LINE#         1010
  C:5833H         LINE#         1012
  C:585FH         LINE#         1013
  C:585FH         LINE#         1026
  C:585FH         LINE#         1027
  C:585FH         LINE#         1028
  C:5864H         LINE#         1029
  C:5864H         LINE#         1030
  C:5864H         LINE#         1031
  C:5864H         LINE#         1032
  C:5866H         LINE#         1040
  C:5866H         LINE#         1041
  C:586BH         LINE#         1042
  C:586BH         LINE#         1043
  C:586BH         LINE#         1044
  C:586BH         LINE#         1045
  C:586BH         LINE#         1046
  C:586EH         LINE#         1048
BL51 BANKED LINKER/LOCATER V6.22                                                      04/15/2015  21:56:11  PAGE 136


  C:586EH         LINE#         1049
  C:586EH         LINE#         1050
  C:5874H         LINE#         1051
  C:5875H         LINE#         1052
  C:5875H         LINE#         1053
  C:5875H         LINE#         1054
  C:5878H         LINE#         1112
  C:5878H         LINE#         1113
  C:5878H         LINE#         1114
  C:587DH         LINE#         1115
  C:587DH         LINE#         1119
  C:587DH         LINE#         1120
  C:587DH         LINE#         1121
  C:587FH         LINE#         1122
  C:587FH         LINE#         1123
  C:587FH         LINE#         1124
  C:5884H         LINE#         1125
  C:5884H         LINE#         1129
  C:5887H         LINE#         1130
  C:5887H         LINE#         1131
  C:5889H         LINE#         1132
  C:5889H         LINE#         1133
  C:5889H         LINE#         1134
  C:588FH         LINE#         1135
  C:5892H         LINE#         1136
  C:5898H         LINE#         1138
  C:589BH         LINE#         1139
  C:589CH         LINE#         1140
  C:589CH         LINE#         1141
  C:589EH         LINE#         1142
  C:589EH         LINE#         1143
  C:589EH         LINE#         1144
  C:58A4H         LINE#         1145
  C:58A7H         LINE#         1146
  C:58ADH         LINE#         1148
  C:58B0H         LINE#         1149
  C:58B4H         LINE#         1150
  C:58B4H         LINE#         1151
  C:58B6H         LINE#         1152
  C:58B6H         LINE#         1153
  C:58B6H         LINE#         1154
  C:58BCH         LINE#         1155
  C:58BFH         LINE#         1156
  C:58C2H         LINE#         1157
  C:58C8H         LINE#         1159
  C:58CBH         LINE#         1160
  C:58CBH         LINE#         1161
  C:58CDH         LINE#         1162
  C:58CDH         LINE#         1163
  C:58CDH         LINE#         1164
  C:58D3H         LINE#         1165
  C:58D6H         LINE#         1166
  C:58D9H         LINE#         1167
  C:58DFH         LINE#         1169
  C:58E2H         LINE#         1170
  C:58E2H         LINE#         1171
  C:58E4H         LINE#         1172
BL51 BANKED LINKER/LOCATER V6.22                                                      04/15/2015  21:56:11  PAGE 137


  C:58E4H         LINE#         1173
  C:58E4H         LINE#         1174
  C:58E7H         LINE#         1175
  C:58E7H         LINE#         1176
  C:58EBH         LINE#         1177
  C:58EBH         LINE#         1178
  C:58EDH         LINE#         1179
  C:58EDH         LINE#         1180
  C:58F3H         LINE#         1181
  C:58F6H         LINE#         1182
  C:58F8H         LINE#         1183
  C:58FAH         LINE#         1184
  C:58FDH         LINE#         1185
  C:58FDH         LINE#         1216
  C:58FDH         LINE#         1217
  C:58FDH         LINE#         1218
  C:58FDH         LINE#         1220
  C:590CH         LINE#         1221
  C:5919H         LINE#         1222
  C:591FH         LINE#         1224
  C:5927H         LINE#         1226
  C:5953H         LINE#         1227
  C:5953H         LINE#         1240
  C:5953H         LINE#         1241
  C:5953H         LINE#         1242
  C:5958H         LINE#         1243
  C:5958H         LINE#         1244
  C:5958H         LINE#         1245
  C:5958H         LINE#         1246
  C:595AH         LINE#         1254
  C:595AH         LINE#         1255
  C:595FH         LINE#         1256
  C:595FH         LINE#         1257
  C:595FH         LINE#         1258
  C:595FH         LINE#         1259
  C:595FH         LINE#         1260
  C:5962H         LINE#         1262
  C:5962H         LINE#         1263
  C:5962H         LINE#         1264
  C:5968H         LINE#         1265
  C:5969H         LINE#         1266
  C:5969H         LINE#         1267
  C:5969H         LINE#         1268
  C:596CH         LINE#         1320
  C:596CH         LINE#         1321
  C:596CH         LINE#         1322
  C:5972H         LINE#         1323
  C:5975H         LINE#         1324
  C:597BH         LINE#         1326
  C:597EH         LINE#         1327
  C:597EH         LINE#         1328
  C:597EH         LINE#         1329
  C:5980H         LINE#         1330
  C:5980H         LINE#         1331
  C:5980H         LINE#         1332
  C:5986H         LINE#         1333
  C:5989H         LINE#         1334
BL51 BANKED LINKER/LOCATER V6.22                                                      04/15/2015  21:56:11  PAGE 138


  C:598FH         LINE#         1336
  C:5992H         LINE#         1337
  C:5993H         LINE#         1338
  C:5993H         LINE#         1339
  C:5995H         LINE#         1340
  C:5995H         LINE#         1341
  C:5995H         LINE#         1342
  C:599BH         LINE#         1343
  C:599EH         LINE#         1344
  C:59A1H         LINE#         1345
  C:59A7H         LINE#         1347
  C:59AAH         LINE#         1348
  C:59AAH         LINE#         1349
  C:59ACH         LINE#         1350
  C:59ACH         LINE#         1351
  C:59ACH         LINE#         1352
  C:59B2H         LINE#         1353
  C:59B5H         LINE#         1354
  C:59B8H         LINE#         1355
  C:59BEH         LINE#         1357
  C:59C1H         LINE#         1358
  C:59C1H         LINE#         1359
  C:59C3H         LINE#         1360
  C:59C3H         LINE#         1361
  C:59C3H         LINE#         1362
  C:59C8H         LINE#         1363
  C:59C8H         LINE#         1367
  C:59CFH         LINE#         1368
  C:59CFH         LINE#         1369
  C:59D1H         LINE#         1370
  C:59D1H         LINE#         1371
  C:59D1H         LINE#         1372
  C:59D6H         LINE#         1373
  C:59D6H         LINE#         1377
  C:59DDH         LINE#         1378
  C:59DDH         LINE#         1379
  C:59DFH         LINE#         1380
  C:59DFH         LINE#         1381
  C:59DFH         LINE#         1382
  C:59E2H         LINE#         1383
  C:59E2H         LINE#         1384
  C:59E6H         LINE#         1385
  C:59E6H         LINE#         1386
  C:59E8H         LINE#         1387
  C:59E8H         LINE#         1388
  C:59EEH         LINE#         1389
  C:59F1H         LINE#         1390
  C:59F3H         LINE#         1391
  C:59F5H         LINE#         1392
  C:59F8H         LINE#         1393
  C:59F8H         LINE#         1424
  C:59F8H         LINE#         1425
  C:59F8H         LINE#         1498
  C:59F8H         LINE#         1500
  -------         ENDPROC       _CAM_TXCOMMAND_TORS485
  -------         PROC          SEND_PELCOP_COMMAND
  -------         DO            
BL51 BANKED LINKER/LOCATER V6.22                                                      04/15/2015  21:56:11  PAGE 139


  X:0008H         SYMBOL        ii
  D:0004H         SYMBOL        j
  -------         ENDDO         
  C:9012H         LINE#         1508
  C:9012H         LINE#         1509
  C:9012H         LINE#         1513
  C:901AH         LINE#         1514
  C:901CH         LINE#         1515
  C:9034H         LINE#         1521
  C:9042H         LINE#         1522
  C:9042H         LINE#         1523
  C:9042H         LINE#         1524
  C:9045H         LINE#         1525
  C:9047H         LINE#         1526
  C:9047H         LINE#         1527
  C:904AH         LINE#         1528
  C:904CH         LINE#         1529
  C:904CH         LINE#         1530
  C:904FH         LINE#         1531
  C:904FH         LINE#         1532
  C:904FH         LINE#         1534
  C:9062H         LINE#         1535
  C:9069H         LINE#         1536
  C:9078H         LINE#         1537
  C:9078H         LINE#         1538
  C:9080H         LINE#         1539
  C:9088H         LINE#         1540
  C:908FH         LINE#         1541
  C:9092H         LINE#         1546
  -------         ENDPROC       SEND_PELCOP_COMMAND
  -------         PROC          SEND_PELCOD_COMMAND
  -------         DO            
  X:0008H         SYMBOL        ii
  D:0007H         SYMBOL        j
  -------         ENDDO         
  C:9093H         LINE#         1554
  C:9093H         LINE#         1555
  C:9093H         LINE#         1559
  C:909BH         LINE#         1560
  C:909DH         LINE#         1561
  C:90ADH         LINE#         1563
  C:90BBH         LINE#         1564
  C:90BBH         LINE#         1565
  C:90BBH         LINE#         1566
  C:90BEH         LINE#         1567
  C:90C0H         LINE#         1568
  C:90C0H         LINE#         1569
  C:90C3H         LINE#         1570
  C:90C5H         LINE#         1571
  C:90C5H         LINE#         1572
  C:90C8H         LINE#         1573
  C:90C8H         LINE#         1574
  C:90C8H         LINE#         1576
  C:90DEH         LINE#         1577
  C:90E5H         LINE#         1580
  C:90F4H         LINE#         1581
  C:90F4H         LINE#         1582
BL51 BANKED LINKER/LOCATER V6.22                                                      04/15/2015  21:56:11  PAGE 140


  C:90FCH         LINE#         1583
  C:9104H         LINE#         1585
  C:910BH         LINE#         1586
  C:910EH         LINE#         1589
  -------         ENDPROC       SEND_PELCOD_COMMAND
  -------         ENDMOD        HS_DVRPROTOCOL

  -------         MODULE        ?C?COPY
  C:3F1BH         PUBLIC        ?C?COPY
  -------         ENDMOD        ?C?COPY

  -------         MODULE        ?C?CLDPTR
  C:3F41H         PUBLIC        ?C?CLDPTR
  -------         ENDMOD        ?C?CLDPTR

  -------         MODULE        ?C?CLDOPTR
  C:3F5AH         PUBLIC        ?C?CLDOPTR
  -------         ENDMOD        ?C?CLDOPTR

  -------         MODULE        ?C?CSTPTR
  C:3F87H         PUBLIC        ?C?CSTPTR
  -------         ENDMOD        ?C?CSTPTR

  -------         MODULE        ?C?IMUL
  C:3F99H         PUBLIC        ?C?IMUL
  -------         ENDMOD        ?C?IMUL

  -------         MODULE        ?C?UIDIV
  C:3FABH         PUBLIC        ?C?UIDIV
  -------         ENDMOD        ?C?UIDIV

  -------         MODULE        ?C?SIDIV
  C:4000H         PUBLIC        ?C?SIDIV
  -------         ENDMOD        ?C?SIDIV

  -------         MODULE        ?C?IILDX
  C:4036H         PUBLIC        ?C?IILDX
  -------         ENDMOD        ?C?IILDX

  -------         MODULE        ?C?ILDPTR
  C:404CH         PUBLIC        ?C?ILDPTR
  -------         ENDMOD        ?C?ILDPTR

  -------         MODULE        ?C?ILDOPTR
  C:4077H         PUBLIC        ?C?ILDOPTR
  -------         ENDMOD        ?C?ILDOPTR

  -------         MODULE        ?C?ISTPTR
  C:40AFH         PUBLIC        ?C?ISTPTR
  -------         ENDMOD        ?C?ISTPTR

  -------         MODULE        ?C?LMUL
  C:40CEH         PUBLIC        ?C?LMUL
  -------         ENDMOD        ?C?LMUL

  -------         MODULE        ?C?ULDIV
  C:4159H         PUBLIC        ?C?ULDIV
BL51 BANKED LINKER/LOCATER V6.22                                                      04/15/2015  21:56:11  PAGE 141


  -------         ENDMOD        ?C?ULDIV

  -------         MODULE        ?C?ULCMP
  C:41EBH         PUBLIC        ?C?ULCMP
  -------         ENDMOD        ?C?ULCMP

  -------         MODULE        ?C?SLSHR
  C:41FCH         PUBLIC        ?C?SLSHR
  -------         ENDMOD        ?C?SLSHR

  -------         MODULE        ?C?LLDPTR
  C:4210H         PUBLIC        ?C?LLDPTR
  -------         ENDMOD        ?C?LLDPTR

  -------         MODULE        ?C?LLDXDATA
  C:4230H         PUBLIC        ?C?LLDXDATA
  -------         ENDMOD        ?C?LLDXDATA

  -------         MODULE        ?C?LLDXDATA0
  C:423CH         PUBLIC        ?C?LLDXDATA0
  -------         ENDMOD        ?C?LLDXDATA0

  -------         MODULE        ?C?LSTXDATA
  C:4248H         PUBLIC        ?C?LSTXDATA
  -------         ENDMOD        ?C?LSTXDATA

  -------         MODULE        ?C?LSTKXDATA
  C:4254H         PUBLIC        ?C?LSTKXDATA
  -------         ENDMOD        ?C?LSTKXDATA

  -------         MODULE        ?C?OFFXADD
  C:4285H         PUBLIC        ?C?OFFXADD
  -------         ENDMOD        ?C?OFFXADD

  -------         MODULE        ?C?PLDXDATA
  C:4291H         PUBLIC        ?C?PLDXDATA
  -------         ENDMOD        ?C?PLDXDATA

  -------         MODULE        ?C?PLDIXDATA
  C:429AH         PUBLIC        ?C?PLDIXDATA
  -------         ENDMOD        ?C?PLDIXDATA

  -------         MODULE        ?C?PSTXDATA
  C:42B1H         PUBLIC        ?C?PSTXDATA
  -------         ENDMOD        ?C?PSTXDATA

  -------         MODULE        ?C?PLDCODE
  C:42BAH         PUBLIC        ?C?PLDCODE
  -------         ENDMOD        ?C?PLDCODE

  -------         MODULE        ?C?PLDPTR
  C:42C6H         PUBLIC        ?C?PLDPTR
  -------         ENDMOD        ?C?PLDPTR

  -------         MODULE        ?C?PLDOPTR
  C:42E6H         PUBLIC        ?C?PLDOPTR
  -------         ENDMOD        ?C?PLDOPTR
BL51 BANKED LINKER/LOCATER V6.22                                                      04/15/2015  21:56:11  PAGE 142



  -------         MODULE        ?C?CCASE
  C:4316H         PUBLIC        ?C?CCASE
  -------         ENDMOD        ?C?CCASE

  -------         MODULE        ABS
  C:A8F6H         PUBLIC        _ABS
  -------         ENDMOD        ABS

  -------         MODULE        ?C?LLDIDATA
  C:433CH         PUBLIC        ?C?LLDIDATA
  -------         ENDMOD        ?C?LLDIDATA

  -------         MODULE        ?C?LLDPDATA
  C:4348H         PUBLIC        ?C?LLDPDATA
  -------         ENDMOD        ?C?LLDPDATA

  -------         MODULE        ?C?LLDCODE
  C:4354H         PUBLIC        ?C?LLDCODE
  -------         ENDMOD        ?C?LLDCODE

  -------         MODULE        ?C?PLDIDATA
  C:4364H         PUBLIC        ?C?PLDIDATA
  -------         ENDMOD        ?C?PLDIDATA

  -------         MODULE        ?C?PLDPDATA
  C:436DH         PUBLIC        ?C?PLDPDATA
  -------         ENDMOD        ?C?PLDPDATA

*** WARNING L13: RECURSIVE CALL TO SEGMENT
    SEGMENT: ?PR?CLEAROSDINFO?DISPINFO
    CALLER:  ?PR?DISPLAYINPUT?DISPINFO

*** WARNING L16: UNCALLED SEGMENT, IGNORED FOR OVERLAY PROCESS
    SEGMENT: ?PR?COMPOSITE4INPUT?TW88

*** WARNING L1: UNRESOLVED EXTERNAL SYMBOL
    SYMBOL:  COMPOSITE2INPUT
    MODULE:  .\Output\Main.obj (MAIN)

*** WARNING L2: REFERENCE MADE TO UNRESOLVED EXTERNAL
    SYMBOL:  COMPOSITE2INPUT
    MODULE:  .\Output\Main.obj (MAIN)
    ADDRESS: 84D5H

Program Size: data=107.6 xdata=264 code=43492
LINK/LOCATE RUN COMPLETE.  4 WARNING(S),  0 ERROR(S)
