BL51 BANKED LINKER/LOCATER V6.22                                                        10/20/2017  11:42:34  PAGE 1


BL51 BANKED LINKER/LOCATER V6.22, INVOKED BY:
C:\KEIL\C51\BIN\BL51.EXE .\Output\adc.obj, .\Output\cpu.obj, .\Output\dispinfo.obj, .\Output\etc_eep.obj, .\Output\I2c.o
>> bj, .\Output\keyremo.obj, .\Output\Main.obj, .\Output\Measure.obj, .\Output\Osdbasic.obj, .\Output\osdmenu.obj, .\Out
>> put\pc_eep.obj, .\Output\Printf.obj, .\Output\table.obj, .\Output\TW88.obj, .\Output\udfont.obj, .\Output\HS_keyremo.
>> obj, .\Output\HS_DisplayOSD.obj, .\Output\audio.obj, .\Output\Debug.obj, .\Output\HS_DVRProtocol.obj, .\Output\monito
>> r.obj TO .\Output\AWT-ML072Q PRINT (.\Source\AWT-ML072Q.m51) RAMSIZE (256)


MEMORY MODEL: LARGE


INPUT MODULES INCLUDED:
  .\Output\adc.obj (ADC)
  .\Output\cpu.obj (CPU)
  .\Output\dispinfo.obj (DISPINFO)
  .\Output\etc_eep.obj (ETC_EEP)
  .\Output\I2c.obj (I2C)
  .\Output\keyremo.obj (KEYREMO)
  .\Output\Main.obj (MAIN)
  .\Output\Measure.obj (MEASURE)
  .\Output\Osdbasic.obj (OSDBASIC)
  .\Output\osdmenu.obj (OSDMENU)
  .\Output\pc_eep.obj (PC_EEP)
  .\Output\Printf.obj (PRINTF)
  .\Output\table.obj (TABLE)
  .\Output\TW88.obj (TW88)
  .\Output\udfont.obj (UDFONT)
  .\Output\HS_keyremo.obj (HS_KEYREMO)
  .\Output\HS_DisplayOSD.obj (HS_DISPLAYOSD)
  .\Output\audio.obj (AUDIO)
  .\Output\Debug.obj (DEBUG)
  .\Output\HS_DVRProtocol.obj (HS_DVRPROTOCOL)
  .\Output\monitor.obj (MONITOR)
  C:\KEIL\C51\LIB\C51L.LIB (?C_STARTUP)
  C:\KEIL\C51\LIB\C51L.LIB (?C?COPY)
  C:\KEIL\C51\LIB\C51L.LIB (?C?CLDPTR)
  C:\KEIL\C51\LIB\C51L.LIB (?C?CLDOPTR)
  C:\KEIL\C51\LIB\C51L.LIB (?C?CSTPTR)
  C:\KEIL\C51\LIB\C51L.LIB (?C?IMUL)
  C:\KEIL\C51\LIB\C51L.LIB (?C?UIDIV)
  C:\KEIL\C51\LIB\C51L.LIB (?C?SIDIV)
  C:\KEIL\C51\LIB\C51L.LIB (?C?IILDX)
  C:\KEIL\C51\LIB\C51L.LIB (?C?ILDPTR)
  C:\KEIL\C51\LIB\C51L.LIB (?C?ILDOPTR)
  C:\KEIL\C51\LIB\C51L.LIB (?C?ISTPTR)
  C:\KEIL\C51\LIB\C51L.LIB (?C?LMUL)
  C:\KEIL\C51\LIB\C51L.LIB (?C?ULDIV)
  C:\KEIL\C51\LIB\C51L.LIB (?C?ULCMP)
  C:\KEIL\C51\LIB\C51L.LIB (?C?SLSHR)
  C:\KEIL\C51\LIB\C51L.LIB (?C?LLDPTR)
  C:\KEIL\C51\LIB\C51L.LIB (?C?LLDXDATA)
  C:\KEIL\C51\LIB\C51L.LIB (?C?LLDXDATA0)
  C:\KEIL\C51\LIB\C51L.LIB (?C?LSTXDATA)
  C:\KEIL\C51\LIB\C51L.LIB (?C?LSTKXDATA)
  C:\KEIL\C51\LIB\C51L.LIB (?C?OFFXADD)
  C:\KEIL\C51\LIB\C51L.LIB (?C?PLDXDATA)
  C:\KEIL\C51\LIB\C51L.LIB (?C?PLDIXDATA)
  C:\KEIL\C51\LIB\C51L.LIB (?C?PSTXDATA)
BL51 BANKED LINKER/LOCATER V6.22                                                      10/20/2017  11:42:34  PAGE 2


  C:\KEIL\C51\LIB\C51L.LIB (?C?PLDCODE)
  C:\KEIL\C51\LIB\C51L.LIB (?C?PLDPTR)
  C:\KEIL\C51\LIB\C51L.LIB (?C?PLDOPTR)
  C:\KEIL\C51\LIB\C51L.LIB (?C?CCASE)
  C:\KEIL\C51\LIB\C51L.LIB (ABS)
  C:\KEIL\C51\LIB\C51L.LIB (?C_INIT)
  C:\KEIL\C51\LIB\C51L.LIB (?C?LLDIDATA)
  C:\KEIL\C51\LIB\C51L.LIB (?C?LLDPDATA)
  C:\KEIL\C51\LIB\C51L.LIB (?C?LLDCODE)
  C:\KEIL\C51\LIB\C51L.LIB (?C?PLDIDATA)
  C:\KEIL\C51\LIB\C51L.LIB (?C?PLDPDATA)


LINK MAP OF MODULE:  .\Output\AWT-ML072Q (ADC)


            TYPE    BASE      LENGTH    RELOCATION   SEGMENT NAME
            -----------------------------------------------------

            * * * * * * *   D A T A   M E M O R Y   * * * * * * *
            REG     0000H     0008H     ABSOLUTE     "REG BANK 0"
            REG     0008H     0008H     ABSOLUTE     "REG BANK 1"
            DATA    0010H     0010H     UNIT         ?DT?MAIN
            BIT     0020H.0   0001H.3   UNIT         ?BI?MAIN
            BIT     0021H.3   0000H.5   UNIT         ?BI?CPU
            BIT     0022H.0   0000H.5   UNIT         ?BI?HS_DVRPROTOCOL
            BIT     0022H.5   0000H.3   UNIT         ?BI?KEYREMO
            BIT     0023H.0   0000H.3   UNIT         ?BI?HS_KEYREMO
            BIT     0023H.3   0000H.3   UNIT         ?BI?MONITOR
            BIT     0023H.6   0000H.2   UNIT         ?BI?OSDMENU
            BIT     0024H.0   0000H.2   UNIT         _BIT_GROUP_
            BIT     0024H.2   0000H.1   UNIT         ?BI?HS_DISPLAYOSD
                    0024H.3   0000H.5                *** GAP ***
            DATA    0025H     0041H     UNIT         ?DT?CPU
            DATA    0066H     000AH     UNIT         ?DT?OSDBASIC
            DATA    0070H     0005H     UNIT         ?DT?KEYREMO
            DATA    0075H     0005H     UNIT         ?DT?OSDMENU
            DATA    007AH     0002H     UNIT         ?DT?DISPINFO
            DATA    007CH     0001H     UNIT         ?DT?MONITOR
            IDATA   007DH     0001H     UNIT         ?STACK

            * * * * * * *  X D A T A   M E M O R Y  * * * * * * *
            XDATA   0000H     0068H     UNIT         _XDATA_GROUP_
            XDATA   0068H     0048H     UNIT         ?XD?HS_DVRPROTOCOL
            XDATA   00B0H     0037H     UNIT         ?XD?MONITOR
            XDATA   00E7H     0020H     UNIT         ?XD?OSDMENU
            XDATA   0107H     0019H     UNIT         ?XD?MAIN
            XDATA   0120H     0016H     UNIT         ?XD?HS_KEYREMO
            XDATA   0136H     000AH     UNIT         ?XD?KEYREMO
            XDATA   0140H     0009H     UNIT         ?XD?CPU
            XDATA   0149H     0002H     UNIT         ?XD?DISPINFO
            XDATA   014BH     0002H     UNIT         ?XD?TW88
            XDATA   014DH     0002H     UNIT         ?XD?AUDIO

            * * * * * * *   C O D E   M E M O R Y   * * * * * * *
            CODE    0000H     0003H     ABSOLUTE     
            CODE    0003H     0008H     UNIT         ?PR?_RS_TX?CPU
BL51 BANKED LINKER/LOCATER V6.22                                                      10/20/2017  11:42:34  PAGE 3


            CODE    000BH     0003H     ABSOLUTE     
            CODE    000EH     0004H     UNIT         ?PR?GETOSDPOSITIONMODE?OSDMENU
            CODE    0012H     0001H     UNIT         ?PR?DD?I2C
            CODE    0013H     0003H     ABSOLUTE     
            CODE    0016H     000DH     UNIT         ?PR?I2CSTOP?I2C
            CODE    0023H     0003H     ABSOLUTE     
            CODE    0026H     0003H     UNIT         ?PR?EXT1_INT?CPU
            CODE    0029H     0001H     UNIT         ?PR?ON_LVDS?TW88
            CODE    002AH     0001H     UNIT         ?PR?OFF_LVDS?TW88
            CODE    002BH     0003H     ABSOLUTE     
            CODE    002EH     0035H     UNIT         ?PR?OSDHIGHMENU?OSDMENU
            CODE    0063H     0003H     ABSOLUTE     
            CODE    0066H     1888H     UNIT         ?CO?OSDMENU
            CODE    18EEH     14F2H     UNIT         ?CO?UDFONT
            CODE    2DE0H     0A4AH     UNIT         ?PR?_SETITEMVALUE?OSDMENU
            CODE    382AH     0844H     UNIT         ?CO?CPU
            CODE    406EH     052BH     UNIT         ?C?LIB_CODE
            CODE    4599H     0434H     UNIT         ?PR?CHECKKEYIN?KEYREMO
            CODE    49CDH     03E3H     UNIT         ?PR?OSDMENU
            CODE    4DB0H     03B1H     UNIT         ?PR?_DISPLAYOSDMENUONEITEM?OSDMENU
            CODE    5161H     0393H     UNIT         ?PR?CHECKTRIGGER?HS_KEYREMO
            CODE    54F4H     0321H     UNIT         ?PR?_DOPRINT?PRINTF
            CODE    5815H     02A0H     UNIT         ?CO?TABLE
            CODE    5AB5H     0279H     UNIT         ?PR?_TW2835COMMAND?CPU
            CODE    5D2EH     0243H     UNIT         ?PR?_TRIGGERHANDLER?HS_KEYREMO
            CODE    5F71H     0235H     UNIT         ?PR?_GETITEMVALUE?OSDMENU
            CODE    61A6H     020CH     UNIT         ?PR?_CAM_TXCOMMAND_TORS485?HS_DVRPROTOCOL
            CODE    63B2H     01FCH     UNIT         ?PR?RESETOSDVALUE?OSDMENU
            CODE    65AEH     01BBH     UNIT         ?PR?_DRAWMENULIST?OSDMENU
            CODE    6769H     01B2H     UNIT         ?PR?_OSDCURSORMOVE?OSDMENU
            CODE    691BH     019AH     UNIT         ?CO?KEYREMO
            CODE    6AB5H     017FH     UNIT         ?PR?MAIN_LOOP?MAIN
            CODE    6C34H     0174H     UNIT         ?CO?MAIN
            CODE    6DA8H     0170H     UNIT         ?PR?OSDSELECT?OSDMENU
            CODE    6F18H     016AH     UNIT         ?PR?DISPLAYINFO_OSD?OSDMENU
            CODE    7082H     0169H     UNIT         ?PR?_SETOSDPOSITIONMODE?OSDMENU
            CODE    71EBH     015CH     UNIT         ?PR?TIMER0_INT?CPU
            CODE    7347H     015BH     UNIT         ?CO?HS_KEYREMO
            CODE    74A2H     0156H     UNIT         ?C_INITSEG
            CODE    75F8H     0127H     UNIT         ?PR?_OSDVALUEUPDN?OSDMENU
            CODE    771FH     0121H     UNIT         ?PR?_UTOA?OSDBASIC
            CODE    7840H     011DH     UNIT         ?PR?LOADEEPROM?MAIN
            CODE    795DH     011AH     UNIT         ?PR?MAIN_INIT?CPU
            CODE    7A77H     010CH     UNIT         ?CO?OSDBASIC
            CODE    7B83H     00FDH     UNIT         ?PR?_CHANGEVOL?AUDIO
            CODE    7C80H     00F3H     UNIT         ?PR?DISPLAYGAUGEOSD?HS_DISPLAYOSD
            CODE    7D73H     00EAH     UNIT         ?PR?WAITPOWERON?MAIN
            CODE    7E5DH     00E9H     UNIT         ?PR?_SETVIDEOMODE?OSDMENU
            CODE    7F46H     00E2H     UNIT         ?PR?DISPLAYOSDMENU?OSDMENU
            CODE    8028H     00E2H     UNIT         ?PR?_DISPLAYINFORMATION?HS_DISPLAYOSD
            CODE    810AH     00E1H     UNIT         ?PR?_SET4WIDESCREEN?OSDMENU
            CODE    81EBH     00DFH     UNIT         ?PR?_ADJUSTAUTODAYNIGHT?MAIN
            CODE    82CAH     00DDH     UNIT         ?PR?DISPLAYCURSOR?OSDMENU
            CODE    83A7H     00DDH     UNIT         ?PR?_DRAWNUM?OSDMENU
            CODE    8484H     00DAH     UNIT         ?PR?_ACTIONREMO?KEYREMO
            CODE    855EH     00D9H     UNIT         ?PR?_DOACTION?OSDMENU
            CODE    8637H     00D5H     UNIT         ?PR?DISPLAYINPUT?DISPINFO
BL51 BANKED LINKER/LOCATER V6.22                                                      10/20/2017  11:42:34  PAGE 4


            CODE    870CH     00CFH     UNIT         ?PR?_DRAWSTRINGBYLANG?OSDMENU
            CODE    87DBH     00C5H     UNIT         ?PR?CHECKDECODERINPUT?MAIN
            CODE    88A0H     00C4H     UNIT         ?PR?DISPLAYVOL?DISPINFO
            CODE    8964H     00B4H     UNIT         ?CO?HS_DISPLAYOSD
            CODE    8A18H     00ABH     UNIT         ?PR?_SETPCCOLOR?OSDMENU
            CODE    8AC3H     00A9H     UNIT         ?PR?_CHANGEINPUT?MAIN
            CODE    8B6CH     00A9H     UNIT         ?PR?OSDHIGHMENU_SUB?OSDMENU
            CODE    8C15H     00A5H     UNIT         ?PR?_MAPPING1?TW88
            CODE    8CBAH     00A3H     UNIT         ?PR?_SETVIDEOSHARPNESS?OSDMENU
            CODE    8D5DH     00A3H     UNIT         ?PR?_DISPLAYVIEWBAR?OSDMENU
            CODE    8E00H     00A2H     UNIT         ?PR?_INITOSDWINDOW?OSDBASIC
            CODE    8EA2H     009EH     UNIT         ?PR?_CHANGEVIDEODATA?OSDMENU
            CODE    8F40H     009EH     UNIT         ?PR?HS_KEYREMO
            CODE    8FDEH     009CH     UNIT         ?PR?CHECKANDCLEAROSD?DISPINFO
            CODE    907AH     009BH     UNIT         ?PR?_DISPLAYVOLUMEBAR?OSDMENU
            CODE    9115H     0098H     UNIT         ?PR?_LCDPOWERON?TW88
            CODE    91ADH     0093H     UNIT         ?CO?DISPINFO
            CODE    9240H     0090H     UNIT         ?PR?_SETSOURCEMODE?HS_KEYREMO
            CODE    92D0H     008FH     UNIT         ?PR?SETSELECTMODE?HS_KEYREMO
            CODE    935FH     008EH     UNIT         ?PR?SETREARSOURCE?HS_KEYREMO
            CODE    93EDH     008CH     UNIT         ?C_C51STARTUP
            CODE    9479H     008BH     UNIT         ?PR?INITTECHWELL?CPU
            CODE    9504H     0088H     UNIT         ?PR?SETPOSSIBLEAUTODETECTSTDEE?ETC_EEP
            CODE    958CH     0088H     UNIT         ?PR?OSDBASIC
            CODE    9614H     0086H     UNIT         ?PR?_AWT_DISPLAYVIEWBAR?OSDMENU
            CODE    969AH     0083H     UNIT         ?PR?INITOSDMENU?OSDMENU
            CODE    971DH     0082H     UNIT         ?PR?_INITVIDEODATA?MAIN
            CODE    979FH     0081H     UNIT         ?PR?SEND_PELCOP_COMMAND?HS_DVRPROTOCOL
            CODE    9820H     0080H     UNIT         ?PR?_HS_DISPLAY2835CLKTUNEVAL?KEYREMO
            CODE    98A0H     007CH     UNIT         ?PR?SEND_PELCOD_COMMAND?HS_DVRPROTOCOL
            CODE    991CH     007BH     UNIT         ?PR?_SETPCCOLORTEMP?OSDMENU
            CODE    9997H     0070H     UNIT         ?PR?_SETVIDEOSATURATION?OSDMENU
            CODE    9A07H     006CH     UNIT         ?PR?_SETVIDEOHUE?OSDMENU
            CODE    9A73H     0069H     UNIT         ?PR?_I2CWRITEDATA?I2C
            CODE    9ADCH     0069H     UNIT         ?PR?_SETVIDEOBACKLIGHT?OSDMENU
            CODE    9B45H     0066H     UNIT         ?PR?_SETRGBCONTRAST?OSDMENU
            CODE    9BABH     0066H     UNIT         ?PR?RESETVIDEOVALUE?OSDMENU
            CODE    9C11H     0063H     UNIT         ?PR?SETNOWMODE?HS_KEYREMO
            CODE    9C74H     0061H     UNIT         ?PR?GETFWREVEE?ETC_EEP
            CODE    9CD5H     0061H     UNIT         ?PR?MAIN?MAIN
            CODE    9D36H     005EH     UNIT         ?PR?_DOWNLOADFONT?OSDBASIC
            CODE    9D94H     005EH     UNIT         ?PR?INITOSDMENUXY?OSDMENU
            CODE    9DF2H     005BH     UNIT         ?PR?CHANGE_OSDCOLORLOOKUP?OSDBASIC
            CODE    9E4DH     005BH     UNIT         ?PR?PRINTF
            CODE    9EA8H     005BH     UNIT         ?PR?SETJUMPMODE?HS_KEYREMO
            CODE    9F03H     0059H     UNIT         ?PR?GETVINPUTSTDINX?MAIN
            CODE    9F5CH     0058H     UNIT         ?PR?_GETKEY?KEYREMO
            CODE    9FB4H     0058H     UNIT         ?PR?CHECKPANELIMAGE?OSDMENU
            CODE    A00CH     0057H     UNIT         ?PR?_GETOSDWINDOWY?OSDBASIC
            CODE    A063H     0056H     UNIT         ?PR?DETECTDECODERINPUT?TW88
            CODE    A0B9H     0055H     UNIT         ?PR?CLEAROSDINFO?DISPINFO
            CODE    A10EH     0050H     UNIT         ?PR?CPU
            CODE    A15EH     0050H     UNIT         ?PR?TW88
            CODE    A1AEH     004FH     UNIT         ?PR?INITCPU?CPU
            CODE    A1FDH     004FH     UNIT         ?PR?_I2CDEVICEINITIALIZE?MAIN
            CODE    A24CH     004DH     UNIT         ?PR?CLEARCURSOR?OSDMENU
            CODE    A299H     004DH     UNIT         ?PR?_CAMOUTDSEL?OSDMENU
BL51 BANKED LINKER/LOCATER V6.22                                                      10/20/2017  11:42:34  PAGE 5


            CODE    A2E6H     004CH     UNIT         ?PR?_SETVIDEOBRIGHTNESS?OSDMENU
            CODE    A332H     004BH     UNIT         ?PR?_GETOSDWINDOWX?OSDBASIC
            CODE    A37DH     0048H     UNIT         ?PR?_WAIT_MS?CPU
            CODE    A3C5H     0047H     UNIT         ?PR?_WRITEEEP?I2C
            CODE    A40CH     0045H     UNIT         ?PR?_GETLOWERMENUITEM?OSDMENU
            CODE    A451H     0044H     UNIT         ?PR?_SAVEFWREVEE?ETC_EEP
            CODE    A495H     0044H     UNIT         ?PR?_SHOWOSDWINDOW_TW88?OSDBASIC
            CODE    A4D9H     0042H     UNIT         ?PR?_SETOSDWINDOWY_TW88?OSDBASIC
            CODE    A51BH     0041H     UNIT         ?PR?_WRITEI2CN?I2C
            CODE    A55CH     0041H     UNIT         ?PR?_GETTARGETCHILD?OSDMENU
            CODE    A59DH     003FH     UNIT         ?PR?_SETOSDWINDOWX_TW88?OSDBASIC
            CODE    A5DCH     003FH     UNIT         ?PR?_SETVIDEOCONTRAST?OSDMENU
            CODE    A61BH     003EH     UNIT         ?PR?_WRITEI2CND?I2C
            CODE    A659H     003DH     UNIT         ?PR?GETTIME_MS?CPU
            CODE    A696H     003BH     UNIT         ?PR?CLOSEOSDMENU?OSDMENU
            CODE    A6D1H     0039H     UNIT         ?PR?_READI2C?I2C
            CODE    A70AH     0039H     UNIT         ?PR?_WRITEI2CN_?I2C
            CODE    A743H     0039H     UNIT         ?PR?_SETVINPUTSTD?MAIN
            CODE    A77CH     0038H     UNIT         ?PR?DOWNLOADUDFONT?OSDBASIC
            CODE    A7B4H     0035H     UNIT         ?PR?HS_DVRPROTOCOL
            CODE    A7E9H     0034H     UNIT         ?PR?SERIAL_INT?CPU
            CODE    A81DH     0034H     UNIT         ?PR?OPENOSDMENU?OSDMENU
            CODE    A851H     0033H     UNIT         ?PR?_WRITESTRINGTOADDR?OSDBASIC
            CODE    A884H     0031H     UNIT         ?PR?SERIAL2_INT?CPU
            CODE    A8B5H     0031H     UNIT         ?PR?_DRAWATTRCNT?OSDBASIC
            CODE    A8E6H     0030H     UNIT         ?PR?I2CREADDATA?I2C
            CODE    A916H     0030H     UNIT         ?PR?_GET_CURSOR_ITEM?OSDMENU
            CODE    A946H     0030H     UNIT         ?PR?SETRIGHTSOURCE?HS_KEYREMO
            CODE    A976H     002FH     UNIT         ?PR?_SHOWOSDWINDOWALL?OSDBASIC
            CODE    A9A5H     002EH     UNIT         ?PR?SETTRIGGERCSOURCE?HS_KEYREMO
            CODE    A9D3H     002DH     UNIT         ?PR?WAITENDOFDISPLAYAREA?OSDBASIC
            CODE    AA00H     002DH     UNIT         ?PR?_CLEARDATACNT?OSDBASIC
            CODE    AA2DH     002CH     UNIT         ?PR?PUSHMENU?OSDMENU
            CODE    AA59H     002CH     UNIT         ?CO?HS_DVRPROTOCOL
            CODE    AA85H     0028H     UNIT         ?PR?MAIN
            CODE    AAADH     0028H     UNIT         ?PR?SAVEVALUE1?OSDMENU
            CODE    AAD5H     0027H     UNIT         ?PR?CLEARBASICEE?ETC_EEP
            CODE    AAFCH     0027H     UNIT         ?PR?_PRINTF?PRINTF
            CODE    AB23H     0027H     UNIT         ?PR?SETLEFTSOURCE?HS_KEYREMO
            CODE    AB4AH     0026H     UNIT         ?PR?CLEARTVINFO?DISPINFO
            CODE    AB70H     0026H     UNIT         ?PR?_READEEP?I2C
            CODE    AB96H     0026H     UNIT         ?PR?_WRITEI2C?I2C
            CODE    ABBCH     0026H     UNIT         ?CO?TW88
            CODE    ABE2H     0025H     UNIT         ?PR?SEQMODE?HS_KEYREMO
            CODE    AC07H     0024H     UNIT         ?PR?COMPOSITE1INPUT?TW88
            CODE    AC2BH     0024H     UNIT         ?PR?COMPOSITE2INPUT?TW88
            CODE    AC4FH     0024H     UNIT         ?PR?HS_DISPLAYOSD
            CODE    AC73H     0023H     UNIT         ?PR?READVINPUTSTD?MAIN
            CODE    AC96H     0020H     UNIT         ?PR?SETAUTODETECTSTD?TW88
            CODE    ACB6H     001FH     UNIT         ?PR?_DIFFTIME_MS?CPU
            CODE    ACD5H     001FH     UNIT         ?PR?GETNEXTINPUTSELECTION?MAIN
            CODE    ACF4H     001EH     UNIT         ?PR?INITVARS?CPU
            CODE    AD12H     001EH     UNIT         ?PR?_POWERLED?CPU
            CODE    AD30H     001EH     UNIT         ?PR?I2C
            CODE    AD4EH     001DH     UNIT         ?PR?_SETLANGUAGE?OSDMENU
            CODE    AD6BH     001DH     UNIT         ?PR?_CLEARAUTODETECTSTD?TW88
            CODE    AD88H     001CH     UNIT         ?PR?POPMENU?OSDMENU
BL51 BANKED LINKER/LOCATER V6.22                                                      10/20/2017  11:42:34  PAGE 6


            CODE    ADA4H     001CH     UNIT         ?PR?_GETNEXTCURSORMENUITEM?OSDMENU
            CODE    ADC0H     001BH     UNIT         ?PR?REMOVOLUP_RIGHTKEY?KEYREMO
            CODE    ADDBH     001BH     UNIT         ?PR?REMOVOLDN_LEFTKEY?KEYREMO
            CODE    ADF6H     001BH     UNIT         ?PR?_STRLEN?OSDBASIC
            CODE    AE11H     001BH     UNIT         ?PR?_PUTS?PRINTF
            CODE    AE2CH     0018H     UNIT         ?PR?_DELAY?CPU
            CODE    AE44H     0016H     UNIT         ?PR?CLEARINPUT?DISPINFO
            CODE    AE5AH     0012H     UNIT         ?PR?I2CSTART?I2C
            CODE    AE6CH     0011H     UNIT         ?PR?KEYREMO
            CODE    AE7DH     0011H     UNIT         ?PR?ISNOINPUT?MAIN
            CODE    AE8EH     0011H     UNIT         ?PR?GETOSDLANG?OSDMENU
            CODE    AE9FH     0011H     UNIT         ?CO?PRINTF
            CODE    AEB0H     0010H     UNIT         ?PR?HS_INITVARS?MAIN
            CODE    AEC0H     000FH     UNIT         ?PR?TIMER2_INT?CPU
            CODE    AECFH     000FH     UNIT         ?PR?CLEARMUTEINFO?DISPINFO
            CODE    AEDEH     000FH     UNIT         ?PR?DISPINFO
            CODE    AEEDH     000FH     UNIT         ?PR?POWEROFF?MAIN
            CODE    AEFCH     000FH     UNIT         ?PR?CLEARGAUGEINFO?HS_DISPLAYOSD
            CODE    AF0BH     000EH     UNIT         ?PR?REMOMENU_MENUKEY?KEYREMO
            CODE    AF19H     000DH     UNIT         ?PR?REMOCHNUP_UPKEY?KEYREMO
            CODE    AF26H     000DH     UNIT         ?PR?REMOCHNDN_DNKEY?KEYREMO
            CODE    AF33H     000CH     UNIT         ?PR?_CLEARDISPLAYEDOSD?DISPINFO
            CODE    AF3FH     000CH     UNIT         ?PR?SETOSDLASTKEYINTIME?MAIN
            CODE    AF4BH     000CH     UNIT         ?PR?CLEARVALUEWIN?OSDMENU
            CODE    AF57H     000CH     UNIT         ?PR?_ABS?ABS
            CODE    AF63H     000BH     UNIT         ?PR?RS_READY?CPU
            CODE    AF6EH     000BH     UNIT         ?PR?_GETVIDEODATAFROMEE?ETC_EEP
            CODE    AF79H     0009H     UNIT         ?PR?_SAVEDEBUGLEVELEE?ETC_EEP
            CODE    AF82H     0009H     UNIT         ?PR?_SAVEWIDEMODEEE?ETC_EEP
            CODE    AF8BH     0009H     UNIT         ?PR?_SAVEOSDPOSITIONMODEEE?ETC_EEP
            CODE    AF94H     0009H     UNIT         ?PR?_SAVEVIDEODATATOEE?ETC_EEP
            CODE    AF9DH     0009H     UNIT         ?PR?_SAVEINPUTSELECTIONEE?ETC_EEP
            CODE    AFA6H     0009H     UNIT         ?PR?_SAVEOSDLANGEE?ETC_EEP
            CODE    AFAFH     0009H     UNIT         ?PR?_SETAUDIOVOLEE?ETC_EEP
            CODE    AFB8H     0009H     UNIT         ?PR?_SETPCAUDIOVOLEE?ETC_EEP
            CODE    AFC1H     0009H     UNIT         ?PR?POWERDOWN_XTAL?MAIN
            CODE    AFCAH     0009H     UNIT         ?PR?GETOSDLASTKEYINTIME?MAIN
            CODE    AFD3H     0009H     UNIT         ?PR?_GETUPPERMENUITEM?OSDMENU
            CODE    AFDCH     0009H     UNIT         ?PR?AUDIOMUTE?AUDIO
            CODE    AFE5H     0008H     UNIT         ?PR?_RS2_TX?CPU
            CODE    AFEDH     0008H     UNIT         ?PR?GETDEBUGLEVELEE?ETC_EEP
            CODE    AFF5H     0008H     UNIT         ?PR?GETWIDEMODEEE?ETC_EEP
            CODE    AFFDH     0008H     UNIT         ?PR?GETPOSSIBLEAUTODETECTSTDEE?ETC_EEP
            CODE    B005H     0008H     UNIT         ?PR?GETOSDPOSITIONMODEEE?ETC_EEP
            CODE    B00DH     0008H     UNIT         ?PR?GETOSDLANGEE?ETC_EEP
            CODE    B015H     0008H     UNIT         ?PR?GETAUDIOVOLEE?ETC_EEP
            CODE    B01DH     0008H     UNIT         ?PR?GETPCAUDIOVOLEE?ETC_EEP
            CODE    B025H     0007H     UNIT         ?PR?_SETDISPLAYEDOSD?DISPINFO
            CODE    B02CH     0007H     UNIT         ?PR?_GETVIDEODATAWITHOFFSET?OSDMENU
            CODE    B033H     0006H     UNIT         ?PR?GETDISPLAYEDOSD?DISPINFO
            CODE    B039H     0006H     UNIT         ?PR?GETVINPUTSTD?MAIN
            CODE    B03FH     0006H     UNIT         ?PR?GETINPUTSELECTION?MAIN
            CODE    B045H     0003H     UNIT         ?PR?ISINPUTANALOGRGB?OSDMENU



OVERLAY MAP OF MODULE:   .\Output\AWT-ML072Q (ADC)
BL51 BANKED LINKER/LOCATER V6.22                                                      10/20/2017  11:42:34  PAGE 7




SEGMENT                                             BIT_GROUP          XDATA_GROUP
  +--> CALLED SEGMENT                            START    LENGTH     START    LENGTH
------------------------------------------------------------------------------------
?C_C51STARTUP                                    -----    -----      -----    -----
  +--> ?PR?MAIN?MAIN
  +--> ?C_INITSEG

?PR?MAIN?MAIN                                    -----    -----      -----    -----
  +--> ?PR?AUDIOMUTE?AUDIO
  +--> ?PR?_WAIT_MS?CPU
  +--> ?PR?INITCPU?CPU
  +--> ?PR?_POWERLED?CPU
  +--> ?PR?INITVARS?CPU
  +--> ?PR?HS_INITVARS?MAIN
  +--> ?PR?INITTECHWELL?CPU
  +--> ?PR?MAIN_INIT?CPU
  +--> ?PR?LOADEEPROM?MAIN
  +--> ?PR?_READEEP?I2C
  +--> ?PR?_CAMOUTDSEL?OSDMENU
  +--> ?CO?MAIN
  +--> ?PR?_PUTS?PRINTF
  +--> ?PR?_LCDPOWERON?TW88
  +--> ?PR?MAIN_LOOP?MAIN
  +--> ?PR?WAITPOWERON?MAIN

?PR?AUDIOMUTE?AUDIO                              0024H.0  0000H.1    -----    -----

?PR?_WAIT_MS?CPU                                 -----    -----      0025H    0004H

?PR?INITVARS?CPU                                 -----    -----      -----    -----
  +--> ?PR?_DELAY?CPU
  +--> ?PR?POWERDOWN_XTAL?MAIN

?PR?POWERDOWN_XTAL?MAIN                          0024H.0  0000H.1    -----    -----

?PR?INITTECHWELL?CPU                             -----    -----      -----    -----
  +--> ?PR?_READI2C?I2C
  +--> ?CO?CPU
  +--> ?PR?_PUTS?PRINTF
  +--> ?PR?_PRINTF?PRINTF
  +--> ?PR?RS_READY?CPU
  +--> ?PR?_DELAY?CPU
  +--> ?PR?CPU

?PR?_READI2C?I2C                                 -----    -----      0034H    0003H
  +--> ?PR?I2CSTART?I2C
  +--> ?PR?_I2CWRITEDATA?I2C
  +--> ?PR?I2CREADDATA?I2C
  +--> ?PR?I2CSTOP?I2C

?PR?I2CSTART?I2C                                 -----    -----      -----    -----
  +--> ?PR?DD?I2C

?PR?_I2CWRITEDATA?I2C                            -----    -----      -----    -----
  +--> ?PR?I2C
BL51 BANKED LINKER/LOCATER V6.22                                                      10/20/2017  11:42:34  PAGE 8



?PR?I2C                                          -----    -----      -----    -----
  +--> ?PR?DD?I2C

?PR?I2CREADDATA?I2C                              -----    -----      -----    -----
  +--> ?PR?DD?I2C

?PR?I2CSTOP?I2C                                  -----    -----      -----    -----
  +--> ?PR?DD?I2C

?PR?_PUTS?PRINTF                                 -----    -----      0019H    0003H
  +--> ?PR?PRINTF
  +--> ?PR?_RS_TX?CPU

?PR?_PRINTF?PRINTF                               -----    -----      0025H    002EH
  +--> ?PR?_DOPRINT?PRINTF

?PR?_DOPRINT?PRINTF                              0024H.0  0000H.2    0053H    0015H
  +--> ?PR?PRINTF
  +--> ?CO?PRINTF

?PR?MAIN_INIT?CPU                                -----    -----      0000H    0002H
  +--> ?PR?_WRITEI2C?I2C
  +--> ?PR?GETFWREVEE?ETC_EEP
  +--> ?PR?CPU
  +--> ?CO?CPU
  +--> ?PR?_PRINTF?PRINTF
  +--> ?PR?_SAVEFWREVEE?ETC_EEP
  +--> ?PR?_SAVEDEBUGLEVELEE?ETC_EEP
  +--> ?PR?_SAVEINPUTSELECTIONEE?ETC_EEP
  +--> ?PR?CLEARBASICEE?ETC_EEP
  +--> ?PR?GETDEBUGLEVELEE?ETC_EEP
  +--> ?PR?_SETVINPUTSTD?MAIN
  +--> ?PR?_LCDPOWERON?TW88
  +--> ?PR?_READEEP?I2C
  +--> ?PR?SETPOSSIBLEAUTODETECTSTDEE?ETC_EEP
  +--> ?PR?CHANGE_OSDCOLORLOOKUP?OSDBASIC
  +--> ?PR?DOWNLOADUDFONT?OSDBASIC
  +--> ?PR?_DISPLAYINFORMATION?HS_DISPLAYOSD
  +--> ?PR?_DELAY?CPU
  +--> ?PR?CLEARGAUGEINFO?HS_DISPLAYOSD

?PR?_WRITEI2C?I2C                                -----    -----      0055H    0003H
  +--> ?PR?I2C
  +--> ?PR?I2CSTART?I2C
  +--> ?PR?_I2CWRITEDATA?I2C
  +--> ?PR?I2CSTOP?I2C

?PR?GETFWREVEE?ETC_EEP                           -----    -----      0002H    0002H
  +--> ?PR?_READEEP?I2C

?PR?_READEEP?I2C                                 -----    -----      0033H    0001H
  +--> ?PR?_READI2C?I2C
  +--> ?PR?_DELAY?CPU

?PR?_SAVEFWREVEE?ETC_EEP                         -----    -----      0002H    0002H
  +--> ?PR?_WRITEEEP?I2C
BL51 BANKED LINKER/LOCATER V6.22                                                      10/20/2017  11:42:34  PAGE 9



?PR?_WRITEEEP?I2C                                -----    -----      0028H    0004H
  +--> ?PR?I2CSTART?I2C
  +--> ?PR?_I2CWRITEDATA?I2C
  +--> ?PR?I2CSTOP?I2C
  +--> ?PR?_DELAY?CPU

?PR?_SAVEDEBUGLEVELEE?ETC_EEP                    -----    -----      -----    -----
  +--> ?PR?_WRITEEEP?I2C

?PR?_SAVEINPUTSELECTIONEE?ETC_EEP                -----    -----      -----    -----
  +--> ?PR?_WRITEEEP?I2C

?PR?CLEARBASICEE?ETC_EEP                         -----    -----      -----    -----
  +--> ?PR?_WRITEEEP?I2C
  +--> ?PR?RESETOSDVALUE?OSDMENU
  +--> ?PR?RESETVIDEOVALUE?OSDMENU
  +--> ?PR?_SET4WIDESCREEN?OSDMENU

?PR?RESETOSDVALUE?OSDMENU                        -----    -----      -----    -----
  +--> ?CO?OSDMENU
  +--> ?PR?_SAVEOSDPOSITIONMODEEE?ETC_EEP
  +--> ?PR?_READEEP?I2C
  +--> ?PR?_WRITEEEP?I2C
  +--> ?PR?_CHANGEVOL?AUDIO
  +--> ?PR?_CAMOUTDSEL?OSDMENU
  +--> ?PR?_PUTS?PRINTF
  +--> ?PR?_CLEARDATACNT?OSDBASIC
  +--> ?PR?LOADEEPROM?MAIN
  +--> ?PR?_SAVEOSDLANGEE?ETC_EEP
  +--> ?PR?INITOSDMENU?OSDMENU

?PR?_SAVEOSDPOSITIONMODEEE?ETC_EEP               -----    -----      -----    -----
  +--> ?PR?_WRITEEEP?I2C

?PR?_CHANGEVOL?AUDIO                             -----    -----      0018H    0002H
  +--> ?PR?AUDIOMUTE?AUDIO
  +--> ?CO?OSDMENU
  +--> ?PR?_WRITEI2C?I2C
  +--> ?PR?_SETPCAUDIOVOLEE?ETC_EEP
  +--> ?PR?_SETAUDIOVOLEE?ETC_EEP

?PR?_SETPCAUDIOVOLEE?ETC_EEP                     -----    -----      -----    -----
  +--> ?PR?_WRITEEEP?I2C

?PR?_SETAUDIOVOLEE?ETC_EEP                       -----    -----      -----    -----
  +--> ?PR?_WRITEEEP?I2C

?PR?_CAMOUTDSEL?OSDMENU                          -----    -----      0012H    0001H
  +--> ?CO?OSDMENU
  +--> ?PR?_PUTS?PRINTF

?PR?_CLEARDATACNT?OSDBASIC                       -----    -----      0030H    0003H
  +--> ?PR?OSDBASIC
  +--> ?PR?_WRITEI2C?I2C
  +--> ?PR?_WRITEI2CND?I2C

BL51 BANKED LINKER/LOCATER V6.22                                                      10/20/2017  11:42:34  PAGE 10


?PR?_WRITEI2CND?I2C                              -----    -----      0034H    0005H
  +--> ?PR?I2C
  +--> ?PR?I2CSTART?I2C
  +--> ?PR?_I2CWRITEDATA?I2C
  +--> ?PR?I2CSTOP?I2C

?PR?LOADEEPROM?MAIN                              -----    -----      -----    -----
  +--> ?PR?_READEEP?I2C
  +--> ?PR?GETAUDIOVOLEE?ETC_EEP
  +--> ?PR?GETPCAUDIOVOLEE?ETC_EEP

?PR?GETAUDIOVOLEE?ETC_EEP                        -----    -----      -----    -----
  +--> ?PR?_READEEP?I2C

?PR?GETPCAUDIOVOLEE?ETC_EEP                      -----    -----      -----    -----
  +--> ?PR?_READEEP?I2C

?PR?_SAVEOSDLANGEE?ETC_EEP                       -----    -----      -----    -----
  +--> ?PR?_WRITEEEP?I2C

?PR?INITOSDMENU?OSDMENU                          -----    -----      000CH    0001H
  +--> ?PR?GETOSDLANGEE?ETC_EEP
  +--> ?PR?GETINPUTSELECTION?MAIN
  +--> ?CO?OSDMENU
  +--> ?PR?OSDMENU
  +--> ?CO?OSDBASIC
  +--> ?PR?_INITOSDWINDOW?OSDBASIC
  +--> ?PR?_CLEARDATACNT?OSDBASIC
  +--> ?PR?GETOSDPOSITIONMODEEE?ETC_EEP
  +--> ?PR?INITOSDMENUXY?OSDMENU
  +--> ?PR?DISPLAYOSDMENU?OSDMENU

?PR?GETOSDLANGEE?ETC_EEP                         -----    -----      -----    -----
  +--> ?PR?_READEEP?I2C

?PR?OSDMENU                                      -----    -----      -----    -----
  +--> ?CO?OSDMENU
  +--> ?CO?MAIN

?PR?_INITOSDWINDOW?OSDBASIC                      -----    -----      001BH    0005H
  +--> ?PR?_READI2C?I2C
  +--> ?PR?_WRITEI2C?I2C
  +--> ?PR?OSDBASIC
  +--> ?PR?_WRITEI2CN_?I2C

?PR?_WRITEI2CN_?I2C                              -----    -----      0020H    0006H
  +--> ?PR?I2CSTART?I2C
  +--> ?PR?_I2CWRITEDATA?I2C
  +--> ?PR?I2C
  +--> ?PR?I2CSTOP?I2C

?PR?GETOSDPOSITIONMODEEE?ETC_EEP                 -----    -----      -----    -----
  +--> ?PR?_READEEP?I2C

?PR?INITOSDMENUXY?OSDMENU                        -----    -----      000DH    0007H
  +--> ?CO?OSDMENU
  +--> ?PR?OSDMENU
BL51 BANKED LINKER/LOCATER V6.22                                                      10/20/2017  11:42:34  PAGE 11


  +--> ?PR?_GETOSDWINDOWX?OSDBASIC
  +--> ?PR?_SETOSDWINDOWX_TW88?OSDBASIC
  +--> ?PR?_GETOSDWINDOWY?OSDBASIC
  +--> ?PR?_SETOSDWINDOWY_TW88?OSDBASIC

?PR?_GETOSDWINDOWX?OSDBASIC                      -----    -----      0028H    0002H
  +--> ?PR?OSDBASIC
  +--> ?PR?_WRITEI2C?I2C
  +--> ?PR?_READI2C?I2C

?PR?_SETOSDWINDOWX_TW88?OSDBASIC                 -----    -----      0014H    0003H
  +--> ?PR?OSDBASIC
  +--> ?PR?_WRITEI2C?I2C
  +--> ?PR?_READI2C?I2C

?PR?_GETOSDWINDOWY?OSDBASIC                      -----    -----      0028H    0002H
  +--> ?PR?OSDBASIC
  +--> ?PR?_WRITEI2C?I2C
  +--> ?PR?_READI2C?I2C

?PR?_SETOSDWINDOWY_TW88?OSDBASIC                 -----    -----      0014H    0003H
  +--> ?PR?OSDBASIC
  +--> ?PR?_WRITEI2C?I2C
  +--> ?PR?_READI2C?I2C

?PR?DISPLAYOSDMENU?OSDMENU                       -----    -----      -----    -----
  +--> ?PR?_DRAWATTRCNT?OSDBASIC
  +--> ?PR?OSDMENU
  +--> ?PR?GETINPUTSELECTION?MAIN
  +--> ?PR?_READEEP?I2C
  +--> ?PR?_DRAWMENULIST?OSDMENU
  +--> ?PR?PUSHMENU?OSDMENU
  +--> ?PR?POPMENU?OSDMENU
  +--> ?PR?DISPLAYCURSOR?OSDMENU

?PR?_DRAWATTRCNT?OSDBASIC                        -----    -----      0030H    0004H
  +--> ?PR?OSDBASIC
  +--> ?PR?_WRITEI2C?I2C
  +--> ?PR?_WRITEI2CND?I2C

?PR?_DRAWMENULIST?OSDMENU                        -----    -----      0011H    000CH
  +--> ?PR?OSDMENU
  +--> ?PR?_STRLEN?OSDBASIC
  +--> ?PR?_DRAWATTRCNT?OSDBASIC
  +--> ?PR?_WRITESTRINGTOADDR?OSDBASIC
  +--> ?PR?_CLEARDATACNT?OSDBASIC
  +--> ?PR?_WRITEI2C?I2C
  +--> ?PR?_DISPLAYOSDMENUONEITEM?OSDMENU
  +--> ?PR?_GETLOWERMENUITEM?OSDMENU

?PR?_STRLEN?OSDBASIC                             -----    -----      004FH    0003H

?PR?_WRITESTRINGTOADDR?OSDBASIC                  -----    -----      004FH    0006H
  +--> ?PR?OSDBASIC
  +--> ?PR?_WRITEI2C?I2C
  +--> ?PR?_WRITEI2CN?I2C

BL51 BANKED LINKER/LOCATER V6.22                                                      10/20/2017  11:42:34  PAGE 12


?PR?_WRITEI2CN?I2C                               -----    -----      0055H    0007H
  +--> ?PR?I2C
  +--> ?PR?I2CSTART?I2C
  +--> ?PR?_I2CWRITEDATA?I2C
  +--> ?PR?I2CSTOP?I2C

?PR?_DISPLAYOSDMENUONEITEM?OSDMENU               -----    -----      001DH    0013H
  +--> ?PR?OSDMENU
  +--> ?PR?_DRAWATTRCNT?OSDBASIC
  +--> ?PR?_CLEARDATACNT?OSDBASIC
  +--> ?PR?_GETITEMVALUE?OSDMENU
  +--> ?PR?_AWT_DISPLAYVIEWBAR?OSDMENU
  +--> ?PR?_DISPLAYVIEWBAR?OSDMENU
  +--> ?PR?_DRAWNUM?OSDMENU
  +--> ?CO?OSDMENU
  +--> ?PR?_WRITESTRINGTOADDR?OSDBASIC
  +--> ?PR?_DRAWSTRINGBYLANG?OSDMENU
  +--> ?PR?_STRLEN?OSDBASIC

?PR?_GETITEMVALUE?OSDMENU                        -----    -----      0030H    0003H
  +--> ?PR?GETOSDPOSITIONMODE?OSDMENU
  +--> ?PR?_READEEP?I2C
  +--> ?PR?_GETVIDEODATAWITHOFFSET?OSDMENU
  +--> ?PR?OSDMENU

?PR?GETOSDPOSITIONMODE?OSDMENU                   -----    -----      -----    -----
  +--> ?PR?GETOSDPOSITIONMODEEE?ETC_EEP

?PR?_GETVIDEODATAWITHOFFSET?OSDMENU              -----    -----      -----    -----
  +--> ?PR?_GETVIDEODATAFROMEE?ETC_EEP
  +--> ?PR?OSDMENU

?PR?_GETVIDEODATAFROMEE?ETC_EEP                  -----    -----      -----    -----
  +--> ?PR?_READEEP?I2C

?PR?_AWT_DISPLAYVIEWBAR?OSDMENU                  -----    -----      0030H    000EH
  +--> ?PR?OSDMENU
  +--> ?CO?OSDMENU
  +--> ?PR?_WRITESTRINGTOADDR?OSDBASIC

?PR?_DISPLAYVIEWBAR?OSDMENU                      -----    -----      0030H    000EH
  +--> ?PR?OSDMENU
  +--> ?CO?OSDMENU
  +--> ?PR?_WRITESTRINGTOADDR?OSDBASIC

?PR?_DRAWNUM?OSDMENU                             -----    -----      0030H    001FH
  +--> ?PR?OSDMENU
  +--> ?CO?OSDMENU
  +--> ?PR?_UTOA?OSDBASIC
  +--> ?PR?_STRLEN?OSDBASIC
  +--> ?PR?_WRITESTRINGTOADDR?OSDBASIC

?PR?_UTOA?OSDBASIC                               -----    -----      004FH    000EH
  +--> ?PR?OSDBASIC

?PR?_DRAWSTRINGBYLANG?OSDMENU                    -----    -----      0030H    0018H
  +--> ?PR?OSDMENU
BL51 BANKED LINKER/LOCATER V6.22                                                      10/20/2017  11:42:34  PAGE 13


  +--> ?CO?OSDMENU
  +--> ?PR?_WRITESTRINGTOADDR?OSDBASIC
  +--> ?PR?_STRLEN?OSDBASIC

?PR?_GETLOWERMENUITEM?OSDMENU                    -----    -----      001DH    0004H

?PR?PUSHMENU?OSDMENU                             -----    -----      -----    -----
  +--> ?PR?OSDMENU

?PR?POPMENU?OSDMENU                              -----    -----      -----    -----
  +--> ?PR?OSDMENU

?PR?DISPLAYCURSOR?OSDMENU                        -----    -----      000DH    0004H
  +--> ?PR?OSDMENU
  +--> ?PR?_DRAWATTRCNT?OSDBASIC
  +--> ?PR?_GETITEMVALUE?OSDMENU

?PR?RESETVIDEOVALUE?OSDMENU                      -----    -----      0009H    0002H
  +--> ?CO?OSDMENU
  +--> ?PR?_SETVIDEOMODE?OSDMENU
  +--> ?PR?_SAVEVIDEODATATOEE?ETC_EEP

?PR?_SETVIDEOMODE?OSDMENU                        -----    -----      001EH    0007H
  +--> ?PR?_WRITEEEP?I2C
  +--> ?CO?OSDMENU
  +--> ?PR?_WRITEI2C?I2C
  +--> ?PR?OSDMENU
  +--> ?PR?_GETVIDEODATAWITHOFFSET?OSDMENU
  +--> ?PR?_SETVIDEOCONTRAST?OSDMENU
  +--> ?PR?_SETVIDEOBRIGHTNESS?OSDMENU
  +--> ?PR?_SETVIDEOSATURATION?OSDMENU
  +--> ?PR?_SETVIDEOHUE?OSDMENU
  +--> ?PR?_MAPPING1?TW88
  +--> ?PR?_READI2C?I2C

?PR?_SETVIDEOCONTRAST?OSDMENU                    -----    -----      0025H    0003H
  +--> ?PR?GETINPUTSELECTION?MAIN
  +--> ?PR?OSDMENU
  +--> ?CO?OSDMENU
  +--> ?PR?_MAPPING1?TW88
  +--> ?PR?_WRITEI2C?I2C

?PR?_MAPPING1?TW88                               -----    -----      0029H    000FH
  +--> ?PR?TW88

?PR?_SETVIDEOBRIGHTNESS?OSDMENU                  -----    -----      0025H    0003H
  +--> ?PR?OSDMENU
  +--> ?CO?OSDMENU
  +--> ?PR?_MAPPING1?TW88
  +--> ?PR?ISINPUTANALOGRGB?OSDMENU
  +--> ?PR?_WRITEI2C?I2C

?PR?_SETVIDEOSATURATION?OSDMENU                  -----    -----      0025H    0004H
  +--> ?PR?ISINPUTANALOGRGB?OSDMENU
  +--> ?PR?OSDMENU
  +--> ?CO?OSDMENU
  +--> ?PR?_MAPPING1?TW88
BL51 BANKED LINKER/LOCATER V6.22                                                      10/20/2017  11:42:34  PAGE 14


  +--> ?PR?_READI2C?I2C
  +--> ?PR?_WRITEI2C?I2C

?PR?_SETVIDEOHUE?OSDMENU                         -----    -----      0025H    0003H
  +--> ?PR?OSDMENU
  +--> ?CO?OSDMENU
  +--> ?PR?_MAPPING1?TW88
  +--> ?PR?_READI2C?I2C
  +--> ?PR?ISINPUTANALOGRGB?OSDMENU
  +--> ?PR?_WRITEI2C?I2C

?PR?_SAVEVIDEODATATOEE?ETC_EEP                   -----    -----      -----    -----
  +--> ?PR?_WRITEEEP?I2C

?PR?_SET4WIDESCREEN?OSDMENU                      -----    -----      001EH    0006H
  +--> ?PR?_READEEP?I2C
  +--> ?CO?OSDMENU
  +--> ?PR?_PRINTF?PRINTF
  +--> ?PR?GETVINPUTSTD?MAIN
  +--> ?PR?WAITENDOFDISPLAYAREA?OSDBASIC
  +--> ?PR?OSDMENU
  +--> ?PR?_WRITEI2C?I2C
  +--> ?PR?_SAVEWIDEMODEEE?ETC_EEP

?PR?WAITENDOFDISPLAYAREA?OSDBASIC                -----    -----      0028H    0002H
  +--> ?PR?_READI2C?I2C

?PR?_SAVEWIDEMODEEE?ETC_EEP                      -----    -----      -----    -----
  +--> ?PR?_WRITEEEP?I2C

?PR?GETDEBUGLEVELEE?ETC_EEP                      -----    -----      -----    -----
  +--> ?PR?_READEEP?I2C

?PR?_SETVINPUTSTD?MAIN                           -----    -----      -----    -----
  +--> ?PR?MAIN

?PR?MAIN                                         -----    -----      -----    -----
  +--> ?CO?MAIN

?PR?_LCDPOWERON?TW88                             -----    -----      0018H    0001H
  +--> ?PR?CHECKTRIGGER?HS_KEYREMO
  +--> ?PR?_POWERLED?CPU
  +--> ?PR?OFF_LVDS?TW88
  +--> ?PR?_DELAY?CPU
  +--> ?PR?ON_LVDS?TW88
  +--> ?PR?_WRITEI2C?I2C
  +--> ?CO?TW88
  +--> ?PR?_PUTS?PRINTF
  +--> ?PR?_WAIT_MS?CPU

?PR?CHECKTRIGGER?HS_KEYREMO                      -----    -----      0019H    0002H
  +--> ?PR?_WAIT_MS?CPU
  +--> ?PR?HS_KEYREMO

?PR?HS_KEYREMO                                   -----    -----      -----    -----
  +--> ?CO?HS_KEYREMO

BL51 BANKED LINKER/LOCATER V6.22                                                      10/20/2017  11:42:34  PAGE 15


?PR?SETPOSSIBLEAUTODETECTSTDEE?ETC_EEP           -----    -----      0002H    0002H
  +--> ?CO?MAIN
  +--> ?PR?_WRITEEEP?I2C

?PR?CHANGE_OSDCOLORLOOKUP?OSDBASIC               -----    -----      000CH    0002H
  +--> ?CO?UDFONT
  +--> ?PR?_WRITEI2C?I2C

?PR?DOWNLOADUDFONT?OSDBASIC                      -----    -----      0002H    0001H
  +--> ?PR?_WRITEI2C?I2C
  +--> ?CO?UDFONT
  +--> ?PR?_DOWNLOADFONT?OSDBASIC

?PR?_DOWNLOADFONT?OSDBASIC                       -----    -----      0003H    0004H
  +--> ?PR?_READI2C?I2C
  +--> ?PR?_WRITEI2C?I2C
  +--> ?PR?_WRITEI2CN?I2C

?PR?_DISPLAYINFORMATION?HS_DISPLAYOSD            -----    -----      0004H    0001H
  +--> ?PR?_CLEARDATACNT?OSDBASIC
  +--> ?PR?HS_DISPLAYOSD
  +--> ?PR?_INITOSDWINDOW?OSDBASIC
  +--> ?PR?_DRAWATTRCNT?OSDBASIC
  +--> ?CO?HS_DISPLAYOSD
  +--> ?PR?_SHOWOSDWINDOW_TW88?OSDBASIC
  +--> ?PR?WAITENDOFDISPLAYAREA?OSDBASIC
  +--> ?PR?_WRITESTRINGTOADDR?OSDBASIC
  +--> ?PR?_SETDISPLAYEDOSD?DISPINFO
  +--> ?PR?_SHOWOSDWINDOWALL?OSDBASIC
  +--> ?PR?_WRITEI2C?I2C

?PR?HS_DISPLAYOSD                                -----    -----      -----    -----
  +--> ?CO?HS_DISPLAYOSD

?PR?_SHOWOSDWINDOW_TW88?OSDBASIC                 -----    -----      001DH    0002H
  +--> ?PR?OSDBASIC
  +--> ?PR?_WRITEI2C?I2C
  +--> ?PR?_READI2C?I2C
  +--> ?PR?WAITENDOFDISPLAYAREA?OSDBASIC

?PR?_SHOWOSDWINDOWALL?OSDBASIC                   -----    -----      001DH    0002H
  +--> ?PR?WAITENDOFDISPLAYAREA?OSDBASIC
  +--> ?PR?_READI2C?I2C
  +--> ?PR?_WRITEI2C?I2C

?PR?CLEARGAUGEINFO?HS_DISPLAYOSD                 -----    -----      -----    -----
  +--> ?PR?_SHOWOSDWINDOW_TW88?OSDBASIC

?PR?MAIN_LOOP?MAIN                               -----    -----      0000H    0001H
  +--> ?CO?MAIN
  +--> ?PR?_PUTS?PRINTF
  +--> ?PR?GETDISPLAYEDOSD?DISPINFO
  +--> ?PR?_READEEP?I2C
  +--> ?PR?_DISPLAYINFORMATION?HS_DISPLAYOSD
  +--> ?PR?DISPLAYINPUT?DISPINFO
  +--> ?PR?CHECKTRIGGER?HS_KEYREMO
  +--> ?PR?_TRIGGERHANDLER?HS_KEYREMO
BL51 BANKED LINKER/LOCATER V6.22                                                      10/20/2017  11:42:34  PAGE 16


  +--> ?PR?SEQMODE?HS_KEYREMO
  +--> ?PR?_READI2C?I2C
  +--> ?PR?_ADJUSTAUTODAYNIGHT?MAIN
  +--> ?PR?CHECKKEYIN?KEYREMO
  +--> ?PR?_SHOWOSDWINDOW_TW88?OSDBASIC
  +--> ?PR?SETNOWMODE?HS_KEYREMO
  +--> ?PR?CHECKANDCLEAROSD?DISPINFO
  +--> ?PR?GETINPUTSELECTION?MAIN
  +--> ?PR?CHECKDECODERINPUT?MAIN
  +--> ?PR?_WRITEI2C?I2C
  +--> ?PR?_POWERLED?CPU
  +--> ?PR?_WAIT_MS?CPU

?PR?DISPLAYINPUT?DISPINFO                        -----    -----      0018H    0003H
  +--> ?PR?CLEAROSDINFO?DISPINFO
  +--> ?CO?OSDBASIC
  +--> ?PR?_INITOSDWINDOW?OSDBASIC
  +--> ?PR?_CLEARDATACNT?OSDBASIC
  +--> ?PR?_DRAWATTRCNT?OSDBASIC
  +--> ?CO?DISPINFO
  +--> ?PR?_WRITESTRINGTOADDR?OSDBASIC
  +--> ?PR?GETINPUTSELECTION?MAIN
  +--> ?CO?MAIN
  +--> ?PR?DISPINFO
  +--> ?PR?_STRLEN?OSDBASIC
  +--> ?PR?_READEEP?I2C
  +--> ?PR?_PRINTF?PRINTF
  +--> ?PR?_SHOWOSDWINDOW_TW88?OSDBASIC
  +--> ?PR?_SHOWOSDWINDOWALL?OSDBASIC
  +--> ?PR?GETTIME_MS?CPU

?PR?CLEAROSDINFO?DISPINFO                        -----    -----      001BH    0001H
  +--> ?PR?GETDISPLAYEDOSD?DISPINFO
  +--> ?CO?DISPINFO
  +--> ?PR?_PRINTF?PRINTF
  +--> ?PR?CLEARTVINFO?DISPINFO
  +--> ?PR?CLEARMUTEINFO?DISPINFO
  +--> ?PR?CLEARINPUT?DISPINFO
  +--> ?PR?CLOSEOSDMENU?OSDMENU
  +--> ?PR?CLEARGAUGEINFO?HS_DISPLAYOSD

?PR?CLEARTVINFO?DISPINFO                         -----    -----      -----    -----
  +--> ?PR?_SHOWOSDWINDOW_TW88?OSDBASIC

?PR?CLEARMUTEINFO?DISPINFO                       -----    -----      -----    -----
  +--> ?PR?_SHOWOSDWINDOW_TW88?OSDBASIC

?PR?CLEARINPUT?DISPINFO                          -----    -----      -----    -----
  +--> ?PR?_SHOWOSDWINDOWALL?OSDBASIC
  +--> ?PR?_SHOWOSDWINDOW_TW88?OSDBASIC

?PR?CLOSEOSDMENU?OSDMENU                         -----    -----      001CH    0001H
  +--> ?PR?_SHOWOSDWINDOWALL?OSDBASIC
  +--> ?PR?WAITENDOFDISPLAYAREA?OSDBASIC
  +--> ?PR?_WRITEI2C?I2C
  +--> ?PR?_CLEARDISPLAYEDOSD?DISPINFO

BL51 BANKED LINKER/LOCATER V6.22                                                      10/20/2017  11:42:34  PAGE 17


?PR?DISPINFO                                     -----    -----      -----    -----
  +--> ?CO?MAIN

?PR?GETTIME_MS?CPU                               -----    -----      0025H    0002H

?PR?_TRIGGERHANDLER?HS_KEYREMO                   -----    -----      0002H    000AH
  +--> ?PR?HS_KEYREMO
  +--> ?PR?GETDISPLAYEDOSD?DISPINFO
  +--> ?CO?HS_KEYREMO
  +--> ?PR?SETREARSOURCE?HS_KEYREMO
  +--> ?PR?CLEARGAUGEINFO?HS_DISPLAYOSD
  +--> ?PR?SETLEFTSOURCE?HS_KEYREMO
  +--> ?PR?SETRIGHTSOURCE?HS_KEYREMO
  +--> ?PR?_PUTS?PRINTF
  +--> ?PR?SETTRIGGERCSOURCE?HS_KEYREMO
  +--> ?PR?_PRINTF?PRINTF
  +--> ?PR?_READEEP?I2C
  +--> ?PR?CHECKTRIGGER?HS_KEYREMO
  +--> ?PR?_WAIT_MS?CPU
  +--> ?PR?DISPLAYINPUT?DISPINFO
  +--> ?PR?SETNOWMODE?HS_KEYREMO
  +--> ?PR?CLEAROSDINFO?DISPINFO
  +--> ?PR?INITOSDMENU?OSDMENU
  +--> ?PR?CHANGE_OSDCOLORLOOKUP?OSDBASIC

?PR?SETREARSOURCE?HS_KEYREMO                     -----    -----      000CH    0001H
  +--> ?PR?_READEEP?I2C
  +--> ?CO?HS_KEYREMO
  +--> ?PR?HS_KEYREMO
  +--> ?PR?_SETSOURCEMODE?HS_KEYREMO
  +--> ?PR?_READI2C?I2C
  +--> ?PR?_WRITEI2C?I2C
  +--> ?PR?_PRINTF?PRINTF
  +--> ?PR?DISPLAYGAUGEOSD?HS_DISPLAYOSD

?PR?_SETSOURCEMODE?HS_KEYREMO                    -----    -----      0013H    0005H
  +--> ?PR?_WRITEI2C?I2C
  +--> ?CO?HS_KEYREMO
  +--> ?PR?_TW2835COMMAND?CPU
  +--> ?PR?_CHANGEINPUT?MAIN

?PR?_TW2835COMMAND?CPU                           -----    -----      0018H    000DH
  +--> ?PR?CPU
  +--> ?PR?GETTIME_MS?CPU
  +--> ?PR?_ABS?ABS
  +--> ?PR?_WAIT_MS?CPU
  +--> ?CO?CPU
  +--> ?PR?_PRINTF?PRINTF

?PR?_CHANGEINPUT?MAIN                            -----    -----      -----    -----
  +--> ?PR?_INITVIDEODATA?MAIN
  +--> ?PR?COMPOSITE1INPUT?TW88
  +--> ?PR?_READI2C?I2C
  +--> ?CO?MAIN
  +--> ?PR?COMPOSITE2INPUT?TW88
  +--> ?PR?_PRINTF?PRINTF
  +--> ?PR?CHECKPANELIMAGE?OSDMENU
BL51 BANKED LINKER/LOCATER V6.22                                                      10/20/2017  11:42:34  PAGE 18


  +--> ?PR?_SAVEINPUTSELECTIONEE?ETC_EEP
  +--> ?PR?_DELAY?CPU
  +--> ?PR?CHECKDECODERINPUT?MAIN
  +--> ?PR?DISPLAYINPUT?DISPINFO
  +--> ?PR?_LCDPOWERON?TW88
  +--> ?PR?_WRITEI2C?I2C
  +--> ?PR?_CHANGEVOL?AUDIO

?PR?_INITVIDEODATA?MAIN                          -----    -----      001DH    0001H
  +--> ?CO?TABLE
  +--> ?PR?_I2CDEVICEINITIALIZE?MAIN
  +--> ?PR?MAIN
  +--> ?PR?_WRITEI2C?I2C
  +--> ?PR?_CLEARAUTODETECTSTD?TW88
  +--> ?PR?SETAUTODETECTSTD?TW88
  +--> ?PR?_READEEP?I2C
  +--> ?PR?_SETVIDEOMODE?OSDMENU
  +--> ?PR?GETWIDEMODEEE?ETC_EEP
  +--> ?PR?_SET4WIDESCREEN?OSDMENU

?PR?_I2CDEVICEINITIALIZE?MAIN                    -----    -----      001EH    0006H
  +--> ?PR?MAIN
  +--> ?PR?_WRITEI2C?I2C

?PR?_CLEARAUTODETECTSTD?TW88                     -----    -----      001EH    0001H
  +--> ?PR?_READI2C?I2C
  +--> ?PR?_WRITEI2C?I2C

?PR?SETAUTODETECTSTD?TW88                        -----    -----      -----    -----
  +--> ?PR?GETPOSSIBLEAUTODETECTSTDEE?ETC_EEP
  +--> ?PR?_WRITEI2C?I2C
  +--> ?PR?_READI2C?I2C

?PR?GETPOSSIBLEAUTODETECTSTDEE?ETC_EEP           -----    -----      -----    -----
  +--> ?PR?_READEEP?I2C

?PR?GETWIDEMODEEE?ETC_EEP                        -----    -----      -----    -----
  +--> ?PR?_READEEP?I2C

?PR?COMPOSITE1INPUT?TW88                         -----    -----      -----    -----
  +--> ?PR?_WRITEI2C?I2C
  +--> ?PR?_READI2C?I2C

?PR?COMPOSITE2INPUT?TW88                         -----    -----      -----    -----
  +--> ?PR?_WRITEI2C?I2C
  +--> ?PR?_READI2C?I2C

?PR?CHECKPANELIMAGE?OSDMENU                      -----    -----      -----    -----
  +--> ?PR?_READI2C?I2C
  +--> ?PR?_WRITEI2C?I2C

?PR?CHECKDECODERINPUT?MAIN                       -----    -----      0018H    0005H
  +--> ?PR?DETECTDECODERINPUT?TW88
  +--> ?PR?_SETVINPUTSTD?MAIN
  +--> ?PR?CLEARGAUGEINFO?HS_DISPLAYOSD
  +--> ?PR?_DELAY?CPU
  +--> ?PR?_INITVIDEODATA?MAIN
BL51 BANKED LINKER/LOCATER V6.22                                                      10/20/2017  11:42:34  PAGE 19



?PR?DETECTDECODERINPUT?TW88                      -----    -----      001DH    0002H
  +--> ?PR?_DELAY?CPU
  +--> ?PR?_READI2C?I2C

?PR?DISPLAYGAUGEOSD?HS_DISPLAYOSD                -----    -----      000DH    0001H
  +--> ?PR?CLEAROSDINFO?DISPINFO
  +--> ?PR?HS_DISPLAYOSD
  +--> ?PR?_INITOSDWINDOW?OSDBASIC
  +--> ?PR?_CLEARDATACNT?OSDBASIC
  +--> ?PR?_DRAWATTRCNT?OSDBASIC
  +--> ?CO?HS_DISPLAYOSD
  +--> ?PR?_WRITESTRINGTOADDR?OSDBASIC
  +--> ?PR?_SETDISPLAYEDOSD?DISPINFO
  +--> ?PR?_SHOWOSDWINDOW_TW88?OSDBASIC
  +--> ?PR?_SHOWOSDWINDOWALL?OSDBASIC
  +--> ?PR?_WRITEI2C?I2C

?PR?SETLEFTSOURCE?HS_KEYREMO                     -----    -----      -----    -----
  +--> ?PR?_READEEP?I2C
  +--> ?CO?HS_KEYREMO
  +--> ?PR?HS_KEYREMO
  +--> ?PR?_SETSOURCEMODE?HS_KEYREMO

?PR?SETRIGHTSOURCE?HS_KEYREMO                    -----    -----      -----    -----
  +--> ?PR?_READEEP?I2C
  +--> ?CO?HS_KEYREMO
  +--> ?PR?HS_KEYREMO
  +--> ?PR?_SETSOURCEMODE?HS_KEYREMO

?PR?SETTRIGGERCSOURCE?HS_KEYREMO                 -----    -----      000CH    0001H
  +--> ?PR?_READEEP?I2C
  +--> ?PR?_WAIT_MS?CPU
  +--> ?CO?HS_KEYREMO
  +--> ?PR?HS_KEYREMO
  +--> ?PR?_SETSOURCEMODE?HS_KEYREMO

?PR?SETNOWMODE?HS_KEYREMO                        -----    -----      0012H    0001H
  +--> ?CO?HS_KEYREMO
  +--> ?PR?_PRINTF?PRINTF
  +--> ?PR?HS_KEYREMO
  +--> ?PR?_PUTS?PRINTF
  +--> ?PR?_SETSOURCEMODE?HS_KEYREMO
  +--> ?PR?_READEEP?I2C

?PR?SEQMODE?HS_KEYREMO                           -----    -----      -----    -----
  +--> ?CO?HS_KEYREMO
  +--> ?PR?HS_KEYREMO
  +--> ?PR?_SETSOURCEMODE?HS_KEYREMO

?PR?_ADJUSTAUTODAYNIGHT?MAIN                     -----    -----      0001H    0002H
  +--> ?PR?_READI2C?I2C
  +--> ?PR?MAIN
  +--> ?PR?_WRITEI2C?I2C

?PR?CHECKKEYIN?KEYREMO                           -----    -----      0001H    0003H
  +--> ?PR?_GETKEY?KEYREMO
BL51 BANKED LINKER/LOCATER V6.22                                                      10/20/2017  11:42:34  PAGE 20


  +--> ?PR?KEYREMO
  +--> ?PR?_WAIT_MS?CPU
  +--> ?PR?_WRITEEEP?I2C
  +--> ?PR?_DISPLAYINFORMATION?HS_DISPLAYOSD
  +--> ?PR?DISPLAYGAUGEOSD?HS_DISPLAYOSD
  +--> ?PR?CLEARGAUGEINFO?HS_DISPLAYOSD
  +--> ?PR?DISPLAYINPUT?DISPINFO
  +--> ?PR?_POWERLED?CPU
  +--> ?PR?CLEAROSDINFO?DISPINFO
  +--> ?PR?SETOSDLASTKEYINTIME?MAIN
  +--> ?CO?KEYREMO
  +--> ?PR?_PRINTF?PRINTF
  +--> ?PR?_PUTS?PRINTF
  +--> ?PR?_ACTIONREMO?KEYREMO
  +--> ?PR?_HS_DISPLAY2835CLKTUNEVAL?KEYREMO
  +--> ?PR?GETDISPLAYEDOSD?DISPINFO
  +--> ?PR?OSDSELECT?OSDMENU
  +--> ?PR?_OSDVALUEUPDN?OSDMENU
  +--> ?PR?_OSDCURSORMOVE?OSDMENU
  +--> ?PR?CLOSEOSDMENU?OSDMENU
  +--> ?PR?SETSELECTMODE?HS_KEYREMO
  +--> ?PR?_READEEP?I2C
  +--> ?PR?SETJUMPMODE?HS_KEYREMO
  +--> ?PR?_CAM_TXCOMMAND_TORS485?HS_DVRPROT...
  +--> ?PR?_CLEARDATACNT?OSDBASIC
  +--> ?PR?_DELAY?CPU

?PR?_GETKEY?KEYREMO                              0024H.0  0000H.1    -----    -----

?PR?SETOSDLASTKEYINTIME?MAIN                     -----    -----      -----    -----
  +--> ?PR?GETTIME_MS?CPU

?PR?_ACTIONREMO?KEYREMO                          -----    -----      0004H    0002H
  +--> ?PR?SETOSDLASTKEYINTIME?MAIN
  +--> ?PR?GETNEXTINPUTSELECTION?MAIN
  +--> ?PR?_CHANGEINPUT?MAIN
  +--> ?PR?GETDISPLAYEDOSD?DISPINFO
  +--> ?PR?CLEARINPUT?DISPINFO
  +--> ?PR?DISPLAYINPUT?DISPINFO
  +--> ?PR?REMOCHNUP_UPKEY?KEYREMO
  +--> ?PR?REMOCHNDN_DNKEY?KEYREMO
  +--> ?PR?OSDSELECT?OSDMENU
  +--> ?PR?REMOVOLUP_RIGHTKEY?KEYREMO
  +--> ?PR?REMOVOLDN_LEFTKEY?KEYREMO
  +--> ?PR?REMOMENU_MENUKEY?KEYREMO
  +--> ?PR?_DOACTION?OSDMENU
  +--> ?PR?_SETITEMVALUE?OSDMENU

?PR?GETNEXTINPUTSELECTION?MAIN                   -----    -----      -----    -----
  +--> ?PR?MAIN

?PR?REMOCHNUP_UPKEY?KEYREMO                      -----    -----      -----    -----
  +--> ?PR?GETDISPLAYEDOSD?DISPINFO
  +--> ?PR?_OSDCURSORMOVE?OSDMENU

?PR?_OSDCURSORMOVE?OSDMENU                       0024H.0  0000H.1    0006H    0004H
  +--> ?PR?OSDMENU
BL51 BANKED LINKER/LOCATER V6.22                                                      10/20/2017  11:42:34  PAGE 21


  +--> ?PR?_READEEP?I2C
  +--> ?PR?_GETNEXTCURSORMENUITEM?OSDMENU
  +--> ?PR?_GETLOWERMENUITEM?OSDMENU
  +--> ?PR?CLEARVALUEWIN?OSDMENU
  +--> ?PR?CLEARCURSOR?OSDMENU
  +--> ?PR?WAITENDOFDISPLAYAREA?OSDBASIC
  +--> ?PR?_WRITEI2C?I2C
  +--> ?PR?_SHOWOSDWINDOW_TW88?OSDBASIC
  +--> ?PR?_GETOSDWINDOWY?OSDBASIC
  +--> ?PR?_SETOSDWINDOWY_TW88?OSDBASIC
  +--> ?PR?DISPLAYOSDMENU?OSDMENU
  +--> ?PR?_DRAWMENULIST?OSDMENU
  +--> ?PR?DISPLAYCURSOR?OSDMENU

?PR?_GETNEXTCURSORMENUITEM?OSDMENU               -----    -----      000AH    0005H
  +--> ?PR?_GETUPPERMENUITEM?OSDMENU
  +--> ?PR?_GETLOWERMENUITEM?OSDMENU

?PR?CLEARVALUEWIN?OSDMENU                        -----    -----      -----    -----
  +--> ?PR?SAVEVALUE1?OSDMENU

?PR?SAVEVALUE1?OSDMENU                           -----    -----      -----    -----
  +--> ?PR?OSDMENU

?PR?CLEARCURSOR?OSDMENU                          -----    -----      000AH    0002H
  +--> ?PR?OSDMENU
  +--> ?PR?_DRAWATTRCNT?OSDBASIC

?PR?REMOCHNDN_DNKEY?KEYREMO                      -----    -----      -----    -----
  +--> ?PR?GETDISPLAYEDOSD?DISPINFO
  +--> ?PR?_OSDCURSORMOVE?OSDMENU

?PR?OSDSELECT?OSDMENU                            -----    -----      0006H    0002H
  +--> ?PR?OSDMENU
  +--> ?PR?GETINPUTSELECTION?MAIN
  +--> ?PR?READVINPUTSTD?MAIN
  +--> ?PR?_DOACTION?OSDMENU
  +--> ?PR?CLEARCURSOR?OSDMENU
  +--> ?PR?CLOSEOSDMENU?OSDMENU
  +--> ?PR?DISPLAYCURSOR?OSDMENU
  +--> ?PR?_GETITEMVALUE?OSDMENU
  +--> ?PR?_WRITEI2C?I2C
  +--> ?PR?PUSHMENU?OSDMENU
  +--> ?PR?_GET_CURSOR_ITEM?OSDMENU
  +--> ?PR?DISPLAYOSDMENU?OSDMENU

?PR?READVINPUTSTD?MAIN                           -----    -----      -----    -----
  +--> ?PR?ISNOINPUT?MAIN
  +--> ?PR?_READI2C?I2C

?PR?ISNOINPUT?MAIN                               -----    -----      -----    -----
  +--> ?PR?_READI2C?I2C

?PR?_DOACTION?OSDMENU                            -----    -----      0008H    0001H
  +--> ?PR?_CHANGEINPUT?MAIN
  +--> ?PR?_READEEP?I2C
  +--> ?PR?SETNOWMODE?HS_KEYREMO
BL51 BANKED LINKER/LOCATER V6.22                                                      10/20/2017  11:42:34  PAGE 22


  +--> ?CO?OSDMENU
  +--> ?PR?_PRINTF?PRINTF
  +--> ?PR?OSDHIGHMENU_SUB?OSDMENU
  +--> ?PR?DISPLAYINFO_OSD?OSDMENU
  +--> ?PR?CLOSEOSDMENU?OSDMENU
  +--> ?PR?DISPLAYINPUT?DISPINFO
  +--> ?PR?CLEAROSDINFO?DISPINFO
  +--> ?PR?RESETVIDEOVALUE?OSDMENU
  +--> ?PR?RESETOSDVALUE?OSDMENU

?PR?OSDHIGHMENU_SUB?OSDMENU                      -----    -----      0009H    0001H
  +--> ?PR?OSDMENU
  +--> ?PR?POPMENU?OSDMENU
  +--> ?PR?CLOSEOSDMENU?OSDMENU
  +--> ?CO?OSDMENU
  +--> ?PR?_PRINTF?PRINTF
  +--> ?PR?DISPLAYOSDMENU?OSDMENU
  +--> ?PR?_DRAWMENULIST?OSDMENU
  +--> ?PR?DISPLAYCURSOR?OSDMENU
  +--> ?PR?_WRITEI2C?I2C

?PR?DISPLAYINFO_OSD?OSDMENU                      -----    -----      0009H    0008H
  +--> ?PR?PUSHMENU?OSDMENU
  +--> ?PR?OSDMENU
  +--> ?PR?_DRAWMENULIST?OSDMENU
  +--> ?PR?_DRAWATTRCNT?OSDBASIC
  +--> ?CO?OSDMENU
  +--> ?PR?_WRITESTRINGTOADDR?OSDBASIC
  +--> ?PR?GETINPUTSELECTION?MAIN
  +--> ?CO?MAIN
  +--> ?PR?_STRLEN?OSDBASIC
  +--> ?PR?GETVINPUTSTDINX?MAIN
  +--> ?PR?_READEEP?I2C

?PR?GETVINPUTSTDINX?MAIN                         -----    -----      -----    -----
  +--> ?PR?READVINPUTSTD?MAIN
  +--> ?PR?MAIN
  +--> ?CO?MAIN

?PR?_GET_CURSOR_ITEM?OSDMENU                     -----    -----      0008H    0002H
  +--> ?PR?GETINPUTSELECTION?MAIN
  +--> ?PR?_GETTARGETCHILD?OSDMENU

?PR?_GETTARGETCHILD?OSDMENU                      -----    -----      -----    -----
  +--> ?PR?OSDMENU
  +--> ?PR?_GETLOWERMENUITEM?OSDMENU

?PR?REMOVOLUP_RIGHTKEY?KEYREMO                   -----    -----      -----    -----
  +--> ?PR?GETDISPLAYEDOSD?DISPINFO
  +--> ?PR?_OSDVALUEUPDN?OSDMENU
  +--> ?PR?OSDSELECT?OSDMENU
  +--> ?PR?_CHANGEVOL?AUDIO
  +--> ?PR?DISPLAYVOL?DISPINFO

?PR?_OSDVALUEUPDN?OSDMENU                        -----    -----      0006H    0008H
  +--> ?PR?OSDMENU
  +--> ?PR?_SETITEMVALUE?OSDMENU
BL51 BANKED LINKER/LOCATER V6.22                                                      10/20/2017  11:42:34  PAGE 23


  +--> ?PR?_AWT_DISPLAYVIEWBAR?OSDMENU
  +--> ?PR?_DISPLAYVIEWBAR?OSDMENU
  +--> ?PR?_DRAWNUM?OSDMENU
  +--> ?PR?_DRAWSTRINGBYLANG?OSDMENU

?PR?_SETITEMVALUE?OSDMENU                        -----    -----      000EH    0004H
  +--> ?PR?OSDMENU
  +--> ?PR?_SETOSDPOSITIONMODE?OSDMENU
  +--> ?PR?_SETLANGUAGE?OSDMENU
  +--> ?PR?_SETPCCOLORTEMP?OSDMENU
  +--> ?PR?_SETPCCOLOR?OSDMENU
  +--> ?PR?_SETVIDEOMODE?OSDMENU
  +--> ?PR?_READEEP?I2C
  +--> ?PR?_DRAWATTRCNT?OSDBASIC
  +--> ?PR?_CHANGEVIDEODATA?OSDMENU
  +--> ?PR?_SETVIDEOSHARPNESS?OSDMENU
  +--> ?PR?_CHANGEVOL?AUDIO
  +--> ?PR?_SET4WIDESCREEN?OSDMENU
  +--> ?PR?_WRITEEEP?I2C
  +--> ?PR?SETNOWMODE?HS_KEYREMO
  +--> ?PR?GETINPUTSELECTION?MAIN
  +--> ?PR?_TW2835COMMAND?CPU
  +--> ?CO?OSDMENU
  +--> ?PR?_PUTS?PRINTF
  +--> ?PR?SEQMODE?HS_KEYREMO
  +--> ?PR?SETJUMPMODE?HS_KEYREMO
  +--> ?PR?_CAMOUTDSEL?OSDMENU

?PR?_SETOSDPOSITIONMODE?OSDMENU                  -----    -----      0012H    0016H
  +--> ?PR?GETOSDPOSITIONMODE?OSDMENU
  +--> ?PR?OSDMENU
  +--> ?PR?_GETOSDWINDOWX?OSDBASIC
  +--> ?PR?_GETOSDWINDOWY?OSDBASIC
  +--> ?PR?WAITENDOFDISPLAYAREA?OSDBASIC
  +--> ?PR?_READI2C?I2C
  +--> ?PR?_WRITEI2C?I2C
  +--> ?PR?_WRITEI2CN?I2C
  +--> ?PR?_SAVEOSDPOSITIONMODEEE?ETC_EEP

?PR?_SETLANGUAGE?OSDMENU                         -----    -----      -----    -----
  +--> ?PR?OSDMENU
  +--> ?PR?_SAVEOSDLANGEE?ETC_EEP

?PR?_SETPCCOLORTEMP?OSDMENU                      -----    -----      0012H    0002H
  +--> ?PR?OSDMENU
  +--> ?PR?_WRITEEEP?I2C
  +--> ?PR?_READEEP?I2C
  +--> ?CO?OSDMENU
  +--> ?PR?_MAPPING1?TW88
  +--> ?PR?_SETRGBCONTRAST?OSDMENU
  +--> ?PR?_DRAWATTRCNT?OSDBASIC

?PR?_SETRGBCONTRAST?OSDMENU                      -----    -----      0014H    0008H
  +--> ?PR?_READEEP?I2C
  +--> ?PR?OSDMENU
  +--> ?PR?_MAPPING1?TW88
  +--> ?PR?_WRITEI2C?I2C
BL51 BANKED LINKER/LOCATER V6.22                                                      10/20/2017  11:42:34  PAGE 24



?PR?_SETPCCOLOR?OSDMENU                          -----    -----      0012H    0007H
  +--> ?PR?OSDMENU
  +--> ?PR?_MAPPING1?TW88
  +--> ?PR?_WRITEEEP?I2C
  +--> ?PR?_READEEP?I2C
  +--> ?CO?OSDMENU
  +--> ?PR?_WRITEI2C?I2C

?PR?_CHANGEVIDEODATA?OSDMENU                     -----    -----      0012H    0003H
  +--> ?PR?OSDMENU
  +--> ?PR?_SETVIDEOCONTRAST?OSDMENU
  +--> ?PR?_SETVIDEOBRIGHTNESS?OSDMENU
  +--> ?PR?_SETVIDEOSATURATION?OSDMENU
  +--> ?PR?_SETVIDEOHUE?OSDMENU
  +--> ?PR?_SETVIDEOBACKLIGHT?OSDMENU
  +--> ?PR?_SAVEVIDEODATATOEE?ETC_EEP

?PR?_SETVIDEOBACKLIGHT?OSDMENU                   -----    -----      0015H    0003H
  +--> ?PR?OSDMENU
  +--> ?CO?OSDMENU
  +--> ?PR?_MAPPING1?TW88
  +--> ?PR?_READI2C?I2C
  +--> ?PR?_WRITEI2C?I2C

?PR?_SETVIDEOSHARPNESS?OSDMENU                   -----    -----      0012H    0005H
  +--> ?PR?_READI2C?I2C
  +--> ?PR?OSDMENU
  +--> ?CO?OSDMENU
  +--> ?PR?_MAPPING1?TW88
  +--> ?PR?_WRITEI2C?I2C
  +--> ?PR?_SAVEVIDEODATATOEE?ETC_EEP

?PR?SETJUMPMODE?HS_KEYREMO                       -----    -----      0012H    0001H
  +--> ?PR?_READEEP?I2C
  +--> ?CO?HS_KEYREMO
  +--> ?PR?_PUTS?PRINTF
  +--> ?PR?HS_KEYREMO
  +--> ?PR?_SETSOURCEMODE?HS_KEYREMO
  +--> ?PR?_WRITEEEP?I2C

?PR?DISPLAYVOL?DISPINFO                          -----    -----      0006H    0002H
  +--> ?PR?_WRITEI2C?I2C
  +--> ?PR?CLEAROSDINFO?DISPINFO
  +--> ?PR?_DELAY?CPU
  +--> ?CO?OSDBASIC
  +--> ?PR?_INITOSDWINDOW?OSDBASIC
  +--> ?PR?_CLEARDATACNT?OSDBASIC
  +--> ?PR?_DRAWATTRCNT?OSDBASIC
  +--> ?PR?GETOSDLANG?OSDMENU
  +--> ?CO?OSDMENU
  +--> ?PR?_STRLEN?OSDBASIC
  +--> ?PR?_WRITESTRINGTOADDR?OSDBASIC
  +--> ?PR?_SHOWOSDWINDOW_TW88?OSDBASIC
  +--> ?PR?_SHOWOSDWINDOWALL?OSDBASIC
  +--> ?PR?_DISPLAYVOLUMEBAR?OSDMENU
  +--> ?PR?GETTIME_MS?CPU
BL51 BANKED LINKER/LOCATER V6.22                                                      10/20/2017  11:42:34  PAGE 25


  +--> ?PR?_WAIT_MS?CPU

?PR?GETOSDLANG?OSDMENU                           -----    -----      -----    -----
  +--> ?PR?GETOSDLANGEE?ETC_EEP

?PR?_DISPLAYVOLUMEBAR?OSDMENU                    -----    -----      0008H    0016H
  +--> ?CO?OSDMENU
  +--> ?PR?OSDMENU
  +--> ?PR?_WRITESTRINGTOADDR?OSDBASIC

?PR?REMOVOLDN_LEFTKEY?KEYREMO                    -----    -----      -----    -----
  +--> ?PR?GETDISPLAYEDOSD?DISPINFO
  +--> ?PR?_OSDVALUEUPDN?OSDMENU
  +--> ?PR?OSDHIGHMENU?OSDMENU
  +--> ?PR?_CHANGEVOL?AUDIO
  +--> ?PR?DISPLAYVOL?DISPINFO

?PR?OSDHIGHMENU?OSDMENU                          -----    -----      -----    -----
  +--> ?PR?CLEARVALUEWIN?OSDMENU
  +--> ?PR?_DRAWMENULIST?OSDMENU
  +--> ?PR?DISPLAYCURSOR?OSDMENU
  +--> ?PR?OSDMENU
  +--> ?PR?_DOACTION?OSDMENU
  +--> ?PR?CLEARCURSOR?OSDMENU
  +--> ?PR?OSDHIGHMENU_SUB?OSDMENU

?PR?REMOMENU_MENUKEY?KEYREMO                     -----    -----      -----    -----
  +--> ?PR?GETDISPLAYEDOSD?DISPINFO
  +--> ?PR?OSDHIGHMENU?OSDMENU
  +--> ?PR?OPENOSDMENU?OSDMENU

?PR?OPENOSDMENU?OSDMENU                          -----    -----      0006H    0001H
  +--> ?PR?CLEAROSDINFO?DISPINFO
  +--> ?PR?INITOSDMENU?OSDMENU
  +--> ?PR?_SHOWOSDWINDOW_TW88?OSDBASIC
  +--> ?PR?_SHOWOSDWINDOWALL?OSDBASIC
  +--> ?PR?_SETDISPLAYEDOSD?DISPINFO

?PR?_HS_DISPLAY2835CLKTUNEVAL?KEYREMO            -----    -----      0004H    0004H
  +--> ?CO?KEYREMO
  +--> ?PR?KEYREMO
  +--> ?CO?OSDBASIC
  +--> ?PR?_INITOSDWINDOW?OSDBASIC
  +--> ?PR?_SETDISPLAYEDOSD?DISPINFO
  +--> ?PR?_CLEARDATACNT?OSDBASIC
  +--> ?PR?_DRAWATTRCNT?OSDBASIC
  +--> ?PR?_WRITESTRINGTOADDR?OSDBASIC
  +--> ?PR?_SHOWOSDWINDOW_TW88?OSDBASIC
  +--> ?PR?_SHOWOSDWINDOWALL?OSDBASIC

?PR?SETSELECTMODE?HS_KEYREMO                     -----    -----      0004H    0001H
  +--> ?PR?HS_KEYREMO
  +--> ?PR?_PUTS?PRINTF
  +--> ?PR?_SETSOURCEMODE?HS_KEYREMO
  +--> ?PR?_WRITEEEP?I2C
  +--> ?PR?_READEEP?I2C

BL51 BANKED LINKER/LOCATER V6.22                                                      10/20/2017  11:42:34  PAGE 26


?PR?_CAM_TXCOMMAND_TORS485?HS_DVRPROT...         -----    -----      0004H    0002H
  +--> ?PR?HS_DVRPROTOCOL
  +--> ?PR?SEND_PELCOP_COMMAND?HS_DVRPROTOCOL
  +--> ?PR?SEND_PELCOD_COMMAND?HS_DVRPROTOCOL

?PR?SEND_PELCOP_COMMAND?HS_DVRPROTOCOL           -----    -----      0006H    0001H
  +--> ?PR?HS_DVRPROTOCOL
  +--> ?CO?HS_DVRPROTOCOL
  +--> ?PR?_PRINTF?PRINTF
  +--> ?PR?_WAIT_MS?CPU
  +--> ?PR?_RS2_TX?CPU

?PR?SEND_PELCOD_COMMAND?HS_DVRPROTOCOL           -----    -----      0006H    0001H
  +--> ?PR?HS_DVRPROTOCOL
  +--> ?CO?HS_DVRPROTOCOL
  +--> ?PR?_PRINTF?PRINTF
  +--> ?PR?_WAIT_MS?CPU
  +--> ?PR?_RS2_TX?CPU

?PR?CHECKANDCLEAROSD?DISPINFO                    -----    -----      0001H    0006H
  +--> ?PR?GETDISPLAYEDOSD?DISPINFO
  +--> ?PR?GETOSDLASTKEYINTIME?MAIN
  +--> ?PR?GETTIME_MS?CPU
  +--> ?PR?_DIFFTIME_MS?CPU
  +--> ?PR?CLEARTVINFO?DISPINFO
  +--> ?PR?DISPLAYINPUT?DISPINFO
  +--> ?PR?CLOSEOSDMENU?OSDMENU
  +--> ?PR?_READEEP?I2C

?PR?WAITPOWERON?MAIN                             -----    -----      0000H    0002H
  +--> ?PR?CHECKTRIGGER?HS_KEYREMO
  +--> ?PR?_TRIGGERHANDLER?HS_KEYREMO
  +--> ?PR?_LCDPOWERON?TW88
  +--> ?PR?POWEROFF?MAIN
  +--> ?PR?AUDIOMUTE?AUDIO
  +--> ?PR?_GETKEY?KEYREMO
  +--> ?PR?_WRITEEEP?I2C
  +--> ?PR?OFF_LVDS?TW88
  +--> ?PR?_WAIT_MS?CPU
  +--> ?PR?_DELAY?CPU
  +--> ?PR?ON_LVDS?TW88
  +--> ?PR?_WRITEI2C?I2C
  +--> ?CO?MAIN
  +--> ?PR?_PUTS?PRINTF
  +--> ?PR?DISPLAYINPUT?DISPINFO
  +--> ?PR?SETNOWMODE?HS_KEYREMO
  +--> ?PR?_READEEP?I2C

?PR?POWEROFF?MAIN                                -----    -----      -----    -----
  +--> ?PR?AUDIOMUTE?AUDIO
  +--> ?PR?_POWERLED?CPU



SYMBOL TABLE OF MODULE:  .\Output\AWT-ML072Q (ADC)

  VALUE           TYPE          NAME
BL51 BANKED LINKER/LOCATER V6.22                                                      10/20/2017  11:42:34  PAGE 27


  ----------------------------------

  -------         MODULE        ADC
  C:0000H         SYMBOL        _ICE_DUMMY_
  -------         ENDMOD        ADC

  -------         MODULE        CPU
  C:0000H         SYMBOL        _ICE_DUMMY_
  C:A1AEH         PUBLIC        InitCPU
  D:00B1H         PUBLIC        P3M0
  C:71EBH         PUBLIC        timer0_int
  X:0140H         PUBLIC        FormatSDCard
  D:00B2H         PUBLIC        P3M1
  D:00A0H         PUBLIC        P2
  C:AEC0H         PUBLIC        timer2_int
  D:00E8H         PUBLIC        P4
  X:0141H         PUBLIC        FormatWait
  D:0025H         PUBLIC        DVR_buf
  D:002DH         PUBLIC        keytic
  D:00A8H         PUBLIC        IE
  D:002EH         PUBLIC        RS2_in
  B:0021H.3       PUBLIC        RepeatKey
  C:AE2CH         PUBLIC        _delay
  B:00B0H.4       PUBLIC        P3_4
  B:00A8H.4       PUBLIC        ES
  D:00B8H         PUBLIC        IP
  D:00DEH         PUBLIC        CCAPM4
  B:0098H.0       PUBLIC        RI
  B:0098H.1       PUBLIC        TI
  C:AF63H         PUBLIC        RS_ready
  D:002FH         PUBLIC        tic01
  B:0021H.4       PUBLIC        KeyReady
  B:0021H.5       PUBLIC        RS_Xbusy
  D:00D8H         PUBLIC        CCON
  C:AFE5H         PUBLIC        _RS2_tx
  X:0142H         PUBLIC        Time5ms
  X:0143H         PUBLIC        keyticSec
  D:0030H         PUBLIC        Key
  C:A7E9H         PUBLIC        serial_int
  C:0026H         PUBLIC        ext1_int
  D:0099H         PUBLIC        SBUF
  D:0087H         PUBLIC        PCON
  D:0098H         PUBLIC        SCON
  C:ACF4H         PUBLIC        InitVars
  D:0089H         PUBLIC        TMOD
  D:0088H         PUBLIC        TCON
  C:403FH         PUBLIC        PanelInfoStr
  D:00BFH         PUBLIC        CHPCON
  C:795DH         PUBLIC        main_init
  D:00F6H         PUBLIC        CHPENR
  X:0144H         PUBLIC        PowerDownWait
  D:0031H         PUBLIC        tm01
  D:0033H         PUBLIC        stopWatch
  C:5AB5H         PUBLIC        _TW2835Command
  D:0035H         SYMBOL        RS_buf
  B:00A8H.5       PUBLIC        ET2
  B:00C8H.7       PUBLIC        TF2
BL51 BANKED LINKER/LOCATER V6.22                                                      10/20/2017  11:42:34  PAGE 28


  D:008CH         PUBLIC        TH0
  D:008DH         PUBLIC        TH1
  C:ACB6H         PUBLIC        _DiffTime_ms
  B:00A8H.2       PUBLIC        EX1
  D:008AH         PUBLIC        TL0
  C:9479H         PUBLIC        InitTechwell
  B:0021H.6       PUBLIC        RS2_Xbusy
  C:A37DH         PUBLIC        _Wait_ms
  B:00C8H.2       PUBLIC        TR2
  X:0145H         PUBLIC        updn_reg
  D:0049H         PUBLIC        RS_in
  D:004AH         PUBLIC        RS_out
  C:A884H         PUBLIC        serial2_int
  D:009AH         PUBLIC        S2BUF
  C:AD12H         PUBLIC        _PowerLED
  D:00AAH         PUBLIC        S2CON
  D:00C8H         PUBLIC        T2CON
  D:00BAH         PUBLIC        S2BRT
  C:0003H         PUBLIC        _RS_tx
  D:004BH         PUBLIC        tm001
  D:00A6H         PUBLIC        AUXR2
  B:0021H.7       PUBLIC        ChangeKey
  C:A659H         PUBLIC        GetTime_ms
  D:004CH         PUBLIC        tic_pc
  D:004EH         PUBLIC        RS_buf2
  D:0062H         PUBLIC        SystemClock
  C:3FD9H         PUBLIC        CommTable
  D:00ADH         PUBLIC        AUXIE
  C:A10EH         SYMBOL        Com00A9
  C:A10EH         SYMBOL        L?0170
  C:A10FH         SYMBOL        L?0171
  C:A112H         SYMBOL        L?0172
  C:A11BH         SYMBOL        L?0173
  C:A11BH         SYMBOL        L?0174
  C:A124H         SYMBOL        L?0175
  C:A125H         SYMBOL        L?0176
  C:A126H         SYMBOL        L?0177
  C:A12FH         SYMBOL        L?0179
  C:A140H         SYMBOL        L?0180
  C:A140H         SYMBOL        L?0181
  C:A148H         SYMBOL        L?0182
  C:A14CH         SYMBOL        L?0183
  C:A154H         SYMBOL        L?0184
  C:A157H         SYMBOL        L?0185
  -------         PROC          COM00A9
  -------         ENDPROC       COM00A9
  C:7A6FH         SYMBOL        L?0186
  -------         PROC          MAIN_INIT
  -------         DO            
  X:0000H         SYMBOL        rev
  -------         ENDDO         
  C:795DH         LINE#         287
  C:795DH         LINE#         288
  C:795DH         LINE#         294
  C:7966H         LINE#         306
  C:796DH         LINE#         307
  C:797FH         LINE#         309
BL51 BANKED LINKER/LOCATER V6.22                                                      10/20/2017  11:42:34  PAGE 29


  C:798CH         LINE#         310
  C:798CH         LINE#         311
  C:799FH         LINE#         312
  C:79A6H         LINE#         313
  C:79B4H         LINE#         314
  C:79B4H         LINE#         318
  C:79C1H         LINE#         319
  C:79C1H         LINE#         320
  C:79CFH         LINE#         321
  C:79CFH         LINE#         322
  C:79D7H         LINE#         325
  C:79DCH         LINE#         326
  C:79DFH         LINE#         327
  C:79E8H         LINE#         332
  C:79EAH         LINE#         334
  C:79EAH         LINE#         336
  C:79F2H         LINE#         338
  C:79F2H         LINE#         339
  C:79F4H         LINE#         341
  C:79F4H         LINE#         342
  C:79FDH         LINE#         343
  C:7A06H         LINE#         344
  C:7A0CH         LINE#         345
  C:7A11H         LINE#         350
  C:7A16H         LINE#         352
  C:7A16H         LINE#         359
  C:7A22H         LINE#         360
  C:7A24H         LINE#         361
  C:7A28H         LINE#         363
  C:7A2DH         LINE#         365
  C:7A30H         LINE#         368
  C:7A36H         LINE#         373
  C:7A39H         LINE#         374
  C:7A3CH         LINE#         377
  C:7A41H         LINE#         378
  C:7A46H         LINE#         379
  C:7A49H         LINE#         394
  C:7A4EH         LINE#         395
  C:7A53H         LINE#         397
  C:7A5CH         LINE#         401
  C:7A65H         LINE#         402
  C:7A6EH         LINE#         403
  -------         ENDPROC       MAIN_INIT
  -------         PROC          INITCPU
  C:A1AEH         LINE#         408
  C:A1AEH         LINE#         409
  C:A1AEH         LINE#         410
  C:A1B1H         LINE#         411
  C:A1B4H         LINE#         412
  C:A1B7H         LINE#         413
  C:A1BAH         LINE#         417
  C:A1BDH         LINE#         424
  C:A1C0H         LINE#         426
  C:A1C3H         LINE#         428
  C:A1C6H         LINE#         432
  C:A1CCH         LINE#         434
  C:A1CFH         LINE#         435
BL51 BANKED LINKER/LOCATER V6.22                                                      10/20/2017  11:42:34  PAGE 30


  C:A1D2H         LINE#         439
  C:A1D5H         LINE#         442
  C:A1D7H         LINE#         443
  C:A1D9H         LINE#         449
  C:A1DBH         LINE#         450
  C:A1DDH         LINE#         451
  C:A1DFH         LINE#         457
  C:A1E2H         LINE#         458
  C:A1E5H         LINE#         461
  C:A1E8H         LINE#         464
  C:A1EBH         LINE#         466
  C:A1EDH         LINE#         469
  C:A1F0H         LINE#         470
  C:A1F3H         LINE#         477
  C:A1F5H         LINE#         478
  C:A1F8H         LINE#         482
  C:A1FCH         LINE#         484
  -------         ENDPROC       INITCPU
  -------         PROC          TIMER0_INT
  -------         DO            
  D:000FH         SYMBOL        TempKey
  -------         ENDDO         
  C:71EBH         LINE#         502
  C:71F6H         LINE#         506
  C:71F8H         LINE#         509
  C:71FEH         LINE#         510
  C:7200H         LINE#         511
  C:7206H         LINE#         512
  C:7206H         LINE#         516
  C:720FH         LINE#         518
  C:7216H         LINE#         519
  C:7216H         LINE#         520
  C:721EH         LINE#         521
  C:7226H         LINE#         522
  C:722EH         LINE#         523
  C:7231H         LINE#         524
  C:7233H         LINE#         528
  C:7239H         LINE#         531
  C:7239H         LINE#         532
  C:7239H         LINE#         540
  C:7243H         LINE#         543
  C:724BH         LINE#         544
  C:724EH         LINE#         545
  C:7250H         LINE#         547
  C:7259H         LINE#         548
  C:7259H         LINE#         549
  C:7264H         LINE#         550
  C:727CH         LINE#         551
  C:727FH         LINE#         555
  C:7288H         LINE#         556
  C:728BH         LINE#         558
  C:7294H         LINE#         559
  C:7297H         LINE#         562
  C:729DH         LINE#         564
  C:72A6H         LINE#         565
  C:72A9H         LINE#         567
  C:72ACH         LINE#         568
BL51 BANKED LINKER/LOCATER V6.22                                                      10/20/2017  11:42:34  PAGE 31


  C:72B2H         LINE#         569
  C:72B5H         LINE#         570
  C:72BBH         LINE#         571
  C:72C2H         LINE#         572
  C:72C2H         LINE#         573
  C:72C4H         LINE#         574
  C:72CAH         LINE#         575
  C:72CAH         LINE#         577
  C:72D1H         LINE#         578
  C:72D1H         LINE#         579
  C:72D3H         LINE#         580
  C:72D9H         LINE#         581
  C:72D9H         LINE#         583
  C:72E0H         LINE#         584
  C:72E0H         LINE#         585
  C:72E2H         LINE#         586
  C:72E8H         LINE#         587
  C:72E8H         LINE#         589
  C:72EFH         LINE#         590
  C:72F4H         LINE#         592
  C:72F6H         LINE#         599
  C:72F6H         LINE#         600
  C:7300H         LINE#         601
  C:7308H         LINE#         604
  C:730FH         LINE#         605
  C:7314H         LINE#         606
  C:731BH         LINE#         607
  C:731DH         LINE#         608
  C:731FH         LINE#         609
  C:7321H         LINE#         610
  C:7326H         LINE#         611
  C:732DH         LINE#         612
  C:732FH         LINE#         613
  C:7331H         LINE#         614
  C:7334H         LINE#         615
  C:7334H         LINE#         616
  C:7336H         LINE#         617
  C:7338H         LINE#         619
  C:7338H         LINE#         620
  C:733BH         LINE#         621
  C:733EH         LINE#         622
  C:733EH         LINE#         624
  C:733EH         LINE#         625
  -------         ENDPROC       TIMER0_INT
  -------         PROC          INITVARS
  C:ACF4H         LINE#         630
  C:ACF4H         LINE#         631
  C:ACF4H         LINE#         632
  C:ACFDH         LINE#         641
  C:AD01H         LINE#         646
  C:AD06H         LINE#         647
  C:AD0BH         LINE#         649
  C:AD0DH         LINE#         650
  -------         ENDPROC       INITVARS
  C:94E5H         SYMBOL        L?0168
  C:94F7H         SYMBOL        L?0178
  -------         PROC          INITTECHWELL
BL51 BANKED LINKER/LOCATER V6.22                                                      10/20/2017  11:42:34  PAGE 32


  C:9479H         LINE#         656
  C:9479H         LINE#         657
  C:9479H         LINE#         674
  C:948DH         LINE#         675
  C:9495H         LINE#         676
  C:949DH         LINE#         677
  C:94A6H         LINE#         678
  C:94B0H         LINE#         679
  C:94B0H         LINE#         681
  C:94B6H         LINE#         684
  C:94C0H         LINE#         685
  C:94C0H         LINE#         686
  C:94C6H         LINE#         687
  C:94D1H         LINE#         688
  C:94D1H         LINE#         689
  C:94D1H         LINE#         691
  C:94D6H         LINE#         692
  C:94D6H         LINE#         693
  C:94E4H         LINE#         694
  C:94E4H         LINE#         695
  C:94E4H         LINE#         701
  -------         ENDPROC       INITTECHWELL
  -------         PROC          _POWERLED
  D:0007H         SYMBOL        flag
  C:AD12H         LINE#         707
  C:AD12H         LINE#         708
  C:AD12H         LINE#         712
  C:AD16H         LINE#         714
  C:AD19H         LINE#         715
  C:AD19H         LINE#         717
  C:AD1BH         LINE#         718
  C:AD1EH         LINE#         719
  C:AD1EH         LINE#         721
  C:AD21H         LINE#         722
  C:AD24H         LINE#         724
  C:AD25H         LINE#         725
  C:AD29H         LINE#         726
  C:AD29H         LINE#         728
  C:AD2CH         LINE#         729
  C:AD2FH         LINE#         731
  C:AD2FH         LINE#         732
  -------         ENDPROC       _POWERLED
  -------         PROC          EXT1_INT
  C:0026H         LINE#         741
  C:0026H         LINE#         743
  C:0028H         LINE#         744
  -------         ENDPROC       EXT1_INT
  -------         PROC          SERIAL_INT
  C:A7E9H         LINE#         859
  C:A7F0H         LINE#         865
  C:A7F3H         LINE#         866
  C:A7F5H         LINE#         867
  C:A805H         LINE#         869
  C:A807H         LINE#         870
  C:A811H         LINE#         871
  C:A811H         LINE#         873
  C:A814H         LINE#         874
BL51 BANKED LINKER/LOCATER V6.22                                                      10/20/2017  11:42:34  PAGE 33


  C:A816H         LINE#         875
  C:A818H         LINE#         876
  C:A818H         LINE#         877
  -------         ENDPROC       SERIAL_INT
  -------         PROC          SERIAL2_INT
  C:A884H         LINE#         881
  C:A88BH         LINE#         886
  C:A890H         LINE#         887
  C:A890H         LINE#         889
  C:A893H         LINE#         890
  C:A89AH         LINE#         892
  C:A89CH         LINE#         893
  C:A8A6H         LINE#         894
  C:A8A6H         LINE#         896
  C:A8ABH         LINE#         897
  C:A8ABH         LINE#         898
  C:A8AEH         LINE#         899
  C:A8B0H         LINE#         900
  C:A8B0H         LINE#         901
  -------         ENDPROC       SERIAL2_INT
  -------         PROC          RS_READY
  C:AF63H         LINE#         908
  C:AF63H         LINE#         909
  C:AF63H         LINE#         910
  C:AF6BH         LINE#         911
  C:AF6DH         LINE#         912
  -------         ENDPROC       RS_READY
  -------         PROC          _RS_TX
  D:0007H         SYMBOL        tx_buf
  C:0003H         LINE#         938
  C:0003H         LINE#         939
  C:0003H         LINE#         940
  C:0006H         LINE#         941
  C:0008H         LINE#         942
  C:000AH         LINE#         943
  -------         ENDPROC       _RS_TX
  -------         PROC          _RS2_TX
  D:0007H         SYMBOL        tx_buf
  C:AFE5H         LINE#         948
  C:AFE5H         LINE#         949
  C:AFE5H         LINE#         958
  C:AFE8H         LINE#         959
  C:AFEAH         LINE#         960
  C:AFECH         LINE#         961
  -------         ENDPROC       _RS2_TX
  -------         PROC          TIMER2_INT
  C:AEC0H         LINE#         999
  C:AEC2H         LINE#         1001
  C:AEC4H         LINE#         1003
  C:AECCH         LINE#         1134
  -------         ENDPROC       TIMER2_INT
  -------         PROC          _DELAY
  D:0007H         SYMBOL        cnt
  -------         DO            
  D:0004H         SYMBOL        ttic01
  -------         ENDDO         
  C:AE2CH         LINE#         1137
BL51 BANKED LINKER/LOCATER V6.22                                                      10/20/2017  11:42:34  PAGE 34


  C:AE2CH         LINE#         1138
  C:AE2CH         LINE#         1141
  C:AE3AH         LINE#         1142
  C:AE3AH         LINE#         1144
  C:AE43H         LINE#         1145
  -------         ENDPROC       _DELAY
  -------         PROC          GETTIME_MS
  -------         DO            
  X:0025H         SYMBOL        tms
  -------         ENDDO         
  C:A659H         LINE#         1152
  C:A659H         LINE#         1153
  C:A659H         LINE#         1156
  C:A662H         LINE#         1157
  C:A68DH         LINE#         1158
  C:A695H         LINE#         1159
  -------         ENDPROC       GETTIME_MS
  -------         PROC          _DIFFTIME_MS
  D:0006H         SYMBOL        stime
  D:0004H         SYMBOL        etime
  C:ACB6H         LINE#         1208
  C:ACB6H         LINE#         1209
  C:ACB6H         LINE#         1213
  C:ACBDH         LINE#         1214
  C:ACCDH         LINE#         1215
  C:ACCDH         LINE#         1216
  C:ACCDH         LINE#         1217
  C:ACD4H         LINE#         1218
  C:ACD4H         LINE#         1219
  -------         ENDPROC       _DIFFTIME_MS
  -------         PROC          _WAIT_MS
  X:0025H         SYMBOL        Tms
  -------         DO            
  X:0027H         SYMBOL        count
  -------         ENDDO         
  C:A37DH         LINE#         1221
  C:A385H         LINE#         1222
[...]
  C:7C2BH         LINE#         363
  C:7C37H         LINE#         365
  C:7C3CH         LINE#         375
  C:7C3CH         LINE#         395
  C:7C48H         LINE#         396
  C:7C4CH         LINE#         398
BL51 BANKED LINKER/LOCATER V6.22                                                      10/20/2017  11:42:34  PAGE 143


  C:7C51H         LINE#         400
  C:7C59H         LINE#         401
  C:7C59H         LINE#         402
  C:7C5DH         LINE#         403
  C:7C60H         LINE#         404
  C:7C62H         LINE#         406
  C:7C62H         LINE#         407
  C:7C66H         LINE#         408
  C:7C69H         LINE#         409
  C:7C69H         LINE#         411
  C:7C6CH         LINE#         412
  C:7C72H         LINE#         414
  C:7C77H         LINE#         416
  -------         ENDPROC       _CHANGEVOL
  -------         ENDMOD        AUDIO

  -------         MODULE        DEBUG
  C:0000H         SYMBOL        _ICE_DUMMY_
  D:00E8H         PUBLIC        P4
  -------         ENDMOD        DEBUG

  -------         MODULE        HS_DVRPROTOCOL
  C:0000H         SYMBOL        _ICE_DUMMY_
  X:0068H         PUBLIC        PresetMode
  B:0022H.0       PUBLIC        FormatStart
  X:0069H         PUBLIC        second
  X:006AH         PUBLIC        UpdateOK
  B:0022H.1       PUBLIC        SpeedDomeMode
  D:00E8H         PUBLIC        P4
  X:006BH         PUBLIC        DVR_Resolution
  X:006CH         PUBLIC        DVR_timebeginesmonth
  X:006DH         PUBLIC        Information
  X:007BH         PUBLIC        DVR_timebeginesweek
  X:007CH         PUBLIC        minute
  X:007DH         PUBLIC        DVR_RecordLength
  B:0022H.2       PUBLIC        DoorState
  X:007EH         PUBLIC        CommandBuffer
  X:0080H         PUBLIC        month
  X:0081H         PUBLIC        InformationLen
  B:0022H.3       PUBLIC        GetDVRStatusflag
  X:0082H         PUBLIC        DVR_daylightsaving
  X:0083H         PUBLIC        DVR_FPS
  X:0084H         PUBLIC        DVR_RecordMode
  X:0085H         PUBLIC        DVR_RecordStatus
  X:0086H         PUBLIC        DVR_Quality
  X:0087H         PUBLIC        day
  X:0088H         PUBLIC        hour
  B:0022H.4       PUBLIC        DVR_Ready
  X:0089H         PUBLIC        DVR_standardtimebeginesWeek
  X:008AH         PUBLIC        DVR_standardtimebeginesTime
  C:98A0H         PUBLIC        Send_PelcoD_Command
  X:008BH         PUBLIC        DVR_PostAlarmLength
  X:008CH         PUBLIC        DVR_PreAlarmLength
  D:008DH         PUBLIC        TH1
  X:008DH         PUBLIC        DVR_sandardtimebeginesMonth
  C:61A6H         PUBLIC        _CAM_TxCommand_toRS485
  X:008EH         PUBLIC        SerialNumber
BL51 BANKED LINKER/LOCATER V6.22                                                      10/20/2017  11:42:34  PAGE 144


  X:008FH         PUBLIC        DVR_System
  C:979FH         PUBLIC        Send_PelcoP_Command
  X:0090H         PUBLIC        DVRVersion
  X:00A1H         PUBLIC        TriggerStatus
  X:00A2H         PUBLIC        PresetNumber
  X:00A3H         PUBLIC        year1
  X:00A4H         PUBLIC        year2
  X:00A5H         PUBLIC        DVR_SDCardAvailable
  D:00BAH         PUBLIC        S2BRT
  X:00A6H         PUBLIC        GPSState
  X:00A7H         PUBLIC        DVR_Busy
  X:00A8H         PUBLIC        DVR_timebeginesTime
  X:00A9H         PUBLIC        FormatStatus
  X:00AAH         PUBLIC        DVRVersionLen
  X:00ABH         PUBLIC        gb_P_Com
  X:00ADH         PUBLIC        DVR_OverWrite
  X:00AEH         PUBLIC        gb_PTZ_Speed
  X:00AFH         PUBLIC        DVR_TimeZone
  C:A7B4H         SYMBOL        Com005D
  C:A7B4H         SYMBOL        L?0094
  C:A7B4H         SYMBOL        L?0095
  C:A7BBH         SYMBOL        L?0096
  C:A7BBH         SYMBOL        L?0097
  C:A7BEH         SYMBOL        L?0098
  C:A7C6H         SYMBOL        L?0099
  C:A7C6H         SYMBOL        L?0100
  C:A7CFH         SYMBOL        L?0101
  C:A7CFH         SYMBOL        L?0102
  C:A7D8H         SYMBOL        L?0103
  C:A7D8H         SYMBOL        L?0104
  C:A7DFH         SYMBOL        L?0105
  -------         PROC          COM005D
  -------         ENDPROC       COM005D
  -------         PROC          _CAM_TXCOMMAND_TORS485
  X:0004H         SYMBOL        Com_ID
  -------         DO            
  X:0005H         SYMBOL        j
  -------         ENDDO         
  C:61A6H         LINE#         994
  C:61ABH         LINE#         995
  C:61ABH         LINE#         1001
  C:61BBH         LINE#         1002
  C:61BBH         LINE#         1003
  C:61BBH         LINE#         1005
  C:61CAH         LINE#         1006
  C:61D7H         LINE#         1007
  C:61DDH         LINE#         1009
  C:61E6H         LINE#         1010
  C:61ECH         LINE#         1012
  C:6218H         LINE#         1013
  C:6218H         LINE#         1026
  C:6218H         LINE#         1027
  C:6218H         LINE#         1028
  C:621DH         LINE#         1029
  C:621DH         LINE#         1030
  C:621DH         LINE#         1031
  C:621DH         LINE#         1032
BL51 BANKED LINKER/LOCATER V6.22                                                      10/20/2017  11:42:34  PAGE 145


  C:621FH         LINE#         1040
  C:621FH         LINE#         1041
  C:6224H         LINE#         1042
  C:6224H         LINE#         1043
  C:6224H         LINE#         1044
  C:6224H         LINE#         1045
  C:6224H         LINE#         1046
  C:6227H         LINE#         1048
  C:6227H         LINE#         1049
  C:6227H         LINE#         1050
  C:622DH         LINE#         1051
  C:622EH         LINE#         1052
  C:622EH         LINE#         1053
  C:622EH         LINE#         1054
  C:6231H         LINE#         1112
  C:6231H         LINE#         1113
  C:6231H         LINE#         1114
  C:6236H         LINE#         1115
  C:6236H         LINE#         1119
  C:6236H         LINE#         1120
  C:6236H         LINE#         1121
  C:6238H         LINE#         1122
  C:6238H         LINE#         1123
  C:6238H         LINE#         1124
  C:623DH         LINE#         1125
  C:623DH         LINE#         1129
  C:6240H         LINE#         1130
  C:6240H         LINE#         1131
  C:6242H         LINE#         1132
  C:6242H         LINE#         1133
  C:6242H         LINE#         1134
  C:6248H         LINE#         1135
  C:624BH         LINE#         1136
  C:6251H         LINE#         1138
  C:6254H         LINE#         1139
  C:6255H         LINE#         1140
  C:6255H         LINE#         1141
  C:6257H         LINE#         1142
  C:6257H         LINE#         1143
  C:6257H         LINE#         1144
  C:625DH         LINE#         1145
  C:6260H         LINE#         1146
  C:6266H         LINE#         1148
  C:6269H         LINE#         1149
  C:626DH         LINE#         1150
  C:626DH         LINE#         1151
  C:626FH         LINE#         1152
  C:626FH         LINE#         1153
  C:626FH         LINE#         1154
  C:6275H         LINE#         1155
  C:6278H         LINE#         1156
  C:627BH         LINE#         1157
  C:6281H         LINE#         1159
  C:6284H         LINE#         1160
  C:6284H         LINE#         1161
  C:6286H         LINE#         1162
  C:6286H         LINE#         1163
BL51 BANKED LINKER/LOCATER V6.22                                                      10/20/2017  11:42:34  PAGE 146


  C:6286H         LINE#         1164
  C:628CH         LINE#         1165
  C:628FH         LINE#         1166
  C:6292H         LINE#         1167
  C:6298H         LINE#         1169
  C:629BH         LINE#         1170
  C:629BH         LINE#         1171
  C:629DH         LINE#         1172
  C:629DH         LINE#         1173
  C:629DH         LINE#         1174
  C:62A0H         LINE#         1175
  C:62A0H         LINE#         1176
  C:62A4H         LINE#         1177
  C:62A4H         LINE#         1178
  C:62A6H         LINE#         1179
  C:62A6H         LINE#         1180
  C:62ACH         LINE#         1181
  C:62AFH         LINE#         1182
  C:62B1H         LINE#         1183
  C:62B3H         LINE#         1184
  C:62B6H         LINE#         1185
  C:62B6H         LINE#         1216
  C:62B6H         LINE#         1217
  C:62B6H         LINE#         1218
  C:62B6H         LINE#         1220
  C:62C5H         LINE#         1221
  C:62D2H         LINE#         1222
  C:62D8H         LINE#         1224
  C:62E0H         LINE#         1226
  C:630CH         LINE#         1227
  C:630CH         LINE#         1240
  C:630CH         LINE#         1241
  C:630CH         LINE#         1242
  C:6311H         LINE#         1243
  C:6311H         LINE#         1244
  C:6311H         LINE#         1245
  C:6311H         LINE#         1246
  C:6313H         LINE#         1254
  C:6313H         LINE#         1255
  C:6318H         LINE#         1256
  C:6318H         LINE#         1257
  C:6318H         LINE#         1258
  C:6318H         LINE#         1259
  C:6318H         LINE#         1260
  C:631BH         LINE#         1262
  C:631BH         LINE#         1263
  C:631BH         LINE#         1264
  C:6321H         LINE#         1265
  C:6322H         LINE#         1266
  C:6322H         LINE#         1267
  C:6322H         LINE#         1268
  C:6325H         LINE#         1320
  C:6325H         LINE#         1321
  C:6325H         LINE#         1322
  C:632BH         LINE#         1323
  C:632EH         LINE#         1324
  C:6334H         LINE#         1326
BL51 BANKED LINKER/LOCATER V6.22                                                      10/20/2017  11:42:34  PAGE 147


  C:6337H         LINE#         1327
  C:6337H         LINE#         1328
  C:6337H         LINE#         1329
  C:6339H         LINE#         1330
  C:6339H         LINE#         1331
  C:6339H         LINE#         1332
  C:633FH         LINE#         1333
  C:6342H         LINE#         1334
  C:6348H         LINE#         1336
  C:634BH         LINE#         1337
  C:634CH         LINE#         1338
  C:634CH         LINE#         1339
  C:634EH         LINE#         1340
  C:634EH         LINE#         1341
  C:634EH         LINE#         1342
  C:6354H         LINE#         1343
  C:6357H         LINE#         1344
  C:635AH         LINE#         1345
  C:6360H         LINE#         1347
  C:6363H         LINE#         1348
  C:6363H         LINE#         1349
  C:6365H         LINE#         1350
  C:6365H         LINE#         1351
  C:6365H         LINE#         1352
  C:636BH         LINE#         1353
  C:636EH         LINE#         1354
  C:6371H         LINE#         1355
  C:6377H         LINE#         1357
  C:637AH         LINE#         1358
  C:637AH         LINE#         1359
  C:637CH         LINE#         1360
  C:637CH         LINE#         1361
  C:637CH         LINE#         1362
  C:6381H         LINE#         1363
  C:6381H         LINE#         1367
  C:6388H         LINE#         1368
  C:6388H         LINE#         1369
  C:638AH         LINE#         1370
  C:638AH         LINE#         1371
  C:638AH         LINE#         1372
  C:638FH         LINE#         1373
  C:638FH         LINE#         1377
  C:6396H         LINE#         1378
  C:6396H         LINE#         1379
  C:6398H         LINE#         1380
  C:6398H         LINE#         1381
  C:6398H         LINE#         1382
  C:639BH         LINE#         1383
  C:639BH         LINE#         1384
  C:639FH         LINE#         1385
  C:639FH         LINE#         1386
  C:63A1H         LINE#         1387
  C:63A1H         LINE#         1388
  C:63A7H         LINE#         1389
  C:63AAH         LINE#         1390
  C:63ACH         LINE#         1391
  C:63AEH         LINE#         1392
BL51 BANKED LINKER/LOCATER V6.22                                                      10/20/2017  11:42:34  PAGE 148


  C:63B1H         LINE#         1393
  C:63B1H         LINE#         1424
  C:63B1H         LINE#         1425
  C:63B1H         LINE#         1498
  C:63B1H         LINE#         1500
  -------         ENDPROC       _CAM_TXCOMMAND_TORS485
  -------         PROC          SEND_PELCOP_COMMAND
  -------         DO            
  X:0006H         SYMBOL        ii
  D:0004H         SYMBOL        j
  -------         ENDDO         
  C:979FH         LINE#         1508
  C:979FH         LINE#         1509
  C:979FH         LINE#         1513
  C:97A7H         LINE#         1514
  C:97A9H         LINE#         1515
  C:97C1H         LINE#         1521
  C:97CFH         LINE#         1522
  C:97CFH         LINE#         1523
  C:97CFH         LINE#         1524
  C:97D2H         LINE#         1525
  C:97D4H         LINE#         1526
  C:97D4H         LINE#         1527
  C:97D7H         LINE#         1528
  C:97D9H         LINE#         1529
  C:97D9H         LINE#         1530
  C:97DCH         LINE#         1531
  C:97DCH         LINE#         1532
  C:97DCH         LINE#         1534
  C:97EFH         LINE#         1535
  C:97F6H         LINE#         1536
  C:9805H         LINE#         1537
  C:9805H         LINE#         1538
  C:980DH         LINE#         1539
  C:9815H         LINE#         1540
  C:981CH         LINE#         1541
  C:981FH         LINE#         1546
  -------         ENDPROC       SEND_PELCOP_COMMAND
  -------         PROC          SEND_PELCOD_COMMAND
  -------         DO            
  X:0006H         SYMBOL        ii
  D:0007H         SYMBOL        j
  -------         ENDDO         
  C:98A0H         LINE#         1554
  C:98A0H         LINE#         1555
  C:98A0H         LINE#         1559
  C:98A8H         LINE#         1560
  C:98AAH         LINE#         1561
  C:98BAH         LINE#         1563
  C:98C8H         LINE#         1564
  C:98C8H         LINE#         1565
  C:98C8H         LINE#         1566
  C:98CBH         LINE#         1567
  C:98CDH         LINE#         1568
  C:98CDH         LINE#         1569
  C:98D0H         LINE#         1570
  C:98D2H         LINE#         1571
BL51 BANKED LINKER/LOCATER V6.22                                                      10/20/2017  11:42:34  PAGE 149


  C:98D2H         LINE#         1572
  C:98D5H         LINE#         1573
  C:98D5H         LINE#         1574
  C:98D5H         LINE#         1576
  C:98EBH         LINE#         1577
  C:98F2H         LINE#         1580
  C:9901H         LINE#         1581
  C:9901H         LINE#         1582
  C:9909H         LINE#         1583
  C:9911H         LINE#         1585
  C:9918H         LINE#         1586
  C:991BH         LINE#         1589
  -------         ENDPROC       SEND_PELCOD_COMMAND
  -------         ENDMOD        HS_DVRPROTOCOL

  -------         MODULE        MONITOR
  C:0000H         SYMBOL        _ICE_DUMMY_
  D:00E8H         PUBLIC        P4
  X:00B0H         PUBLIC        MonRdata
  X:00B1H         PUBLIC        argc
  X:00B2H         PUBLIC        MonWdata
  B:0023H.3       PUBLIC        AccessEnable
  B:0023H.4       PUBLIC        echo
  X:00B3H         PUBLIC        monstr
  X:00D1H         PUBLIC        MonIndex
  X:00D2H         PUBLIC        argv
  B:0023H.5       SYMBOL        indirect
  D:007CH         PUBLIC        MonAddress
  -------         ENDMOD        MONITOR

  -------         MODULE        ?C?COPY
  C:413EH         PUBLIC        ?C?COPY
  -------         ENDMOD        ?C?COPY

  -------         MODULE        ?C?CLDPTR
  C:4164H         PUBLIC        ?C?CLDPTR
  -------         ENDMOD        ?C?CLDPTR

  -------         MODULE        ?C?CLDOPTR
  C:417DH         PUBLIC        ?C?CLDOPTR
  -------         ENDMOD        ?C?CLDOPTR

  -------         MODULE        ?C?CSTPTR
  C:41AAH         PUBLIC        ?C?CSTPTR
  -------         ENDMOD        ?C?CSTPTR

  -------         MODULE        ?C?IMUL
  C:41BCH         PUBLIC        ?C?IMUL
  -------         ENDMOD        ?C?IMUL

  -------         MODULE        ?C?UIDIV
  C:41CEH         PUBLIC        ?C?UIDIV
  -------         ENDMOD        ?C?UIDIV

  -------         MODULE        ?C?SIDIV
  C:4223H         PUBLIC        ?C?SIDIV
  -------         ENDMOD        ?C?SIDIV
BL51 BANKED LINKER/LOCATER V6.22                                                      10/20/2017  11:42:34  PAGE 150



  -------         MODULE        ?C?IILDX
  C:4259H         PUBLIC        ?C?IILDX
  -------         ENDMOD        ?C?IILDX

  -------         MODULE        ?C?ILDPTR
  C:426FH         PUBLIC        ?C?ILDPTR
  -------         ENDMOD        ?C?ILDPTR

  -------         MODULE        ?C?ILDOPTR
  C:429AH         PUBLIC        ?C?ILDOPTR
  -------         ENDMOD        ?C?ILDOPTR

  -------         MODULE        ?C?ISTPTR
  C:42D2H         PUBLIC        ?C?ISTPTR
  -------         ENDMOD        ?C?ISTPTR

  -------         MODULE        ?C?LMUL
  C:42F1H         PUBLIC        ?C?LMUL
  -------         ENDMOD        ?C?LMUL

  -------         MODULE        ?C?ULDIV
  C:437CH         PUBLIC        ?C?ULDIV
  -------         ENDMOD        ?C?ULDIV

  -------         MODULE        ?C?ULCMP
  C:440EH         PUBLIC        ?C?ULCMP
  -------         ENDMOD        ?C?ULCMP

  -------         MODULE        ?C?SLSHR
  C:441FH         PUBLIC        ?C?SLSHR
  -------         ENDMOD        ?C?SLSHR

  -------         MODULE        ?C?LLDPTR
  C:4433H         PUBLIC        ?C?LLDPTR
  -------         ENDMOD        ?C?LLDPTR

  -------         MODULE        ?C?LLDXDATA
  C:4453H         PUBLIC        ?C?LLDXDATA
  -------         ENDMOD        ?C?LLDXDATA

  -------         MODULE        ?C?LLDXDATA0
  C:445FH         PUBLIC        ?C?LLDXDATA0
  -------         ENDMOD        ?C?LLDXDATA0

  -------         MODULE        ?C?LSTXDATA
  C:446BH         PUBLIC        ?C?LSTXDATA
  -------         ENDMOD        ?C?LSTXDATA

  -------         MODULE        ?C?LSTKXDATA
  C:4477H         PUBLIC        ?C?LSTKXDATA
  -------         ENDMOD        ?C?LSTKXDATA

  -------         MODULE        ?C?OFFXADD
  C:44A8H         PUBLIC        ?C?OFFXADD
  -------         ENDMOD        ?C?OFFXADD

BL51 BANKED LINKER/LOCATER V6.22                                                      10/20/2017  11:42:34  PAGE 151


  -------         MODULE        ?C?PLDXDATA
  C:44B4H         PUBLIC        ?C?PLDXDATA
  -------         ENDMOD        ?C?PLDXDATA

  -------         MODULE        ?C?PLDIXDATA
  C:44BDH         PUBLIC        ?C?PLDIXDATA
  -------         ENDMOD        ?C?PLDIXDATA

  -------         MODULE        ?C?PSTXDATA
  C:44D4H         PUBLIC        ?C?PSTXDATA
  -------         ENDMOD        ?C?PSTXDATA

  -------         MODULE        ?C?PLDCODE
  C:44DDH         PUBLIC        ?C?PLDCODE
  -------         ENDMOD        ?C?PLDCODE

  -------         MODULE        ?C?PLDPTR
  C:44E9H         PUBLIC        ?C?PLDPTR
  -------         ENDMOD        ?C?PLDPTR

  -------         MODULE        ?C?PLDOPTR
  C:4509H         PUBLIC        ?C?PLDOPTR
  -------         ENDMOD        ?C?PLDOPTR

  -------         MODULE        ?C?CCASE
  C:4539H         PUBLIC        ?C?CCASE
  -------         ENDMOD        ?C?CCASE

  -------         MODULE        ABS
  C:AF57H         PUBLIC        _ABS
  -------         ENDMOD        ABS

  -------         MODULE        ?C?LLDIDATA
  C:455FH         PUBLIC        ?C?LLDIDATA
  -------         ENDMOD        ?C?LLDIDATA

  -------         MODULE        ?C?LLDPDATA
  C:456BH         PUBLIC        ?C?LLDPDATA
  -------         ENDMOD        ?C?LLDPDATA

  -------         MODULE        ?C?LLDCODE
  C:4577H         PUBLIC        ?C?LLDCODE
  -------         ENDMOD        ?C?LLDCODE

  -------         MODULE        ?C?PLDIDATA
  C:4587H         PUBLIC        ?C?PLDIDATA
  -------         ENDMOD        ?C?PLDIDATA

  -------         MODULE        ?C?PLDPDATA
  C:4590H         PUBLIC        ?C?PLDPDATA
  -------         ENDMOD        ?C?PLDPDATA

Program Size: data=125.3 xdata=335 code=45128
LINK/LOCATE RUN COMPLETE.  0 WARNING(S),  0 ERROR(S)
