BL51 BANKED LINKER/LOCATER V6.22                                                        04/22/2015  16:23:43  PAGE 1


BL51 BANKED LINKER/LOCATER V6.22, INVOKED BY:
C:\KEIL\C51\BIN\BL51.EXE .\Output\adc.obj, .\Output\cpu.obj, .\Output\dispinfo.obj, .\Output\etc_eep.obj, .\Output\I2c.o
>> bj, .\Output\keyremo.obj, .\Output\Main.obj, .\Output\Measure.obj, .\Output\Osdbasic.obj, .\Output\osdmenu.obj, .\Out
>> put\pc_eep.obj, .\Output\Printf.obj, .\Output\table.obj, .\Output\TW88.obj, .\Output\udfont.obj, .\Output\HS_keyremo.
>> obj, .\Output\HS_DisplayOSD.obj, .\Output\audio.obj, .\Output\Debug.obj, .\Output\HS_DVRProtocol.obj TO .\Output\AWT-
>> ML077 PRINT (.\Source\AWT-ML077.m51) RAMSIZE (256)




PROGRAM RECURSIONS REMOVED FROM CALL TREE
=========================================
+--> ?PR?CLEAROSDINFO?DISPINFO
|  | ?PR?CLOSEOSDMENU?OSDMENU
|  | ?PR?SETNOWMODE?HS_KEYREMO
|  | ?PR?_SETSOURCEMODE?HS_KEYREMO
|  | ?PR?_CHANGEINPUT?MAIN
<--+ ?PR?DISPLAYINPUT?DISPINFO



MEMORY MODEL: LARGE


INPUT MODULES INCLUDED:
  .\Output\adc.obj (ADC)
  .\Output\cpu.obj (CPU)
  .\Output\dispinfo.obj (DISPINFO)
  .\Output\etc_eep.obj (ETC_EEP)
  .\Output\I2c.obj (I2C)
  .\Output\keyremo.obj (KEYREMO)
  .\Output\Main.obj (MAIN)
  .\Output\Measure.obj (MEASURE)
  .\Output\Osdbasic.obj (OSDBASIC)
  .\Output\osdmenu.obj (OSDMENU)
  .\Output\pc_eep.obj (PC_EEP)
  .\Output\Printf.obj (PRINTF)
  .\Output\table.obj (TABLE)
  .\Output\TW88.obj (TW88)
  .\Output\udfont.obj (UDFONT)
  .\Output\HS_keyremo.obj (HS_KEYREMO)
  .\Output\HS_DisplayOSD.obj (HS_DISPLAYOSD)
  .\Output\audio.obj (AUDIO)
  .\Output\Debug.obj (DEBUG)
  .\Output\HS_DVRProtocol.obj (HS_DVRPROTOCOL)
  C:\KEIL\C51\LIB\C51L.LIB (?C_STARTUP)
  C:\KEIL\C51\LIB\C51L.LIB (?C?COPY)
  C:\KEIL\C51\LIB\C51L.LIB (?C?CLDPTR)
  C:\KEIL\C51\LIB\C51L.LIB (?C?CLDOPTR)
  C:\KEIL\C51\LIB\C51L.LIB (?C?CSTPTR)
  C:\KEIL\C51\LIB\C51L.LIB (?C?IMUL)
  C:\KEIL\C51\LIB\C51L.LIB (?C?UIDIV)
  C:\KEIL\C51\LIB\C51L.LIB (?C?SIDIV)
  C:\KEIL\C51\LIB\C51L.LIB (?C?IILDX)
  C:\KEIL\C51\LIB\C51L.LIB (?C?ILDPTR)
  C:\KEIL\C51\LIB\C51L.LIB (?C?ILDOPTR)
  C:\KEIL\C51\LIB\C51L.LIB (?C?ISTPTR)
  C:\KEIL\C51\LIB\C51L.LIB (?C?LMUL)
BL51 BANKED LINKER/LOCATER V6.22                                                      04/22/2015  16:23:43  PAGE 2


  C:\KEIL\C51\LIB\C51L.LIB (?C?ULDIV)
  C:\KEIL\C51\LIB\C51L.LIB (?C?ULCMP)
  C:\KEIL\C51\LIB\C51L.LIB (?C?SLSHR)
  C:\KEIL\C51\LIB\C51L.LIB (?C?LLDPTR)
  C:\KEIL\C51\LIB\C51L.LIB (?C?LLDXDATA)
  C:\KEIL\C51\LIB\C51L.LIB (?C?LLDXDATA0)
  C:\KEIL\C51\LIB\C51L.LIB (?C?LSTXDATA)
  C:\KEIL\C51\LIB\C51L.LIB (?C?LSTKXDATA)
  C:\KEIL\C51\LIB\C51L.LIB (?C?OFFXADD)
  C:\KEIL\C51\LIB\C51L.LIB (?C?PLDXDATA)
  C:\KEIL\C51\LIB\C51L.LIB (?C?PLDIXDATA)
  C:\KEIL\C51\LIB\C51L.LIB (?C?PSTXDATA)
  C:\KEIL\C51\LIB\C51L.LIB (?C?PLDCODE)
  C:\KEIL\C51\LIB\C51L.LIB (?C?PLDPTR)
  C:\KEIL\C51\LIB\C51L.LIB (?C?PLDOPTR)
  C:\KEIL\C51\LIB\C51L.LIB (?C?CCASE)
  C:\KEIL\C51\LIB\C51L.LIB (ABS)
  C:\KEIL\C51\LIB\C51L.LIB (?C_INIT)
  C:\KEIL\C51\LIB\C51L.LIB (?C?LLDIDATA)
  C:\KEIL\C51\LIB\C51L.LIB (?C?LLDPDATA)
  C:\KEIL\C51\LIB\C51L.LIB (?C?LLDCODE)
  C:\KEIL\C51\LIB\C51L.LIB (?C?PLDIDATA)
  C:\KEIL\C51\LIB\C51L.LIB (?C?PLDPDATA)


LINK MAP OF MODULE:  .\Output\AWT-ML077 (ADC)


            TYPE    BASE      LENGTH    RELOCATION   SEGMENT NAME
            -----------------------------------------------------

            * * * * * * *   D A T A   M E M O R Y   * * * * * * *
            REG     0000H     0008H     ABSOLUTE     "REG BANK 0"
            REG     0008H     0008H     ABSOLUTE     "REG BANK 1"
            DATA    0010H     000AH     UNIT         ?DT?OSDBASIC
            DATA    001AH     0005H     UNIT         ?DT?OSDMENU
                    001FH     0001H                  *** GAP ***
            BIT     0020H.0   0001H.3   UNIT         ?BI?MAIN
            BIT     0021H.3   0000H.5   UNIT         ?BI?CPU
            BIT     0022H.0   0000H.5   UNIT         ?BI?HS_DVRPROTOCOL
            BIT     0022H.5   0000H.3   UNIT         ?BI?HS_KEYREMO
            BIT     0023H.0   0000H.2   UNIT         ?BI?OSDMENU
            BIT     0023H.2   0000H.2   UNIT         _BIT_GROUP_
            BIT     0023H.4   0000H.1   UNIT         ?BI?KEYREMO
            BIT     0023H.5   0000H.1   UNIT         ?BI?HS_DISPLAYOSD
                    0023H.6   0000H.2                *** GAP ***
            DATA    0024H     003FH     UNIT         ?DT?CPU
            DATA    0063H     0007H     UNIT         ?DT?MAIN
            DATA    006AH     0002H     UNIT         ?DT?DISPINFO
            IDATA   006CH     0001H     UNIT         ?STACK

            * * * * * * *  X D A T A   M E M O R Y  * * * * * * *
            XDATA   0000H     006CH     UNIT         _XDATA_GROUP_
            XDATA   006CH     0048H     UNIT         ?XD?HS_DVRPROTOCOL
            XDATA   00B4H     0020H     UNIT         ?XD?OSDMENU
            XDATA   00D4H     0013H     UNIT         ?XD?MAIN
            XDATA   00E7H     000CH     UNIT         ?XD?HS_KEYREMO
BL51 BANKED LINKER/LOCATER V6.22                                                      04/22/2015  16:23:43  PAGE 3


            XDATA   00F3H     0009H     UNIT         ?XD?CPU
            XDATA   00FCH     0007H     UNIT         ?XD?KEYREMO
            XDATA   0103H     0002H     UNIT         ?XD?DISPINFO
            XDATA   0105H     0002H     UNIT         ?XD?AUDIO
            XDATA   0107H     0001H     UNIT         ?XD?TW88

            * * * * * * *   C O D E   M E M O R Y   * * * * * * *
            CODE    0000H     0003H     ABSOLUTE     
            CODE    0003H     0008H     UNIT         ?PR?_RS_TX?CPU
            CODE    000BH     0003H     ABSOLUTE     
            CODE    000EH     0004H     UNIT         ?PR?GETOSDPOSITIONMODE?OSDMENU
            CODE    0012H     0001H     UNIT         ?PR?DD?I2C
            CODE    0013H     0003H     ABSOLUTE     
            CODE    0016H     000DH     UNIT         ?PR?I2CSTOP?I2C
            CODE    0023H     0003H     ABSOLUTE     
            CODE    0026H     0003H     UNIT         ?PR?EXT1_INT?CPU
            CODE    0029H     0001H     UNIT         ?PR?ON_LVDS?TW88
            CODE    002AH     0001H     UNIT         ?PR?OFF_LVDS?TW88
            CODE    002BH     0003H     ABSOLUTE     
            CODE    002EH     0035H     UNIT         ?PR?OSDHIGHMENU?OSDMENU
            CODE    0063H     0003H     ABSOLUTE     
            CODE    0066H     1772H     UNIT         ?CO?OSDMENU
            CODE    17D8H     14F2H     UNIT         ?CO?UDFONT
            CODE    2CCAH     0937H     UNIT         ?PR?_SETITEMVALUE?OSDMENU
            CODE    3601H     0844H     UNIT         ?CO?CPU
            CODE    3E45H     052BH     UNIT         ?C?LIB_CODE
            CODE    4370H     03DCH     UNIT         ?PR?OSDMENU
            CODE    474CH     038DH     UNIT         ?PR?_DISPLAYOSDMENUONEITEM?OSDMENU
            CODE    4AD9H     0321H     UNIT         ?PR?_DOPRINT?PRINTF
            CODE    4DFAH     02ADH     UNIT         ?PR?CHECKKEYIN?KEYREMO
            CODE    50A7H     02A0H     UNIT         ?CO?TABLE
            CODE    5347H     0266H     UNIT         ?PR?_TW2835COMMAND?CPU
            CODE    55ADH     0216H     UNIT         ?CO?MAIN
            CODE    57C3H     020CH     UNIT         ?PR?_CAM_TXCOMMAND_TORS485?HS_DVRPROTOCOL
            CODE    59CFH     01F7H     UNIT         ?PR?_GETITEMVALUE?OSDMENU
            CODE    5BC6H     01CBH     UNIT         ?PR?RESETOSDVALUE?OSDMENU
            CODE    5D91H     01BBH     UNIT         ?PR?_DRAWMENULIST?OSDMENU
            CODE    5F4CH     01B3H     UNIT         ?PR?_TRIGGERHANDLER?HS_KEYREMO
            CODE    60FFH     01AAH     UNIT         ?CO?HS_KEYREMO
            CODE    62A9H     017DH     UNIT         ?PR?_OSDCURSORMOVE?OSDMENU
            CODE    6426H     016DH     UNIT         ?PR?DISPLAYINFO_OSD?OSDMENU
            CODE    6593H     016DH     UNIT         ?PR?OSDSELECT?OSDMENU
            CODE    6700H     0169H     UNIT         ?PR?_SETOSDPOSITIONMODE?OSDMENU
            CODE    6869H     0156H     UNIT         ?PR?MAIN_LOOP?MAIN
            CODE    69BFH     0150H     UNIT         ?PR?TIMER0_INT?CPU
            CODE    6B0FH     0136H     UNIT         ?CO?HS_DISPLAYOSD
            CODE    6C45H     0121H     UNIT         ?PR?_UTOA?OSDBASIC
            CODE    6D66H     0121H     UNIT         ?PR?_CHANGEVOL?AUDIO
            CODE    6E87H     0120H     UNIT         ?PR?DISPLAYINPUT?DISPINFO
            CODE    6FA7H     011DH     UNIT         ?PR?MAIN_INIT?CPU
            CODE    70C4H     011DH     UNIT         ?CO?OSDBASIC
            CODE    71E1H     0105H     UNIT         ?PR?LOADEEPROM?MAIN
            CODE    72E6H     0102H     UNIT         ?PR?_OSDVALUEUPDN?OSDMENU
            CODE    73E8H     00FEH     UNIT         ?CO?KEYREMO
            CODE    74E6H     00FBH     UNIT         ?PR?DISPLAYOSDMENU?OSDMENU
            CODE    75E1H     00F9H     UNIT         ?PR?CHECKDECODERINPUT?MAIN
            CODE    76DAH     00F4H     UNIT         ?PR?_GETKEY?KEYREMO
BL51 BANKED LINKER/LOCATER V6.22                                                      04/22/2015  16:23:43  PAGE 4


            CODE    77CEH     00F0H     UNIT         ?PR?DISPLAYGAUGEOSD?HS_DISPLAYOSD
            CODE    78BEH     00EFH     UNIT         ?CO?DISPINFO
            CODE    79ADH     00E9H     UNIT         ?PR?_SETVIDEOMODE?OSDMENU
            CODE    7A96H     00E5H     UNIT         ?PR?_DISPLAYINFORMATION?HS_DISPLAYOSD
            CODE    7B7BH     00E3H     UNIT         ?C_INITSEG
            CODE    7C5EH     00DDH     UNIT         ?PR?DISPLAYCURSOR?OSDMENU
            CODE    7D3BH     00DBH     UNIT         ?PR?_DISPLAYVIEWBAR?OSDMENU
            CODE    7E16H     00DAH     UNIT         ?PR?_ACTIONREMO?KEYREMO
            CODE    7EF0H     00D2H     UNIT         ?PR?_DRAWNUM?OSDMENU
            CODE    7FC2H     00D1H     UNIT         ?PR?_ADJUSTAUTODAYNIGHT?MAIN
            CODE    8093H     00D0H     UNIT         ?PR?_DRAWSTRINGBYLANG?OSDMENU
            CODE    8163H     00CAH     UNIT         ?PR?DISPLAYVOL?DISPINFO
            CODE    822DH     00CAH     UNIT         ?PR?_SET4WIDESCREEN?OSDMENU
            CODE    82F7H     00B0H     UNIT         ?PR?SETSELECTMODE?HS_KEYREMO
            CODE    83A7H     00B0H     UNIT         ?PR?SETREARSOURCE?HS_KEYREMO
            CODE    8457H     00AFH     UNIT         ?PR?_CHANGEINPUT?MAIN
            CODE    8506H     00A6H     UNIT         ?PR?_SETPCCOLOR?OSDMENU
            CODE    85ACH     00A6H     UNIT         ?PR?OSDHIGHMENU_SUB?OSDMENU
            CODE    8652H     00A5H     UNIT         ?PR?_MAPPING1?TW88
            CODE    86F7H     00A2H     UNIT         ?PR?_I2CDEVICEINITIALIZE?MAIN
            CODE    8799H     00A2H     UNIT         ?PR?_INITOSDWINDOW?OSDBASIC
            CODE    883BH     009EH     UNIT         ?PR?_SETVIDEOSHARPNESS?OSDMENU
            CODE    88D9H     0099H     UNIT         ?PR?_CHANGEVIDEODATA?OSDMENU
            CODE    8972H     0090H     UNIT         ?PR?_DISPLAYVOLUMEBAR?OSDMENU
            CODE    8A02H     0090H     UNIT         ?PR?_LCDPOWERON?TW88
            CODE    8A92H     008CH     UNIT         ?C_C51STARTUP
            CODE    8B1EH     008BH     UNIT         ?PR?INITTECHWELL?CPU
            CODE    8BA9H     008AH     UNIT         ?PR?CHECKTRIGGER?HS_KEYREMO
            CODE    8C33H     0088H     UNIT         ?PR?SETPOSSIBLEAUTODETECTSTDEE?ETC_EEP
            CODE    8CBBH     0088H     UNIT         ?PR?OSDBASIC
            CODE    8D43H     0087H     UNIT         ?PR?CHECKANDCLEAROSD?DISPINFO
            CODE    8DCAH     0083H     UNIT         ?PR?INITOSDMENU?OSDMENU
            CODE    8E4DH     0082H     UNIT         ?PR?_INITVIDEODATA?MAIN
            CODE    8ECFH     0082H     UNIT         ?PR?_DOACTION?OSDMENU
            CODE    8F51H     0081H     UNIT         ?PR?SEND_PELCOP_COMMAND?HS_DVRPROTOCOL
            CODE    8FD2H     007CH     UNIT         ?PR?SEND_PELCOD_COMMAND?HS_DVRPROTOCOL
            CODE    904EH     007BH     UNIT         ?PR?_SETPCCOLORTEMP?OSDMENU
            CODE    90C9H     007AH     UNIT         ?PR?WAITPOWERON?MAIN
            CODE    9143H     0070H     UNIT         ?PR?_SETVIDEOSATURATION?OSDMENU
            CODE    91B3H     006CH     UNIT         ?PR?_SETVIDEOHUE?OSDMENU
            CODE    921FH     0069H     UNIT         ?PR?_I2CWRITEDATA?I2C
            CODE    9288H     0069H     UNIT         ?PR?_SETVIDEOBACKLIGHT?OSDMENU
            CODE    92F1H     0066H     UNIT         ?PR?_SETRGBCONTRAST?OSDMENU
            CODE    9357H     0066H     UNIT         ?PR?RESETVIDEOVALUE?OSDMENU
            CODE    93BDH     0061H     UNIT         ?PR?GETFWREVEE?ETC_EEP
            CODE    941EH     0060H     UNIT         ?PR?TW88
            CODE    947EH     005FH     UNIT         ?PR?HS_KEYREMO
            CODE    94DDH     005EH     UNIT         ?PR?_DOWNLOADFONT?OSDBASIC
            CODE    953BH     005EH     UNIT         ?PR?INITOSDMENUXY?OSDMENU
            CODE    9599H     005BH     UNIT         ?PR?DISPLAYLOGO?DISPINFO
            CODE    95F4H     005BH     UNIT         ?PR?CHANGE_OSDCOLORLOOKUP?OSDBASIC
            CODE    964FH     005BH     UNIT         ?PR?PRINTF
            CODE    96AAH     0059H     UNIT         ?PR?GETVINPUTSTDINX?MAIN
            CODE    9703H     0059H     UNIT         ?PR?MAIN?MAIN
            CODE    975CH     0058H     UNIT         ?PR?CHECKPANELIMAGE?OSDMENU
            CODE    97B4H     0058H     UNIT         ?PR?SETJUMPMODE?HS_KEYREMO
            CODE    980CH     0057H     UNIT         ?PR?_GETOSDWINDOWY?OSDBASIC
BL51 BANKED LINKER/LOCATER V6.22                                                      04/22/2015  16:23:43  PAGE 5


            CODE    9863H     0056H     UNIT         ?PR?DETECTDECODERINPUT?TW88
            CODE    98B9H     0054H     UNIT         ?PR?DISPLAYFWVERSION?HS_DISPLAYOSD
            CODE    990DH     004FH     UNIT         ?CO?TW88
            CODE    995CH     004DH     UNIT         ?PR?CLEARCURSOR?OSDMENU
            CODE    99A9H     004DH     UNIT         ?PR?_CAMOUTDSEL?OSDMENU
            CODE    99F6H     004DH     UNIT         ?PR?SETNOWMODE?HS_KEYREMO
            CODE    9A43H     004CH     UNIT         ?PR?CLEAROSDINFO?DISPINFO
            CODE    9A8FH     004CH     UNIT         ?PR?_SETVIDEOBRIGHTNESS?OSDMENU
            CODE    9ADBH     004BH     UNIT         ?PR?INITCPU?CPU
            CODE    9B26H     004BH     UNIT         ?PR?_GETOSDWINDOWX?OSDBASIC
            CODE    9B71H     0048H     UNIT         ?PR?_WAIT_MS?CPU
            CODE    9BB9H     0047H     UNIT         ?PR?_WRITEEEP?I2C
            CODE    9C00H     0045H     UNIT         ?PR?_GETLOWERMENUITEM?OSDMENU
            CODE    9C45H     0044H     UNIT         ?PR?_SAVEFWREVEE?ETC_EEP
            CODE    9C89H     0044H     UNIT         ?PR?_SHOWOSDWINDOW_TW88?OSDBASIC
            CODE    9CCDH     0042H     UNIT         ?PR?_SETOSDWINDOWY_TW88?OSDBASIC
            CODE    9D0FH     0041H     UNIT         ?PR?_WRITEI2CN?I2C
            CODE    9D50H     0041H     UNIT         ?PR?_GETTARGETCHILD?OSDMENU
            CODE    9D91H     003FH     UNIT         ?PR?CPU
            CODE    9DD0H     003FH     UNIT         ?PR?_SETOSDWINDOWX_TW88?OSDBASIC
            CODE    9E0FH     003FH     UNIT         ?PR?_SETVIDEOCONTRAST?OSDMENU
            CODE    9E4EH     003EH     UNIT         ?PR?_WRITEI2CND?I2C
            CODE    9E8CH     003EH     UNIT         ?PR?CLOSEOSDMENU?OSDMENU
            CODE    9ECAH     003EH     UNIT         ?PR?_SETSOURCEMODE?HS_KEYREMO
            CODE    9F08H     003DH     UNIT         ?PR?GETTIME_MS?CPU
            CODE    9F45H     003CH     UNIT         ?PR?_SHOWOSDWINDOWALL?OSDBASIC
            CODE    9F81H     003AH     UNIT         ?PR?LCDPOWEROFF?TW88
            CODE    9FBBH     0039H     UNIT         ?PR?_READI2C?I2C
            CODE    9FF4H     0039H     UNIT         ?PR?_WRITEI2CN_?I2C
            CODE    A02DH     0039H     UNIT         ?PR?_SETVINPUTSTD?MAIN
            CODE    A066H     0038H     UNIT         ?PR?DOWNLOADUDFONT?OSDBASIC
            CODE    A09EH     0035H     UNIT         ?PR?HS_DVRPROTOCOL
            CODE    A0D3H     0034H     UNIT         ?PR?SERIAL_INT?CPU
            CODE    A107H     0034H     UNIT         ?PR?OPENOSDMENU?OSDMENU
            CODE    A13BH     0033H     UNIT         ?PR?_WRITESTRINGTOADDR?OSDBASIC
            CODE    A16EH     0031H     UNIT         ?PR?SERIAL2_INT?CPU
            CODE    A19FH     0031H     UNIT         ?PR?MAIN
            CODE    A1D0H     0031H     UNIT         ?PR?_DRAWATTRCNT?OSDBASIC
            CODE    A201H     0030H     UNIT         ?PR?I2CREADDATA?I2C
            CODE    A231H     0030H     UNIT         ?PR?_GET_CURSOR_ITEM?OSDMENU
            CODE    A261H     0030H     UNIT         ?PR?SETRIGHTSOURCE?HS_KEYREMO
            CODE    A291H     002DH     UNIT         ?PR?WAITENDOFDISPLAYAREA?OSDBASIC
            CODE    A2BEH     002DH     UNIT         ?PR?_CLEARDATACNT?OSDBASIC
            CODE    A2EBH     002CH     UNIT         ?PR?PUSHMENU?OSDMENU
            CODE    A317H     002CH     UNIT         ?CO?HS_DVRPROTOCOL
            CODE    A343H     0029H     UNIT         ?PR?SETAUTODETECTSTD?TW88
            CODE    A36CH     0029H     UNIT         ?PR?HS_DISPLAYOSD
            CODE    A395H     0028H     UNIT         ?PR?SAVEVALUE1?OSDMENU
            CODE    A3BDH     0027H     UNIT         ?PR?CLEARINPUT?DISPINFO
            CODE    A3E4H     0027H     UNIT         ?PR?CLEARBASICEE?ETC_EEP
            CODE    A40BH     0027H     UNIT         ?PR?_PRINTF?PRINTF
            CODE    A432H     0027H     UNIT         ?PR?SETLEFTSOURCE?HS_KEYREMO
            CODE    A459H     0026H     UNIT         ?PR?CLEARTVINFO?DISPINFO
            CODE    A47FH     0026H     UNIT         ?PR?_READEEP?I2C
            CODE    A4A5H     0026H     UNIT         ?PR?_WRITEI2C?I2C
            CODE    A4CBH     0025H     UNIT         ?PR?SEQMODE?HS_KEYREMO
            CODE    A4F0H     0024H     UNIT         ?PR?DISPINFO
BL51 BANKED LINKER/LOCATER V6.22                                                      04/22/2015  16:23:43  PAGE 6


            CODE    A514H     0023H     UNIT         ?PR?REMOVOLUP_RIGHTKEY?KEYREMO
            CODE    A537H     0023H     UNIT         ?PR?REMOVOLDN_LEFTKEY?KEYREMO
            CODE    A55AH     0023H     UNIT         ?PR?READVINPUTSTD?MAIN
            CODE    A57DH     0021H     UNIT         ?PR?_GETVIDEODATAFROMEE?ETC_EEP
            CODE    A59EH     0020H     UNIT         ?PR?CLEARGAUGEINFO?HS_DISPLAYOSD
            CODE    A5BEH     001FH     UNIT         ?PR?_DIFFTIME_MS?CPU
            CODE    A5DDH     001FH     UNIT         ?PR?GETNEXTINPUTSELECTION?MAIN
            CODE    A5FCH     001FH     UNIT         ?PR?SETTRIGGERCSOURCE?HS_KEYREMO
            CODE    A61BH     001EH     UNIT         ?PR?INITVARS?CPU
            CODE    A639H     001EH     UNIT         ?PR?_POWERLED?CPU
            CODE    A657H     001EH     UNIT         ?PR?I2C
            CODE    A675H     001DH     UNIT         ?PR?_SETLANGUAGE?OSDMENU
            CODE    A692H     001DH     UNIT         ?PR?_CLEARAUTODETECTSTD?TW88
            CODE    A6AFH     001CH     UNIT         ?PR?POPMENU?OSDMENU
            CODE    A6CBH     001CH     UNIT         ?PR?_GETNEXTCURSORMENUITEM?OSDMENU
            CODE    A6E7H     001CH     UNIT         ?PR?COMPOSITE1INPUT?TW88
            CODE    A703H     001CH     UNIT         ?PR?COMPOSITE3INPUT?TW88
            CODE    A71FH     001CH     UNIT         ?PR?COMPOSITE4INPUT?TW88
            CODE    A73BH     001BH     UNIT         ?PR?_STRLEN?OSDBASIC
            CODE    A756H     001BH     UNIT         ?PR?_PUTS?PRINTF
            CODE    A771H     0019H     UNIT         ?CO?AUDIO
            CODE    A78AH     0018H     UNIT         ?PR?_DELAY?CPU
            CODE    A7A2H     0012H     UNIT         ?PR?I2CSTART?I2C
            CODE    A7B4H     0011H     UNIT         ?PR?_SAVEVIDEODATATOEE?ETC_EEP
            CODE    A7C5H     0011H     UNIT         ?PR?ISNOINPUT?MAIN
            CODE    A7D6H     0011H     UNIT         ?PR?GETOSDLANG?OSDMENU
            CODE    A7E7H     0011H     UNIT         ?CO?PRINTF
            CODE    A7F8H     0010H     UNIT         ?PR?HS_INITVARS?MAIN
            CODE    A808H     000FH     UNIT         ?PR?TIMER2_INT?CPU
            CODE    A817H     000FH     UNIT         ?PR?CLEARMUTEINFO?DISPINFO
            CODE    A826H     000FH     UNIT         ?PR?GETLCDPOWERSTATE?TW88
            CODE    A835H     000EH     UNIT         ?PR?REMOMENU_MENUKEY?KEYREMO
            CODE    A843H     000DH     UNIT         ?PR?REMOCHNUP_UPKEY?KEYREMO
            CODE    A850H     000DH     UNIT         ?PR?REMOCHNDN_DNKEY?KEYREMO
            CODE    A85DH     000DH     UNIT         ?PR?POWEROFF?MAIN
            CODE    A86AH     000CH     UNIT         ?PR?_CLEARDISPLAYEDOSD?DISPINFO
            CODE    A876H     000CH     UNIT         ?PR?SETOSDLASTKEYINTIME?MAIN
            CODE    A882H     000CH     UNIT         ?PR?CLEARVALUEWIN?OSDMENU
            CODE    A88EH     000CH     UNIT         ?PR?_ABS?ABS
            CODE    A89AH     000BH     UNIT         ?PR?RS_READY?CPU
            CODE    A8A5H     0009H     UNIT         ?PR?_SAVEDEBUGLEVELEE?ETC_EEP
            CODE    A8AEH     0009H     UNIT         ?PR?_SAVEWIDEMODEEE?ETC_EEP
            CODE    A8B7H     0009H     UNIT         ?PR?_SAVEOSDPOSITIONMODEEE?ETC_EEP
            CODE    A8C0H     0009H     UNIT         ?PR?_SAVEINPUTSELECTIONEE?ETC_EEP
            CODE    A8C9H     0009H     UNIT         ?PR?_SAVEOSDLANGEE?ETC_EEP
            CODE    A8D2H     0009H     UNIT         ?PR?_SETAUDIOVOLEE?ETC_EEP
            CODE    A8DBH     0009H     UNIT         ?PR?_SETPCAUDIOVOLEE?ETC_EEP
            CODE    A8E4H     0009H     UNIT         ?PR?POWERDOWN_XTAL?MAIN
            CODE    A8EDH     0009H     UNIT         ?PR?GETOSDLASTKEYINTIME?MAIN
            CODE    A8F6H     0009H     UNIT         ?PR?_GETVIDEODATAWITHOFFSET?OSDMENU
            CODE    A8FFH     0009H     UNIT         ?PR?_GETUPPERMENUITEM?OSDMENU
            CODE    A908H     0009H     UNIT         ?PR?AUDIOMUTE?AUDIO
            CODE    A911H     0008H     UNIT         ?PR?_RS2_TX?CPU
            CODE    A919H     0008H     UNIT         ?PR?GETDEBUGLEVELEE?ETC_EEP
            CODE    A921H     0008H     UNIT         ?PR?GETWIDEMODEEE?ETC_EEP
            CODE    A929H     0008H     UNIT         ?PR?GETPOSSIBLEAUTODETECTSTDEE?ETC_EEP
            CODE    A931H     0008H     UNIT         ?PR?GETOSDPOSITIONMODEEE?ETC_EEP
BL51 BANKED LINKER/LOCATER V6.22                                                      04/22/2015  16:23:43  PAGE 7


            CODE    A939H     0008H     UNIT         ?PR?GETOSDLANGEE?ETC_EEP
            CODE    A941H     0008H     UNIT         ?PR?GETAUDIOVOLEE?ETC_EEP
            CODE    A949H     0008H     UNIT         ?PR?GETPCAUDIOVOLEE?ETC_EEP
            CODE    A951H     0008H     UNIT         ?PR?KEYREMO
            CODE    A959H     0007H     UNIT         ?PR?CLEARLOGO?DISPINFO
            CODE    A960H     0007H     UNIT         ?PR?_SETDISPLAYEDOSD?DISPINFO
            CODE    A967H     0006H     UNIT         ?PR?GETDISPLAYEDOSD?DISPINFO
            CODE    A96DH     0006H     UNIT         ?PR?GETVINPUTSTD?MAIN
            CODE    A973H     0006H     UNIT         ?PR?GETINPUTSELECTION?MAIN
            CODE    A979H     0003H     UNIT         ?PR?ISINPUTANALOGRGB?OSDMENU



OVERLAY MAP OF MODULE:   .\Output\AWT-ML077 (ADC)


SEGMENT                                             BIT_GROUP          XDATA_GROUP
  +--> CALLED SEGMENT                            START    LENGTH     START    LENGTH
------------------------------------------------------------------------------------
?C_C51STARTUP                                    -----    -----      -----    -----
  +--> ?PR?MAIN?MAIN
  +--> ?C_INITSEG

?PR?MAIN?MAIN                                    -----    -----      0000H    0002H
  +--> ?PR?AUDIOMUTE?AUDIO
  +--> ?PR?_WAIT_MS?CPU
  +--> ?PR?INITCPU?CPU
  +--> ?PR?_POWERLED?CPU
  +--> ?PR?INITVARS?CPU
  +--> ?PR?HS_INITVARS?MAIN
  +--> ?PR?INITTECHWELL?CPU
  +--> ?PR?MAIN_INIT?CPU
  +--> ?PR?LOADEEPROM?MAIN
  +--> ?PR?MAIN_LOOP?MAIN
  +--> ?PR?WAITPOWERON?MAIN
  +--> ?PR?_CHANGEVOL?AUDIO
  +--> ?PR?_READEEP?I2C
  +--> ?PR?_CAMOUTDSEL?OSDMENU

?PR?AUDIOMUTE?AUDIO                              0023H.2  0000H.1    -----    -----

?PR?_WAIT_MS?CPU                                 -----    -----      0027H    0004H

?PR?INITVARS?CPU                                 -----    -----      -----    -----
  +--> ?PR?_DELAY?CPU
  +--> ?PR?POWERDOWN_XTAL?MAIN

?PR?POWERDOWN_XTAL?MAIN                          0023H.2  0000H.1    -----    -----

?PR?INITTECHWELL?CPU                             -----    -----      -----    -----
  +--> ?PR?_READI2C?I2C
  +--> ?CO?CPU
  +--> ?PR?_PUTS?PRINTF
  +--> ?PR?_PRINTF?PRINTF
  +--> ?PR?RS_READY?CPU
  +--> ?PR?_DELAY?CPU
  +--> ?PR?CPU
BL51 BANKED LINKER/LOCATER V6.22                                                      04/22/2015  16:23:43  PAGE 8



?PR?_READI2C?I2C                                 -----    -----      0036H    0003H
  +--> ?PR?I2CSTART?I2C
  +--> ?PR?_I2CWRITEDATA?I2C
  +--> ?PR?I2CREADDATA?I2C
  +--> ?PR?I2CSTOP?I2C

?PR?I2CSTART?I2C                                 -----    -----      -----    -----
  +--> ?PR?DD?I2C

?PR?_I2CWRITEDATA?I2C                            -----    -----      -----    -----
  +--> ?PR?I2C

?PR?I2C                                          -----    -----      -----    -----
  +--> ?PR?DD?I2C

?PR?I2CREADDATA?I2C                              -----    -----      -----    -----
  +--> ?PR?DD?I2C

?PR?I2CSTOP?I2C                                  -----    -----      -----    -----
  +--> ?PR?DD?I2C

?PR?_PUTS?PRINTF                                 -----    -----      0021H    0003H
  +--> ?PR?PRINTF
  +--> ?PR?_RS_TX?CPU

?PR?_PRINTF?PRINTF                               -----    -----      0029H    002EH
  +--> ?PR?_DOPRINT?PRINTF

?PR?_DOPRINT?PRINTF                              0023H.2  0000H.2    0057H    0015H
  +--> ?PR?PRINTF
  +--> ?CO?PRINTF

?PR?MAIN_INIT?CPU                                -----    -----      0002H    0002H
  +--> ?PR?_WRITEI2C?I2C
  +--> ?PR?GETFWREVEE?ETC_EEP
  +--> ?PR?CPU
  +--> ?CO?CPU
  +--> ?PR?_PRINTF?PRINTF
  +--> ?PR?_SAVEFWREVEE?ETC_EEP
  +--> ?PR?_SAVEDEBUGLEVELEE?ETC_EEP
  +--> ?PR?_SAVEINPUTSELECTIONEE?ETC_EEP
  +--> ?PR?CLEARBASICEE?ETC_EEP
  +--> ?PR?GETDEBUGLEVELEE?ETC_EEP
  +--> ?PR?_SETVINPUTSTD?MAIN
  +--> ?PR?DISPLAYLOGO?DISPINFO
  +--> ?PR?_LCDPOWERON?TW88
  +--> ?PR?_READEEP?I2C
  +--> ?PR?SETPOSSIBLEAUTODETECTSTDEE?ETC_EEP
  +--> ?PR?CHANGE_OSDCOLORLOOKUP?OSDBASIC
  +--> ?PR?DOWNLOADUDFONT?OSDBASIC
  +--> ?PR?_DISPLAYINFORMATION?HS_DISPLAYOSD
  +--> ?PR?_DELAY?CPU
  +--> ?PR?CLEARGAUGEINFO?HS_DISPLAYOSD

?PR?_WRITEI2C?I2C                                -----    -----      0057H    0003H
  +--> ?PR?I2C
BL51 BANKED LINKER/LOCATER V6.22                                                      04/22/2015  16:23:43  PAGE 9


  +--> ?PR?I2CSTART?I2C
  +--> ?PR?_I2CWRITEDATA?I2C
  +--> ?PR?I2CSTOP?I2C

?PR?GETFWREVEE?ETC_EEP                           -----    -----      0004H    0002H
  +--> ?PR?_READEEP?I2C

?PR?_READEEP?I2C                                 -----    -----      0035H    0001H
  +--> ?PR?_READI2C?I2C
  +--> ?PR?_DELAY?CPU

?PR?_SAVEFWREVEE?ETC_EEP                         -----    -----      0004H    0002H
  +--> ?PR?_WRITEEEP?I2C

?PR?_WRITEEEP?I2C                                -----    -----      002AH    0004H
  +--> ?PR?I2CSTART?I2C
  +--> ?PR?_I2CWRITEDATA?I2C
  +--> ?PR?I2CSTOP?I2C
  +--> ?PR?_DELAY?CPU

?PR?_SAVEDEBUGLEVELEE?ETC_EEP                    -----    -----      -----    -----
  +--> ?PR?_WRITEEEP?I2C

?PR?_SAVEINPUTSELECTIONEE?ETC_EEP                -----    -----      -----    -----
  +--> ?PR?_WRITEEEP?I2C

?PR?CLEARBASICEE?ETC_EEP                         -----    -----      -----    -----
  +--> ?PR?_WRITEEEP?I2C
  +--> ?PR?RESETOSDVALUE?OSDMENU
  +--> ?PR?RESETVIDEOVALUE?OSDMENU
  +--> ?PR?_SET4WIDESCREEN?OSDMENU

?PR?RESETOSDVALUE?OSDMENU                        -----    -----      -----    -----
  +--> ?CO?OSDMENU
  +--> ?PR?_SAVEOSDPOSITIONMODEEE?ETC_EEP
  +--> ?PR?_READEEP?I2C
  +--> ?PR?_WRITEEEP?I2C
  +--> ?PR?_CHANGEVOL?AUDIO
  +--> ?PR?_CAMOUTDSEL?OSDMENU
  +--> ?PR?_PUTS?PRINTF
  +--> ?PR?_CLEARDATACNT?OSDBASIC
  +--> ?PR?LOADEEPROM?MAIN
  +--> ?PR?_SAVEOSDLANGEE?ETC_EEP
  +--> ?PR?INITOSDMENU?OSDMENU

?PR?_SAVEOSDPOSITIONMODEEE?ETC_EEP               -----    -----      -----    -----
  +--> ?PR?_WRITEEEP?I2C

?PR?_CHANGEVOL?AUDIO                             -----    -----      001BH    0002H
  +--> ?PR?AUDIOMUTE?AUDIO
  +--> ?CO?OSDMENU
  +--> ?PR?_WRITEI2C?I2C
  +--> ?CO?AUDIO
  +--> ?PR?_SETPCAUDIOVOLEE?ETC_EEP
  +--> ?PR?_SETAUDIOVOLEE?ETC_EEP
  +--> ?PR?_PRINTF?PRINTF

BL51 BANKED LINKER/LOCATER V6.22                                                      04/22/2015  16:23:43  PAGE 10


?PR?_SETPCAUDIOVOLEE?ETC_EEP                     -----    -----      -----    -----
  +--> ?PR?_WRITEEEP?I2C

?PR?_SETAUDIOVOLEE?ETC_EEP                       -----    -----      -----    -----
  +--> ?PR?_WRITEEEP?I2C

?PR?_CAMOUTDSEL?OSDMENU                          -----    -----      0014H    0001H
  +--> ?CO?OSDMENU
  +--> ?PR?_PUTS?PRINTF

?PR?_CLEARDATACNT?OSDBASIC                       -----    -----      0032H    0003H
  +--> ?PR?OSDBASIC
  +--> ?PR?_WRITEI2C?I2C
  +--> ?PR?_WRITEI2CND?I2C

?PR?_WRITEI2CND?I2C                              -----    -----      0036H    0005H
  +--> ?PR?I2C
  +--> ?PR?I2CSTART?I2C
  +--> ?PR?_I2CWRITEDATA?I2C
  +--> ?PR?I2CSTOP?I2C

?PR?LOADEEPROM?MAIN                              -----    -----      -----    -----
  +--> ?PR?_READEEP?I2C
  +--> ?PR?GETAUDIOVOLEE?ETC_EEP
  +--> ?PR?GETPCAUDIOVOLEE?ETC_EEP

?PR?GETAUDIOVOLEE?ETC_EEP                        -----    -----      -----    -----
  +--> ?PR?_READEEP?I2C

?PR?GETPCAUDIOVOLEE?ETC_EEP                      -----    -----      -----    -----
  +--> ?PR?_READEEP?I2C

?PR?_SAVEOSDLANGEE?ETC_EEP                       -----    -----      -----    -----
  +--> ?PR?_WRITEEEP?I2C

?PR?INITOSDMENU?OSDMENU                          -----    -----      000BH    0001H
  +--> ?PR?GETOSDLANGEE?ETC_EEP
  +--> ?PR?GETINPUTSELECTION?MAIN
  +--> ?CO?OSDMENU
  +--> ?PR?OSDMENU
  +--> ?CO?OSDBASIC
  +--> ?PR?_INITOSDWINDOW?OSDBASIC
  +--> ?PR?_CLEARDATACNT?OSDBASIC
  +--> ?PR?GETOSDPOSITIONMODEEE?ETC_EEP
  +--> ?PR?INITOSDMENUXY?OSDMENU
  +--> ?PR?DISPLAYOSDMENU?OSDMENU

?PR?GETOSDLANGEE?ETC_EEP                         -----    -----      -----    -----
  +--> ?PR?_READEEP?I2C

?PR?OSDMENU                                      -----    -----      -----    -----
  +--> ?CO?OSDMENU
  +--> ?CO?MAIN

?PR?_INITOSDWINDOW?OSDBASIC                      -----    -----      0020H    0005H
  +--> ?PR?_READI2C?I2C
  +--> ?PR?_WRITEI2C?I2C
BL51 BANKED LINKER/LOCATER V6.22                                                      04/22/2015  16:23:43  PAGE 11


  +--> ?PR?OSDBASIC
  +--> ?PR?_WRITEI2CN_?I2C

?PR?_WRITEI2CN_?I2C                              -----    -----      0025H    0006H
  +--> ?PR?I2CSTART?I2C
  +--> ?PR?_I2CWRITEDATA?I2C
  +--> ?PR?I2C
  +--> ?PR?I2CSTOP?I2C

?PR?GETOSDPOSITIONMODEEE?ETC_EEP                 -----    -----      -----    -----
  +--> ?PR?_READEEP?I2C

?PR?INITOSDMENUXY?OSDMENU                        -----    -----      000CH    0007H
  +--> ?CO?OSDMENU
  +--> ?PR?OSDMENU
  +--> ?PR?_GETOSDWINDOWX?OSDBASIC
  +--> ?PR?_SETOSDWINDOWX_TW88?OSDBASIC
  +--> ?PR?_GETOSDWINDOWY?OSDBASIC
  +--> ?PR?_SETOSDWINDOWY_TW88?OSDBASIC

?PR?_GETOSDWINDOWX?OSDBASIC                      -----    -----      002AH    0002H
  +--> ?PR?OSDBASIC
  +--> ?PR?_WRITEI2C?I2C
  +--> ?PR?_READI2C?I2C

?PR?_SETOSDWINDOWX_TW88?OSDBASIC                 -----    -----      0013H    0003H
  +--> ?PR?OSDBASIC
  +--> ?PR?_WRITEI2C?I2C
  +--> ?PR?_READI2C?I2C

?PR?_GETOSDWINDOWY?OSDBASIC                      -----    -----      002AH    0002H
  +--> ?PR?OSDBASIC
  +--> ?PR?_WRITEI2C?I2C
  +--> ?PR?_READI2C?I2C

?PR?_SETOSDWINDOWY_TW88?OSDBASIC                 -----    -----      0013H    0003H
  +--> ?PR?OSDBASIC
  +--> ?PR?_WRITEI2C?I2C
  +--> ?PR?_READI2C?I2C

?PR?DISPLAYOSDMENU?OSDMENU                       -----    -----      -----    -----
  +--> ?PR?_DRAWATTRCNT?OSDBASIC
  +--> ?PR?OSDMENU
  +--> ?PR?GETINPUTSELECTION?MAIN
  +--> ?PR?_READEEP?I2C
  +--> ?PR?_DRAWMENULIST?OSDMENU
  +--> ?PR?PUSHMENU?OSDMENU
  +--> ?PR?POPMENU?OSDMENU
  +--> ?PR?DISPLAYCURSOR?OSDMENU

?PR?_DRAWATTRCNT?OSDBASIC                        -----    -----      0032H    0004H
  +--> ?PR?OSDBASIC
  +--> ?PR?_WRITEI2C?I2C
  +--> ?PR?_WRITEI2CND?I2C

?PR?_DRAWMENULIST?OSDMENU                        -----    -----      0013H    000CH
  +--> ?PR?OSDMENU
BL51 BANKED LINKER/LOCATER V6.22                                                      04/22/2015  16:23:43  PAGE 12


  +--> ?PR?_STRLEN?OSDBASIC
  +--> ?PR?_DRAWATTRCNT?OSDBASIC
  +--> ?PR?_WRITESTRINGTOADDR?OSDBASIC
  +--> ?PR?_CLEARDATACNT?OSDBASIC
  +--> ?PR?_WRITEI2C?I2C
  +--> ?PR?_DISPLAYOSDMENUONEITEM?OSDMENU
  +--> ?PR?_GETLOWERMENUITEM?OSDMENU

?PR?_STRLEN?OSDBASIC                             -----    -----      0051H    0003H

?PR?_WRITESTRINGTOADDR?OSDBASIC                  -----    -----      0051H    0006H
  +--> ?PR?OSDBASIC
  +--> ?PR?_WRITEI2C?I2C
  +--> ?PR?_WRITEI2CN?I2C

?PR?_WRITEI2CN?I2C                               -----    -----      0057H    0007H
  +--> ?PR?I2C
  +--> ?PR?I2CSTART?I2C
  +--> ?PR?_I2CWRITEDATA?I2C
  +--> ?PR?I2CSTOP?I2C

?PR?_DISPLAYOSDMENUONEITEM?OSDMENU               -----    -----      001FH    0013H
  +--> ?PR?OSDMENU
  +--> ?PR?_DRAWATTRCNT?OSDBASIC
  +--> ?PR?_CLEARDATACNT?OSDBASIC
  +--> ?PR?_GETITEMVALUE?OSDMENU
  +--> ?PR?_DISPLAYVIEWBAR?OSDMENU
  +--> ?PR?_DRAWNUM?OSDMENU
  +--> ?CO?OSDMENU
  +--> ?PR?_WRITESTRINGTOADDR?OSDBASIC
  +--> ?PR?_DRAWSTRINGBYLANG?OSDMENU
  +--> ?PR?_STRLEN?OSDBASIC

?PR?_GETITEMVALUE?OSDMENU                        -----    -----      0032H    0003H
  +--> ?PR?GETOSDPOSITIONMODE?OSDMENU
  +--> ?PR?_READEEP?I2C
  +--> ?PR?_GETVIDEODATAWITHOFFSET?OSDMENU
  +--> ?PR?OSDMENU

?PR?GETOSDPOSITIONMODE?OSDMENU                   -----    -----      -----    -----
  +--> ?PR?GETOSDPOSITIONMODEEE?ETC_EEP

?PR?_GETVIDEODATAWITHOFFSET?OSDMENU              -----    -----      -----    -----
  +--> ?PR?_GETVIDEODATAFROMEE?ETC_EEP
  +--> ?PR?OSDMENU

?PR?_GETVIDEODATAFROMEE?ETC_EEP                  -----    -----      -----    -----
  +--> ?PR?_READEEP?I2C

?PR?_DISPLAYVIEWBAR?OSDMENU                      -----    -----      0032H    0010H
  +--> ?CO?OSDMENU
  +--> ?PR?OSDMENU
  +--> ?PR?_WRITESTRINGTOADDR?OSDBASIC

?PR?_DRAWNUM?OSDMENU                             -----    -----      0032H    001FH
  +--> ?PR?OSDMENU
  +--> ?CO?OSDMENU
BL51 BANKED LINKER/LOCATER V6.22                                                      04/22/2015  16:23:43  PAGE 13


  +--> ?PR?_UTOA?OSDBASIC
  +--> ?PR?_STRLEN?OSDBASIC
  +--> ?PR?_WRITESTRINGTOADDR?OSDBASIC

?PR?_UTOA?OSDBASIC                               -----    -----      0051H    000EH
  +--> ?PR?OSDBASIC

?PR?_DRAWSTRINGBYLANG?OSDMENU                    -----    -----      0032H    0018H
  +--> ?PR?OSDMENU
  +--> ?CO?OSDMENU
  +--> ?PR?_WRITESTRINGTOADDR?OSDBASIC
  +--> ?PR?_STRLEN?OSDBASIC

?PR?_GETLOWERMENUITEM?OSDMENU                    -----    -----      001FH    0004H

?PR?PUSHMENU?OSDMENU                             -----    -----      -----    -----
  +--> ?PR?OSDMENU

?PR?POPMENU?OSDMENU                              -----    -----      -----    -----
  +--> ?PR?OSDMENU

?PR?DISPLAYCURSOR?OSDMENU                        -----    -----      000CH    0004H
  +--> ?PR?OSDMENU
  +--> ?PR?_DRAWATTRCNT?OSDBASIC
  +--> ?PR?_GETITEMVALUE?OSDMENU

?PR?RESETVIDEOVALUE?OSDMENU                      -----    -----      000BH    0002H
  +--> ?CO?OSDMENU
  +--> ?PR?_SETVIDEOMODE?OSDMENU
  +--> ?PR?_SAVEVIDEODATATOEE?ETC_EEP

?PR?_SETVIDEOMODE?OSDMENU                        -----    -----      0021H    0007H
  +--> ?PR?_WRITEEEP?I2C
  +--> ?CO?OSDMENU
  +--> ?PR?_WRITEI2C?I2C
  +--> ?PR?OSDMENU
  +--> ?PR?_GETVIDEODATAWITHOFFSET?OSDMENU
  +--> ?PR?_SETVIDEOCONTRAST?OSDMENU
  +--> ?PR?_SETVIDEOBRIGHTNESS?OSDMENU
  +--> ?PR?_SETVIDEOSATURATION?OSDMENU
  +--> ?PR?_SETVIDEOHUE?OSDMENU
  +--> ?PR?_MAPPING1?TW88
  +--> ?PR?_READI2C?I2C

?PR?_SETVIDEOCONTRAST?OSDMENU                    -----    -----      0028H    0003H
  +--> ?PR?GETINPUTSELECTION?MAIN
  +--> ?PR?OSDMENU
  +--> ?CO?OSDMENU
  +--> ?PR?_MAPPING1?TW88
  +--> ?PR?_WRITEI2C?I2C

?PR?_MAPPING1?TW88                               -----    -----      002CH    000FH
  +--> ?PR?TW88

?PR?_SETVIDEOBRIGHTNESS?OSDMENU                  -----    -----      0028H    0003H
  +--> ?PR?OSDMENU
  +--> ?CO?OSDMENU
BL51 BANKED LINKER/LOCATER V6.22                                                      04/22/2015  16:23:43  PAGE 14


  +--> ?PR?_MAPPING1?TW88
  +--> ?PR?ISINPUTANALOGRGB?OSDMENU
  +--> ?PR?_WRITEI2C?I2C

?PR?_SETVIDEOSATURATION?OSDMENU                  -----    -----      0028H    0004H
  +--> ?PR?ISINPUTANALOGRGB?OSDMENU
  +--> ?PR?OSDMENU
  +--> ?CO?OSDMENU
  +--> ?PR?_MAPPING1?TW88
  +--> ?PR?_READI2C?I2C
  +--> ?PR?_WRITEI2C?I2C

?PR?_SETVIDEOHUE?OSDMENU                         -----    -----      0028H    0003H
  +--> ?PR?OSDMENU
  +--> ?CO?OSDMENU
  +--> ?PR?_MAPPING1?TW88
  +--> ?PR?_READI2C?I2C
  +--> ?PR?ISINPUTANALOGRGB?OSDMENU
  +--> ?PR?_WRITEI2C?I2C

?PR?_SAVEVIDEODATATOEE?ETC_EEP                   -----    -----      -----    -----
  +--> ?PR?_WRITEEEP?I2C

?PR?_SET4WIDESCREEN?OSDMENU                      -----    -----      0021H    0006H
  +--> ?PR?GETVINPUTSTD?MAIN
  +--> ?CO?OSDMENU
  +--> ?PR?OSDMENU
  +--> ?PR?WAITENDOFDISPLAYAREA?OSDBASIC
  +--> ?PR?_WRITEI2C?I2C
  +--> ?PR?_SAVEWIDEMODEEE?ETC_EEP

?PR?WAITENDOFDISPLAYAREA?OSDBASIC                -----    -----      002AH    0002H
  +--> ?PR?_READI2C?I2C

?PR?_SAVEWIDEMODEEE?ETC_EEP                      -----    -----      -----    -----
  +--> ?PR?_WRITEEEP?I2C

?PR?GETDEBUGLEVELEE?ETC_EEP                      -----    -----      -----    -----
  +--> ?PR?_READEEP?I2C

?PR?_SETVINPUTSTD?MAIN                           -----    -----      -----    -----
  +--> ?PR?MAIN

?PR?MAIN                                         -----    -----      -----    -----
  +--> ?CO?MAIN

?PR?DISPLAYLOGO?DISPINFO                         -----    -----      0004H    0002H
  +--> ?CO?DISPINFO
  +--> ?CO?OSDBASIC
  +--> ?PR?_INITOSDWINDOW?OSDBASIC
  +--> ?PR?_CLEARDATACNT?OSDBASIC
  +--> ?PR?_DRAWATTRCNT?OSDBASIC
  +--> ?PR?DISPINFO
  +--> ?PR?_WRITESTRINGTOADDR?OSDBASIC
  +--> ?PR?_SHOWOSDWINDOW_TW88?OSDBASIC

?PR?DISPINFO                                     -----    -----      -----    -----
BL51 BANKED LINKER/LOCATER V6.22                                                      04/22/2015  16:23:43  PAGE 15


  +--> ?PR?GETDISPLAYEDOSD?DISPINFO
  +--> ?CO?MAIN

?PR?_SHOWOSDWINDOW_TW88?OSDBASIC                 -----    -----      0020H    0002H
  +--> ?PR?OSDBASIC
  +--> ?PR?_WRITEI2C?I2C
  +--> ?PR?_READI2C?I2C
  +--> ?PR?WAITENDOFDISPLAYAREA?OSDBASIC

?PR?_LCDPOWERON?TW88                             -----    -----      -----    -----
  +--> ?PR?CHECKTRIGGER?HS_KEYREMO
  +--> ?PR?_POWERLED?CPU
  +--> ?PR?GETLCDPOWERSTATE?TW88
  +--> ?CO?TW88
  +--> ?PR?_PRINTF?PRINTF
  +--> ?PR?OFF_LVDS?TW88
  +--> ?PR?_WAIT_MS?CPU
  +--> ?PR?_DELAY?CPU
  +--> ?PR?ON_LVDS?TW88
  +--> ?PR?_WRITEI2C?I2C
  +--> ?PR?_PUTS?PRINTF

?PR?CHECKTRIGGER?HS_KEYREMO                      -----    -----      001BH    0001H
  +--> ?PR?_WAIT_MS?CPU
  +--> ?CO?HS_KEYREMO
  +--> ?PR?_PRINTF?PRINTF

?PR?GETLCDPOWERSTATE?TW88                        -----    -----      -----    -----
  +--> ?PR?_READI2C?I2C

?PR?SETPOSSIBLEAUTODETECTSTDEE?ETC_EEP           -----    -----      0004H    0002H
  +--> ?CO?MAIN
  +--> ?PR?_WRITEEEP?I2C

?PR?CHANGE_OSDCOLORLOOKUP?OSDBASIC               -----    -----      0004H    0002H
  +--> ?CO?UDFONT
  +--> ?PR?_WRITEI2C?I2C

?PR?DOWNLOADUDFONT?OSDBASIC                      -----    -----      0004H    0001H
  +--> ?PR?_WRITEI2C?I2C
  +--> ?CO?UDFONT
  +--> ?PR?_DOWNLOADFONT?OSDBASIC

?PR?_DOWNLOADFONT?OSDBASIC                       -----    -----      0005H    0004H
  +--> ?PR?_READI2C?I2C
  +--> ?PR?_WRITEI2C?I2C
  +--> ?PR?_WRITEI2CN?I2C

?PR?_DISPLAYINFORMATION?HS_DISPLAYOSD            -----    -----      0006H    0001H
  +--> ?PR?GETDISPLAYEDOSD?DISPINFO
  +--> ?CO?HS_DISPLAYOSD
  +--> ?PR?_PRINTF?PRINTF
  +--> ?PR?HS_DISPLAYOSD
  +--> ?PR?_INITOSDWINDOW?OSDBASIC
  +--> ?PR?CLEAROSDINFO?DISPINFO
  +--> ?PR?_CLEARDATACNT?OSDBASIC
  +--> ?PR?_DRAWATTRCNT?OSDBASIC
BL51 BANKED LINKER/LOCATER V6.22                                                      04/22/2015  16:23:43  PAGE 16


  +--> ?PR?_WRITESTRINGTOADDR?OSDBASIC
  +--> ?PR?_SETDISPLAYEDOSD?DISPINFO
  +--> ?PR?_SHOWOSDWINDOW_TW88?OSDBASIC
  +--> ?PR?_SHOWOSDWINDOWALL?OSDBASIC
  +--> ?PR?_WRITEI2C?I2C

?PR?HS_DISPLAYOSD                                -----    -----      -----    -----
  +--> ?CO?HS_DISPLAYOSD

?PR?CLEAROSDINFO?DISPINFO                        -----    -----      000FH    0001H
  +--> ?PR?CLEARLOGO?DISPINFO
  +--> ?PR?GETDISPLAYEDOSD?DISPINFO
  +--> ?PR?DISPINFO
  +--> ?CO?DISPINFO
  +--> ?PR?_PRINTF?PRINTF
  +--> ?PR?CLEARTVINFO?DISPINFO
  +--> ?PR?CLEARMUTEINFO?DISPINFO
  +--> ?PR?CLEARINPUT?DISPINFO
  +--> ?PR?CLOSEOSDMENU?OSDMENU
  +--> ?PR?CLEARGAUGEINFO?HS_DISPLAYOSD

?PR?CLEARLOGO?DISPINFO                           -----    -----      -----    -----
  +--> ?PR?_SHOWOSDWINDOW_TW88?OSDBASIC

?PR?CLEARTVINFO?DISPINFO                         -----    -----      -----    -----
  +--> ?PR?_SHOWOSDWINDOW_TW88?OSDBASIC

?PR?CLEARMUTEINFO?DISPINFO                       -----    -----      -----    -----
  +--> ?PR?_SHOWOSDWINDOW_TW88?OSDBASIC

?PR?CLEARINPUT?DISPINFO                          -----    -----      -----    -----
  +--> ?PR?_SHOWOSDWINDOWALL?OSDBASIC
  +--> ?PR?_SHOWOSDWINDOW_TW88?OSDBASIC
  +--> ?PR?GETDISPLAYEDOSD?DISPINFO
  +--> ?CO?DISPINFO
  +--> ?PR?_PRINTF?PRINTF

?PR?_SHOWOSDWINDOWALL?OSDBASIC                   -----    -----      0020H    0002H
  +--> ?CO?OSDBASIC
  +--> ?PR?_PRINTF?PRINTF
  +--> ?PR?WAITENDOFDISPLAYAREA?OSDBASIC
  +--> ?PR?_READI2C?I2C
  +--> ?PR?_WRITEI2C?I2C

?PR?CLOSEOSDMENU?OSDMENU                         -----    -----      0010H    0001H
  +--> ?PR?_SHOWOSDWINDOWALL?OSDBASIC
  +--> ?PR?WAITENDOFDISPLAYAREA?OSDBASIC
  +--> ?PR?_WRITEI2C?I2C
  +--> ?PR?_CLEARDISPLAYEDOSD?DISPINFO
  +--> ?PR?SETNOWMODE?HS_KEYREMO

?PR?SETNOWMODE?HS_KEYREMO                        -----    -----      0014H    0001H
  +--> ?PR?HS_KEYREMO
  +--> ?PR?_PUTS?PRINTF
  +--> ?PR?_SETSOURCEMODE?HS_KEYREMO
  +--> ?PR?_READEEP?I2C
  +--> ?CO?HS_KEYREMO
BL51 BANKED LINKER/LOCATER V6.22                                                      04/22/2015  16:23:43  PAGE 17



?PR?HS_KEYREMO                                   -----    -----      -----    -----
  +--> ?CO?HS_KEYREMO

?PR?_SETSOURCEMODE?HS_KEYREMO                    -----    -----      0015H    0005H
  +--> ?CO?HS_KEYREMO
  +--> ?PR?_TW2835COMMAND?CPU
  +--> ?PR?_CHANGEINPUT?MAIN

?PR?_TW2835COMMAND?CPU                           -----    -----      001AH    000DH
  +--> ?PR?CPU
  +--> ?CO?CPU
  +--> ?PR?_PRINTF?PRINTF
  +--> ?PR?GETTIME_MS?CPU
  +--> ?PR?_ABS?ABS
  +--> ?PR?_WAIT_MS?CPU

?PR?GETTIME_MS?CPU                               -----    -----      0027H    0002H

?PR?_CHANGEINPUT?MAIN                            -----    -----      001AH    0001H
  +--> ?PR?LCDPOWEROFF?TW88
  +--> ?PR?_INITVIDEODATA?MAIN
  +--> ?PR?COMPOSITE1INPUT?TW88
  +--> ?CO?MAIN
  +--> ?PR?COMPOSITE3INPUT?TW88
  +--> ?PR?_CHANGEVOL?AUDIO
  +--> ?PR?MAIN
  +--> ?PR?_PRINTF?PRINTF
  +--> ?PR?CHECKPANELIMAGE?OSDMENU
  +--> ?PR?_SAVEINPUTSELECTIONEE?ETC_EEP
  +--> ?PR?_DELAY?CPU
  +--> ?PR?CHECKDECODERINPUT?MAIN
  +--> ?PR?DISPLAYINPUT?DISPINFO
  +--> ?PR?_LCDPOWERON?TW88
  +--> ?PR?_WRITEI2C?I2C

?PR?LCDPOWEROFF?TW88                             -----    -----      -----    -----
  +--> ?PR?_WRITEI2C?I2C
  +--> ?PR?OFF_LVDS?TW88
  +--> ?PR?_WAIT_MS?CPU
  +--> ?PR?_DELAY?CPU

?PR?_INITVIDEODATA?MAIN                          -----    -----      0020H    0001H
  +--> ?CO?TABLE
  +--> ?PR?_I2CDEVICEINITIALIZE?MAIN
  +--> ?PR?MAIN
  +--> ?PR?_WRITEI2C?I2C
  +--> ?PR?_CLEARAUTODETECTSTD?TW88
  +--> ?PR?SETAUTODETECTSTD?TW88
  +--> ?PR?_READEEP?I2C
  +--> ?PR?_SETVIDEOMODE?OSDMENU
  +--> ?PR?GETWIDEMODEEE?ETC_EEP
  +--> ?PR?_SET4WIDESCREEN?OSDMENU

?PR?_I2CDEVICEINITIALIZE?MAIN                    -----    -----      0021H    0008H
  +--> ?CO?MAIN
  +--> ?PR?MAIN
BL51 BANKED LINKER/LOCATER V6.22                                                      04/22/2015  16:23:43  PAGE 18


  +--> ?PR?_PRINTF?PRINTF
  +--> ?PR?_WRITEI2C?I2C

?PR?_CLEARAUTODETECTSTD?TW88                     -----    -----      0021H    0001H
  +--> ?PR?_READI2C?I2C
  +--> ?PR?_WRITEI2C?I2C

?PR?SETAUTODETECTSTD?TW88                        -----    -----      -----    -----
  +--> ?CO?TW88
  +--> ?PR?_PUTS?PRINTF
  +--> ?PR?GETPOSSIBLEAUTODETECTSTDEE?ETC_EEP
  +--> ?PR?_WRITEI2C?I2C
  +--> ?PR?_READI2C?I2C

?PR?GETPOSSIBLEAUTODETECTSTDEE?ETC_EEP           -----    -----      -----    -----
  +--> ?PR?_READEEP?I2C

?PR?GETWIDEMODEEE?ETC_EEP                        -----    -----      -----    -----
  +--> ?PR?_READEEP?I2C

?PR?COMPOSITE1INPUT?TW88                         -----    -----      -----    -----
  +--> ?PR?_WRITEI2C?I2C
  +--> ?PR?TW88
  +--> ?PR?_READI2C?I2C

?PR?COMPOSITE3INPUT?TW88                         -----    -----      -----    -----
  +--> ?PR?_WRITEI2C?I2C
  +--> ?PR?TW88
  +--> ?PR?_READI2C?I2C

?PR?CHECKPANELIMAGE?OSDMENU                      -----    -----      -----    -----
  +--> ?PR?_READI2C?I2C
  +--> ?PR?_WRITEI2C?I2C

?PR?CHECKDECODERINPUT?MAIN                       -----    -----      001BH    0005H
  +--> ?PR?DETECTDECODERINPUT?TW88
  +--> ?CO?MAIN
  +--> ?PR?_PRINTF?PRINTF
  +--> ?PR?_SETVINPUTSTD?MAIN
  +--> ?PR?CLEARGAUGEINFO?HS_DISPLAYOSD
  +--> ?PR?GETDISPLAYEDOSD?DISPINFO
  +--> ?PR?_DELAY?CPU
  +--> ?PR?_INITVIDEODATA?MAIN

?PR?DETECTDECODERINPUT?TW88                      -----    -----      0020H    0002H
  +--> ?PR?_DELAY?CPU
  +--> ?PR?_READI2C?I2C

?PR?CLEARGAUGEINFO?HS_DISPLAYOSD                 -----    -----      -----    -----
  +--> ?PR?GETDISPLAYEDOSD?DISPINFO
  +--> ?CO?HS_DISPLAYOSD
  +--> ?PR?_PRINTF?PRINTF
  +--> ?PR?_SHOWOSDWINDOW_TW88?OSDBASIC

?PR?DISPLAYINPUT?DISPINFO                        -----    -----      001BH    0005H
  +--> ?PR?DISPINFO
  +--> ?CO?DISPINFO
BL51 BANKED LINKER/LOCATER V6.22                                                      04/22/2015  16:23:43  PAGE 19


  +--> ?PR?_PRINTF?PRINTF
  +--> ?CO?OSDBASIC
  +--> ?PR?_INITOSDWINDOW?OSDBASIC
  +--> ?PR?_CLEARDATACNT?OSDBASIC
  +--> ?PR?_DRAWATTRCNT?OSDBASIC
  +--> ?PR?_WRITESTRINGTOADDR?OSDBASIC
  +--> ?PR?GETINPUTSELECTION?MAIN
  +--> ?PR?GETVINPUTSTDINX?MAIN
  +--> ?CO?MAIN
  +--> ?PR?_STRLEN?OSDBASIC
  +--> ?PR?_READEEP?I2C
  +--> ?PR?_SHOWOSDWINDOW_TW88?OSDBASIC
  +--> ?PR?_SHOWOSDWINDOWALL?OSDBASIC
  +--> ?PR?GETTIME_MS?CPU

?PR?GETVINPUTSTDINX?MAIN                         -----    -----      -----    -----
  +--> ?PR?READVINPUTSTD?MAIN
  +--> ?PR?MAIN
  +--> ?CO?MAIN

?PR?READVINPUTSTD?MAIN                           -----    -----      -----    -----
  +--> ?PR?ISNOINPUT?MAIN
  +--> ?PR?_READI2C?I2C

?PR?ISNOINPUT?MAIN                               -----    -----      -----    -----
  +--> ?PR?_READI2C?I2C

?PR?MAIN_LOOP?MAIN                               -----    -----      0002H    0001H
  +--> ?CO?MAIN
  +--> ?PR?_PUTS?PRINTF
  +--> ?PR?GETDISPLAYEDOSD?DISPINFO
  +--> ?PR?_READEEP?I2C
  +--> ?PR?_DISPLAYINFORMATION?HS_DISPLAYOSD
  +--> ?PR?DISPLAYINPUT?DISPINFO
  +--> ?PR?CHECKTRIGGER?HS_KEYREMO
  +--> ?PR?_TRIGGERHANDLER?HS_KEYREMO
  +--> ?PR?SEQMODE?HS_KEYREMO
  +--> ?PR?_READI2C?I2C
  +--> ?PR?_ADJUSTAUTODAYNIGHT?MAIN
  +--> ?PR?CHECKKEYIN?KEYREMO
  +--> ?PR?CLEARINPUT?DISPINFO
  +--> ?PR?SETNOWMODE?HS_KEYREMO
  +--> ?PR?CHECKANDCLEAROSD?DISPINFO
  +--> ?PR?GETINPUTSELECTION?MAIN
  +--> ?PR?CHECKDECODERINPUT?MAIN
  +--> ?PR?_WRITEI2C?I2C
  +--> ?PR?_POWERLED?CPU
  +--> ?PR?_WAIT_MS?CPU

?PR?_TRIGGERHANDLER?HS_KEYREMO                   -----    -----      0005H    0008H
  +--> ?CO?HS_KEYREMO
  +--> ?PR?SETREARSOURCE?HS_KEYREMO
  +--> ?PR?CLEARGAUGEINFO?HS_DISPLAYOSD
  +--> ?PR?SETLEFTSOURCE?HS_KEYREMO
  +--> ?PR?SETRIGHTSOURCE?HS_KEYREMO
  +--> ?PR?HS_KEYREMO
  +--> ?PR?_PUTS?PRINTF
BL51 BANKED LINKER/LOCATER V6.22                                                      04/22/2015  16:23:43  PAGE 20


  +--> ?PR?SETTRIGGERCSOURCE?HS_KEYREMO
  +--> ?PR?_PRINTF?PRINTF
  +--> ?PR?CHECKTRIGGER?HS_KEYREMO
  +--> ?PR?_WAIT_MS?CPU
  +--> ?PR?DISPLAYINPUT?DISPINFO
  +--> ?PR?SETNOWMODE?HS_KEYREMO
  +--> ?PR?_READEEP?I2C
  +--> ?PR?_READI2C?I2C
  +--> ?PR?_WRITEI2C?I2C

?PR?SETREARSOURCE?HS_KEYREMO                     -----    -----      000DH    0001H
  +--> ?PR?_READEEP?I2C
  +--> ?CO?HS_KEYREMO
  +--> ?PR?HS_KEYREMO
  +--> ?PR?_SETSOURCEMODE?HS_KEYREMO
  +--> ?PR?_PRINTF?PRINTF
  +--> ?PR?_WRITEI2C?I2C
  +--> ?PR?_READI2C?I2C
  +--> ?PR?DISPLAYGAUGEOSD?HS_DISPLAYOSD

?PR?DISPLAYGAUGEOSD?HS_DISPLAYOSD                -----    -----      000EH    0001H
  +--> ?PR?CLEAROSDINFO?DISPINFO
  +--> ?PR?HS_DISPLAYOSD
  +--> ?PR?_INITOSDWINDOW?OSDBASIC
  +--> ?PR?_CLEARDATACNT?OSDBASIC
  +--> ?PR?_DRAWATTRCNT?OSDBASIC
  +--> ?CO?HS_DISPLAYOSD
  +--> ?PR?_WRITESTRINGTOADDR?OSDBASIC
  +--> ?PR?_SETDISPLAYEDOSD?DISPINFO
  +--> ?PR?_SHOWOSDWINDOW_TW88?OSDBASIC
  +--> ?PR?_SHOWOSDWINDOWALL?OSDBASIC
  +--> ?PR?_WRITEI2C?I2C

?PR?SETLEFTSOURCE?HS_KEYREMO                     -----    -----      -----    -----
  +--> ?PR?_READEEP?I2C
  +--> ?CO?HS_KEYREMO
  +--> ?PR?HS_KEYREMO
  +--> ?PR?_SETSOURCEMODE?HS_KEYREMO

?PR?SETRIGHTSOURCE?HS_KEYREMO                    -----    -----      -----    -----
  +--> ?PR?_READEEP?I2C
  +--> ?CO?HS_KEYREMO
  +--> ?PR?HS_KEYREMO
  +--> ?PR?_SETSOURCEMODE?HS_KEYREMO

?PR?SETTRIGGERCSOURCE?HS_KEYREMO                 -----    -----      -----    -----
  +--> ?PR?_READEEP?I2C
  +--> ?CO?HS_KEYREMO
  +--> ?PR?HS_KEYREMO
  +--> ?PR?_SETSOURCEMODE?HS_KEYREMO

?PR?SEQMODE?HS_KEYREMO                           -----    -----      -----    -----
  +--> ?CO?HS_KEYREMO
  +--> ?PR?HS_KEYREMO
  +--> ?PR?_SETSOURCEMODE?HS_KEYREMO

?PR?_ADJUSTAUTODAYNIGHT?MAIN                     -----    -----      0003H    0002H
BL51 BANKED LINKER/LOCATER V6.22                                                      04/22/2015  16:23:43  PAGE 21


  +--> ?PR?_READI2C?I2C
  +--> ?PR?MAIN
  +--> ?PR?_WRITEI2C?I2C

?PR?CHECKKEYIN?KEYREMO                           -----    -----      0003H    0003H
  +--> ?PR?_GETKEY?KEYREMO
  +--> ?CO?KEYREMO
  +--> ?PR?_PRINTF?PRINTF
  +--> ?PR?_READEEP?I2C
  +--> ?PR?KEYREMO
  +--> ?PR?_WAIT_MS?CPU
  +--> ?PR?_WRITEEEP?I2C
  +--> ?PR?_DISPLAYINFORMATION?HS_DISPLAYOSD
  +--> ?PR?CLEARGAUGEINFO?HS_DISPLAYOSD
  +--> ?PR?DISPLAYINPUT?DISPINFO
  +--> ?PR?_POWERLED?CPU
  +--> ?PR?_DELAY?CPU
  +--> ?PR?SETOSDLASTKEYINTIME?MAIN
  +--> ?PR?_ACTIONREMO?KEYREMO
  +--> ?PR?_WRITEI2C?I2C
  +--> ?PR?CLEAROSDINFO?DISPINFO
  +--> ?PR?CLOSEOSDMENU?OSDMENU
  +--> ?PR?GETDISPLAYEDOSD?DISPINFO
  +--> ?PR?OSDSELECT?OSDMENU
  +--> ?PR?_OSDVALUEUPDN?OSDMENU
  +--> ?PR?_OSDCURSORMOVE?OSDMENU
  +--> ?PR?SETSELECTMODE?HS_KEYREMO
  +--> ?PR?SETJUMPMODE?HS_KEYREMO
  +--> ?PR?_CAM_TXCOMMAND_TORS485?HS_DVRPROT...
  +--> ?PR?DISPLAYFWVERSION?HS_DISPLAYOSD

?PR?_GETKEY?KEYREMO                              0023H.2  0000H.1    0006H    0001H
  +--> ?PR?GETDISPLAYEDOSD?DISPINFO

?PR?SETOSDLASTKEYINTIME?MAIN                     -----    -----      -----    -----
  +--> ?PR?GETTIME_MS?CPU

?PR?_ACTIONREMO?KEYREMO                          -----    -----      0006H    0002H
  +--> ?PR?SETOSDLASTKEYINTIME?MAIN
  +--> ?PR?GETNEXTINPUTSELECTION?MAIN
  +--> ?PR?_CHANGEINPUT?MAIN
  +--> ?PR?GETDISPLAYEDOSD?DISPINFO
  +--> ?PR?CLEARINPUT?DISPINFO
  +--> ?PR?DISPLAYINPUT?DISPINFO
  +--> ?PR?REMOCHNUP_UPKEY?KEYREMO
  +--> ?PR?REMOCHNDN_DNKEY?KEYREMO
  +--> ?PR?OSDSELECT?OSDMENU
  +--> ?PR?REMOVOLUP_RIGHTKEY?KEYREMO
  +--> ?PR?REMOVOLDN_LEFTKEY?KEYREMO
  +--> ?PR?REMOMENU_MENUKEY?KEYREMO
  +--> ?PR?_DOACTION?OSDMENU
  +--> ?PR?_SETITEMVALUE?OSDMENU

?PR?GETNEXTINPUTSELECTION?MAIN                   -----    -----      -----    -----
  +--> ?PR?MAIN

?PR?REMOCHNUP_UPKEY?KEYREMO                      -----    -----      -----    -----
BL51 BANKED LINKER/LOCATER V6.22                                                      04/22/2015  16:23:43  PAGE 22


  +--> ?PR?GETDISPLAYEDOSD?DISPINFO
  +--> ?PR?_OSDCURSORMOVE?OSDMENU

?PR?_OSDCURSORMOVE?OSDMENU                       0023H.2  0000H.1    0008H    0004H
  +--> ?PR?OSDMENU
  +--> ?PR?_READEEP?I2C
  +--> ?PR?_GETNEXTCURSORMENUITEM?OSDMENU
  +--> ?PR?_GETLOWERMENUITEM?OSDMENU
  +--> ?PR?CLEARVALUEWIN?OSDMENU
  +--> ?PR?CLEARCURSOR?OSDMENU
  +--> ?PR?WAITENDOFDISPLAYAREA?OSDBASIC
  +--> ?PR?_GETOSDWINDOWY?OSDBASIC
  +--> ?PR?_SETOSDWINDOWY_TW88?OSDBASIC
  +--> ?PR?_WRITEI2C?I2C
  +--> ?PR?DISPLAYOSDMENU?OSDMENU
  +--> ?PR?_DRAWMENULIST?OSDMENU
  +--> ?PR?DISPLAYCURSOR?OSDMENU

?PR?_GETNEXTCURSORMENUITEM?OSDMENU               -----    -----      000CH    0005H
  +--> ?PR?_GETUPPERMENUITEM?OSDMENU
  +--> ?PR?_GETLOWERMENUITEM?OSDMENU

?PR?CLEARVALUEWIN?OSDMENU                        -----    -----      -----    -----
  +--> ?PR?SAVEVALUE1?OSDMENU

?PR?SAVEVALUE1?OSDMENU                           -----    -----      -----    -----
  +--> ?PR?OSDMENU

?PR?CLEARCURSOR?OSDMENU                          -----    -----      000CH    0002H
  +--> ?PR?OSDMENU
  +--> ?PR?_DRAWATTRCNT?OSDBASIC

?PR?REMOCHNDN_DNKEY?KEYREMO                      -----    -----      -----    -----
  +--> ?PR?GETDISPLAYEDOSD?DISPINFO
  +--> ?PR?_OSDCURSORMOVE?OSDMENU

?PR?OSDSELECT?OSDMENU                            -----    -----      0008H    0002H
  +--> ?PR?OSDMENU
  +--> ?PR?GETINPUTSELECTION?MAIN
  +--> ?PR?READVINPUTSTD?MAIN
  +--> ?PR?_DOACTION?OSDMENU
  +--> ?PR?CLEARCURSOR?OSDMENU
  +--> ?PR?CLOSEOSDMENU?OSDMENU
  +--> ?PR?DISPLAYCURSOR?OSDMENU
  +--> ?PR?_GETITEMVALUE?OSDMENU
  +--> ?PR?_WRITEI2C?I2C
  +--> ?PR?PUSHMENU?OSDMENU
  +--> ?PR?_GET_CURSOR_ITEM?OSDMENU
  +--> ?PR?DISPLAYOSDMENU?OSDMENU

?PR?_DOACTION?OSDMENU                            -----    -----      000AH    0001H
  +--> ?PR?_CHANGEINPUT?MAIN
  +--> ?CO?OSDMENU
  +--> ?PR?_PRINTF?PRINTF
  +--> ?PR?OSDHIGHMENU_SUB?OSDMENU
  +--> ?PR?DISPLAYINFO_OSD?OSDMENU
  +--> ?PR?CLOSEOSDMENU?OSDMENU
BL51 BANKED LINKER/LOCATER V6.22                                                      04/22/2015  16:23:43  PAGE 23


  +--> ?PR?DISPLAYINPUT?DISPINFO
  +--> ?PR?CLEAROSDINFO?DISPINFO
  +--> ?PR?RESETVIDEOVALUE?OSDMENU
  +--> ?PR?RESETOSDVALUE?OSDMENU
  +--> ?PR?SETNOWMODE?HS_KEYREMO

?PR?OSDHIGHMENU_SUB?OSDMENU                      -----    -----      000BH    0001H
  +--> ?PR?OSDMENU
  +--> ?PR?POPMENU?OSDMENU
  +--> ?PR?CLOSEOSDMENU?OSDMENU
  +--> ?CO?OSDMENU
  +--> ?PR?_PRINTF?PRINTF
  +--> ?PR?DISPLAYOSDMENU?OSDMENU
  +--> ?PR?_DRAWMENULIST?OSDMENU
  +--> ?PR?DISPLAYCURSOR?OSDMENU
  +--> ?PR?_WRITEI2C?I2C

?PR?DISPLAYINFO_OSD?OSDMENU                      -----    -----      000BH    0008H
  +--> ?PR?PUSHMENU?OSDMENU
  +--> ?PR?OSDMENU
  +--> ?PR?_DRAWMENULIST?OSDMENU
  +--> ?PR?_DRAWATTRCNT?OSDBASIC
  +--> ?CO?OSDMENU
  +--> ?PR?_WRITESTRINGTOADDR?OSDBASIC
  +--> ?PR?GETINPUTSELECTION?MAIN
  +--> ?CO?MAIN
  +--> ?PR?_STRLEN?OSDBASIC
  +--> ?PR?GETVINPUTSTDINX?MAIN
  +--> ?PR?_READEEP?I2C

?PR?_GET_CURSOR_ITEM?OSDMENU                     -----    -----      000AH    0002H
  +--> ?PR?GETINPUTSELECTION?MAIN
  +--> ?PR?_GETTARGETCHILD?OSDMENU

?PR?_GETTARGETCHILD?OSDMENU                      -----    -----      -----    -----
  +--> ?PR?OSDMENU
  +--> ?PR?_GETLOWERMENUITEM?OSDMENU

?PR?REMOVOLUP_RIGHTKEY?KEYREMO                   -----    -----      -----    -----
  +--> ?PR?GETDISPLAYEDOSD?DISPINFO
  +--> ?PR?OSDSELECT?OSDMENU
  +--> ?PR?_OSDVALUEUPDN?OSDMENU
  +--> ?PR?_CHANGEVOL?AUDIO
  +--> ?PR?DISPLAYVOL?DISPINFO

?PR?_OSDVALUEUPDN?OSDMENU                        -----    -----      0008H    0008H
  +--> ?PR?OSDMENU
  +--> ?PR?_SETITEMVALUE?OSDMENU
  +--> ?PR?_DISPLAYVIEWBAR?OSDMENU
  +--> ?PR?_DRAWNUM?OSDMENU
  +--> ?PR?_DRAWSTRINGBYLANG?OSDMENU

?PR?_SETITEMVALUE?OSDMENU                        -----    -----      0010H    0004H
  +--> ?PR?OSDMENU
  +--> ?CO?OSDMENU
  +--> ?PR?_PRINTF?PRINTF
  +--> ?PR?_SETOSDPOSITIONMODE?OSDMENU
BL51 BANKED LINKER/LOCATER V6.22                                                      04/22/2015  16:23:43  PAGE 24


  +--> ?PR?_SETLANGUAGE?OSDMENU
  +--> ?PR?_SETPCCOLORTEMP?OSDMENU
  +--> ?PR?_SETPCCOLOR?OSDMENU
  +--> ?PR?_SETVIDEOMODE?OSDMENU
  +--> ?PR?_READEEP?I2C
  +--> ?PR?_DRAWATTRCNT?OSDBASIC
  +--> ?PR?_CHANGEVIDEODATA?OSDMENU
  +--> ?PR?_SETVIDEOSHARPNESS?OSDMENU
  +--> ?PR?_CHANGEVOL?AUDIO
  +--> ?PR?_SET4WIDESCREEN?OSDMENU
  +--> ?PR?_WRITEEEP?I2C
  +--> ?PR?SETNOWMODE?HS_KEYREMO
  +--> ?PR?GETINPUTSELECTION?MAIN
  +--> ?PR?_TW2835COMMAND?CPU
  +--> ?PR?SEQMODE?HS_KEYREMO
  +--> ?PR?_CAMOUTDSEL?OSDMENU

?PR?_SETOSDPOSITIONMODE?OSDMENU                  -----    -----      0014H    0016H
  +--> ?PR?GETOSDPOSITIONMODE?OSDMENU
  +--> ?PR?OSDMENU
  +--> ?PR?_GETOSDWINDOWX?OSDBASIC
  +--> ?PR?_GETOSDWINDOWY?OSDBASIC
  +--> ?PR?WAITENDOFDISPLAYAREA?OSDBASIC
  +--> ?PR?_READI2C?I2C
  +--> ?PR?_WRITEI2C?I2C
  +--> ?PR?_WRITEI2CN?I2C
  +--> ?PR?_SAVEOSDPOSITIONMODEEE?ETC_EEP

?PR?_SETLANGUAGE?OSDMENU                         -----    -----      -----    -----
  +--> ?PR?OSDMENU
  +--> ?PR?_SAVEOSDLANGEE?ETC_EEP

?PR?_SETPCCOLORTEMP?OSDMENU                      -----    -----      0014H    0002H
  +--> ?PR?OSDMENU
  +--> ?PR?_WRITEEEP?I2C
  +--> ?PR?_READEEP?I2C
  +--> ?CO?OSDMENU
  +--> ?PR?_MAPPING1?TW88
  +--> ?PR?_SETRGBCONTRAST?OSDMENU
  +--> ?PR?_DRAWATTRCNT?OSDBASIC

?PR?_SETRGBCONTRAST?OSDMENU                      -----    -----      0016H    0008H
  +--> ?PR?_READEEP?I2C
  +--> ?PR?OSDMENU
  +--> ?PR?_MAPPING1?TW88
  +--> ?PR?_WRITEI2C?I2C

?PR?_SETPCCOLOR?OSDMENU                          -----    -----      0014H    0007H
  +--> ?PR?OSDMENU
  +--> ?PR?_MAPPING1?TW88
  +--> ?PR?_WRITEEEP?I2C
  +--> ?PR?_READEEP?I2C
  +--> ?CO?OSDMENU
  +--> ?PR?_WRITEI2C?I2C

?PR?_CHANGEVIDEODATA?OSDMENU                     -----    -----      0014H    0003H
  +--> ?PR?OSDMENU
BL51 BANKED LINKER/LOCATER V6.22                                                      04/22/2015  16:23:43  PAGE 25


  +--> ?PR?_SETVIDEOCONTRAST?OSDMENU
  +--> ?PR?_SETVIDEOBRIGHTNESS?OSDMENU
  +--> ?PR?_SETVIDEOSATURATION?OSDMENU
  +--> ?PR?_SETVIDEOHUE?OSDMENU
  +--> ?PR?_SETVIDEOBACKLIGHT?OSDMENU
  +--> ?PR?_SAVEVIDEODATATOEE?ETC_EEP

?PR?_SETVIDEOBACKLIGHT?OSDMENU                   -----    -----      0017H    0003H
  +--> ?PR?OSDMENU
  +--> ?CO?OSDMENU
  +--> ?PR?_MAPPING1?TW88
  +--> ?PR?_READI2C?I2C
  +--> ?PR?_WRITEI2C?I2C

?PR?_SETVIDEOSHARPNESS?OSDMENU                   -----    -----      0014H    0005H
  +--> ?PR?_READI2C?I2C
  +--> ?PR?OSDMENU
  +--> ?CO?OSDMENU
  +--> ?PR?_MAPPING1?TW88
  +--> ?PR?_WRITEI2C?I2C
  +--> ?PR?_SAVEVIDEODATATOEE?ETC_EEP

?PR?DISPLAYVOL?DISPINFO                          -----    -----      0008H    0002H
  +--> ?CO?DISPINFO
  +--> ?PR?_PRINTF?PRINTF
  +--> ?PR?_WRITEI2C?I2C
  +--> ?PR?CLEAROSDINFO?DISPINFO
  +--> ?PR?_DELAY?CPU
  +--> ?CO?OSDBASIC
  +--> ?PR?_INITOSDWINDOW?OSDBASIC
  +--> ?PR?_CLEARDATACNT?OSDBASIC
  +--> ?PR?_DRAWATTRCNT?OSDBASIC
  +--> ?PR?GETOSDLANG?OSDMENU
  +--> ?CO?OSDMENU
  +--> ?PR?DISPINFO
  +--> ?PR?_STRLEN?OSDBASIC
  +--> ?PR?_WRITESTRINGTOADDR?OSDBASIC
  +--> ?PR?_SHOWOSDWINDOW_TW88?OSDBASIC
  +--> ?PR?_SHOWOSDWINDOWALL?OSDBASIC
  +--> ?PR?_DISPLAYVOLUMEBAR?OSDMENU
  +--> ?PR?GETTIME_MS?CPU
  +--> ?PR?_WAIT_MS?CPU

?PR?GETOSDLANG?OSDMENU                           -----    -----      -----    -----
  +--> ?PR?GETOSDLANGEE?ETC_EEP

?PR?_DISPLAYVOLUMEBAR?OSDMENU                    -----    -----      000AH    0019H
  +--> ?CO?OSDMENU
  +--> ?PR?OSDMENU
  +--> ?PR?_WRITESTRINGTOADDR?OSDBASIC

?PR?REMOVOLDN_LEFTKEY?KEYREMO                    -----    -----      -----    -----
  +--> ?PR?GETDISPLAYEDOSD?DISPINFO
  +--> ?PR?OSDHIGHMENU?OSDMENU
  +--> ?PR?_OSDVALUEUPDN?OSDMENU
  +--> ?PR?_CHANGEVOL?AUDIO
  +--> ?PR?DISPLAYVOL?DISPINFO
BL51 BANKED LINKER/LOCATER V6.22                                                      04/22/2015  16:23:43  PAGE 26



?PR?OSDHIGHMENU?OSDMENU                          -----    -----      -----    -----
  +--> ?PR?CLEARVALUEWIN?OSDMENU
  +--> ?PR?_DRAWMENULIST?OSDMENU
  +--> ?PR?DISPLAYCURSOR?OSDMENU
  +--> ?PR?OSDMENU
  +--> ?PR?_DOACTION?OSDMENU
  +--> ?PR?CLEARCURSOR?OSDMENU
  +--> ?PR?OSDHIGHMENU_SUB?OSDMENU

?PR?REMOMENU_MENUKEY?KEYREMO                     -----    -----      -----    -----
  +--> ?PR?GETDISPLAYEDOSD?DISPINFO
  +--> ?PR?OSDHIGHMENU?OSDMENU
  +--> ?PR?OPENOSDMENU?OSDMENU

?PR?OPENOSDMENU?OSDMENU                          -----    -----      0008H    0001H
  +--> ?PR?CLEAROSDINFO?DISPINFO
  +--> ?PR?INITOSDMENU?OSDMENU
  +--> ?PR?_SHOWOSDWINDOW_TW88?OSDBASIC
  +--> ?PR?_SHOWOSDWINDOWALL?OSDBASIC
  +--> ?PR?_SETDISPLAYEDOSD?DISPINFO

?PR?SETSELECTMODE?HS_KEYREMO                     -----    -----      0006H    0001H
  +--> ?PR?HS_KEYREMO
  +--> ?PR?_PUTS?PRINTF
  +--> ?PR?_SETSOURCEMODE?HS_KEYREMO
  +--> ?PR?_WRITEEEP?I2C
  +--> ?PR?_READEEP?I2C

?PR?SETJUMPMODE?HS_KEYREMO                       -----    -----      0006H    0001H
  +--> ?PR?_READEEP?I2C
  +--> ?CO?HS_KEYREMO
  +--> ?PR?_PUTS?PRINTF
  +--> ?PR?HS_KEYREMO
  +--> ?PR?_SETSOURCEMODE?HS_KEYREMO
  +--> ?PR?_WRITEEEP?I2C

?PR?_CAM_TXCOMMAND_TORS485?HS_DVRPROT...         -----    -----      0006H    0002H
  +--> ?PR?HS_DVRPROTOCOL
  +--> ?PR?SEND_PELCOP_COMMAND?HS_DVRPROTOCOL
  +--> ?PR?SEND_PELCOD_COMMAND?HS_DVRPROTOCOL

?PR?SEND_PELCOP_COMMAND?HS_DVRPROTOCOL           -----    -----      0008H    0001H
  +--> ?PR?HS_DVRPROTOCOL
  +--> ?CO?HS_DVRPROTOCOL
  +--> ?PR?_PRINTF?PRINTF
  +--> ?PR?_WAIT_MS?CPU
  +--> ?PR?_RS2_TX?CPU

?PR?SEND_PELCOD_COMMAND?HS_DVRPROTOCOL           -----    -----      0008H    0001H
  +--> ?PR?HS_DVRPROTOCOL
  +--> ?CO?HS_DVRPROTOCOL
  +--> ?PR?_PRINTF?PRINTF
  +--> ?PR?_WAIT_MS?CPU
  +--> ?PR?_RS2_TX?CPU

?PR?DISPLAYFWVERSION?HS_DISPLAYOSD               -----    -----      -----    -----
BL51 BANKED LINKER/LOCATER V6.22                                                      04/22/2015  16:23:43  PAGE 27


  +--> ?PR?CLEAROSDINFO?DISPINFO
  +--> ?PR?HS_DISPLAYOSD
  +--> ?PR?_INITOSDWINDOW?OSDBASIC
  +--> ?PR?_CLEARDATACNT?OSDBASIC
  +--> ?PR?_DRAWATTRCNT?OSDBASIC
  +--> ?CO?HS_DISPLAYOSD
  +--> ?PR?_WRITESTRINGTOADDR?OSDBASIC
  +--> ?CO?OSDMENU
  +--> ?PR?_SETDISPLAYEDOSD?DISPINFO
  +--> ?PR?_SHOWOSDWINDOW_TW88?OSDBASIC
  +--> ?PR?_SHOWOSDWINDOWALL?OSDBASIC
  +--> ?PR?_WRITEI2C?I2C

?PR?CHECKANDCLEAROSD?DISPINFO                    -----    -----      0003H    0006H
  +--> ?PR?GETDISPLAYEDOSD?DISPINFO
  +--> ?PR?GETOSDLASTKEYINTIME?MAIN
  +--> ?PR?GETTIME_MS?CPU
  +--> ?PR?_DIFFTIME_MS?CPU
  +--> ?PR?CLEARTVINFO?DISPINFO
  +--> ?PR?DISPLAYINPUT?DISPINFO
  +--> ?PR?CLOSEOSDMENU?OSDMENU

?PR?WAITPOWERON?MAIN                             -----    -----      0002H    0003H
  +--> ?PR?CHECKTRIGGER?HS_KEYREMO
  +--> ?PR?_TRIGGERHANDLER?HS_KEYREMO
  +--> ?PR?_LCDPOWERON?TW88
  +--> ?PR?POWEROFF?MAIN
  +--> ?PR?AUDIOMUTE?AUDIO
  +--> ?PR?_GETKEY?KEYREMO
  +--> ?PR?_WRITEEEP?I2C
  +--> ?PR?DISPLAYINPUT?DISPINFO
  +--> ?PR?SETNOWMODE?HS_KEYREMO
  +--> ?PR?_READEEP?I2C

?PR?POWEROFF?MAIN                                -----    -----      -----    -----
  +--> ?PR?AUDIOMUTE?AUDIO
  +--> ?PR?LCDPOWEROFF?TW88
  +--> ?PR?_POWERLED?CPU



UNRESOLVED EXTERNAL SYMBOLS:
   COMPOSITE2INPUT



SYMBOL TABLE OF MODULE:  .\Output\AWT-ML077 (ADC)

  VALUE           TYPE          NAME
  ----------------------------------

  -------         MODULE        ADC
  C:0000H         SYMBOL        _ICE_DUMMY_
  -------         ENDMOD        ADC

  -------         MODULE        CPU
  C:0000H         SYMBOL        _ICE_DUMMY_
BL51 BANKED LINKER/LOCATER V6.22                                                      04/22/2015  16:23:43  PAGE 28


  C:9ADBH         PUBLIC        InitCPU
  D:00B1H         PUBLIC        P3M0
  C:69BFH         PUBLIC        timer0_int
  X:00F3H         PUBLIC        FormatSDCard
  D:00B2H         PUBLIC        P3M1
  D:00A0H         PUBLIC        P2
  C:A808H         PUBLIC        timer2_int
  D:00E8H         PUBLIC        P4
  X:00F4H         PUBLIC        FormatWait
  D:0024H         PUBLIC        DVR_buf
  D:0042H         PUBLIC        keytic
  D:00A8H         PUBLIC        IE
  D:0043H         PUBLIC        RS2_in
  B:0021H.3       PUBLIC        RepeatKey
  C:A78AH         PUBLIC        _delay
  B:00B0H.4       PUBLIC        P3_4
  B:00A8H.4       PUBLIC        ES
  D:00B8H         PUBLIC        IP
  D:00DEH         PUBLIC        CCAPM4
  B:0098H.0       PUBLIC        RI
  B:0098H.1       PUBLIC        TI
  C:A89AH         PUBLIC        RS_ready
  D:0044H         PUBLIC        tic01
  B:0021H.4       PUBLIC        KeyReady
  B:0021H.5       PUBLIC        RS_Xbusy
  D:00D8H         PUBLIC        CCON
  C:A911H         PUBLIC        _RS2_tx
  X:00F5H         PUBLIC        Time5ms
  X:00F6H         PUBLIC        keyticSec
  D:0045H         PUBLIC        Key
  C:A0D3H         PUBLIC        serial_int
  C:0026H         PUBLIC        ext1_int
  D:0099H         PUBLIC        SBUF
  D:0087H         PUBLIC        PCON
  D:0098H         PUBLIC        SCON
  C:A61BH         PUBLIC        InitVars
  D:0089H         PUBLIC        TMOD
  D:0088H         PUBLIC        TCON
  C:3E16H         PUBLIC        PanelInfoStr
  D:00BFH         PUBLIC        CHPCON
  C:6FA7H         PUBLIC        main_init
  D:00F6H         PUBLIC        CHPENR
  X:00F7H         PUBLIC        PowerDownWait
  D:0046H         PUBLIC        tm01
  D:0048H         PUBLIC        stopWatch
  C:5347H         PUBLIC        _TW2835Command
  D:004AH         SYMBOL        RS_buf
  B:00A8H.5       PUBLIC        ET2
  B:00C8H.7       PUBLIC        TF2
  D:008CH         PUBLIC        TH0
  D:008DH         PUBLIC        TH1
  C:A5BEH         PUBLIC        _DiffTime_ms
  B:00A8H.2       PUBLIC        EX1
  D:008AH         PUBLIC        TL0
  C:8B1EH         PUBLIC        InitTechwell
  B:0021H.6       PUBLIC        RS2_Xbusy
  C:9B71H         PUBLIC        _Wait_ms
BL51 BANKED LINKER/LOCATER V6.22                                                      04/22/2015  16:23:43  PAGE 29


  B:00C8H.2       PUBLIC        TR2
  X:00F8H         PUBLIC        updn_reg
  D:0052H         PUBLIC        RS_in
  D:0053H         PUBLIC        RS_out
  C:A16EH         PUBLIC        serial2_int
  D:009AH         PUBLIC        S2BUF
  C:A639H         PUBLIC        _PowerLED
  D:00AAH         PUBLIC        S2CON
  D:00C8H         PUBLIC        T2CON
  D:00BAH         PUBLIC        S2BRT
  C:0003H         PUBLIC        _RS_tx
  D:0054H         PUBLIC        tm001
  D:00A6H         PUBLIC        AUXR2
  B:0021H.7       PUBLIC        ChangeKey
  C:9F08H         PUBLIC        GetTime_ms
  D:0055H         PUBLIC        tic_pc
  D:0057H         PUBLIC        RS_buf2
  D:005FH         PUBLIC        SystemClock
  C:3DB0H         PUBLIC        CommTable
  D:00ADH         PUBLIC        AUXIE
  C:9D91H         SYMBOL        Com00A5
  C:9D91H         SYMBOL        L?0166
  C:9D92H         SYMBOL        L?0167
  C:9D95H         SYMBOL        L?0168
  C:9D9EH         SYMBOL        L?0169
  C:9D9EH         SYMBOL        L?0170
  C:9DA7H         SYMBOL        L?0171
  C:9DA8H         SYMBOL        L?0172
  C:9DA9H         SYMBOL        L?0173
  C:9DB2H         SYMBOL        L?0175
  C:9DB2H         SYMBOL        L?0176
  C:9DBAH         SYMBOL        L?0177
  C:9DBEH         SYMBOL        L?0178
  C:9DC6H         SYMBOL        L?0179
  C:9DC9H         SYMBOL        L?0180
  -------         PROC          COM00A5
  -------         ENDPROC       COM00A5
  C:70BCH         SYMBOL        L?0181
  -------         PROC          MAIN_INIT
  -------         DO            
  X:0002H         SYMBOL        rev
  -------         ENDDO         
  C:6FA7H         LINE#         278
  C:6FA7H         LINE#         279
  C:6FA7H         LINE#         285
  C:6FB0H         LINE#         297
  C:6FB7H         LINE#         298
  C:6FC9H         LINE#         300
  C:6FD6H         LINE#         301
  C:6FD6H         LINE#         302
  C:6FE9H         LINE#         303
  C:6FF0H         LINE#         304
  C:6FFEH         LINE#         305
  C:6FFEH         LINE#         309
  C:700BH         LINE#         310
  C:700BH         LINE#         311
  C:7019H         LINE#         312
BL51 BANKED LINKER/LOCATER V6.22                                                      04/22/2015  16:23:43  PAGE 30


  C:7019H         LINE#         313
  C:7021H         LINE#         316
  C:7026H         LINE#         317
  C:7029H         LINE#         318
  C:7032H         LINE#         323
  C:7034H         LINE#         325
  C:7034H         LINE#         327
  C:703CH         LINE#         329
  C:703CH         LINE#         330
  C:703EH         LINE#         332
  C:703EH         LINE#         333
  C:7047H         LINE#         334
  C:7050H         LINE#         335
  C:7056H         LINE#         336
  C:705BH         LINE#         338
  C:705EH         LINE#         339
  C:7063H         LINE#         341
  C:7063H         LINE#         348
  C:706FH         LINE#         349
  C:7071H         LINE#         350
  C:7071H         LINE#         351
  C:7073H         LINE#         352
  C:7075H         LINE#         354
  C:7075H         LINE#         355
  C:707AH         LINE#         356
  C:707AH         LINE#         357
  C:707DH         LINE#         360
  C:7083H         LINE#         365
  C:7086H         LINE#         367
  C:7089H         LINE#         370
  C:708EH         LINE#         371
  C:7093H         LINE#         372
  C:7096H         LINE#         387
  C:709BH         LINE#         388
  C:70A0H         LINE#         390
  C:70A9H         LINE#         394
  C:70B2H         LINE#         395
  C:70BBH         LINE#         396
  -------         ENDPROC       MAIN_INIT
  -------         PROC          INITCPU
  C:9ADBH         LINE#         401
  C:9ADBH         LINE#         402
  C:9ADBH         LINE#         403
  C:9ADEH         LINE#         404
  C:9AE1H         LINE#         405
  C:9AE4H         LINE#         406
  C:9AE7H         LINE#         410
  C:9AEAH         LINE#         417
  C:9AEDH         LINE#         419
  C:9AF0H         LINE#         421
  C:9AF3H         LINE#         425
  C:9AF9H         LINE#         427
  C:9AFCH         LINE#         428
  C:9AFFH         LINE#         432
  C:9B02H         LINE#         435
  C:9B04H         LINE#         436
  C:9B06H         LINE#         442
BL51 BANKED LINKER/LOCATER V6.22                                                      04/22/2015  16:23:43  PAGE 31


  C:9B08H         LINE#         443
  C:9B0AH         LINE#         444
  C:9B0CH         LINE#         450
  C:9B0FH         LINE#         451
  C:9B12H         LINE#         454
  C:9B15H         LINE#         457
  C:9B18H         LINE#         459
  C:9B1AH         LINE#         462
  C:9B1DH         LINE#         463
  C:9B20H         LINE#         470
  C:9B22H         LINE#         471
  C:9B25H         LINE#         472
  -------         ENDPROC       INITCPU
  -------         PROC          TIMER0_INT
  -------         DO            
  D:000FH         SYMBOL        TempKey
  -------         ENDDO         
  C:69BFH         LINE#         490
  C:69CAH         LINE#         494
  C:69CCH         LINE#         497
  C:69D2H         LINE#         498
  C:69D4H         LINE#         499
  C:69DAH         LINE#         500
  C:69DAH         LINE#         504
  C:69E3H         LINE#         506
  C:69EAH         LINE#         507
  C:69EAH         LINE#         508
  C:69F2H         LINE#         509
  C:69FAH         LINE#         510
  C:6A02H         LINE#         511
  C:6A05H         LINE#         512
  C:6A07H         LINE#         515
  C:6A0DH         LINE#         516
  C:6A0DH         LINE#         517
  C:6A0DH         LINE#         525
  C:6A17H         LINE#         528
  C:6A1FH         LINE#         529
  C:6A22H         LINE#         530
  C:6A24H         LINE#         532
  C:6A2DH         LINE#         533
  C:6A2DH         LINE#         534
  C:6A38H         LINE#         535
  C:6A50H         LINE#         536
  C:6A53H         LINE#         540
  C:6A5CH         LINE#         541
  C:6A5FH         LINE#         543
  C:6A65H         LINE#         545
  C:6A6EH         LINE#         546
  C:6A71H         LINE#         548
  C:6A74H         LINE#         549
  C:6A7AH         LINE#         550
  C:6A7DH         LINE#         551
  C:6A83H         LINE#         552
  C:6A8AH         LINE#         553
  C:6A8AH         LINE#         554
  C:6A8CH         LINE#         555
  C:6A92H         LINE#         556
BL51 BANKED LINKER/LOCATER V6.22                                                      04/22/2015  16:23:43  PAGE 32


  C:6A92H         LINE#         558
  C:6A99H         LINE#         559
  C:6A99H         LINE#         560
  C:6A9BH         LINE#         561
  C:6AA1H         LINE#         562
  C:6AA1H         LINE#         564
  C:6AA8H         LINE#         565
  C:6AA8H         LINE#         566
  C:6AAAH         LINE#         567
  C:6AB0H         LINE#         568
  C:6AB0H         LINE#         570
  C:6AB7H         LINE#         571
  C:6ABCH         LINE#         573
  C:6ABEH         LINE#         580
  C:6ABEH         LINE#         581
  C:6AC8H         LINE#         582
  C:6AD0H         LINE#         585
  C:6AD7H         LINE#         586
  C:6ADCH         LINE#         587
  C:6AE3H         LINE#         588
  C:6AE5H         LINE#         589
  C:6AE7H         LINE#         590
  C:6AE9H         LINE#         591
  C:6AEEH         LINE#         592
  C:6AF5H         LINE#         593
  C:6AF7H         LINE#         594
  C:6AF9H         LINE#         595
  C:6AFCH         LINE#         596
  C:6AFCH         LINE#         597
  C:6AFEH         LINE#         598
  C:6B00H         LINE#         600
  C:6B00H         LINE#         601
  C:6B03H         LINE#         602
  C:6B06H         LINE#         603
  C:6B06H         LINE#         605
  C:6B06H         LINE#         606
  -------         ENDPROC       TIMER0_INT
  -------         PROC          INITVARS
  C:A61BH         LINE#         611
  C:A61BH         LINE#         612
  C:A61BH         LINE#         613
  C:A624H         LINE#         622
  C:A628H         LINE#         627
  C:A62DH         LINE#         628
  C:A632H         LINE#         630
  C:A634H         LINE#         631
  -------         ENDPROC       INITVARS
  C:8B8AH         SYMBOL        L?0164
  C:8B9CH         SYMBOL        L?0174
  -------         PROC          INITTECHWELL
  C:8B1EH         LINE#         637
  C:8B1EH         LINE#         638
  C:8B1EH         LINE#         656
  C:8B32H         LINE#         657
  C:8B3AH         LINE#         658
  C:8B42H         LINE#         659
  C:8B4BH         LINE#         660
BL51 BANKED LINKER/LOCATER V6.22                                                      04/22/2015  16:23:43  PAGE 33


  C:8B55H         LINE#         661
  C:8B55H         LINE#         663
  C:8B5BH         LINE#         666
  C:8B65H         LINE#         667
  C:8B65H         LINE#         668
  C:8B6BH         LINE#         669
  C:8B76H         LINE#         670
  C:8B76H         LINE#         671
  C:8B76H         LINE#         673
  C:8B7BH         LINE#         674
  C:8B7BH         LINE#         675
  C:8B89H         LINE#         676
  C:8B89H         LINE#         677
  C:8B89H         LINE#         683
  -------         ENDPROC       INITTECHWELL
  -------         PROC          _POWERLED
  D:0007H         SYMBOL        flag
  C:A639H         LINE#         689
  C:A639H         LINE#         690
  C:A639H         LINE#         694
  C:A63DH         LINE#         696
  C:A640H         LINE#         697
  C:A640H         LINE#         699
  C:A642H         LINE#         700
  C:A645H         LINE#         701
  C:A645H         LINE#         703
  C:A648H         LINE#         704
  C:A64BH         LINE#         706
  C:A64CH         LINE#         707
  C:A650H         LINE#         708
  C:A650H         LINE#         710
  C:A653H         LINE#         711
  C:A656H         LINE#         713
  C:A656H         LINE#         714
  -------         ENDPROC       _POWERLED
  -------         PROC          EXT1_INT
  C:0026H         LINE#         723
  C:0026H         LINE#         725
  C:0028H         LINE#         726
  -------         ENDPROC       EXT1_INT
  -------         PROC          SERIAL_INT
  C:A0D3H         LINE#         841
  C:A0DAH         LINE#         847
  C:A0DDH         LINE#         848
  C:A0DFH         LINE#         849
  C:A0EFH         LINE#         851
  C:A0F1H         LINE#         852
  C:A0FBH         LINE#         853
  C:A0FBH         LINE#         855
  C:A0FEH         LINE#         856
  C:A100H         LINE#         857
  C:A102H         LINE#         858
  C:A102H         LINE#         859
  -------         ENDPROC       SERIAL_INT
  -------         PROC          SERIAL2_INT
  C:A16EH         LINE#         863
  C:A175H         LINE#         868
BL51 BANKED LINKER/LOCATER V6.22                                                      04/22/2015  16:23:43  PAGE 34


  C:A17AH         LINE#         869
  C:A17AH         LINE#         871
  C:A17DH         LINE#         872
  C:A184H         LINE#         874
  C:A186H         LINE#         875
  C:A190H         LINE#         876
  C:A190H         LINE#         878
  C:A195H         LINE#         879
  C:A195H         LINE#         880
  C:A198H         LINE#         881
  C:A19AH         LINE#         882
  C:A19AH         LINE#         883
  -------         ENDPROC       SERIAL2_INT
  -------         PROC          RS_READY
  C:A89AH         LINE#         890
  C:A89AH         LINE#         891
  C:A89AH         LINE#         892
  C:A8A2H         LINE#         893
  C:A8A4H         LINE#         894
  -------         ENDPROC       RS_READY
  -------         PROC          _RS_TX
  D:0007H         SYMBOL        tx_buf
  C:0003H         LINE#         916
  C:0003H         LINE#         917
  C:0003H         LINE#         918
  C:0006H         LINE#         919
  C:0008H         LINE#         920
  C:000AH         LINE#         921
  -------         ENDPROC       _RS_TX
  -------         PROC          _RS2_TX
  D:0007H         SYMBOL        tx_buf
  C:A911H         LINE#         926
  C:A911H         LINE#         927
  C:A911H         LINE#         936
  C:A914H         LINE#         937
  C:A916H         LINE#         938
  C:A918H         LINE#         939
  -------         ENDPROC       _RS2_TX
  -------         PROC          TIMER2_INT
  C:A808H         LINE#         977
  C:A80AH         LINE#         979
  C:A80CH         LINE#         981
  C:A814H         LINE#         1112
  -------         ENDPROC       TIMER2_INT
  -------         PROC          _DELAY
  D:0007H         SYMBOL        cnt
  -------         DO            
  D:0004H         SYMBOL        ttic01
  -------         ENDDO         
  C:A78AH         LINE#         1115
  C:A78AH         LINE#         1116
  C:A78AH         LINE#         1119
[...]
  C:6E09H         LINE#         361
  C:6E0EH         LINE#         363
  C:6E1AH         LINE#         365
  C:6E1FH         LINE#         372
  C:6E29H         LINE#         373
  C:6E29H         LINE#         389
  C:6E33H         LINE#         391
  C:6E3FH         LINE#         392
  C:6E43H         LINE#         394
  C:6E48H         LINE#         396
  C:6E50H         LINE#         397
  C:6E50H         LINE#         398
  C:6E54H         LINE#         399
  C:6E57H         LINE#         400
  C:6E59H         LINE#         402
  C:6E59H         LINE#         403
  C:6E5DH         LINE#         404
  C:6E60H         LINE#         405
  C:6E60H         LINE#         407
  C:6E63H         LINE#         408
  C:6E69H         LINE#         410
  C:6E6EH         LINE#         412
  -------         ENDPROC       _CHANGEVOL
  -------         ENDMOD        AUDIO

BL51 BANKED LINKER/LOCATER V6.22                                                      04/22/2015  16:23:43  PAGE 134


  -------         MODULE        DEBUG
  C:0000H         SYMBOL        _ICE_DUMMY_
  D:00E8H         PUBLIC        P4
  -------         ENDMOD        DEBUG

  -------         MODULE        HS_DVRPROTOCOL
  C:0000H         SYMBOL        _ICE_DUMMY_
  X:006CH         PUBLIC        PresetMode
  B:0022H.0       PUBLIC        FormatStart
  X:006DH         PUBLIC        second
  X:006EH         PUBLIC        UpdateOK
  B:0022H.1       PUBLIC        SpeedDomeMode
  D:00E8H         PUBLIC        P4
  X:006FH         PUBLIC        DVR_Resolution
  X:0070H         PUBLIC        DVR_timebeginesmonth
  X:0071H         PUBLIC        Information
  X:007FH         PUBLIC        DVR_timebeginesweek
  X:0080H         PUBLIC        minute
  X:0081H         PUBLIC        DVR_RecordLength
  B:0022H.2       PUBLIC        DoorState
  X:0082H         PUBLIC        CommandBuffer
  X:0084H         PUBLIC        month
  X:0085H         PUBLIC        InformationLen
  B:0022H.3       PUBLIC        GetDVRStatusflag
  X:0086H         PUBLIC        DVR_daylightsaving
  X:0087H         PUBLIC        DVR_FPS
  X:0088H         PUBLIC        DVR_RecordMode
  X:0089H         PUBLIC        DVR_RecordStatus
  X:008AH         PUBLIC        DVR_Quality
  X:008BH         PUBLIC        day
  X:008CH         PUBLIC        hour
  B:0022H.4       PUBLIC        DVR_Ready
  X:008DH         PUBLIC        DVR_standardtimebeginesWeek
  X:008EH         PUBLIC        DVR_standardtimebeginesTime
  C:8FD2H         PUBLIC        Send_PelcoD_Command
  X:008FH         PUBLIC        DVR_PostAlarmLength
  X:0090H         PUBLIC        DVR_PreAlarmLength
  D:008DH         PUBLIC        TH1
  X:0091H         PUBLIC        DVR_sandardtimebeginesMonth
  C:57C3H         PUBLIC        _CAM_TxCommand_toRS485
  X:0092H         PUBLIC        SerialNumber
  X:0093H         PUBLIC        DVR_System
  C:8F51H         PUBLIC        Send_PelcoP_Command
  X:0094H         PUBLIC        DVRVersion
  X:00A5H         PUBLIC        TriggerStatus
  X:00A6H         PUBLIC        PresetNumber
  X:00A7H         PUBLIC        year1
  X:00A8H         PUBLIC        year2
  X:00A9H         PUBLIC        DVR_SDCardAvailable
  D:00BAH         PUBLIC        S2BRT
  X:00AAH         PUBLIC        GPSState
  X:00ABH         PUBLIC        DVR_Busy
  X:00ACH         PUBLIC        DVR_timebeginesTime
  X:00ADH         PUBLIC        FormatStatus
  X:00AEH         PUBLIC        DVRVersionLen
  X:00AFH         PUBLIC        gb_P_Com
  X:00B1H         PUBLIC        DVR_OverWrite
BL51 BANKED LINKER/LOCATER V6.22                                                      04/22/2015  16:23:43  PAGE 135


  X:00B2H         PUBLIC        gb_PTZ_Speed
  X:00B3H         PUBLIC        DVR_TimeZone
  C:A09EH         SYMBOL        Com005D
  C:A09EH         SYMBOL        L?0094
  C:A09EH         SYMBOL        L?0095
  C:A0A5H         SYMBOL        L?0096
  C:A0A5H         SYMBOL        L?0097
  C:A0A8H         SYMBOL        L?0098
  C:A0B0H         SYMBOL        L?0099
  C:A0B0H         SYMBOL        L?0100
  C:A0B9H         SYMBOL        L?0101
  C:A0B9H         SYMBOL        L?0102
  C:A0C2H         SYMBOL        L?0103
  C:A0C2H         SYMBOL        L?0104
  C:A0C9H         SYMBOL        L?0105
  -------         PROC          COM005D
  -------         ENDPROC       COM005D
  -------         PROC          _CAM_TXCOMMAND_TORS485
  X:0006H         SYMBOL        Com_ID
  -------         DO            
  X:0007H         SYMBOL        j
  -------         ENDDO         
  C:57C3H         LINE#         994
  C:57C8H         LINE#         995
  C:57C8H         LINE#         1001
  C:57D8H         LINE#         1002
  C:57D8H         LINE#         1003
  C:57D8H         LINE#         1005
  C:57E7H         LINE#         1006
  C:57F4H         LINE#         1007
  C:57FAH         LINE#         1009
  C:5803H         LINE#         1010
  C:5809H         LINE#         1012
  C:5835H         LINE#         1013
  C:5835H         LINE#         1026
  C:5835H         LINE#         1027
  C:5835H         LINE#         1028
  C:583AH         LINE#         1029
  C:583AH         LINE#         1030
  C:583AH         LINE#         1031
  C:583AH         LINE#         1032
  C:583CH         LINE#         1040
  C:583CH         LINE#         1041
  C:5841H         LINE#         1042
  C:5841H         LINE#         1043
  C:5841H         LINE#         1044
  C:5841H         LINE#         1045
  C:5841H         LINE#         1046
  C:5844H         LINE#         1048
  C:5844H         LINE#         1049
  C:5844H         LINE#         1050
  C:584AH         LINE#         1051
  C:584BH         LINE#         1052
  C:584BH         LINE#         1053
  C:584BH         LINE#         1054
  C:584EH         LINE#         1112
  C:584EH         LINE#         1113
BL51 BANKED LINKER/LOCATER V6.22                                                      04/22/2015  16:23:43  PAGE 136


  C:584EH         LINE#         1114
  C:5853H         LINE#         1115
  C:5853H         LINE#         1119
  C:5853H         LINE#         1120
  C:5853H         LINE#         1121
  C:5855H         LINE#         1122
  C:5855H         LINE#         1123
  C:5855H         LINE#         1124
  C:585AH         LINE#         1125
  C:585AH         LINE#         1129
  C:585DH         LINE#         1130
  C:585DH         LINE#         1131
  C:585FH         LINE#         1132
  C:585FH         LINE#         1133
  C:585FH         LINE#         1134
  C:5865H         LINE#         1135
  C:5868H         LINE#         1136
  C:586EH         LINE#         1138
  C:5871H         LINE#         1139
  C:5872H         LINE#         1140
  C:5872H         LINE#         1141
  C:5874H         LINE#         1142
  C:5874H         LINE#         1143
  C:5874H         LINE#         1144
  C:587AH         LINE#         1145
  C:587DH         LINE#         1146
  C:5883H         LINE#         1148
  C:5886H         LINE#         1149
  C:588AH         LINE#         1150
  C:588AH         LINE#         1151
  C:588CH         LINE#         1152
  C:588CH         LINE#         1153
  C:588CH         LINE#         1154
  C:5892H         LINE#         1155
  C:5895H         LINE#         1156
  C:5898H         LINE#         1157
  C:589EH         LINE#         1159
  C:58A1H         LINE#         1160
  C:58A1H         LINE#         1161
  C:58A3H         LINE#         1162
  C:58A3H         LINE#         1163
  C:58A3H         LINE#         1164
  C:58A9H         LINE#         1165
  C:58ACH         LINE#         1166
  C:58AFH         LINE#         1167
  C:58B5H         LINE#         1169
  C:58B8H         LINE#         1170
  C:58B8H         LINE#         1171
  C:58BAH         LINE#         1172
  C:58BAH         LINE#         1173
  C:58BAH         LINE#         1174
  C:58BDH         LINE#         1175
  C:58BDH         LINE#         1176
  C:58C1H         LINE#         1177
  C:58C1H         LINE#         1178
  C:58C3H         LINE#         1179
  C:58C3H         LINE#         1180
BL51 BANKED LINKER/LOCATER V6.22                                                      04/22/2015  16:23:43  PAGE 137


  C:58C9H         LINE#         1181
  C:58CCH         LINE#         1182
  C:58CEH         LINE#         1183
  C:58D0H         LINE#         1184
  C:58D3H         LINE#         1185
  C:58D3H         LINE#         1216
  C:58D3H         LINE#         1217
  C:58D3H         LINE#         1218
  C:58D3H         LINE#         1220
  C:58E2H         LINE#         1221
  C:58EFH         LINE#         1222
  C:58F5H         LINE#         1224
  C:58FDH         LINE#         1226
  C:5929H         LINE#         1227
  C:5929H         LINE#         1240
  C:5929H         LINE#         1241
  C:5929H         LINE#         1242
  C:592EH         LINE#         1243
  C:592EH         LINE#         1244
  C:592EH         LINE#         1245
  C:592EH         LINE#         1246
  C:5930H         LINE#         1254
  C:5930H         LINE#         1255
  C:5935H         LINE#         1256
  C:5935H         LINE#         1257
  C:5935H         LINE#         1258
  C:5935H         LINE#         1259
  C:5935H         LINE#         1260
  C:5938H         LINE#         1262
  C:5938H         LINE#         1263
  C:5938H         LINE#         1264
  C:593EH         LINE#         1265
  C:593FH         LINE#         1266
  C:593FH         LINE#         1267
  C:593FH         LINE#         1268
  C:5942H         LINE#         1320
  C:5942H         LINE#         1321
  C:5942H         LINE#         1322
  C:5948H         LINE#         1323
  C:594BH         LINE#         1324
  C:5951H         LINE#         1326
  C:5954H         LINE#         1327
  C:5954H         LINE#         1328
  C:5954H         LINE#         1329
  C:5956H         LINE#         1330
  C:5956H         LINE#         1331
  C:5956H         LINE#         1332
  C:595CH         LINE#         1333
  C:595FH         LINE#         1334
  C:5965H         LINE#         1336
  C:5968H         LINE#         1337
  C:5969H         LINE#         1338
  C:5969H         LINE#         1339
  C:596BH         LINE#         1340
  C:596BH         LINE#         1341
  C:596BH         LINE#         1342
  C:5971H         LINE#         1343
BL51 BANKED LINKER/LOCATER V6.22                                                      04/22/2015  16:23:43  PAGE 138


  C:5974H         LINE#         1344
  C:5977H         LINE#         1345
  C:597DH         LINE#         1347
  C:5980H         LINE#         1348
  C:5980H         LINE#         1349
  C:5982H         LINE#         1350
  C:5982H         LINE#         1351
  C:5982H         LINE#         1352
  C:5988H         LINE#         1353
  C:598BH         LINE#         1354
  C:598EH         LINE#         1355
  C:5994H         LINE#         1357
  C:5997H         LINE#         1358
  C:5997H         LINE#         1359
  C:5999H         LINE#         1360
  C:5999H         LINE#         1361
  C:5999H         LINE#         1362
  C:599EH         LINE#         1363
  C:599EH         LINE#         1367
  C:59A5H         LINE#         1368
  C:59A5H         LINE#         1369
  C:59A7H         LINE#         1370
  C:59A7H         LINE#         1371
  C:59A7H         LINE#         1372
  C:59ACH         LINE#         1373
  C:59ACH         LINE#         1377
  C:59B3H         LINE#         1378
  C:59B3H         LINE#         1379
  C:59B5H         LINE#         1380
  C:59B5H         LINE#         1381
  C:59B5H         LINE#         1382
  C:59B8H         LINE#         1383
  C:59B8H         LINE#         1384
  C:59BCH         LINE#         1385
  C:59BCH         LINE#         1386
  C:59BEH         LINE#         1387
  C:59BEH         LINE#         1388
  C:59C4H         LINE#         1389
  C:59C7H         LINE#         1390
  C:59C9H         LINE#         1391
  C:59CBH         LINE#         1392
  C:59CEH         LINE#         1393
  C:59CEH         LINE#         1424
  C:59CEH         LINE#         1425
  C:59CEH         LINE#         1498
  C:59CEH         LINE#         1500
  -------         ENDPROC       _CAM_TXCOMMAND_TORS485
  -------         PROC          SEND_PELCOP_COMMAND
  -------         DO            
  X:0008H         SYMBOL        ii
  D:0004H         SYMBOL        j
  -------         ENDDO         
  C:8F51H         LINE#         1508
  C:8F51H         LINE#         1509
  C:8F51H         LINE#         1513
  C:8F59H         LINE#         1514
  C:8F5BH         LINE#         1515
BL51 BANKED LINKER/LOCATER V6.22                                                      04/22/2015  16:23:43  PAGE 139


  C:8F73H         LINE#         1521
  C:8F81H         LINE#         1522
  C:8F81H         LINE#         1523
  C:8F81H         LINE#         1524
  C:8F84H         LINE#         1525
  C:8F86H         LINE#         1526
  C:8F86H         LINE#         1527
  C:8F89H         LINE#         1528
  C:8F8BH         LINE#         1529
  C:8F8BH         LINE#         1530
  C:8F8EH         LINE#         1531
  C:8F8EH         LINE#         1532
  C:8F8EH         LINE#         1534
  C:8FA1H         LINE#         1535
  C:8FA8H         LINE#         1536
  C:8FB7H         LINE#         1537
  C:8FB7H         LINE#         1538
  C:8FBFH         LINE#         1539
  C:8FC7H         LINE#         1540
  C:8FCEH         LINE#         1541
  C:8FD1H         LINE#         1546
  -------         ENDPROC       SEND_PELCOP_COMMAND
  -------         PROC          SEND_PELCOD_COMMAND
  -------         DO            
  X:0008H         SYMBOL        ii
  D:0007H         SYMBOL        j
  -------         ENDDO         
  C:8FD2H         LINE#         1554
  C:8FD2H         LINE#         1555
  C:8FD2H         LINE#         1559
  C:8FDAH         LINE#         1560
  C:8FDCH         LINE#         1561
  C:8FECH         LINE#         1563
  C:8FFAH         LINE#         1564
  C:8FFAH         LINE#         1565
  C:8FFAH         LINE#         1566
  C:8FFDH         LINE#         1567
  C:8FFFH         LINE#         1568
  C:8FFFH         LINE#         1569
  C:9002H         LINE#         1570
  C:9004H         LINE#         1571
  C:9004H         LINE#         1572
  C:9007H         LINE#         1573
  C:9007H         LINE#         1574
  C:9007H         LINE#         1576
  C:901DH         LINE#         1577
  C:9024H         LINE#         1580
  C:9033H         LINE#         1581
  C:9033H         LINE#         1582
  C:903BH         LINE#         1583
  C:9043H         LINE#         1585
  C:904AH         LINE#         1586
  C:904DH         LINE#         1589
  -------         ENDPROC       SEND_PELCOD_COMMAND
  -------         ENDMOD        HS_DVRPROTOCOL

  -------         MODULE        ?C?COPY
BL51 BANKED LINKER/LOCATER V6.22                                                      04/22/2015  16:23:43  PAGE 140


  C:3F15H         PUBLIC        ?C?COPY
  -------         ENDMOD        ?C?COPY

  -------         MODULE        ?C?CLDPTR
  C:3F3BH         PUBLIC        ?C?CLDPTR
  -------         ENDMOD        ?C?CLDPTR

  -------         MODULE        ?C?CLDOPTR
  C:3F54H         PUBLIC        ?C?CLDOPTR
  -------         ENDMOD        ?C?CLDOPTR

  -------         MODULE        ?C?CSTPTR
  C:3F81H         PUBLIC        ?C?CSTPTR
  -------         ENDMOD        ?C?CSTPTR

  -------         MODULE        ?C?IMUL
  C:3F93H         PUBLIC        ?C?IMUL
  -------         ENDMOD        ?C?IMUL

  -------         MODULE        ?C?UIDIV
  C:3FA5H         PUBLIC        ?C?UIDIV
  -------         ENDMOD        ?C?UIDIV

  -------         MODULE        ?C?SIDIV
  C:3FFAH         PUBLIC        ?C?SIDIV
  -------         ENDMOD        ?C?SIDIV

  -------         MODULE        ?C?IILDX
  C:4030H         PUBLIC        ?C?IILDX
  -------         ENDMOD        ?C?IILDX

  -------         MODULE        ?C?ILDPTR
  C:4046H         PUBLIC        ?C?ILDPTR
  -------         ENDMOD        ?C?ILDPTR

  -------         MODULE        ?C?ILDOPTR
  C:4071H         PUBLIC        ?C?ILDOPTR
  -------         ENDMOD        ?C?ILDOPTR

  -------         MODULE        ?C?ISTPTR
  C:40A9H         PUBLIC        ?C?ISTPTR
  -------         ENDMOD        ?C?ISTPTR

  -------         MODULE        ?C?LMUL
  C:40C8H         PUBLIC        ?C?LMUL
  -------         ENDMOD        ?C?LMUL

  -------         MODULE        ?C?ULDIV
  C:4153H         PUBLIC        ?C?ULDIV
  -------         ENDMOD        ?C?ULDIV

  -------         MODULE        ?C?ULCMP
  C:41E5H         PUBLIC        ?C?ULCMP
  -------         ENDMOD        ?C?ULCMP

  -------         MODULE        ?C?SLSHR
  C:41F6H         PUBLIC        ?C?SLSHR
BL51 BANKED LINKER/LOCATER V6.22                                                      04/22/2015  16:23:43  PAGE 141


  -------         ENDMOD        ?C?SLSHR

  -------         MODULE        ?C?LLDPTR
  C:420AH         PUBLIC        ?C?LLDPTR
  -------         ENDMOD        ?C?LLDPTR

  -------         MODULE        ?C?LLDXDATA
  C:422AH         PUBLIC        ?C?LLDXDATA
  -------         ENDMOD        ?C?LLDXDATA

  -------         MODULE        ?C?LLDXDATA0
  C:4236H         PUBLIC        ?C?LLDXDATA0
  -------         ENDMOD        ?C?LLDXDATA0

  -------         MODULE        ?C?LSTXDATA
  C:4242H         PUBLIC        ?C?LSTXDATA
  -------         ENDMOD        ?C?LSTXDATA

  -------         MODULE        ?C?LSTKXDATA
  C:424EH         PUBLIC        ?C?LSTKXDATA
  -------         ENDMOD        ?C?LSTKXDATA

  -------         MODULE        ?C?OFFXADD
  C:427FH         PUBLIC        ?C?OFFXADD
  -------         ENDMOD        ?C?OFFXADD

  -------         MODULE        ?C?PLDXDATA
  C:428BH         PUBLIC        ?C?PLDXDATA
  -------         ENDMOD        ?C?PLDXDATA

  -------         MODULE        ?C?PLDIXDATA
  C:4294H         PUBLIC        ?C?PLDIXDATA
  -------         ENDMOD        ?C?PLDIXDATA

  -------         MODULE        ?C?PSTXDATA
  C:42ABH         PUBLIC        ?C?PSTXDATA
  -------         ENDMOD        ?C?PSTXDATA

  -------         MODULE        ?C?PLDCODE
  C:42B4H         PUBLIC        ?C?PLDCODE
  -------         ENDMOD        ?C?PLDCODE

  -------         MODULE        ?C?PLDPTR
  C:42C0H         PUBLIC        ?C?PLDPTR
  -------         ENDMOD        ?C?PLDPTR

  -------         MODULE        ?C?PLDOPTR
  C:42E0H         PUBLIC        ?C?PLDOPTR
  -------         ENDMOD        ?C?PLDOPTR

  -------         MODULE        ?C?CCASE
  C:4310H         PUBLIC        ?C?CCASE
  -------         ENDMOD        ?C?CCASE

  -------         MODULE        ABS
  C:A88EH         PUBLIC        _ABS
  -------         ENDMOD        ABS
BL51 BANKED LINKER/LOCATER V6.22                                                      04/22/2015  16:23:43  PAGE 142



  -------         MODULE        ?C?LLDIDATA
  C:4336H         PUBLIC        ?C?LLDIDATA
  -------         ENDMOD        ?C?LLDIDATA

  -------         MODULE        ?C?LLDPDATA
  C:4342H         PUBLIC        ?C?LLDPDATA
  -------         ENDMOD        ?C?LLDPDATA

  -------         MODULE        ?C?LLDCODE
  C:434EH         PUBLIC        ?C?LLDCODE
  -------         ENDMOD        ?C?LLDCODE

  -------         MODULE        ?C?PLDIDATA
  C:435EH         PUBLIC        ?C?PLDIDATA
  -------         ENDMOD        ?C?PLDIDATA

  -------         MODULE        ?C?PLDPDATA
  C:4367H         PUBLIC        ?C?PLDPDATA
  -------         ENDMOD        ?C?PLDPDATA

*** WARNING L13: RECURSIVE CALL TO SEGMENT
    SEGMENT: ?PR?CLEAROSDINFO?DISPINFO
    CALLER:  ?PR?DISPLAYINPUT?DISPINFO

*** WARNING L16: UNCALLED SEGMENT, IGNORED FOR OVERLAY PROCESS
    SEGMENT: ?PR?COMPOSITE4INPUT?TW88

*** WARNING L1: UNRESOLVED EXTERNAL SYMBOL
    SYMBOL:  COMPOSITE2INPUT
    MODULE:  .\Output\Main.obj (MAIN)

*** WARNING L2: REFERENCE MADE TO UNRESOLVED EXTERNAL
    SYMBOL:  COMPOSITE2INPUT
    MODULE:  .\Output\Main.obj (MAIN)
    ADDRESS: 84ADH

Program Size: data=107.6 xdata=264 code=43388
LINK/LOCATE RUN COMPLETE.  4 WARNING(S),  0 ERROR(S)
