BL51 BANKED LINKER/LOCATER V6.22                                                        12/15/2017  13:23:50  PAGE 1


BL51 BANKED LINKER/LOCATER V6.22, INVOKED BY:
C:\KEIL\C51\BIN\BL51.EXE .\Output\adc.obj, .\Output\cpu.obj, .\Output\dispinfo.obj, .\Output\etc_eep.obj, .\Output\I2c.o
>> bj, .\Output\keyremo.obj, .\Output\Main.obj, .\Output\Measure.obj, .\Output\Osdbasic.obj, .\Output\osdmenu.obj, .\Out
>> put\pc_eep.obj, .\Output\Printf.obj, .\Output\table.obj, .\Output\TW88.obj, .\Output\udfont.obj, .\Output\HS_keyremo.
>> obj, .\Output\HS_DisplayOSD.obj, .\Output\audio.obj, .\Output\Debug.obj, .\Output\HS_DVRProtocol.obj, .\Output\monito
>> r.obj TO .\Output\AWT-ML072S PRINT (.\Source\AWT-ML072S.m51) RAMSIZE (256)


MEMORY MODEL: LARGE


INPUT MODULES INCLUDED:
  .\Output\adc.obj (ADC)
  .\Output\cpu.obj (CPU)
  .\Output\dispinfo.obj (DISPINFO)
  .\Output\etc_eep.obj (ETC_EEP)
  .\Output\I2c.obj (I2C)
  .\Output\keyremo.obj (KEYREMO)
  .\Output\Main.obj (MAIN)
  .\Output\Measure.obj (MEASURE)
  .\Output\Osdbasic.obj (OSDBASIC)
  .\Output\osdmenu.obj (OSDMENU)
  .\Output\pc_eep.obj (PC_EEP)
  .\Output\Printf.obj (PRINTF)
  .\Output\table.obj (TABLE)
  .\Output\TW88.obj (TW88)
  .\Output\udfont.obj (UDFONT)
  .\Output\HS_keyremo.obj (HS_KEYREMO)
  .\Output\HS_DisplayOSD.obj (HS_DISPLAYOSD)
  .\Output\audio.obj (AUDIO)
  .\Output\Debug.obj (DEBUG)
  .\Output\HS_DVRProtocol.obj (HS_DVRPROTOCOL)
  .\Output\monitor.obj (MONITOR)
  C:\KEIL\C51\LIB\C51L.LIB (?C_STARTUP)
  C:\KEIL\C51\LIB\C51L.LIB (?C?COPY)
  C:\KEIL\C51\LIB\C51L.LIB (?C?CLDPTR)
  C:\KEIL\C51\LIB\C51L.LIB (?C?CLDOPTR)
  C:\KEIL\C51\LIB\C51L.LIB (?C?CSTPTR)
  C:\KEIL\C51\LIB\C51L.LIB (?C?IMUL)
  C:\KEIL\C51\LIB\C51L.LIB (?C?UIDIV)
  C:\KEIL\C51\LIB\C51L.LIB (?C?SIDIV)
  C:\KEIL\C51\LIB\C51L.LIB (?C?IILDX)
  C:\KEIL\C51\LIB\C51L.LIB (?C?ILDPTR)
  C:\KEIL\C51\LIB\C51L.LIB (?C?ILDOPTR)
  C:\KEIL\C51\LIB\C51L.LIB (?C?ISTPTR)
  C:\KEIL\C51\LIB\C51L.LIB (?C?LADD)
  C:\KEIL\C51\LIB\C51L.LIB (?C?LMUL)
  C:\KEIL\C51\LIB\C51L.LIB (?C?ULDIV)
  C:\KEIL\C51\LIB\C51L.LIB (?C?ULCMP)
  C:\KEIL\C51\LIB\C51L.LIB (?C?SLSHR)
  C:\KEIL\C51\LIB\C51L.LIB (?C?LLDPTR)
  C:\KEIL\C51\LIB\C51L.LIB (?C?LLDXDATA)
  C:\KEIL\C51\LIB\C51L.LIB (?C?LLDXDATA0)
  C:\KEIL\C51\LIB\C51L.LIB (?C?LSTXDATA)
  C:\KEIL\C51\LIB\C51L.LIB (?C?LSTKXDATA)
  C:\KEIL\C51\LIB\C51L.LIB (?C?OFFXADD)
  C:\KEIL\C51\LIB\C51L.LIB (?C?PLDXDATA)
  C:\KEIL\C51\LIB\C51L.LIB (?C?PLDIXDATA)
BL51 BANKED LINKER/LOCATER V6.22                                                      12/15/2017  13:23:50  PAGE 2


  C:\KEIL\C51\LIB\C51L.LIB (?C?PSTXDATA)
  C:\KEIL\C51\LIB\C51L.LIB (?C?PLDCODE)
  C:\KEIL\C51\LIB\C51L.LIB (?C?PLDPTR)
  C:\KEIL\C51\LIB\C51L.LIB (?C?PLDOPTR)
  C:\KEIL\C51\LIB\C51L.LIB (?C?CCASE)
  C:\KEIL\C51\LIB\C51L.LIB (ABS)
  C:\KEIL\C51\LIB\C51L.LIB (?C_INIT)
  C:\KEIL\C51\LIB\C51L.LIB (?C?LLDIDATA)
  C:\KEIL\C51\LIB\C51L.LIB (?C?LLDPDATA)
  C:\KEIL\C51\LIB\C51L.LIB (?C?LLDCODE)
  C:\KEIL\C51\LIB\C51L.LIB (?C?PLDIDATA)
  C:\KEIL\C51\LIB\C51L.LIB (?C?PLDPDATA)


LINK MAP OF MODULE:  .\Output\AWT-ML072S (ADC)


            TYPE    BASE      LENGTH    RELOCATION   SEGMENT NAME
            -----------------------------------------------------

            * * * * * * *   D A T A   M E M O R Y   * * * * * * *
            REG     0000H     0008H     ABSOLUTE     "REG BANK 0"
            REG     0008H     0008H     ABSOLUTE     "REG BANK 1"
            DATA    0010H     0010H     UNIT         ?DT?MAIN
            BIT     0020H.0   0001H.4   UNIT         ?BI?MAIN
            BIT     0021H.4   0000H.5   UNIT         ?BI?CPU
            BIT     0022H.1   0000H.5   UNIT         ?BI?HS_DVRPROTOCOL
            BIT     0022H.6   0000H.3   UNIT         ?BI?KEYREMO
            BIT     0023H.1   0000H.3   UNIT         ?BI?HS_KEYREMO
            BIT     0023H.4   0000H.3   UNIT         ?BI?MONITOR
            BIT     0023H.7   0000H.2   UNIT         ?BI?OSDMENU
            BIT     0024H.1   0000H.2   UNIT         _BIT_GROUP_
            BIT     0024H.3   0000H.1   UNIT         ?BI?HS_DISPLAYOSD
                    0024H.4   0000H.4                *** GAP ***
            DATA    0025H     0041H     UNIT         ?DT?CPU
            DATA    0066H     000AH     UNIT         ?DT?OSDBASIC
            DATA    0070H     0005H     UNIT         ?DT?KEYREMO
            DATA    0075H     0005H     UNIT         ?DT?OSDMENU
            DATA    007AH     0002H     UNIT         ?DT?DISPINFO
            DATA    007CH     0001H     UNIT         ?DT?MONITOR
            IDATA   007DH     0001H     UNIT         ?STACK

            * * * * * * *  X D A T A   M E M O R Y  * * * * * * *
            XDATA   0000H     0061H     UNIT         _XDATA_GROUP_
            XDATA   0061H     0048H     UNIT         ?XD?HS_DVRPROTOCOL
            XDATA   00A9H     003AH     UNIT         ?XD?MONITOR
            XDATA   00E3H     0020H     UNIT         ?XD?OSDMENU
            XDATA   0103H     0019H     UNIT         ?XD?MAIN
            XDATA   011CH     0017H     UNIT         ?XD?HS_KEYREMO
            XDATA   0133H     000DH     UNIT         ?XD?_TW2835COMMAND?CPU
            XDATA   0140H     000AH     UNIT         ?XD?KEYREMO
            XDATA   014AH     0009H     UNIT         ?XD?CPU
            XDATA   0153H     0005H     UNIT         ?XD?_SETSOURCEMODE?HS_KEYREMO
            XDATA   0158H     0004H     UNIT         ?XD?DISPINFO
            XDATA   015CH     0003H     UNIT         ?XD?TW88
            XDATA   015FH     0002H     UNIT         ?XD?DISPLAYHANDLER?DISPINFO
            XDATA   0161H     0002H     UNIT         ?XD?AUDIO
BL51 BANKED LINKER/LOCATER V6.22                                                      12/15/2017  13:23:50  PAGE 3



            * * * * * * *   C O D E   M E M O R Y   * * * * * * *
            CODE    0000H     0003H     ABSOLUTE     
            CODE    0003H     0008H     UNIT         ?PR?_RS_TX?CPU
            CODE    000BH     0003H     ABSOLUTE     
            CODE    000EH     0005H     UNIT         ?PR?SETLEFTSOURCE?HS_KEYREMO
            CODE    0013H     0003H     ABSOLUTE     
            CODE    0016H     000DH     UNIT         ?PR?I2CSTOP?I2C
            CODE    0023H     0003H     ABSOLUTE     
            CODE    0026H     0005H     UNIT         ?PR?SETRIGHTSOURCE?HS_KEYREMO
            CODE    002BH     0003H     ABSOLUTE     
            CODE    002EH     0035H     UNIT         ?PR?OSDHIGHMENU?OSDMENU
            CODE    0063H     0003H     ABSOLUTE     
            CODE    0066H     1821H     UNIT         ?CO?OSDMENU
            CODE    1887H     14F2H     UNIT         ?CO?UDFONT
            CODE    2D79H     09B2H     UNIT         ?PR?_SETITEMVALUE?OSDMENU
            CODE    372BH     0844H     UNIT         ?CO?CPU
            CODE    3F6FH     059FH     UNIT         ?CO?MONITOR
            CODE    450EH     0538H     UNIT         ?C?LIB_CODE
            CODE    4A46H     04F5H     UNIT         ?PR?CHECKKEYIN?KEYREMO
            CODE    4F3BH     040BH     UNIT         ?PR?MONITOR?MONITOR
            CODE    5346H     03CEH     UNIT         ?PR?OSDMENU
            CODE    5714H     03B1H     UNIT         ?PR?_DISPLAYOSDMENUONEITEM?OSDMENU
            CODE    5AC5H     0359H     UNIT         ?PR?DISPLAYINPUT?DISPINFO
            CODE    5E1EH     0321H     UNIT         ?PR?_DOPRINT?PRINTF
            CODE    613FH     02A0H     UNIT         ?CO?TABLE
            CODE    63DFH     0285H     UNIT         ?PR?_TRIGGERHANDLER?HS_KEYREMO
            CODE    6664H     0279H     UNIT         ?PR?_TW2835COMMAND?CPU
            CODE    68DDH     0250H     UNIT         ?PR?_GETITEMVALUE?OSDMENU
            CODE    6B2DH     0248H     UNIT         ?CO?KEYREMO
            CODE    6D75H     020CH     UNIT         ?PR?_CAM_TXCOMMAND_TORS485?HS_DVRPROTOCOL
            CODE    6F81H     01E3H     UNIT         ?PR?RESETOSDVALUE?OSDMENU
            CODE    7164H     01DAH     UNIT         ?CO?MAIN
            CODE    733EH     01C5H     UNIT         ?PR?_OSDCURSORMOVE?OSDMENU
            CODE    7503H     01BBH     UNIT         ?PR?_DRAWMENULIST?OSDMENU
            CODE    76BEH     01AFH     UNIT         ?PR?MONGETCOMMAND?MONITOR
            CODE    786DH     01ABH     UNIT         ?PR?DISPLAYHANDLER?DISPINFO
            CODE    7A18H     0184H     UNIT         ?CO?HS_KEYREMO
            CODE    7B9CH     0172H     UNIT         ?C_INITSEG
            CODE    7D0EH     0170H     UNIT         ?PR?OSDSELECT?OSDMENU
            CODE    7E7EH     0169H     UNIT         ?PR?_SETOSDPOSITIONMODE?OSDMENU
            CODE    7FE7H     0167H     UNIT         ?PR?DISPLAYINFO_OSD?OSDMENU
            CODE    814EH     015CH     UNIT         ?PR?TIMER0_INT?CPU
            CODE    82AAH     0150H     UNIT         ?PR?MONITOR
            CODE    83FAH     014CH     UNIT         ?CO?OSDBASIC
            CODE    8546H     0127H     UNIT         ?PR?_DISPLAYRAMFONT?OSDBASIC
            CODE    866DH     0127H     UNIT         ?PR?_OSDVALUEUPDN?OSDMENU
            CODE    8794H     0121H     UNIT         ?PR?_UTOA?OSDBASIC
            CODE    88B5H     0121H     UNIT         ?PR?_CHANGEVOL?AUDIO
            CODE    89D6H     011DH     UNIT         ?PR?MAIN_INIT?CPU
            CODE    8AF3H     0119H     UNIT         ?PR?LOADEEPROM?MAIN
            CODE    8C0CH     0110H     UNIT         ?CO?DISPINFO
            CODE    8D1CH     010CH     UNIT         ?PR?_DISPLAYINFORMATION?HS_DISPLAYOSD
            CODE    8E28H     0103H     UNIT         ?PR?MAIN_LOOP?MAIN
            CODE    8F2BH     0103H     UNIT         ?PR?_DISPLAYROMFONT?OSDBASIC
            CODE    902EH     00F2H     UNIT         ?PR?MONWRITEBIT?MONITOR
            CODE    9120H     00EDH     UNIT         ?PR?_SETVIDEOMODE?OSDMENU
BL51 BANKED LINKER/LOCATER V6.22                                                      12/15/2017  13:23:50  PAGE 4


            CODE    920DH     00E6H     UNIT         ?PR?DISPLAYGAUGEOSD?HS_DISPLAYOSD
            CODE    92F3H     00E2H     UNIT         ?PR?DISPLAYOSDMENU?OSDMENU
            CODE    93D5H     00E0H     UNIT         ?CO?HS_DISPLAYOSD
            CODE    94B5H     00DFH     UNIT         ?PR?_ADJUSTAUTODAYNIGHT?MAIN
            CODE    9594H     00DDH     UNIT         ?PR?DISPLAYCURSOR?OSDMENU
            CODE    9671H     00DDH     UNIT         ?PR?_DRAWNUM?OSDMENU
            CODE    974EH     00DDH     UNIT         ?PR?MONDUMPI2C?MONITOR
            CODE    982BH     00DAH     UNIT         ?PR?_ACTIONREMO?KEYREMO
            CODE    9905H     00D2H     UNIT         ?PR?_SET4WIDESCREEN?OSDMENU
            CODE    99D7H     00CFH     UNIT         ?PR?_DRAWSTRINGBYLANG?OSDMENU
            CODE    9AA6H     00CDH     UNIT         ?PR?DISPLAYVOL?DISPINFO
            CODE    9B73H     00C5H     UNIT         ?PR?CHECKDECODERINPUT?MAIN
            CODE    9C38H     00BEH     UNIT         ?PR?_CHANGEINPUT?MAIN
            CODE    9CF6H     00BCH     UNIT         ?PR?MONNEWDUMPI2C?MONITOR
            CODE    9DB2H     00BAH     UNIT         ?PR?_INITVIDEODATA?MAIN
            CODE    9E6CH     00B6H     UNIT         ?PR?CHECKMIRROR?HS_KEYREMO
            CODE    9F22H     00B1H     UNIT         ?PR?_LCDPOWERON?TW88
            CODE    9FD3H     00ADH     UNIT         ?PR?_SETPCCOLOR?OSDMENU
            CODE    A080H     00A9H     UNIT         ?PR?OSDBASIC
            CODE    A129H     00A9H     UNIT         ?PR?OSDHIGHMENU_SUB?OSDMENU
            CODE    A1D2H     00A7H     UNIT         ?PR?VLOSSHANDLER?DISPINFO
            CODE    A279H     00A5H     UNIT         ?PR?_MAPPING1?TW88
            CODE    A31EH     00A3H     UNIT         ?PR?_SETVIDEOSHARPNESS?OSDMENU
            CODE    A3C1H     00A3H     UNIT         ?PR?_DISPLAYVIEWBAR?OSDMENU
            CODE    A464H     00A2H     UNIT         ?PR?_INITOSDWINDOW?OSDBASIC
            CODE    A506H     00A2H     UNIT         ?PR?MONHELP?MONITOR
            CODE    A5A8H     009EH     UNIT         ?PR?_CHANGEVIDEODATA?OSDMENU
            CODE    A646H     009CH     UNIT         ?PR?CHECKANDCLEAROSD?DISPINFO
            CODE    A6E2H     009BH     UNIT         ?PR?_DISPLAYVOLUMEBAR?OSDMENU
            CODE    A77DH     0094H     UNIT         ?PR?_DOACTION?OSDMENU
            CODE    A811H     0090H     UNIT         ?PR?MAIN?MAIN
            CODE    A8A1H     0090H     UNIT         ?PR?SETSELECTMODE?HS_KEYREMO
            CODE    A931H     008CH     UNIT         ?C_C51STARTUP
            CODE    A9BDH     008BH     UNIT         ?PR?INITTECHWELL?CPU
            CODE    AA48H     0088H     UNIT         ?PR?SETPOSSIBLEAUTODETECTSTDEE?ETC_EEP
            CODE    AAD0H     0086H     UNIT         ?PR?_AWT_DISPLAYVIEWBAR?OSDMENU
            CODE    AB56H     0083H     UNIT         ?PR?INITOSDMENU?OSDMENU
            CODE    ABD9H     0081H     UNIT         ?PR?SEND_PELCOP_COMMAND?HS_DVRPROTOCOL
            CODE    AC5AH     007DH     UNIT         ?PR?_HS_DISPLAY2835CLKTUNEVAL?KEYREMO
            CODE    ACD7H     007DH     UNIT         ?PR?MONWRITEI2C?MONITOR
            CODE    AD54H     007CH     UNIT         ?PR?SEND_PELCOD_COMMAND?HS_DVRPROTOCOL
            CODE    ADD0H     007CH     UNIT         ?PR?_MONINCDECI2C?MONITOR
            CODE    AE4CH     007BH     UNIT         ?PR?_SETPCCOLORTEMP?OSDMENU
            CODE    AEC7H     007BH     UNIT         ?PR?CHECKTRIGGER?HS_KEYREMO
            CODE    AF42H     0078H     UNIT         ?PR?_SETVIDEOSATURATION?OSDMENU
            CODE    AFBAH     0072H     UNIT         ?PR?_A2I?MONITOR
            CODE    B02CH     006DH     UNIT         ?PR?WAITPOWERON?MAIN
            CODE    B099H     0069H     UNIT         ?PR?_I2CWRITEDATA?I2C
            CODE    B102H     0069H     UNIT         ?PR?_SETVIDEOBACKLIGHT?OSDMENU
            CODE    B16BH     0068H     UNIT         ?PR?_SETRGBCONTRAST?OSDMENU
            CODE    B1D3H     0066H     UNIT         ?PR?RESETVIDEOVALUE?OSDMENU
            CODE    B239H     0064H     UNIT         ?PR?_CHECKSOURCEMODE?HS_KEYREMO
            CODE    B29DH     0061H     UNIT         ?PR?GETFWREVEE?ETC_EEP
            CODE    B2FEH     0060H     UNIT         ?PR?TW88
            CODE    B35EH     005FH     UNIT         ?PR?CLEAROSDINFO?DISPINFO
            CODE    B3BDH     005EH     UNIT         ?PR?_DOWNLOADFONT?OSDBASIC
            CODE    B41BH     005EH     UNIT         ?PR?INITOSDMENUXY?OSDMENU
BL51 BANKED LINKER/LOCATER V6.22                                                      12/15/2017  13:23:50  PAGE 5


            CODE    B479H     005BH     UNIT         ?PR?CHANGE_OSDCOLORLOOKUP?OSDBASIC
            CODE    B4D4H     005BH     UNIT         ?PR?PRINTF
            CODE    B52FH     0059H     UNIT         ?PR?GETVINPUTSTDINX?MAIN
            CODE    B588H     0058H     UNIT         ?PR?_GETKEY?KEYREMO
            CODE    B5E0H     0058H     UNIT         ?PR?CHECKPANELIMAGE?OSDMENU
            CODE    B638H     0058H     UNIT         ?PR?_SETVIDEOHUE?OSDMENU
            CODE    B690H     0058H     UNIT         ?CO?TW88
            CODE    B6E8H     0057H     UNIT         ?PR?_GETOSDWINDOWY?OSDBASIC
            CODE    B73FH     0056H     UNIT         ?PR?DETECTDECODERINPUT?TW88
            CODE    B795H     0055H     UNIT         ?PR?MONNEWWRITEI2C?MONITOR
            CODE    B7EAH     0053H     UNIT         ?PR?_SETSOURCEMODE?HS_KEYREMO
            CODE    B83DH     0052H     UNIT         ?PR?DISPINFO
            CODE    B88FH     0051H     UNIT         ?PR?SETJUMPMODE?HS_KEYREMO
            CODE    B8E0H     0050H     UNIT         ?PR?CPU
            CODE    B930H     004FH     UNIT         ?PR?INITCPU?CPU
            CODE    B97FH     004FH     UNIT         ?PR?_I2CDEVICEINITIALIZE?MAIN
            CODE    B9CEH     004EH     UNIT         ?PR?MONREADI2C?MONITOR
            CODE    BA1CH     004DH     UNIT         ?PR?CLEARCURSOR?OSDMENU
            CODE    BA69H     004DH     UNIT         ?PR?_CAMOUTDSEL?OSDMENU
            CODE    BAB6H     004BH     UNIT         ?PR?_GETOSDWINDOWX?OSDBASIC
            CODE    BB01H     004BH     UNIT         ?PR?MONNEWREADI2C?MONITOR
            CODE    BB4CH     0048H     UNIT         ?PR?_WAIT_MS?CPU
            CODE    BB94H     0047H     UNIT         ?PR?_WRITEEEP?I2C
            CODE    BBDBH     0045H     UNIT         ?PR?_GETLOWERMENUITEM?OSDMENU
            CODE    BC20H     0044H     UNIT         ?PR?_SAVEFWREVEE?ETC_EEP
            CODE    BC64H     0044H     UNIT         ?PR?_SHOWOSDWINDOW_TW88?OSDBASIC
            CODE    BCA8H     0042H     UNIT         ?PR?_SETOSDWINDOWY_TW88?OSDBASIC
            CODE    BCEAH     0041H     UNIT         ?PR?_WRITEI2CN?I2C
            CODE    BD2BH     0041H     UNIT         ?PR?_GETTARGETCHILD?OSDMENU
            CODE    BD6CH     003FH     UNIT         ?PR?_SETOSDWINDOWX_TW88?OSDBASIC
            CODE    BDABH     003EH     UNIT         ?PR?_WRITEI2CND?I2C
            CODE    BDE9H     003EH     UNIT         ?PR?CLOSEOSDMENU?OSDMENU
            CODE    BE27H     003EH     UNIT         ?PR?SETREARSOURCE?HS_KEYREMO
            CODE    BE65H     003DH     UNIT         ?PR?GETTIME_MS?CPU
            CODE    BEA2H     003DH     UNIT         ?PR?MONTXDUMP?MONITOR
            CODE    BEDFH     003CH     UNIT         ?PR?HS_KEYREMO
            CODE    BF1BH     003CH     UNIT         ?PR?_STRICMP?MONITOR
            CODE    BF57H     003AH     UNIT         ?PR?HS_DISPLAYOSD
            CODE    BF91H     0039H     UNIT         ?PR?_READI2C?I2C
            CODE    BFCAH     0039H     UNIT         ?PR?_WRITEI2CN_?I2C
            CODE    C003H     0039H     UNIT         ?PR?_SETVINPUTSTD?MAIN
            CODE    C03CH     0039H     UNIT         ?PR?_ASC2BIN?MONITOR
            CODE    C075H     0038H     UNIT         ?PR?DOWNLOADUDFONT?OSDBASIC
            CODE    C0ADH     0038H     UNIT         ?PR?LCDPOWER?TW88
            CODE    C0E5H     0035H     UNIT         ?PR?HS_DVRPROTOCOL
            CODE    C11AH     0034H     UNIT         ?PR?SERIAL_INT?CPU
            CODE    C14EH     0034H     UNIT         ?PR?OPENOSDMENU?OSDMENU
            CODE    C182H     0034H     UNIT         ?PR?SEQMODE?HS_KEYREMO
            CODE    C1B6H     0034H     UNIT         ?PR?SETNOWMODE?HS_KEYREMO
            CODE    C1EAH     0034H     UNIT         ?PR?_ASC1BIN?MONITOR
            CODE    C21EH     0033H     UNIT         ?PR?REMOMENU_MENUKEY?KEYREMO
            CODE    C251H     0033H     UNIT         ?PR?MAIN
            CODE    C284H     0033H     UNIT         ?PR?_WRITESTRINGTOADDR?OSDBASIC
            CODE    C2B7H     0031H     UNIT         ?PR?SERIAL2_INT?CPU
            CODE    C2E8H     0031H     UNIT         ?PR?_DRAWATTRCNT?OSDBASIC
            CODE    C319H     0030H     UNIT         ?PR?I2CREADDATA?I2C
            CODE    C349H     0030H     UNIT         ?PR?_SETVIDEOBRIGHTNESS?OSDMENU
BL51 BANKED LINKER/LOCATER V6.22                                                      12/15/2017  13:23:50  PAGE 6


            CODE    C379H     0030H     UNIT         ?PR?_GET_CURSOR_ITEM?OSDMENU
            CODE    C3A9H     002FH     UNIT         ?PR?_SHOWOSDWINDOWALL?OSDBASIC
            CODE    C3D8H     002EH     UNIT         ?PR?CLEARTVINFO?DISPINFO
            CODE    C406H     002DH     UNIT         ?PR?WAITENDOFDISPLAYAREA?OSDBASIC
            CODE    C433H     002DH     UNIT         ?PR?_CLEARDATACNT?OSDBASIC
            CODE    C460H     002CH     UNIT         ?PR?PUSHMENU?OSDMENU
            CODE    C48CH     002CH     UNIT         ?CO?HS_DVRPROTOCOL
            CODE    C4B8H     0029H     UNIT         ?PR?_SETVIDEOCONTRAST?OSDMENU
            CODE    C4E1H     0028H     UNIT         ?PR?SAVEVALUE1?OSDMENU
            CODE    C509H     0027H     UNIT         ?PR?CLEARBASICEE?ETC_EEP
            CODE    C530H     0027H     UNIT         ?PR?_PRINTF?PRINTF
            CODE    C557H     0026H     UNIT         ?PR?_READEEP?I2C
            CODE    C57DH     0026H     UNIT         ?PR?_WRITEI2C?I2C
            CODE    C5A3H     0023H     UNIT         ?PR?READVINPUTSTD?MAIN
            CODE    C5C6H     0020H     UNIT         ?PR?SETAUTODETECTSTD?TW88
            CODE    C5E6H     001FH     UNIT         ?PR?_DIFFTIME_MS?CPU
            CODE    C605H     001FH     UNIT         ?PR?GETNEXTINPUTSELECTION?MAIN
            CODE    C624H     001FH     UNIT         ?PR?PROMPT?MONITOR
            CODE    C643H     001EH     UNIT         ?PR?INITVARS?CPU
            CODE    C661H     001EH     UNIT         ?PR?_POWERLED?CPU
            CODE    C67FH     001EH     UNIT         ?PR?I2C
            CODE    C69DH     001DH     UNIT         ?PR?_SETLANGUAGE?OSDMENU
            CODE    C6BAH     001DH     UNIT         ?PR?_CLEARAUTODETECTSTD?TW88
            CODE    C6D7H     001CH     UNIT         ?PR?POPMENU?OSDMENU
            CODE    C6F3H     001CH     UNIT         ?PR?_GETNEXTCURSORMENUITEM?OSDMENU
            CODE    C70FH     001CH     UNIT         ?PR?COMPOSITE1INPUT?TW88
            CODE    C72BH     001CH     UNIT         ?PR?COMPOSITE2INPUT?TW88
            CODE    C747H     001CH     UNIT         ?PR?COMPOSITE3INPUT?TW88
            CODE    C763H     001CH     UNIT         ?PR?_TOUPPER?MONITOR
            CODE    C77FH     001BH     UNIT         ?PR?REMOVOLUP_RIGHTKEY?KEYREMO
            CODE    C79AH     001BH     UNIT         ?PR?REMOVOLDN_LEFTKEY?KEYREMO
            CODE    C7B5H     001BH     UNIT         ?PR?_STRLEN?OSDBASIC
            CODE    C7D0H     001BH     UNIT         ?PR?_PUTS?PRINTF
            CODE    C7EBH     0019H     UNIT         ?CO?AUDIO
            CODE    C804H     0018H     UNIT         ?PR?RS_RX?CPU
            CODE    C81CH     0018H     UNIT         ?PR?_DELAY?CPU
            CODE    C834H     0016H     UNIT         ?PR?CLEARINPUT?DISPINFO
            CODE    C84AH     0012H     UNIT         ?PR?I2CSTART?I2C
            CODE    C85CH     0011H     UNIT         ?PR?KEYREMO
            CODE    C86DH     0011H     UNIT         ?PR?ISNOINPUT?MAIN
            CODE    C87EH     0011H     UNIT         ?PR?GETOSDLANG?OSDMENU
            CODE    C88FH     0011H     UNIT         ?CO?PRINTF
            CODE    C8A0H     0010H     UNIT         ?PR?HS_INITVARS?MAIN
            CODE    C8B0H     000FH     UNIT         ?PR?TIMER2_INT?CPU
            CODE    C8BFH     000FH     UNIT         ?PR?CLEARVLOSSOSD?DISPINFO
            CODE    C8CEH     000FH     UNIT         ?PR?CLEARMUTEINFO?DISPINFO
            CODE    C8DDH     000FH     UNIT         ?PR?POWEROFF?MAIN
            CODE    C8ECH     000FH     UNIT         ?PR?CLEARGAUGEINFO?HS_DISPLAYOSD
            CODE    C8FBH     000DH     UNIT         ?PR?REMOCHNUP_UPKEY?KEYREMO
            CODE    C908H     000DH     UNIT         ?PR?REMOCHNDN_DNKEY?KEYREMO
            CODE    C915H     000CH     UNIT         ?PR?_CLEARDISPLAYEDOSD?DISPINFO
            CODE    C921H     000CH     UNIT         ?PR?SETOSDLASTKEYINTIME?MAIN
            CODE    C92DH     000CH     UNIT         ?PR?CLEARVALUEWIN?OSDMENU
            CODE    C939H     000CH     UNIT         ?PR?_ABS?ABS
            CODE    C945H     000BH     UNIT         ?PR?RS_READY?CPU
            CODE    C950H     000BH     UNIT         ?PR?_GETVIDEODATAFROMEE?ETC_EEP
            CODE    C95BH     000AH     UNIT         ?PR?CLEARINPUT2S?DISPINFO
BL51 BANKED LINKER/LOCATER V6.22                                                      12/15/2017  13:23:50  PAGE 7


            CODE    C965H     0009H     UNIT         ?PR?_SAVEDEBUGLEVELEE?ETC_EEP
            CODE    C96EH     0009H     UNIT         ?PR?_SAVEWIDEMODEEE?ETC_EEP
            CODE    C977H     0009H     UNIT         ?PR?_SAVEOSDPOSITIONMODEEE?ETC_EEP
            CODE    C980H     0009H     UNIT         ?PR?_SAVEVIDEODATATOEE?ETC_EEP
            CODE    C989H     0009H     UNIT         ?PR?_SAVEINPUTSELECTIONEE?ETC_EEP
            CODE    C992H     0009H     UNIT         ?PR?_SAVEOSDLANGEE?ETC_EEP
            CODE    C99BH     0009H     UNIT         ?PR?_SETAUDIOVOLEE?ETC_EEP
            CODE    C9A4H     0009H     UNIT         ?PR?_SETPCAUDIOVOLEE?ETC_EEP
            CODE    C9ADH     0009H     UNIT         ?PR?POWERDOWN_XTAL?MAIN
            CODE    C9B6H     0009H     UNIT         ?PR?GETOSDLASTKEYINTIME?MAIN
            CODE    C9BFH     0009H     UNIT         ?PR?_GETUPPERMENUITEM?OSDMENU
            CODE    C9C8H     0009H     UNIT         ?PR?AUDIOMUTE?AUDIO
            CODE    C9D1H     0008H     UNIT         ?PR?_RS2_TX?CPU
            CODE    C9D9H     0008H     UNIT         ?PR?GETDEBUGLEVELEE?ETC_EEP
            CODE    C9E1H     0008H     UNIT         ?PR?GETWIDEMODEEE?ETC_EEP
            CODE    C9E9H     0008H     UNIT         ?PR?GETPOSSIBLEAUTODETECTSTDEE?ETC_EEP
            CODE    C9F1H     0008H     UNIT         ?PR?GETOSDPOSITIONMODEEE?ETC_EEP
            CODE    C9F9H     0008H     UNIT         ?PR?GETOSDLANGEE?ETC_EEP
            CODE    CA01H     0008H     UNIT         ?PR?GETAUDIOVOLEE?ETC_EEP
            CODE    CA09H     0008H     UNIT         ?PR?GETPCAUDIOVOLEE?ETC_EEP
            CODE    CA11H     0007H     UNIT         ?PR?_SETDISPLAYEDOSD?DISPINFO
            CODE    CA18H     0007H     UNIT         ?PR?_GETVIDEODATAWITHOFFSET?OSDMENU
            CODE    CA1FH     0006H     UNIT         ?PR?GETDISPLAYEDOSD?DISPINFO
            CODE    CA25H     0006H     UNIT         ?PR?GETVINPUTSTD?MAIN
            CODE    CA2BH     0006H     UNIT         ?PR?GETINPUTSELECTION?MAIN
            CODE    CA31H     0004H     UNIT         ?PR?GETOSDPOSITIONMODE?OSDMENU
            CODE    CA35H     0003H     UNIT         ?PR?EXT1_INT?CPU
            CODE    CA38H     0003H     UNIT         ?PR?ISINPUTANALOGRGB?OSDMENU
            CODE    CA3BH     0003H     UNIT         ?PR?_MON_TX?MONITOR
            CODE    CA3EH     0003H     UNIT         ?PR?_SETMONADDRESS?MONITOR
            CODE    CA41H     0001H     UNIT         ?PR?DD?I2C
            CODE    CA42H     0001H     UNIT         ?PR?ON_LVDS?TW88
            CODE    CA43H     0001H     UNIT         ?PR?OFF_LVDS?TW88



OVERLAY MAP OF MODULE:   .\Output\AWT-ML072S (ADC)


SEGMENT                                             BIT_GROUP          XDATA_GROUP
  +--> CALLED SEGMENT                            START    LENGTH     START    LENGTH
------------------------------------------------------------------------------------
?C_C51STARTUP                                    -----    -----      -----    -----
  +--> ?PR?MAIN?MAIN
  +--> ?C_INITSEG

?PR?MAIN?MAIN                                    -----    -----      -----    -----
  +--> ?PR?AUDIOMUTE?AUDIO
  +--> ?PR?_WAIT_MS?CPU
  +--> ?PR?INITCPU?CPU
  +--> ?PR?_POWERLED?CPU
  +--> ?PR?INITVARS?CPU
  +--> ?PR?HS_INITVARS?MAIN
  +--> ?PR?INITTECHWELL?CPU
  +--> ?PR?_SETMONADDRESS?MONITOR
  +--> ?PR?MAIN_INIT?CPU
  +--> ?PR?LOADEEPROM?MAIN
BL51 BANKED LINKER/LOCATER V6.22                                                      12/15/2017  13:23:50  PAGE 8


  +--> ?PR?_READEEP?I2C
  +--> ?PR?_CAMOUTDSEL?OSDMENU
  +--> ?CO?MAIN
  +--> ?PR?_PRINTF?PRINTF
  +--> ?PR?_LCDPOWERON?TW88
  +--> ?PR?_SET4WIDESCREEN?OSDMENU
  +--> ?PR?_DELAY?CPU
  +--> ?PR?_WRITEI2C?I2C
  +--> ?PR?MAIN_LOOP?MAIN
  +--> ?PR?WAITPOWERON?MAIN

?PR?AUDIOMUTE?AUDIO                              0024H.1  0000H.1    -----    -----

?PR?_WAIT_MS?CPU                                 -----    -----      0018H    0004H

?PR?INITVARS?CPU                                 -----    -----      -----    -----
  +--> ?PR?_DELAY?CPU
  +--> ?PR?POWERDOWN_XTAL?MAIN

?PR?POWERDOWN_XTAL?MAIN                          0024H.1  0000H.1    -----    -----

?PR?INITTECHWELL?CPU                             -----    -----      -----    -----
  +--> ?PR?_READI2C?I2C
  +--> ?CO?CPU
  +--> ?PR?_PUTS?PRINTF
  +--> ?PR?_PRINTF?PRINTF
  +--> ?PR?RS_READY?CPU
  +--> ?PR?_DELAY?CPU
  +--> ?PR?CPU

?PR?_READI2C?I2C                                 -----    -----      0034H    0003H
  +--> ?PR?I2CSTART?I2C
  +--> ?PR?_I2CWRITEDATA?I2C
  +--> ?PR?I2CREADDATA?I2C
  +--> ?PR?I2CSTOP?I2C

?PR?I2CSTART?I2C                                 -----    -----      -----    -----
  +--> ?PR?DD?I2C

?PR?_I2CWRITEDATA?I2C                            -----    -----      -----    -----
  +--> ?PR?I2C

?PR?I2C                                          -----    -----      -----    -----
  +--> ?PR?DD?I2C

?PR?I2CREADDATA?I2C                              -----    -----      -----    -----
  +--> ?PR?DD?I2C

?PR?I2CSTOP?I2C                                  -----    -----      -----    -----
  +--> ?PR?DD?I2C

?PR?_PUTS?PRINTF                                 -----    -----      0013H    0003H
  +--> ?PR?PRINTF
  +--> ?PR?_RS_TX?CPU

?PR?_PRINTF?PRINTF                               -----    -----      001EH    002EH
  +--> ?PR?_DOPRINT?PRINTF
BL51 BANKED LINKER/LOCATER V6.22                                                      12/15/2017  13:23:50  PAGE 9



?PR?_DOPRINT?PRINTF                              0024H.1  0000H.2    004CH    0015H
  +--> ?PR?PRINTF
  +--> ?CO?PRINTF

?PR?MAIN_INIT?CPU                                -----    -----      0000H    0002H
  +--> ?PR?_WRITEI2C?I2C
  +--> ?PR?GETFWREVEE?ETC_EEP
  +--> ?PR?CPU
  +--> ?CO?CPU
  +--> ?PR?_PRINTF?PRINTF
  +--> ?PR?_SAVEFWREVEE?ETC_EEP
  +--> ?PR?_SAVEDEBUGLEVELEE?ETC_EEP
  +--> ?PR?_SAVEINPUTSELECTIONEE?ETC_EEP
  +--> ?PR?CLEARBASICEE?ETC_EEP
  +--> ?PR?GETDEBUGLEVELEE?ETC_EEP
  +--> ?PR?_SETVINPUTSTD?MAIN
  +--> ?PR?_LCDPOWERON?TW88
  +--> ?PR?_READEEP?I2C
  +--> ?PR?SETPOSSIBLEAUTODETECTSTDEE?ETC_EEP
  +--> ?PR?CHANGE_OSDCOLORLOOKUP?OSDBASIC
  +--> ?PR?DOWNLOADUDFONT?OSDBASIC
  +--> ?PR?_DISPLAYINFORMATION?HS_DISPLAYOSD
  +--> ?PR?_DELAY?CPU
  +--> ?PR?CLEARGAUGEINFO?HS_DISPLAYOSD
  +--> ?PR?PROMPT?MONITOR

?PR?_WRITEI2C?I2C                                -----    -----      0055H    0003H
  +--> ?PR?I2C
  +--> ?PR?I2CSTART?I2C
  +--> ?PR?_I2CWRITEDATA?I2C
  +--> ?PR?I2CSTOP?I2C

?PR?GETFWREVEE?ETC_EEP                           -----    -----      0002H    0002H
  +--> ?PR?_READEEP?I2C

?PR?_READEEP?I2C                                 -----    -----      0033H    0001H
  +--> ?PR?_READI2C?I2C
  +--> ?PR?_DELAY?CPU

?PR?_SAVEFWREVEE?ETC_EEP                         -----    -----      0002H    0002H
  +--> ?PR?_WRITEEEP?I2C

?PR?_WRITEEEP?I2C                                -----    -----      0028H    0004H
  +--> ?PR?I2CSTART?I2C
  +--> ?PR?_I2CWRITEDATA?I2C
  +--> ?PR?I2CSTOP?I2C
  +--> ?PR?_DELAY?CPU

?PR?_SAVEDEBUGLEVELEE?ETC_EEP                    -----    -----      -----    -----
  +--> ?PR?_WRITEEEP?I2C

?PR?_SAVEINPUTSELECTIONEE?ETC_EEP                -----    -----      -----    -----
  +--> ?PR?_WRITEEEP?I2C

?PR?CLEARBASICEE?ETC_EEP                         -----    -----      -----    -----
  +--> ?PR?_WRITEEEP?I2C
BL51 BANKED LINKER/LOCATER V6.22                                                      12/15/2017  13:23:50  PAGE 10


  +--> ?PR?RESETOSDVALUE?OSDMENU
  +--> ?PR?RESETVIDEOVALUE?OSDMENU
  +--> ?PR?_SET4WIDESCREEN?OSDMENU

?PR?RESETOSDVALUE?OSDMENU                        -----    -----      -----    -----
  +--> ?CO?OSDMENU
  +--> ?PR?_SAVEOSDPOSITIONMODEEE?ETC_EEP
  +--> ?PR?_READEEP?I2C
  +--> ?PR?_WRITEEEP?I2C
  +--> ?PR?_CHANGEVOL?AUDIO
  +--> ?PR?_CAMOUTDSEL?OSDMENU
  +--> ?PR?_PUTS?PRINTF
  +--> ?PR?_CLEARDATACNT?OSDBASIC
  +--> ?PR?LOADEEPROM?MAIN
  +--> ?PR?_SAVEOSDLANGEE?ETC_EEP
  +--> ?PR?INITOSDMENU?OSDMENU
  +--> ?PR?CHECKMIRROR?HS_KEYREMO

?PR?_SAVEOSDPOSITIONMODEEE?ETC_EEP               -----    -----      -----    -----
  +--> ?PR?_WRITEEEP?I2C

?PR?_CHANGEVOL?AUDIO                             -----    -----      0012H    0002H
  +--> ?PR?AUDIOMUTE?AUDIO
  +--> ?CO?OSDMENU
  +--> ?PR?_WRITEI2C?I2C
  +--> ?CO?AUDIO
  +--> ?PR?_SETPCAUDIOVOLEE?ETC_EEP
  +--> ?PR?_SETAUDIOVOLEE?ETC_EEP
  +--> ?PR?_PRINTF?PRINTF

?PR?_SETPCAUDIOVOLEE?ETC_EEP                     -----    -----      -----    -----
  +--> ?PR?_WRITEEEP?I2C

?PR?_SETAUDIOVOLEE?ETC_EEP                       -----    -----      -----    -----
  +--> ?PR?_WRITEEEP?I2C

?PR?_CAMOUTDSEL?OSDMENU                          -----    -----      0009H    0001H
  +--> ?CO?OSDMENU
  +--> ?PR?_PUTS?PRINTF

?PR?_CLEARDATACNT?OSDBASIC                       -----    -----      0030H    0003H
  +--> ?PR?OSDBASIC
  +--> ?PR?_WRITEI2C?I2C
  +--> ?PR?_WRITEI2CND?I2C

?PR?OSDBASIC                                     -----    -----      -----    -----
  +--> ?CO?OSDBASIC

?PR?_WRITEI2CND?I2C                              -----    -----      0034H    0005H
  +--> ?PR?I2C
  +--> ?PR?I2CSTART?I2C
  +--> ?PR?_I2CWRITEDATA?I2C
  +--> ?PR?I2CSTOP?I2C

?PR?LOADEEPROM?MAIN                              -----    -----      -----    -----
  +--> ?PR?_READEEP?I2C
  +--> ?PR?GETAUDIOVOLEE?ETC_EEP
BL51 BANKED LINKER/LOCATER V6.22                                                      12/15/2017  13:23:50  PAGE 11


  +--> ?PR?GETPCAUDIOVOLEE?ETC_EEP

?PR?GETAUDIOVOLEE?ETC_EEP                        -----    -----      -----    -----
  +--> ?PR?_READEEP?I2C

?PR?GETPCAUDIOVOLEE?ETC_EEP                      -----    -----      -----    -----
  +--> ?PR?_READEEP?I2C

?PR?_SAVEOSDLANGEE?ETC_EEP                       -----    -----      -----    -----
  +--> ?PR?_WRITEEEP?I2C

?PR?INITOSDMENU?OSDMENU                          -----    -----      000CH    0001H
  +--> ?PR?GETOSDLANGEE?ETC_EEP
  +--> ?PR?GETINPUTSELECTION?MAIN
  +--> ?CO?OSDMENU
  +--> ?PR?OSDMENU
  +--> ?CO?OSDBASIC
  +--> ?PR?_INITOSDWINDOW?OSDBASIC
  +--> ?PR?_CLEARDATACNT?OSDBASIC
  +--> ?PR?GETOSDPOSITIONMODEEE?ETC_EEP
  +--> ?PR?INITOSDMENUXY?OSDMENU
  +--> ?PR?DISPLAYOSDMENU?OSDMENU

?PR?GETOSDLANGEE?ETC_EEP                         -----    -----      -----    -----
  +--> ?PR?_READEEP?I2C

?PR?OSDMENU                                      -----    -----      -----    -----
  +--> ?CO?OSDMENU
  +--> ?CO?MAIN

?PR?_INITOSDWINDOW?OSDBASIC                      -----    -----      0015H    0005H
  +--> ?PR?_READI2C?I2C
  +--> ?PR?_WRITEI2C?I2C
  +--> ?PR?OSDBASIC
  +--> ?PR?_WRITEI2CN_?I2C

?PR?_WRITEI2CN_?I2C                              -----    -----      001AH    0006H
  +--> ?PR?I2CSTART?I2C
  +--> ?PR?_I2CWRITEDATA?I2C
  +--> ?PR?I2C
  +--> ?PR?I2CSTOP?I2C

?PR?GETOSDPOSITIONMODEEE?ETC_EEP                 -----    -----      -----    -----
  +--> ?PR?_READEEP?I2C

?PR?INITOSDMENUXY?OSDMENU                        -----    -----      000DH    0007H
  +--> ?CO?OSDMENU
  +--> ?PR?OSDMENU
  +--> ?PR?_GETOSDWINDOWX?OSDBASIC
  +--> ?PR?_SETOSDWINDOWX_TW88?OSDBASIC
  +--> ?PR?_GETOSDWINDOWY?OSDBASIC
  +--> ?PR?_SETOSDWINDOWY_TW88?OSDBASIC

?PR?_GETOSDWINDOWX?OSDBASIC                      -----    -----      0028H    0002H
  +--> ?PR?OSDBASIC
  +--> ?PR?_WRITEI2C?I2C
  +--> ?PR?_READI2C?I2C
BL51 BANKED LINKER/LOCATER V6.22                                                      12/15/2017  13:23:50  PAGE 12



?PR?_SETOSDWINDOWX_TW88?OSDBASIC                 -----    -----      0014H    0003H
  +--> ?PR?OSDBASIC
  +--> ?PR?_WRITEI2C?I2C
  +--> ?PR?_READI2C?I2C

?PR?_GETOSDWINDOWY?OSDBASIC                      -----    -----      0028H    0002H
  +--> ?PR?OSDBASIC
  +--> ?PR?_WRITEI2C?I2C
  +--> ?PR?_READI2C?I2C

?PR?_SETOSDWINDOWY_TW88?OSDBASIC                 -----    -----      0014H    0003H
  +--> ?PR?OSDBASIC
  +--> ?PR?_WRITEI2C?I2C
  +--> ?PR?_READI2C?I2C

?PR?DISPLAYOSDMENU?OSDMENU                       -----    -----      -----    -----
  +--> ?PR?_DRAWATTRCNT?OSDBASIC
  +--> ?PR?OSDMENU
  +--> ?PR?GETINPUTSELECTION?MAIN
  +--> ?PR?_READEEP?I2C
  +--> ?PR?_DRAWMENULIST?OSDMENU
  +--> ?PR?PUSHMENU?OSDMENU
  +--> ?PR?POPMENU?OSDMENU
  +--> ?PR?DISPLAYCURSOR?OSDMENU

?PR?_DRAWATTRCNT?OSDBASIC                        -----    -----      0030H    0004H
  +--> ?PR?OSDBASIC
  +--> ?PR?_WRITEI2C?I2C
  +--> ?PR?_WRITEI2CND?I2C

?PR?_DRAWMENULIST?OSDMENU                        -----    -----      0011H    000CH
  +--> ?PR?OSDMENU
  +--> ?PR?_STRLEN?OSDBASIC
  +--> ?PR?_DRAWATTRCNT?OSDBASIC
  +--> ?PR?_WRITESTRINGTOADDR?OSDBASIC
  +--> ?PR?_CLEARDATACNT?OSDBASIC
  +--> ?PR?_WRITEI2C?I2C
  +--> ?PR?_DISPLAYOSDMENUONEITEM?OSDMENU
  +--> ?PR?_GETLOWERMENUITEM?OSDMENU

?PR?_STRLEN?OSDBASIC                             -----    -----      004FH    0003H

?PR?_WRITESTRINGTOADDR?OSDBASIC                  -----    -----      004FH    0006H
  +--> ?PR?OSDBASIC
  +--> ?PR?_WRITEI2C?I2C
  +--> ?PR?_WRITEI2CN?I2C

?PR?_WRITEI2CN?I2C                               -----    -----      0055H    0007H
  +--> ?PR?I2C
  +--> ?PR?I2CSTART?I2C
  +--> ?PR?_I2CWRITEDATA?I2C
  +--> ?PR?I2CSTOP?I2C

?PR?_DISPLAYOSDMENUONEITEM?OSDMENU               -----    -----      001DH    0013H
  +--> ?PR?OSDMENU
  +--> ?PR?_DRAWATTRCNT?OSDBASIC
BL51 BANKED LINKER/LOCATER V6.22                                                      12/15/2017  13:23:50  PAGE 13


  +--> ?PR?_CLEARDATACNT?OSDBASIC
  +--> ?PR?_GETITEMVALUE?OSDMENU
  +--> ?PR?_AWT_DISPLAYVIEWBAR?OSDMENU
  +--> ?PR?_DISPLAYVIEWBAR?OSDMENU
  +--> ?PR?_DRAWNUM?OSDMENU
  +--> ?CO?OSDMENU
  +--> ?PR?_WRITESTRINGTOADDR?OSDBASIC
  +--> ?PR?_DRAWSTRINGBYLANG?OSDMENU
  +--> ?PR?_STRLEN?OSDBASIC

?PR?_GETITEMVALUE?OSDMENU                        -----    -----      0030H    0003H
  +--> ?PR?GETOSDPOSITIONMODE?OSDMENU
  +--> ?PR?_READEEP?I2C
  +--> ?PR?_GETVIDEODATAWITHOFFSET?OSDMENU
  +--> ?PR?OSDMENU

?PR?GETOSDPOSITIONMODE?OSDMENU                   -----    -----      -----    -----
  +--> ?PR?GETOSDPOSITIONMODEEE?ETC_EEP

?PR?_GETVIDEODATAWITHOFFSET?OSDMENU              -----    -----      -----    -----
  +--> ?PR?_GETVIDEODATAFROMEE?ETC_EEP
  +--> ?PR?OSDMENU

?PR?_GETVIDEODATAFROMEE?ETC_EEP                  -----    -----      -----    -----
  +--> ?PR?_READEEP?I2C

?PR?_AWT_DISPLAYVIEWBAR?OSDMENU                  -----    -----      0030H    000EH
  +--> ?PR?OSDMENU
  +--> ?CO?OSDMENU
  +--> ?PR?_WRITESTRINGTOADDR?OSDBASIC

?PR?_DISPLAYVIEWBAR?OSDMENU                      -----    -----      0030H    000EH
  +--> ?PR?OSDMENU
  +--> ?CO?OSDMENU
  +--> ?PR?_WRITESTRINGTOADDR?OSDBASIC

?PR?_DRAWNUM?OSDMENU                             -----    -----      0030H    001FH
  +--> ?PR?OSDMENU
  +--> ?CO?OSDMENU
  +--> ?PR?_UTOA?OSDBASIC
  +--> ?PR?_STRLEN?OSDBASIC
  +--> ?PR?_WRITESTRINGTOADDR?OSDBASIC

?PR?_UTOA?OSDBASIC                               -----    -----      004FH    000EH
  +--> ?PR?OSDBASIC

?PR?_DRAWSTRINGBYLANG?OSDMENU                    -----    -----      0030H    0018H
  +--> ?PR?OSDMENU
  +--> ?CO?OSDMENU
  +--> ?PR?_WRITESTRINGTOADDR?OSDBASIC
  +--> ?PR?_STRLEN?OSDBASIC

?PR?_GETLOWERMENUITEM?OSDMENU                    -----    -----      001DH    0004H

?PR?PUSHMENU?OSDMENU                             -----    -----      -----    -----
  +--> ?PR?OSDMENU

BL51 BANKED LINKER/LOCATER V6.22                                                      12/15/2017  13:23:50  PAGE 14


?PR?POPMENU?OSDMENU                              -----    -----      -----    -----
  +--> ?PR?OSDMENU

?PR?DISPLAYCURSOR?OSDMENU                        -----    -----      000DH    0004H
  +--> ?PR?OSDMENU
  +--> ?PR?_DRAWATTRCNT?OSDBASIC
  +--> ?PR?_GETITEMVALUE?OSDMENU

?PR?CHECKMIRROR?HS_KEYREMO                       -----    -----      0017H    0001H
  +--> ?PR?_READEEP?I2C
  +--> ?PR?_WRITEI2C?I2C
  +--> ?PR?_WAIT_MS?CPU

?PR?RESETVIDEOVALUE?OSDMENU                      -----    -----      0009H    0002H
  +--> ?CO?OSDMENU
  +--> ?PR?_SETVIDEOMODE?OSDMENU
  +--> ?PR?_SAVEVIDEODATATOEE?ETC_EEP

?PR?_SETVIDEOMODE?OSDMENU                        -----    -----      0018H    0007H
  +--> ?PR?_WRITEEEP?I2C
  +--> ?CO?OSDMENU
  +--> ?PR?_WRITEI2C?I2C
  +--> ?PR?OSDMENU
  +--> ?PR?_GETVIDEODATAWITHOFFSET?OSDMENU
  +--> ?PR?_SETVIDEOCONTRAST?OSDMENU
  +--> ?PR?_SETVIDEOBRIGHTNESS?OSDMENU
  +--> ?PR?_SETVIDEOSATURATION?OSDMENU
  +--> ?PR?_SETVIDEOHUE?OSDMENU
  +--> ?PR?_MAPPING1?TW88
  +--> ?PR?_READI2C?I2C

?PR?_SETVIDEOCONTRAST?OSDMENU                    -----    -----      001FH    0002H
  +--> ?PR?OSDMENU
  +--> ?CO?OSDMENU
  +--> ?PR?_MAPPING1?TW88
  +--> ?PR?_WRITEI2C?I2C

?PR?_MAPPING1?TW88                               -----    -----      0023H    000FH
  +--> ?PR?TW88

?PR?_SETVIDEOBRIGHTNESS?OSDMENU                  -----    -----      001FH    0002H
  +--> ?PR?OSDMENU
  +--> ?CO?OSDMENU
  +--> ?PR?_MAPPING1?TW88
  +--> ?PR?ISINPUTANALOGRGB?OSDMENU
  +--> ?PR?_WRITEI2C?I2C

?PR?_SETVIDEOSATURATION?OSDMENU                  -----    -----      001FH    0004H
  +--> ?PR?ISINPUTANALOGRGB?OSDMENU
  +--> ?PR?OSDMENU
  +--> ?CO?OSDMENU
  +--> ?PR?_MAPPING1?TW88
  +--> ?PR?_READI2C?I2C
  +--> ?PR?_WRITEI2C?I2C

?PR?_SETVIDEOHUE?OSDMENU                         -----    -----      001FH    0003H
  +--> ?PR?OSDMENU
BL51 BANKED LINKER/LOCATER V6.22                                                      12/15/2017  13:23:50  PAGE 15


  +--> ?CO?OSDMENU
  +--> ?PR?_MAPPING1?TW88
  +--> ?PR?_READI2C?I2C
  +--> ?PR?ISINPUTANALOGRGB?OSDMENU
  +--> ?PR?_WRITEI2C?I2C

?PR?_SAVEVIDEODATATOEE?ETC_EEP                   -----    -----      -----    -----
  +--> ?PR?_WRITEEEP?I2C

?PR?_SET4WIDESCREEN?OSDMENU                      -----    -----      0018H    0006H
  +--> ?CO?OSDMENU
  +--> ?PR?_PRINTF?PRINTF
  +--> ?PR?GETVINPUTSTD?MAIN
  +--> ?PR?WAITENDOFDISPLAYAREA?OSDBASIC
  +--> ?PR?OSDMENU
  +--> ?PR?_WRITEI2C?I2C
  +--> ?PR?_SAVEWIDEMODEEE?ETC_EEP

?PR?WAITENDOFDISPLAYAREA?OSDBASIC                -----    -----      0028H    0002H
  +--> ?PR?_READI2C?I2C

?PR?_SAVEWIDEMODEEE?ETC_EEP                      -----    -----      -----    -----
  +--> ?PR?_WRITEEEP?I2C

?PR?GETDEBUGLEVELEE?ETC_EEP                      -----    -----      -----    -----
  +--> ?PR?_READEEP?I2C

?PR?_SETVINPUTSTD?MAIN                           -----    -----      -----    -----
  +--> ?PR?MAIN

?PR?MAIN                                         -----    -----      -----    -----
  +--> ?CO?MAIN

?PR?_LCDPOWERON?TW88                             -----    -----      0012H    0001H
  +--> ?PR?CHECKTRIGGER?HS_KEYREMO
  +--> ?PR?_POWERLED?CPU
  +--> ?PR?OFF_LVDS?TW88
  +--> ?PR?_DELAY?CPU
  +--> ?PR?ON_LVDS?TW88
  +--> ?PR?_WRITEI2C?I2C
  +--> ?CO?TW88
  +--> ?PR?_PUTS?PRINTF
  +--> ?PR?_WAIT_MS?CPU
  +--> ?PR?_PRINTF?PRINTF

?PR?CHECKTRIGGER?HS_KEYREMO                      -----    -----      0013H    0002H
  +--> ?PR?_WAIT_MS?CPU

?PR?SETPOSSIBLEAUTODETECTSTDEE?ETC_EEP           -----    -----      0002H    0002H
  +--> ?CO?MAIN
  +--> ?PR?_WRITEEEP?I2C

?PR?CHANGE_OSDCOLORLOOKUP?OSDBASIC               -----    -----      000CH    0002H
  +--> ?CO?UDFONT
  +--> ?PR?_WRITEI2C?I2C

?PR?DOWNLOADUDFONT?OSDBASIC                      -----    -----      0005H    0001H
BL51 BANKED LINKER/LOCATER V6.22                                                      12/15/2017  13:23:50  PAGE 16


  +--> ?PR?_WRITEI2C?I2C
  +--> ?CO?UDFONT
  +--> ?PR?_DOWNLOADFONT?OSDBASIC

?PR?_DOWNLOADFONT?OSDBASIC                       -----    -----      0006H    0004H
  +--> ?PR?_READI2C?I2C
  +--> ?PR?_WRITEI2C?I2C
  +--> ?PR?_WRITEI2CN?I2C

?PR?_DISPLAYINFORMATION?HS_DISPLAYOSD            -----    -----      0004H    0001H
  +--> ?PR?_CLEARDATACNT?OSDBASIC
  +--> ?CO?HS_DISPLAYOSD
  +--> ?PR?_INITOSDWINDOW?OSDBASIC
  +--> ?PR?HS_DISPLAYOSD
  +--> ?PR?_DRAWATTRCNT?OSDBASIC
  +--> ?PR?_SHOWOSDWINDOW_TW88?OSDBASIC
  +--> ?PR?WAITENDOFDISPLAYAREA?OSDBASIC
  +--> ?PR?_WRITESTRINGTOADDR?OSDBASIC
  +--> ?PR?_SETDISPLAYEDOSD?DISPINFO
  +--> ?PR?_SHOWOSDWINDOWALL?OSDBASIC
  +--> ?PR?_WRITEI2C?I2C

?PR?HS_DISPLAYOSD                                -----    -----      -----    -----
  +--> ?CO?HS_DISPLAYOSD

?PR?_SHOWOSDWINDOW_TW88?OSDBASIC                 -----    -----      0017H    0002H
  +--> ?PR?OSDBASIC
  +--> ?PR?_WRITEI2C?I2C
  +--> ?PR?_READI2C?I2C
  +--> ?PR?WAITENDOFDISPLAYAREA?OSDBASIC

?PR?_SHOWOSDWINDOWALL?OSDBASIC                   -----    -----      0017H    0002H
  +--> ?PR?WAITENDOFDISPLAYAREA?OSDBASIC
  +--> ?PR?_READI2C?I2C
  +--> ?PR?_WRITEI2C?I2C

?PR?CLEARGAUGEINFO?HS_DISPLAYOSD                 -----    -----      -----    -----
  +--> ?PR?_SHOWOSDWINDOW_TW88?OSDBASIC

?PR?PROMPT?MONITOR                               -----    -----      -----    -----
  +--> ?CO?MONITOR
  +--> ?PR?MONITOR
  +--> ?PR?_PRINTF?PRINTF

?PR?MONITOR                                      -----    -----      -----    -----
  +--> ?CO?MONITOR
  +--> ?PR?_ASC2BIN?MONITOR

?PR?_ASC2BIN?MONITOR                             -----    -----      -----    -----
  +--> ?PR?_ASC1BIN?MONITOR

?PR?MAIN_LOOP?MAIN                               -----    -----      0000H    0001H
  +--> ?CO?MAIN
  +--> ?PR?_PUTS?PRINTF
  +--> ?PR?RS_READY?CPU
  +--> ?PR?MONITOR?MONITOR
  +--> ?PR?CHECKTRIGGER?HS_KEYREMO
BL51 BANKED LINKER/LOCATER V6.22                                                      12/15/2017  13:23:50  PAGE 17


  +--> ?PR?_TRIGGERHANDLER?HS_KEYREMO
  +--> ?PR?SEQMODE?HS_KEYREMO
  +--> ?PR?_READI2C?I2C
  +--> ?PR?_ADJUSTAUTODAYNIGHT?MAIN
  +--> ?PR?CHECKKEYIN?KEYREMO
  +--> ?PR?GETDISPLAYEDOSD?DISPINFO
  +--> ?PR?_SETDISPLAYEDOSD?DISPINFO
  +--> ?PR?DISPLAYINPUT?DISPINFO
  +--> ?PR?_READEEP?I2C
  +--> ?PR?DISPLAYGAUGEOSD?HS_DISPLAYOSD
  +--> ?PR?CLEARINPUT2S?DISPINFO
  +--> ?PR?VLOSSHANDLER?DISPINFO
  +--> ?PR?CHECKANDCLEAROSD?DISPINFO
  +--> ?PR?GETINPUTSELECTION?MAIN
  +--> ?PR?CHECKDECODERINPUT?MAIN
  +--> ?PR?_WRITEI2C?I2C
  +--> ?PR?_POWERLED?CPU
  +--> ?PR?_WAIT_MS?CPU

?PR?MONITOR?MONITOR                              -----    -----      0001H    0001H
  +--> ?PR?MONGETCOMMAND?MONITOR
  +--> ?CO?MONITOR
  +--> ?PR?MONWRITEI2C?MONITOR
  +--> ?PR?MONNEWWRITEI2C?MONITOR
  +--> ?PR?MONREADI2C?MONITOR
  +--> ?PR?MONNEWREADI2C?MONITOR
  +--> ?PR?_PUTS?PRINTF
  +--> ?PR?MONDUMPI2C?MONITOR
  +--> ?PR?MONNEWDUMPI2C?MONITOR
  +--> ?PR?MONWRITEBIT?MONITOR
  +--> ?PR?_ASC2BIN?MONITOR
  +--> ?PR?MONHELP?MONITOR
  +--> ?PR?_PRINTF?PRINTF
  +--> ?PR?LCDPOWER?TW88
  +--> ?PR?_SAVEDEBUGLEVELEE?ETC_EEP
  +--> ?PR?MONITOR
  +--> ?PR?RS_READY?CPU
  +--> ?PR?_READI2C?I2C
  +--> ?PR?DISPLAYINPUT?DISPINFO
  +--> ?PR?_SHOWOSDWINDOWALL?OSDBASIC
  +--> ?PR?MONTXDUMP?MONITOR
  +--> ?PR?_STRICMP?MONITOR
  +--> ?PR?_DISPLAYRAMFONT?OSDBASIC
  +--> ?PR?_DISPLAYROMFONT?OSDBASIC
  +--> ?PR?PROMPT?MONITOR

?PR?MONGETCOMMAND?MONITOR                        -----    -----      0002H    0003H
  +--> ?PR?RS_READY?CPU
  +--> ?PR?RS_RX?CPU
  +--> ?PR?_MON_TX?MONITOR
  +--> ?PR?PROMPT?MONITOR
  +--> ?PR?MONITOR
  +--> ?PR?_MONINCDECI2C?MONITOR

?PR?_MON_TX?MONITOR                              -----    -----      -----    -----
  +--> ?PR?_RS_TX?CPU

BL51 BANKED LINKER/LOCATER V6.22                                                      12/15/2017  13:23:50  PAGE 18


?PR?_MONINCDECI2C?MONITOR                        -----    -----      -----    -----
  +--> ?PR?MONITOR
  +--> ?PR?_WRITEI2C?I2C
  +--> ?PR?_READI2C?I2C
  +--> ?CO?MONITOR
  +--> ?PR?_PRINTF?PRINTF
  +--> ?PR?PROMPT?MONITOR

?PR?MONWRITEI2C?MONITOR                          -----    -----      -----    -----
  +--> ?PR?MONITOR
  +--> ?PR?_ASC2BIN?MONITOR
  +--> ?CO?MONITOR
  +--> ?PR?_PRINTF?PRINTF
  +--> ?PR?_WRITEI2C?I2C
  +--> ?PR?_READI2C?I2C

?PR?MONNEWWRITEI2C?MONITOR                       -----    -----      0002H    0001H
  +--> ?PR?MONITOR
  +--> ?PR?_ASC2BIN?MONITOR
  +--> ?PR?_WRITEI2C?I2C
  +--> ?PR?_READI2C?I2C
  +--> ?PR?_PRINTF?PRINTF

?PR?MONREADI2C?MONITOR                           -----    -----      -----    -----
  +--> ?PR?MONITOR
  +--> ?PR?_ASC2BIN?MONITOR
  +--> ?PR?_PRINTF?PRINTF
  +--> ?PR?_READI2C?I2C
  +--> ?CO?MONITOR

?PR?MONNEWREADI2C?MONITOR                        -----    -----      0002H    0001H
  +--> ?PR?MONITOR
  +--> ?PR?_PRINTF?PRINTF
  +--> ?PR?_ASC2BIN?MONITOR
  +--> ?PR?_READI2C?I2C

?PR?MONDUMPI2C?MONITOR                           -----    -----      0002H    0003H
  +--> ?PR?MONITOR
  +--> ?PR?_ASC2BIN?MONITOR
  +--> ?PR?_READI2C?I2C
  +--> ?CO?MONITOR
  +--> ?PR?_PRINTF?PRINTF

?PR?MONNEWDUMPI2C?MONITOR                        -----    -----      0002H    0004H
  +--> ?PR?MONITOR
  +--> ?PR?_ASC2BIN?MONITOR
  +--> ?PR?_READI2C?I2C
  +--> ?CO?MONITOR
  +--> ?PR?_PRINTF?PRINTF

?PR?MONWRITEBIT?MONITOR                          -----    -----      0002H    0005H
  +--> ?PR?MONITOR
  +--> ?PR?_ASC2BIN?MONITOR
  +--> ?CO?MONITOR
  +--> ?PR?_WRITEI2C?I2C
  +--> ?PR?_READI2C?I2C
  +--> ?PR?_PRINTF?PRINTF
BL51 BANKED LINKER/LOCATER V6.22                                                      12/15/2017  13:23:50  PAGE 19



?PR?MONHELP?MONITOR                              -----    -----      -----    -----
  +--> ?CO?MONITOR
  +--> ?PR?_PRINTF?PRINTF

?PR?LCDPOWER?TW88                                -----    -----      -----    -----
  +--> ?PR?POWERDOWN_XTAL?MAIN
  +--> ?CO?TW88
  +--> ?PR?_DELAY?CPU
  +--> ?PR?_LCDPOWERON?TW88
  +--> ?PR?_PRINTF?PRINTF

?PR?DISPLAYINPUT?DISPINFO                        -----    -----      0012H    0003H
  +--> ?PR?CLEAROSDINFO?DISPINFO
  +--> ?CO?OSDBASIC
  +--> ?PR?_INITOSDWINDOW?OSDBASIC
  +--> ?PR?_CLEARDATACNT?OSDBASIC
  +--> ?CO?DISPINFO
  +--> ?PR?DISPINFO
  +--> ?PR?_WRITESTRINGTOADDR?OSDBASIC
  +--> ?PR?GETINPUTSELECTION?MAIN
  +--> ?CO?MAIN
  +--> ?PR?_STRLEN?OSDBASIC
  +--> ?PR?_READEEP?I2C
  +--> ?PR?_DRAWATTRCNT?OSDBASIC
  +--> ?PR?_SHOWOSDWINDOW_TW88?OSDBASIC
  +--> ?PR?_SHOWOSDWINDOWALL?OSDBASIC
  +--> ?PR?VLOSSHANDLER?DISPINFO
  +--> ?PR?GETTIME_MS?CPU

?PR?CLEAROSDINFO?DISPINFO                        -----    -----      0015H    0001H
  +--> ?PR?GETDISPLAYEDOSD?DISPINFO
  +--> ?CO?DISPINFO
  +--> ?PR?_PRINTF?PRINTF
  +--> ?PR?CLEARTVINFO?DISPINFO
  +--> ?PR?CLEARMUTEINFO?DISPINFO
  +--> ?PR?CLEARINPUT?DISPINFO
  +--> ?PR?CLOSEOSDMENU?OSDMENU
  +--> ?PR?CLEARGAUGEINFO?HS_DISPLAYOSD
  +--> ?PR?CLEARVLOSSOSD?DISPINFO

?PR?CLEARTVINFO?DISPINFO                         -----    -----      -----    -----
  +--> ?PR?_SHOWOSDWINDOWALL?OSDBASIC
  +--> ?PR?CHECKMIRROR?HS_KEYREMO
  +--> ?PR?_SHOWOSDWINDOW_TW88?OSDBASIC

?PR?CLEARMUTEINFO?DISPINFO                       -----    -----      -----    -----
  +--> ?PR?_SHOWOSDWINDOW_TW88?OSDBASIC

?PR?CLEARINPUT?DISPINFO                          -----    -----      -----    -----
  +--> ?PR?_SHOWOSDWINDOWALL?OSDBASIC
  +--> ?PR?_SHOWOSDWINDOW_TW88?OSDBASIC

?PR?CLOSEOSDMENU?OSDMENU                         -----    -----      0016H    0001H
  +--> ?PR?_SHOWOSDWINDOWALL?OSDBASIC
  +--> ?PR?WAITENDOFDISPLAYAREA?OSDBASIC
  +--> ?PR?_WRITEI2C?I2C
BL51 BANKED LINKER/LOCATER V6.22                                                      12/15/2017  13:23:50  PAGE 20


  +--> ?PR?_CLEARDISPLAYEDOSD?DISPINFO
  +--> ?PR?CHECKMIRROR?HS_KEYREMO

?PR?CLEARVLOSSOSD?DISPINFO                       -----    -----      -----    -----
  +--> ?PR?_SHOWOSDWINDOW_TW88?OSDBASIC
  +--> ?PR?_CLEARDISPLAYEDOSD?DISPINFO

?PR?DISPINFO                                     -----    -----      -----    -----
  +--> ?CO?DISPINFO

?PR?VLOSSHANDLER?DISPINFO                        -----    -----      -----    -----
  +--> ?PR?_READI2C?I2C
  +--> ?PR?GETDISPLAYEDOSD?DISPINFO
  +--> ?PR?_DRAWATTRCNT?OSDBASIC
  +--> ?CO?DISPINFO
  +--> ?PR?DISPINFO
  +--> ?PR?_WRITESTRINGTOADDR?OSDBASIC
  +--> ?PR?_SETDISPLAYEDOSD?DISPINFO
  +--> ?PR?_SHOWOSDWINDOWALL?OSDBASIC
  +--> ?PR?_SHOWOSDWINDOW_TW88?OSDBASIC
  +--> ?PR?_CLEARDISPLAYEDOSD?DISPINFO
  +--> ?PR?_CLEARDATACNT?OSDBASIC
  +--> ?PR?_PRINTF?PRINTF

?PR?GETTIME_MS?CPU                               -----    -----      0015H    0002H

?PR?MONTXDUMP?MONITOR                            -----    -----      0002H    0002H
  +--> ?PR?MONITOR
  +--> ?CO?MONITOR
  +--> ?PR?_PUTS?PRINTF
  +--> ?PR?_A2I?MONITOR
  +--> ?PR?_RS_TX?CPU

?PR?_A2I?MONITOR                                 -----    -----      0004H    0008H
  +--> ?PR?MONITOR

?PR?_STRICMP?MONITOR                             -----    -----      0002H    0008H
  +--> ?PR?MONITOR
  +--> ?PR?_TOUPPER?MONITOR

?PR?_DISPLAYRAMFONT?OSDBASIC                     -----    -----      0002H    0003H
  +--> ?PR?_WRITEI2C?I2C
  +--> ?PR?OSDBASIC
  +--> ?CO?OSDBASIC
  +--> ?PR?_PUTS?PRINTF
  +--> ?PR?RS_READY?CPU
  +--> ?PR?DOWNLOADUDFONT?OSDBASIC
  +--> ?PR?_PRINTF?PRINTF

?PR?_DISPLAYROMFONT?OSDBASIC                     -----    -----      0002H    0002H
  +--> ?PR?OSDBASIC
  +--> ?PR?_WRITEI2C?I2C
  +--> ?CO?OSDBASIC
  +--> ?PR?_PUTS?PRINTF
  +--> ?PR?RS_READY?CPU

?PR?_TRIGGERHANDLER?HS_KEYREMO                   -----    -----      0002H    000AH
BL51 BANKED LINKER/LOCATER V6.22                                                      12/15/2017  13:23:50  PAGE 21


  +--> ?PR?HS_KEYREMO
  +--> ?PR?GETDISPLAYEDOSD?DISPINFO
  +--> ?CO?HS_KEYREMO
  +--> ?PR?SETREARSOURCE?HS_KEYREMO
  +--> ?PR?CLEARGAUGEINFO?HS_DISPLAYOSD
  +--> ?PR?SETLEFTSOURCE?HS_KEYREMO
  +--> ?PR?_READI2C?I2C
  +--> ?PR?CLEAROSDINFO?DISPINFO
  +--> ?PR?INITOSDMENU?OSDMENU
  +--> ?PR?CHANGE_OSDCOLORLOOKUP?OSDBASIC
  +--> ?PR?SETRIGHTSOURCE?HS_KEYREMO
  +--> ?PR?_WRITEI2C?I2C
  +--> ?PR?CHECKTRIGGER?HS_KEYREMO
  +--> ?PR?_PRINTF?PRINTF
  +--> ?PR?SETNOWMODE?HS_KEYREMO
  +--> ?PR?_READEEP?I2C
  +--> ?PR?_WAIT_MS?CPU

?PR?SETREARSOURCE?HS_KEYREMO                     -----    -----      -----    -----
  +--> ?PR?_CHANGEINPUT?MAIN
  +--> ?PR?_WRITEI2C?I2C
  +--> ?PR?_READEEP?I2C
  +--> ?PR?DISPLAYGAUGEOSD?HS_DISPLAYOSD

?PR?_CHANGEINPUT?MAIN                            -----    -----      -----    -----
  +--> ?PR?_INITVIDEODATA?MAIN
  +--> ?PR?COMPOSITE1INPUT?TW88
  +--> ?PR?_READI2C?I2C
  +--> ?CO?MAIN
  +--> ?PR?COMPOSITE2INPUT?TW88
  +--> ?PR?COMPOSITE3INPUT?TW88
  +--> ?PR?_CHANGEVOL?AUDIO
  +--> ?PR?MAIN
  +--> ?PR?_PRINTF?PRINTF
  +--> ?PR?CHECKPANELIMAGE?OSDMENU
  +--> ?PR?_SAVEINPUTSELECTIONEE?ETC_EEP
  +--> ?PR?_DELAY?CPU
  +--> ?PR?CHECKDECODERINPUT?MAIN
  +--> ?PR?CHECKMIRROR?HS_KEYREMO
  +--> ?PR?DISPLAYINPUT?DISPINFO
  +--> ?PR?_LCDPOWERON?TW88
  +--> ?PR?_WRITEI2C?I2C

?PR?_INITVIDEODATA?MAIN                          -----    -----      0017H    0001H
  +--> ?CO?TABLE
  +--> ?PR?_I2CDEVICEINITIALIZE?MAIN
  +--> ?PR?MAIN
  +--> ?PR?_WRITEI2C?I2C
  +--> ?PR?_CLEARAUTODETECTSTD?TW88
  +--> ?PR?SETAUTODETECTSTD?TW88
  +--> ?PR?_READEEP?I2C
  +--> ?PR?_SETVIDEOMODE?OSDMENU
  +--> ?PR?GETWIDEMODEEE?ETC_EEP
  +--> ?PR?_SET4WIDESCREEN?OSDMENU
  +--> ?CO?MAIN
  +--> ?PR?_PRINTF?PRINTF

BL51 BANKED LINKER/LOCATER V6.22                                                      12/15/2017  13:23:50  PAGE 22


?PR?_I2CDEVICEINITIALIZE?MAIN                    -----    -----      0018H    0006H
  +--> ?PR?MAIN
  +--> ?PR?_WRITEI2C?I2C

?PR?_CLEARAUTODETECTSTD?TW88                     -----    -----      0018H    0001H
  +--> ?PR?_READI2C?I2C
  +--> ?PR?_WRITEI2C?I2C

?PR?SETAUTODETECTSTD?TW88                        -----    -----      -----    -----
  +--> ?PR?GETPOSSIBLEAUTODETECTSTDEE?ETC_EEP
  +--> ?PR?_WRITEI2C?I2C
  +--> ?PR?_READI2C?I2C

?PR?GETPOSSIBLEAUTODETECTSTDEE?ETC_EEP           -----    -----      -----    -----
  +--> ?PR?_READEEP?I2C

?PR?GETWIDEMODEEE?ETC_EEP                        -----    -----      -----    -----
  +--> ?PR?_READEEP?I2C

?PR?COMPOSITE1INPUT?TW88                         -----    -----      -----    -----
  +--> ?PR?_WRITEI2C?I2C
  +--> ?PR?TW88
  +--> ?PR?_READI2C?I2C

?PR?COMPOSITE2INPUT?TW88                         -----    -----      -----    -----
  +--> ?PR?_WRITEI2C?I2C
  +--> ?PR?TW88
  +--> ?PR?_READI2C?I2C

?PR?COMPOSITE3INPUT?TW88                         -----    -----      -----    -----
  +--> ?PR?_WRITEI2C?I2C
  +--> ?PR?TW88
  +--> ?PR?_READI2C?I2C

?PR?CHECKPANELIMAGE?OSDMENU                      -----    -----      -----    -----
  +--> ?PR?_READI2C?I2C
  +--> ?PR?_WRITEI2C?I2C

?PR?CHECKDECODERINPUT?MAIN                       -----    -----      0012H    0005H
  +--> ?PR?DETECTDECODERINPUT?TW88
  +--> ?PR?_SETVINPUTSTD?MAIN
  +--> ?PR?CLEARGAUGEINFO?HS_DISPLAYOSD
  +--> ?PR?_DELAY?CPU
  +--> ?PR?_INITVIDEODATA?MAIN

?PR?DETECTDECODERINPUT?TW88                      -----    -----      0017H    0002H
  +--> ?PR?_DELAY?CPU
  +--> ?PR?_READI2C?I2C

?PR?DISPLAYGAUGEOSD?HS_DISPLAYOSD                -----    -----      000CH    0001H
  +--> ?CO?HS_DISPLAYOSD
  +--> ?PR?_INITOSDWINDOW?OSDBASIC
  +--> ?PR?HS_DISPLAYOSD
  +--> ?PR?_WRITESTRINGTOADDR?OSDBASIC
  +--> ?PR?_DRAWATTRCNT?OSDBASIC
  +--> ?PR?_SETDISPLAYEDOSD?DISPINFO
  +--> ?PR?_CLEARDISPLAYEDOSD?DISPINFO
BL51 BANKED LINKER/LOCATER V6.22                                                      12/15/2017  13:23:50  PAGE 23


  +--> ?PR?VLOSSHANDLER?DISPINFO
  +--> ?PR?_SHOWOSDWINDOW_TW88?OSDBASIC
  +--> ?PR?_SHOWOSDWINDOWALL?OSDBASIC
  +--> ?PR?_WRITEI2C?I2C

?PR?SETLEFTSOURCE?HS_KEYREMO                     -----    -----      -----    -----
  +--> ?PR?_CHANGEINPUT?MAIN

?PR?SETRIGHTSOURCE?HS_KEYREMO                    -----    -----      -----    -----
  +--> ?PR?_CHANGEINPUT?MAIN

?PR?SETNOWMODE?HS_KEYREMO                        -----    -----      -----    -----
  +--> ?CO?HS_KEYREMO
  +--> ?PR?HS_KEYREMO
  +--> ?PR?_PRINTF?PRINTF
  +--> ?PR?_CHECKSOURCEMODE?HS_KEYREMO
  +--> ?PR?_READEEP?I2C

?PR?_CHECKSOURCEMODE?HS_KEYREMO                  -----    -----      -----    -----
  +--> ?CO?HS_KEYREMO
  +--> ?PR?_PRINTF?PRINTF
  +--> ?PR?_CHANGEINPUT?MAIN
  +--> ?PR?HS_KEYREMO
  +--> ?PR?DISPLAYINPUT?DISPINFO
  +--> ?PR?_WRITEEEP?I2C

?PR?SEQMODE?HS_KEYREMO                           -----    -----      0001H    0001H
  +--> ?PR?_CHECKSOURCEMODE?HS_KEYREMO

?PR?_ADJUSTAUTODAYNIGHT?MAIN                     -----    -----      0001H    0002H
  +--> ?PR?_READI2C?I2C
  +--> ?PR?MAIN
  +--> ?PR?_WRITEI2C?I2C

?PR?CHECKKEYIN?KEYREMO                           -----    -----      0001H    0003H
  +--> ?PR?_GETKEY?KEYREMO
  +--> ?CO?KEYREMO
  +--> ?PR?_PRINTF?PRINTF
  +--> ?PR?KEYREMO
  +--> ?PR?_WRITEEEP?I2C
  +--> ?PR?_DISPLAYINFORMATION?HS_DISPLAYOSD
  +--> ?PR?DISPLAYGAUGEOSD?HS_DISPLAYOSD
  +--> ?PR?CLEARGAUGEINFO?HS_DISPLAYOSD
  +--> ?PR?DISPLAYINPUT?DISPINFO
  +--> ?PR?_WAIT_MS?CPU
  +--> ?PR?_POWERLED?CPU
  +--> ?PR?CLEAROSDINFO?DISPINFO
  +--> ?PR?SETOSDLASTKEYINTIME?MAIN
  +--> ?PR?_PUTS?PRINTF
  +--> ?PR?_ACTIONREMO?KEYREMO
  +--> ?PR?_HS_DISPLAY2835CLKTUNEVAL?KEYREMO
  +--> ?PR?GETDISPLAYEDOSD?DISPINFO
  +--> ?PR?OSDSELECT?OSDMENU
  +--> ?PR?_OSDVALUEUPDN?OSDMENU
  +--> ?PR?_OSDCURSORMOVE?OSDMENU
  +--> ?PR?CLOSEOSDMENU?OSDMENU
  +--> ?PR?CLEARINPUT?DISPINFO
BL51 BANKED LINKER/LOCATER V6.22                                                      12/15/2017  13:23:50  PAGE 24


  +--> ?PR?SETSELECTMODE?HS_KEYREMO
  +--> ?PR?_READEEP?I2C
  +--> ?PR?SETJUMPMODE?HS_KEYREMO
  +--> ?PR?_CAM_TXCOMMAND_TORS485?HS_DVRPROT...
  +--> ?PR?_CLEARDATACNT?OSDBASIC
  +--> ?PR?_DELAY?CPU

?PR?_GETKEY?KEYREMO                              0024H.1  0000H.1    -----    -----

?PR?SETOSDLASTKEYINTIME?MAIN                     -----    -----      -----    -----
  +--> ?PR?GETTIME_MS?CPU

?PR?_ACTIONREMO?KEYREMO                          -----    -----      0004H    0002H
  +--> ?PR?SETOSDLASTKEYINTIME?MAIN
  +--> ?PR?GETNEXTINPUTSELECTION?MAIN
  +--> ?PR?_CHANGEINPUT?MAIN
  +--> ?PR?GETDISPLAYEDOSD?DISPINFO
  +--> ?PR?CLEARINPUT?DISPINFO
  +--> ?PR?DISPLAYINPUT?DISPINFO
  +--> ?PR?REMOCHNUP_UPKEY?KEYREMO
  +--> ?PR?REMOCHNDN_DNKEY?KEYREMO
  +--> ?PR?OSDSELECT?OSDMENU
  +--> ?PR?REMOVOLUP_RIGHTKEY?KEYREMO
  +--> ?PR?REMOVOLDN_LEFTKEY?KEYREMO
  +--> ?PR?REMOMENU_MENUKEY?KEYREMO
  +--> ?PR?_DOACTION?OSDMENU
  +--> ?PR?_SETITEMVALUE?OSDMENU

?PR?GETNEXTINPUTSELECTION?MAIN                   -----    -----      -----    -----
  +--> ?PR?MAIN

?PR?REMOCHNUP_UPKEY?KEYREMO                      -----    -----      -----    -----
  +--> ?PR?GETDISPLAYEDOSD?DISPINFO
  +--> ?PR?_OSDCURSORMOVE?OSDMENU

?PR?_OSDCURSORMOVE?OSDMENU                       0024H.1  0000H.1    0006H    0004H
  +--> ?PR?OSDMENU
  +--> ?PR?_READEEP?I2C
  +--> ?PR?_GETNEXTCURSORMENUITEM?OSDMENU
  +--> ?PR?_GETLOWERMENUITEM?OSDMENU
  +--> ?PR?CLEARVALUEWIN?OSDMENU
  +--> ?PR?CLEARCURSOR?OSDMENU
  +--> ?PR?WAITENDOFDISPLAYAREA?OSDBASIC
  +--> ?PR?_WRITEI2C?I2C
  +--> ?PR?_SHOWOSDWINDOW_TW88?OSDBASIC
  +--> ?PR?_GETOSDWINDOWY?OSDBASIC
  +--> ?PR?_SETOSDWINDOWY_TW88?OSDBASIC
  +--> ?PR?DISPLAYOSDMENU?OSDMENU
  +--> ?PR?_DRAWMENULIST?OSDMENU
  +--> ?PR?DISPLAYCURSOR?OSDMENU

?PR?_GETNEXTCURSORMENUITEM?OSDMENU               -----    -----      000AH    0005H
  +--> ?PR?_GETUPPERMENUITEM?OSDMENU
  +--> ?PR?_GETLOWERMENUITEM?OSDMENU

?PR?CLEARVALUEWIN?OSDMENU                        -----    -----      -----    -----
  +--> ?PR?SAVEVALUE1?OSDMENU
BL51 BANKED LINKER/LOCATER V6.22                                                      12/15/2017  13:23:50  PAGE 25



?PR?SAVEVALUE1?OSDMENU                           -----    -----      -----    -----
  +--> ?PR?OSDMENU

?PR?CLEARCURSOR?OSDMENU                          -----    -----      000AH    0002H
  +--> ?PR?OSDMENU
  +--> ?PR?_DRAWATTRCNT?OSDBASIC

?PR?REMOCHNDN_DNKEY?KEYREMO                      -----    -----      -----    -----
  +--> ?PR?GETDISPLAYEDOSD?DISPINFO
  +--> ?PR?_OSDCURSORMOVE?OSDMENU

?PR?OSDSELECT?OSDMENU                            -----    -----      0006H    0002H
  +--> ?PR?OSDMENU
  +--> ?PR?GETINPUTSELECTION?MAIN
  +--> ?PR?READVINPUTSTD?MAIN
  +--> ?PR?_DOACTION?OSDMENU
  +--> ?PR?CLEARCURSOR?OSDMENU
  +--> ?PR?CLOSEOSDMENU?OSDMENU
  +--> ?PR?DISPLAYCURSOR?OSDMENU
  +--> ?PR?_GETITEMVALUE?OSDMENU
  +--> ?PR?_WRITEI2C?I2C
  +--> ?PR?PUSHMENU?OSDMENU
  +--> ?PR?_GET_CURSOR_ITEM?OSDMENU
  +--> ?PR?DISPLAYOSDMENU?OSDMENU

?PR?READVINPUTSTD?MAIN                           -----    -----      -----    -----
  +--> ?PR?ISNOINPUT?MAIN
  +--> ?PR?_READI2C?I2C

?PR?ISNOINPUT?MAIN                               -----    -----      -----    -----
  +--> ?PR?_READI2C?I2C

?PR?_DOACTION?OSDMENU                            -----    -----      0008H    0001H
  +--> ?PR?_CHANGEINPUT?MAIN
  +--> ?PR?DISPLAYINPUT?DISPINFO
  +--> ?CO?OSDMENU
  +--> ?PR?_PRINTF?PRINTF
  +--> ?PR?OSDHIGHMENU_SUB?OSDMENU
  +--> ?PR?DISPLAYINFO_OSD?OSDMENU
  +--> ?PR?CLOSEOSDMENU?OSDMENU
  +--> ?PR?_READEEP?I2C
  +--> ?PR?CLEAROSDINFO?DISPINFO
  +--> ?PR?RESETVIDEOVALUE?OSDMENU
  +--> ?PR?RESETOSDVALUE?OSDMENU
  +--> ?PR?SETNOWMODE?HS_KEYREMO

?PR?OSDHIGHMENU_SUB?OSDMENU                      -----    -----      0009H    0001H
  +--> ?PR?OSDMENU
  +--> ?PR?POPMENU?OSDMENU
  +--> ?PR?CLOSEOSDMENU?OSDMENU
  +--> ?CO?OSDMENU
  +--> ?PR?_PRINTF?PRINTF
  +--> ?PR?DISPLAYOSDMENU?OSDMENU
  +--> ?PR?_DRAWMENULIST?OSDMENU
  +--> ?PR?DISPLAYCURSOR?OSDMENU
  +--> ?PR?_WRITEI2C?I2C
BL51 BANKED LINKER/LOCATER V6.22                                                      12/15/2017  13:23:50  PAGE 26



?PR?DISPLAYINFO_OSD?OSDMENU                      -----    -----      0009H    0008H
  +--> ?PR?PUSHMENU?OSDMENU
  +--> ?PR?OSDMENU
  +--> ?PR?_DRAWMENULIST?OSDMENU
  +--> ?PR?_DRAWATTRCNT?OSDBASIC
  +--> ?CO?OSDMENU
  +--> ?PR?_WRITESTRINGTOADDR?OSDBASIC
  +--> ?PR?GETINPUTSELECTION?MAIN
  +--> ?CO?MAIN
  +--> ?PR?_STRLEN?OSDBASIC
  +--> ?PR?GETVINPUTSTDINX?MAIN
  +--> ?PR?_READEEP?I2C

?PR?GETVINPUTSTDINX?MAIN                         -----    -----      -----    -----
  +--> ?PR?READVINPUTSTD?MAIN
  +--> ?PR?MAIN
  +--> ?CO?MAIN

?PR?_GET_CURSOR_ITEM?OSDMENU                     -----    -----      0008H    0002H
  +--> ?PR?GETINPUTSELECTION?MAIN
  +--> ?PR?_GETTARGETCHILD?OSDMENU

?PR?_GETTARGETCHILD?OSDMENU                      -----    -----      -----    -----
  +--> ?PR?OSDMENU
  +--> ?PR?_GETLOWERMENUITEM?OSDMENU

?PR?REMOVOLUP_RIGHTKEY?KEYREMO                   -----    -----      -----    -----
  +--> ?PR?GETDISPLAYEDOSD?DISPINFO
  +--> ?PR?_OSDVALUEUPDN?OSDMENU
  +--> ?PR?OSDSELECT?OSDMENU
  +--> ?PR?_CHANGEVOL?AUDIO
  +--> ?PR?DISPLAYVOL?DISPINFO

?PR?_OSDVALUEUPDN?OSDMENU                        -----    -----      0006H    0008H
  +--> ?PR?OSDMENU
  +--> ?PR?_SETITEMVALUE?OSDMENU
  +--> ?PR?_AWT_DISPLAYVIEWBAR?OSDMENU
  +--> ?PR?_DISPLAYVIEWBAR?OSDMENU
  +--> ?PR?_DRAWNUM?OSDMENU
  +--> ?PR?_DRAWSTRINGBYLANG?OSDMENU

?PR?_SETITEMVALUE?OSDMENU                        -----    -----      000EH    0004H
  +--> ?PR?OSDMENU
  +--> ?CO?OSDMENU
  +--> ?PR?_PRINTF?PRINTF
  +--> ?PR?_SETOSDPOSITIONMODE?OSDMENU
  +--> ?PR?_SETLANGUAGE?OSDMENU
  +--> ?PR?_SETPCCOLORTEMP?OSDMENU
  +--> ?PR?_SETPCCOLOR?OSDMENU
  +--> ?PR?_SETVIDEOMODE?OSDMENU
  +--> ?PR?_READEEP?I2C
  +--> ?PR?_DRAWATTRCNT?OSDBASIC
  +--> ?PR?_CHANGEVIDEODATA?OSDMENU
  +--> ?PR?_SETVIDEOSHARPNESS?OSDMENU
  +--> ?PR?_CHANGEVOL?AUDIO
  +--> ?PR?_SET4WIDESCREEN?OSDMENU
BL51 BANKED LINKER/LOCATER V6.22                                                      12/15/2017  13:23:50  PAGE 27


  +--> ?PR?_WRITEEEP?I2C
  +--> ?PR?SETNOWMODE?HS_KEYREMO

?PR?_SETOSDPOSITIONMODE?OSDMENU                  -----    -----      0012H    0016H
  +--> ?PR?GETOSDPOSITIONMODE?OSDMENU
  +--> ?PR?OSDMENU
  +--> ?PR?_GETOSDWINDOWX?OSDBASIC
  +--> ?PR?_GETOSDWINDOWY?OSDBASIC
  +--> ?PR?WAITENDOFDISPLAYAREA?OSDBASIC
  +--> ?PR?_READI2C?I2C
  +--> ?PR?_WRITEI2C?I2C
  +--> ?PR?_WRITEI2CN?I2C
  +--> ?PR?_SAVEOSDPOSITIONMODEEE?ETC_EEP

?PR?_SETLANGUAGE?OSDMENU                         -----    -----      -----    -----
  +--> ?PR?OSDMENU
  +--> ?PR?_SAVEOSDLANGEE?ETC_EEP

?PR?_SETPCCOLORTEMP?OSDMENU                      -----    -----      0012H    0002H
  +--> ?PR?OSDMENU
  +--> ?PR?_WRITEEEP?I2C
  +--> ?PR?_READEEP?I2C
  +--> ?CO?OSDMENU
  +--> ?PR?_MAPPING1?TW88
  +--> ?PR?_SETRGBCONTRAST?OSDMENU
  +--> ?PR?_DRAWATTRCNT?OSDBASIC

?PR?_SETRGBCONTRAST?OSDMENU                      -----    -----      0014H    0008H
  +--> ?PR?_READEEP?I2C
  +--> ?PR?OSDMENU
  +--> ?PR?_MAPPING1?TW88
  +--> ?PR?_WRITEI2C?I2C

?PR?_SETPCCOLOR?OSDMENU                          -----    -----      0012H    0007H
  +--> ?PR?OSDMENU
  +--> ?PR?_MAPPING1?TW88
  +--> ?PR?_WRITEEEP?I2C
  +--> ?PR?_READEEP?I2C
  +--> ?CO?OSDMENU
  +--> ?PR?_WRITEI2C?I2C

?PR?_CHANGEVIDEODATA?OSDMENU                     -----    -----      0012H    0003H
  +--> ?PR?OSDMENU
  +--> ?PR?_SETVIDEOCONTRAST?OSDMENU
  +--> ?PR?_SETVIDEOBRIGHTNESS?OSDMENU
  +--> ?PR?_SETVIDEOSATURATION?OSDMENU
  +--> ?PR?_SETVIDEOHUE?OSDMENU
  +--> ?PR?_SETVIDEOBACKLIGHT?OSDMENU
  +--> ?PR?_SAVEVIDEODATATOEE?ETC_EEP

?PR?_SETVIDEOBACKLIGHT?OSDMENU                   -----    -----      0015H    0003H
  +--> ?PR?OSDMENU
  +--> ?CO?OSDMENU
  +--> ?PR?_MAPPING1?TW88
  +--> ?PR?_READI2C?I2C
  +--> ?PR?_WRITEI2C?I2C

BL51 BANKED LINKER/LOCATER V6.22                                                      12/15/2017  13:23:50  PAGE 28


?PR?_SETVIDEOSHARPNESS?OSDMENU                   -----    -----      0012H    0005H
  +--> ?PR?_READI2C?I2C
  +--> ?PR?OSDMENU
  +--> ?CO?OSDMENU
  +--> ?PR?_MAPPING1?TW88
  +--> ?PR?_WRITEI2C?I2C
  +--> ?PR?_SAVEVIDEODATATOEE?ETC_EEP

?PR?DISPLAYVOL?DISPINFO                          -----    -----      0006H    0002H
  +--> ?CO?DISPINFO
  +--> ?PR?_PRINTF?PRINTF
  +--> ?PR?_WRITEI2C?I2C
  +--> ?PR?CLEAROSDINFO?DISPINFO
  +--> ?PR?_DELAY?CPU
  +--> ?CO?OSDBASIC
  +--> ?PR?_INITOSDWINDOW?OSDBASIC
  +--> ?PR?_CLEARDATACNT?OSDBASIC
  +--> ?PR?_DRAWATTRCNT?OSDBASIC
  +--> ?PR?GETOSDLANG?OSDMENU
  +--> ?CO?OSDMENU
  +--> ?PR?_STRLEN?OSDBASIC
  +--> ?PR?_WRITESTRINGTOADDR?OSDBASIC
  +--> ?PR?_SHOWOSDWINDOW_TW88?OSDBASIC
  +--> ?PR?_SHOWOSDWINDOWALL?OSDBASIC
  +--> ?PR?_DISPLAYVOLUMEBAR?OSDMENU
  +--> ?PR?GETTIME_MS?CPU
  +--> ?PR?_WAIT_MS?CPU

?PR?GETOSDLANG?OSDMENU                           -----    -----      -----    -----
  +--> ?PR?GETOSDLANGEE?ETC_EEP

?PR?_DISPLAYVOLUMEBAR?OSDMENU                    -----    -----      0008H    0016H
  +--> ?CO?OSDMENU
  +--> ?PR?OSDMENU
  +--> ?PR?_WRITESTRINGTOADDR?OSDBASIC

?PR?REMOVOLDN_LEFTKEY?KEYREMO                    -----    -----      -----    -----
  +--> ?PR?GETDISPLAYEDOSD?DISPINFO
  +--> ?PR?_OSDVALUEUPDN?OSDMENU
  +--> ?PR?OSDHIGHMENU?OSDMENU
  +--> ?PR?_CHANGEVOL?AUDIO
  +--> ?PR?DISPLAYVOL?DISPINFO

?PR?OSDHIGHMENU?OSDMENU                          -----    -----      -----    -----
  +--> ?PR?CLEARVALUEWIN?OSDMENU
  +--> ?PR?_DRAWMENULIST?OSDMENU
  +--> ?PR?DISPLAYCURSOR?OSDMENU
  +--> ?PR?OSDMENU
  +--> ?PR?_DOACTION?OSDMENU
  +--> ?PR?CLEARCURSOR?OSDMENU
  +--> ?PR?OSDHIGHMENU_SUB?OSDMENU

?PR?REMOMENU_MENUKEY?KEYREMO                     -----    -----      -----    -----
  +--> ?PR?GETDISPLAYEDOSD?DISPINFO
  +--> ?PR?OSDHIGHMENU?OSDMENU
  +--> ?PR?CLEAROSDINFO?DISPINFO
  +--> ?PR?_WRITEI2C?I2C
BL51 BANKED LINKER/LOCATER V6.22                                                      12/15/2017  13:23:50  PAGE 29


  +--> ?PR?OPENOSDMENU?OSDMENU
  +--> ?PR?_WAIT_MS?CPU

?PR?OPENOSDMENU?OSDMENU                          -----    -----      0006H    0001H
  +--> ?PR?CLEAROSDINFO?DISPINFO
  +--> ?PR?INITOSDMENU?OSDMENU
  +--> ?PR?_SHOWOSDWINDOW_TW88?OSDBASIC
  +--> ?PR?_SHOWOSDWINDOWALL?OSDBASIC
  +--> ?PR?_SETDISPLAYEDOSD?DISPINFO

?PR?_HS_DISPLAY2835CLKTUNEVAL?KEYREMO            -----    -----      0004H    0004H
  +--> ?CO?KEYREMO
  +--> ?PR?KEYREMO
  +--> ?CO?OSDBASIC
  +--> ?PR?_INITOSDWINDOW?OSDBASIC
  +--> ?PR?_SETDISPLAYEDOSD?DISPINFO
  +--> ?PR?_CLEARDATACNT?OSDBASIC
  +--> ?PR?_DRAWATTRCNT?OSDBASIC
  +--> ?PR?_WRITESTRINGTOADDR?OSDBASIC
  +--> ?PR?_SHOWOSDWINDOW_TW88?OSDBASIC
  +--> ?PR?_SHOWOSDWINDOWALL?OSDBASIC

?PR?SETSELECTMODE?HS_KEYREMO                     -----    -----      -----    -----
  +--> ?PR?_CHECKSOURCEMODE?HS_KEYREMO
  +--> ?CO?HS_KEYREMO
  +--> ?PR?_PRINTF?PRINTF
  +--> ?PR?_WRITEEEP?I2C
  +--> ?PR?HS_KEYREMO

?PR?SETJUMPMODE?HS_KEYREMO                       -----    -----      0004H    0001H
  +--> ?PR?_READEEP?I2C
  +--> ?PR?_CHECKSOURCEMODE?HS_KEYREMO
  +--> ?CO?HS_KEYREMO
  +--> ?PR?_WRITESTRINGTOADDR?OSDBASIC
  +--> ?PR?HS_KEYREMO
  +--> ?PR?_WRITEEEP?I2C

?PR?_CAM_TXCOMMAND_TORS485?HS_DVRPROT...         -----    -----      0004H    0002H
  +--> ?PR?HS_DVRPROTOCOL
  +--> ?PR?SEND_PELCOP_COMMAND?HS_DVRPROTOCOL
  +--> ?PR?SEND_PELCOD_COMMAND?HS_DVRPROTOCOL

?PR?SEND_PELCOP_COMMAND?HS_DVRPROTOCOL           -----    -----      0006H    0001H
  +--> ?PR?HS_DVRPROTOCOL
  +--> ?CO?HS_DVRPROTOCOL
  +--> ?PR?_PRINTF?PRINTF
  +--> ?PR?_WAIT_MS?CPU
  +--> ?PR?_RS2_TX?CPU

?PR?SEND_PELCOD_COMMAND?HS_DVRPROTOCOL           -----    -----      0006H    0001H
  +--> ?PR?HS_DVRPROTOCOL
  +--> ?CO?HS_DVRPROTOCOL
  +--> ?PR?_PRINTF?PRINTF
  +--> ?PR?_WAIT_MS?CPU
  +--> ?PR?_RS2_TX?CPU

?PR?CLEARINPUT2S?DISPINFO                        -----    -----      -----    -----
BL51 BANKED LINKER/LOCATER V6.22                                                      12/15/2017  13:23:50  PAGE 30


  +--> ?PR?_SHOWOSDWINDOW_TW88?OSDBASIC

?PR?CHECKANDCLEAROSD?DISPINFO                    -----    -----      0001H    0006H
  +--> ?PR?GETDISPLAYEDOSD?DISPINFO
  +--> ?PR?GETOSDLASTKEYINTIME?MAIN
  +--> ?PR?GETTIME_MS?CPU
  +--> ?PR?_DIFFTIME_MS?CPU
  +--> ?PR?CLEARTVINFO?DISPINFO
  +--> ?PR?DISPLAYINPUT?DISPINFO
  +--> ?PR?CLOSEOSDMENU?OSDMENU
  +--> ?PR?_READEEP?I2C

?PR?WAITPOWERON?MAIN                             -----    -----      0000H    0002H
  +--> ?PR?CHECKTRIGGER?HS_KEYREMO
  +--> ?PR?_TRIGGERHANDLER?HS_KEYREMO
  +--> ?PR?POWEROFF?MAIN
  +--> ?PR?AUDIOMUTE?AUDIO
  +--> ?PR?_GETKEY?KEYREMO
  +--> ?PR?_WRITEEEP?I2C
  +--> ?PR?VLOSSHANDLER?DISPINFO
  +--> ?PR?DISPLAYINPUT?DISPINFO
  +--> ?PR?SETNOWMODE?HS_KEYREMO
  +--> ?PR?_READEEP?I2C
  +--> ?PR?_LCDPOWERON?TW88

?PR?POWEROFF?MAIN                                -----    -----      -----    -----
  +--> ?PR?AUDIOMUTE?AUDIO
  +--> ?PR?_POWERLED?CPU



UNRESOLVED EXTERNAL SYMBOLS:
   LCDPOWEROFF



SYMBOL TABLE OF MODULE:  .\Output\AWT-ML072S (ADC)

  VALUE           TYPE          NAME
  ----------------------------------

  -------         MODULE        ADC
  C:0000H         SYMBOL        _ICE_DUMMY_
  -------         ENDMOD        ADC

  -------         MODULE        CPU
  C:0000H         SYMBOL        _ICE_DUMMY_
  C:B930H         PUBLIC        InitCPU
  D:00B1H         PUBLIC        P3M0
  C:814EH         PUBLIC        timer0_int
  X:014AH         PUBLIC        FormatSDCard
  D:00B2H         PUBLIC        P3M1
  D:00A0H         PUBLIC        P2
  C:C8B0H         PUBLIC        timer2_int
  D:00E8H         PUBLIC        P4
  X:014BH         PUBLIC        FormatWait
  D:0025H         PUBLIC        DVR_buf
BL51 BANKED LINKER/LOCATER V6.22                                                      12/15/2017  13:23:50  PAGE 31


  D:002DH         PUBLIC        keytic
  D:00A8H         PUBLIC        IE
  D:002EH         PUBLIC        RS2_in
  B:0021H.4       PUBLIC        RepeatKey
  C:C81CH         PUBLIC        _delay
  B:00B0H.4       PUBLIC        P3_4
  B:00A8H.4       PUBLIC        ES
  D:00B8H         PUBLIC        IP
  D:00DEH         PUBLIC        CCAPM4
  B:0098H.0       PUBLIC        RI
  B:0098H.1       PUBLIC        TI
  C:C945H         PUBLIC        RS_ready
  D:002FH         PUBLIC        tic01
  B:0021H.5       PUBLIC        KeyReady
  B:0021H.6       PUBLIC        RS_Xbusy
  D:00D8H         PUBLIC        CCON
  C:C9D1H         PUBLIC        _RS2_tx
  X:014CH         PUBLIC        Time5ms
  X:014DH         PUBLIC        keyticSec
  D:0030H         PUBLIC        Key
  C:C11AH         PUBLIC        serial_int
  C:CA35H         PUBLIC        ext1_int
  D:0099H         PUBLIC        SBUF
  D:0087H         PUBLIC        PCON
  D:0098H         PUBLIC        SCON
  C:C643H         PUBLIC        InitVars
  D:0089H         PUBLIC        TMOD
  D:0088H         PUBLIC        TCON
  C:3F40H         PUBLIC        PanelInfoStr
  D:00BFH         PUBLIC        CHPCON
  C:89D6H         PUBLIC        main_init
  D:00F6H         PUBLIC        CHPENR
  X:014EH         PUBLIC        PowerDownWait
  D:0031H         PUBLIC        tm01
  D:0033H         PUBLIC        stopWatch
  C:6664H         PUBLIC        _TW2835Command
  D:0035H         SYMBOL        RS_buf
  B:00A8H.5       PUBLIC        ET2
  B:00C8H.7       PUBLIC        TF2
  D:008CH         PUBLIC        TH0
  D:008DH         PUBLIC        TH1
  C:C5E6H         PUBLIC        _DiffTime_ms
  B:00A8H.2       PUBLIC        EX1
  D:008AH         PUBLIC        TL0
  C:A9BDH         PUBLIC        InitTechwell
  B:0021H.7       PUBLIC        RS2_Xbusy
  C:BB4CH         PUBLIC        _Wait_ms
  B:00C8H.2       PUBLIC        TR2
  X:014FH         PUBLIC        updn_reg
  D:0049H         PUBLIC        RS_in
  D:004AH         PUBLIC        RS_out
  C:C2B7H         PUBLIC        serial2_int
  D:009AH         PUBLIC        S2BUF
  C:C661H         PUBLIC        _PowerLED
  D:00AAH         PUBLIC        S2CON
  D:00C8H         PUBLIC        T2CON
  D:00BAH         PUBLIC        S2BRT
BL51 BANKED LINKER/LOCATER V6.22                                                      12/15/2017  13:23:50  PAGE 32


  C:C804H         PUBLIC        RS_rx
  C:0003H         PUBLIC        _RS_tx
  D:004BH         PUBLIC        tm001
  D:00A6H         PUBLIC        AUXR2
  B:0022H.0       PUBLIC        ChangeKey
  C:BE65H         PUBLIC        GetTime_ms
  D:004CH         PUBLIC        tic_pc
  D:004EH         PUBLIC        RS_buf2
  D:0062H         PUBLIC        SystemClock
  C:3EDAH         PUBLIC        CommTable
  D:00ADH         PUBLIC        AUXIE
  C:B8E0H         SYMBOL        Com00AB
  C:B8E0H         SYMBOL        L?0172
  C:B8E1H         SYMBOL        L?0173
  C:B8E4H         SYMBOL        L?0174
  C:B8EDH         SYMBOL        L?0175
  C:B8EDH         SYMBOL        L?0176
  C:B8F6H         SYMBOL        L?0177
  C:B8F7H         SYMBOL        L?0178
  C:B8F8H         SYMBOL        L?0179
  C:B901H         SYMBOL        L?0181
  C:B912H         SYMBOL        L?0182
  C:B912H         SYMBOL        L?0183
  C:B91AH         SYMBOL        L?0184
  C:B91EH         SYMBOL        L?0185
  C:B926H         SYMBOL        L?0186
  C:B929H         SYMBOL        L?0187
  -------         PROC          COM00AB
  -------         ENDPROC       COM00AB
  C:8AEBH         SYMBOL        L?0188
  -------         PROC          MAIN_INIT
  -------         DO            
  X:0000H         SYMBOL        rev
  -------         ENDDO         
  C:89D6H         LINE#         288
  C:89D6H         LINE#         289
  C:89D6H         LINE#         295
  C:89DFH         LINE#         307
  C:89E6H         LINE#         308
  C:89F8H         LINE#         310
  C:8A05H         LINE#         311
  C:8A05H         LINE#         312
  C:8A18H         LINE#         313
  C:8A1FH         LINE#         314
  C:8A2DH         LINE#         315
  C:8A2DH         LINE#         319
  C:8A3AH         LINE#         320
  C:8A3AH         LINE#         321
  C:8A48H         LINE#         322
  C:8A48H         LINE#         323
  C:8A50H         LINE#         326
  C:8A55H         LINE#         327
  C:8A58H         LINE#         328
  C:8A61H         LINE#         333
  C:8A63H         LINE#         335
  C:8A63H         LINE#         337
  C:8A6BH         LINE#         339
BL51 BANKED LINKER/LOCATER V6.22                                                      12/15/2017  13:23:50  PAGE 33


  C:8A6BH         LINE#         340
  C:8A6DH         LINE#         342
  C:8A6DH         LINE#         343
  C:8A76H         LINE#         344
  C:8A7FH         LINE#         345
  C:8A85H         LINE#         346
  C:8A8AH         LINE#         351
  C:8A8FH         LINE#         353
  C:8A8FH         LINE#         360
  C:8A9BH         LINE#         361
  C:8A9DH         LINE#         362
  C:8AA1H         LINE#         364
  C:8AA6H         LINE#         366
  C:8AA9H         LINE#         369
  C:8AAFH         LINE#         374
  C:8AB2H         LINE#         375
  C:8AB5H         LINE#         378
  C:8ABAH         LINE#         379
  C:8ABFH         LINE#         380
  C:8AC2H         LINE#         391
  C:8AC5H         LINE#         395
  C:8ACAH         LINE#         396
  C:8ACFH         LINE#         398
  C:8AD8H         LINE#         402
  C:8AE1H         LINE#         403
  C:8AEAH         LINE#         404
  -------         ENDPROC       MAIN_INIT
  -------         PROC          INITCPU
  C:B930H         LINE#         409
  C:B930H         LINE#         410
  C:B930H         LINE#         411
  C:B933H         LINE#         412
  C:B936H         LINE#         413
  C:B939H         LINE#         414
  C:B93CH         LINE#         418
  C:B93FH         LINE#         425
  C:B942H         LINE#         427
  C:B945H         LINE#         429
  C:B948H         LINE#         433
  C:B94EH         LINE#         435
  C:B951H         LINE#         436
  C:B954H         LINE#         440
  C:B957H         LINE#         443
  C:B959H         LINE#         444
  C:B95BH         LINE#         450
  C:B95DH         LINE#         451
  C:B95FH         LINE#         452
  C:B961H         LINE#         458
  C:B964H         LINE#         459
  C:B967H         LINE#         462
  C:B96AH         LINE#         465
  C:B96DH         LINE#         467
  C:B96FH         LINE#         470
  C:B972H         LINE#         471
  C:B975H         LINE#         478
  C:B977H         LINE#         479
  C:B97AH         LINE#         483
BL51 BANKED LINKER/LOCATER V6.22                                                      12/15/2017  13:23:50  PAGE 34


  C:B97EH         LINE#         485
  -------         ENDPROC       INITCPU
  -------         PROC          TIMER0_INT
  -------         DO            
  D:000FH         SYMBOL        TempKey
  -------         ENDDO         
  C:814EH         LINE#         503
  C:8159H         LINE#         507
  C:815BH         LINE#         510
  C:8161H         LINE#         511
  C:8163H         LINE#         512
  C:8169H         LINE#         513
  C:8169H         LINE#         517
  C:8172H         LINE#         519
  C:8179H         LINE#         520
  C:8179H         LINE#         521
  C:8181H         LINE#         522
  C:8189H         LINE#         523
  C:8191H         LINE#         524
  C:8194H         LINE#         525
  C:8196H         LINE#         529
  C:819CH         LINE#         532
  C:819CH         LINE#         533
  C:819CH         LINE#         541
  C:81A6H         LINE#         544
  C:81AEH         LINE#         545
  C:81B1H         LINE#         546
  C:81B3H         LINE#         548
  C:81BCH         LINE#         549
[...]
  C:9D5EH         LINE#         353
  C:9D5EH         LINE#         354
  C:9D5EH         LINE#         355
  C:9D66H         LINE#         356
  C:9D6EH         LINE#         357
  C:9D73H         LINE#         358
  C:9D73H         LINE#         359
  C:9D73H         LINE#         360
  -------         ENDPROC       MONNEWDUMPI2C
  C:9104H         SYMBOL        L?0321
  -------         PROC          MONWRITEBIT
  -------         DO            
  X:0002H         SYMBOL        mask
  D:0006H         SYMBOL        i
  X:0003H         SYMBOL        FromBit
  X:0004H         SYMBOL        ToBit
  X:0005H         SYMBOL        MonMask
  D:0004H         SYMBOL        val
  X:0006H         SYMBOL        Slave
  -------         ENDDO         
  C:902EH         LINE#         363
  C:902EH         LINE#         364
  C:902EH         LINE#         369
  C:9037H         LINE#         370
  C:903DH         LINE#         372
  C:903DH         LINE#         373
  C:9045H         LINE#         375
  C:9045H         LINE#         376
  C:904FH         LINE#         377
  C:9059H         LINE#         378
BL51 BANKED LINKER/LOCATER V6.22                                                      12/15/2017  13:23:50  PAGE 165


  C:9064H         LINE#         380
  C:907DH         LINE#         381
  C:9086H         LINE#         383
  C:9086H         LINE#         385
  C:908CH         LINE#         386
  C:908EH         LINE#         387
  C:909AH         LINE#         388
  C:90A0H         LINE#         389
  C:90A3H         LINE#         390
  C:90A6H         LINE#         392
  C:90A8H         LINE#         393
  C:90B4H         LINE#         394
  C:90BAH         LINE#         395
  C:90BEH         LINE#         396
  C:90C1H         LINE#         398
  C:90C9H         LINE#         399
  C:90CCH         LINE#         400
  C:90CFH         LINE#         402
  C:90D5H         LINE#         403
  C:90D8H         LINE#         404
  C:90DAH         LINE#         405
  C:90DAH         LINE#         406
  C:90DDH         LINE#         407
  C:90E0H         LINE#         409
  C:90E6H         LINE#         410
  C:90F1H         LINE#         411
  C:90F1H         LINE#         413
  C:90F4H         LINE#         414
  C:9103H         LINE#         416
  -------         ENDPROC       MONWRITEBIT
  -------         PROC          MONTXDUMP
  -------         DO            
  X:0002H         SYMBOL        count
  -------         ENDDO         
  C:BEA2H         LINE#         442
  C:BEA2H         LINE#         443
  C:BEA2H         LINE#         446
  C:BEA7H         LINE#         447
  C:BEB0H         LINE#         449
  C:BEB0H         LINE#         450
  C:BEC1H         LINE#         451
  C:BEC1H         LINE#         452
  C:BECEH         LINE#         453
  C:BED4H         LINE#         454
  C:BEDEH         LINE#         455
  -------         ENDPROC       MONTXDUMP
  C:A587H         SYMBOL        L?0298
  C:A598H         SYMBOL        L?0316
  C:A5A0H         SYMBOL        L?0329
  -------         PROC          MONHELP
  C:A506H         LINE#         461
  C:A506H         LINE#         462
  C:A506H         LINE#         463
  C:A50FH         LINE#         464
  C:A513H         LINE#         465
  C:A513H         LINE#         466
  C:A51DH         LINE#         467
BL51 BANKED LINKER/LOCATER V6.22                                                      12/15/2017  13:23:50  PAGE 166


  C:A521H         LINE#         468
  C:A52BH         LINE#         469
  C:A52FH         LINE#         470
  C:A539H         LINE#         471
  C:A53DH         LINE#         472
  C:A547H         LINE#         473
  C:A54BH         LINE#         474
  C:A555H         LINE#         475
  C:A55EH         LINE#         476
  C:A567H         LINE#         477
  C:A570H         LINE#         478
  C:A579H         LINE#         479
  C:A57DH         LINE#         480
  C:A57DH         LINE#         481
  C:A587H         LINE#         482
  -------         ENDPROC       MONHELP
  C:7864H         SYMBOL        L?0340
  -------         PROC          MONGETCOMMAND
  -------         DO            
  X:00A9H         SYMBOL        comment
  X:00AAH         SYMBOL        incnt
  X:00ABH         SYMBOL        last_argc
  X:0002H         SYMBOL        i
  X:0003H         SYMBOL        ch
  X:0004H         SYMBOL        ret
  -------         ENDDO         
  C:76BEH         LINE#         487
  C:76BEH         LINE#         488
  C:76BEH         LINE#         492
  C:76C3H         LINE#         494
  C:76CBH         LINE#         496
  C:76D3H         LINE#         499
  C:76D9H         LINE#         500
  C:76EDH         LINE#         501
  C:76EDH         LINE#         502
  C:76EDH         LINE#         503
  C:76EFH         LINE#         504
  C:76EFH         LINE#         505
  C:76EFH         LINE#         506
  C:76F7H         LINE#         507
  C:76FDH         LINE#         508
  C:7700H         LINE#         509
  C:7703H         LINE#         510
  C:7703H         LINE#         513
  C:7726H         LINE#         515
  C:7726H         LINE#         516
  C:772BH         LINE#         517
  C:772BH         LINE#         518
  C:772BH         LINE#         519
  C:772BH         LINE#         520
  C:772DH         LINE#         523
  C:772DH         LINE#         525
  C:7733H         LINE#         526
  C:7736H         LINE#         527
  C:7739H         LINE#         528
  C:7739H         LINE#         530
  C:7748H         LINE#         531
BL51 BANKED LINKER/LOCATER V6.22                                                      12/15/2017  13:23:50  PAGE 167


  C:774CH         LINE#         533
  C:7761H         LINE#         535
  C:7767H         LINE#         536
  C:776BH         LINE#         537
  C:776FH         LINE#         538
  C:7772H         LINE#         539
  C:7775H         LINE#         540
  C:7775H         LINE#         541
  C:777EH         LINE#         542
  C:7783H         LINE#         543
  C:778FH         LINE#         544
  C:7794H         LINE#         546
  C:7796H         LINE#         547
  C:77A9H         LINE#         548
  C:77AFH         LINE#         549
  C:77B2H         LINE#         550
  C:77C9H         LINE#         551
  C:77C9H         LINE#         552
  C:77C9H         LINE#         553
  C:77CEH         LINE#         555
  C:77D3H         LINE#         556
  C:77D6H         LINE#         557
  C:77DBH         LINE#         559
  C:77DEH         LINE#         562
  C:77DEH         LINE#         563
  C:77E6H         LINE#         564
  C:77ECH         LINE#         565
  C:77EEH         LINE#         568
  C:77EEH         LINE#         569
  C:77F4H         LINE#         570
  C:77F6H         LINE#         571
  C:77F9H         LINE#         572
  C:77FEH         LINE#         573
  C:7801H         LINE#         574
  C:7801H         LINE#         575
  C:7803H         LINE#         578
  C:7803H         LINE#         579
  C:7809H         LINE#         580
  C:7809H         LINE#         581
  C:7809H         LINE#         582
  C:780BH         LINE#         584
  C:780DH         LINE#         585
  C:780FH         LINE#         587
  C:780FH         LINE#         588
  C:7815H         LINE#         589
  C:7815H         LINE#         590
  C:7815H         LINE#         591
  C:7817H         LINE#         593
  C:7819H         LINE#         594
  C:781BH         LINE#         596
  C:781BH         LINE#         597
  C:7821H         LINE#         598
  C:7821H         LINE#         599
  C:7821H         LINE#         600
  C:7823H         LINE#         602
  C:7825H         LINE#         603
  C:7827H         LINE#         605
BL51 BANKED LINKER/LOCATER V6.22                                                      12/15/2017  13:23:50  PAGE 168


  C:7827H         LINE#         606
  C:782DH         LINE#         607
  C:782DH         LINE#         608
  C:782DH         LINE#         609
  C:782FH         LINE#         611
  C:7834H         LINE#         612
  C:7836H         LINE#         614
  C:7836H         LINE#         615
  C:783EH         LINE#         616
  C:784FH         LINE#         617
  C:784FH         LINE#         618
  C:784FH         LINE#         620
  C:7856H         LINE#         621
  C:785AH         LINE#         622
  C:785DH         LINE#         623
  C:785EH         LINE#         624
  C:785EH         LINE#         625
  C:785EH         LINE#         626
  C:7863H         LINE#         627
  C:7863H         LINE#         628
  -------         ENDPROC       MONGETCOMMAND
  C:51FAH         SYMBOL        L?0273
  C:520EH         SYMBOL        L?0274
  C:5222H         SYMBOL        L?0275
  C:5236H         SYMBOL        L?0276
  C:524AH         SYMBOL        L?0277
  C:5262H         SYMBOL        L?0278
  C:5276H         SYMBOL        L?0279
  C:528EH         SYMBOL        L?0280
  C:52A2H         SYMBOL        L?0281
  C:52BAH         SYMBOL        L?0282
  C:52CEH         SYMBOL        L?0287
  C:52E2H         SYMBOL        L?0288
  C:52F6H         SYMBOL        L?0291
  C:530AH         SYMBOL        L?0297
  C:531EH         SYMBOL        L?0304
  C:5332H         SYMBOL        L?0307
  -------         PROC          MONITOR
  -------         DO            
  X:0001H         SYMBOL        mode
  -------         ENDDO         
  C:4F3BH         LINE#         634
  C:4F3BH         LINE#         635
  C:4F3BH         LINE#         636
  C:4F44H         LINE#         650
  C:4F46H         LINE#         653
  C:4F4FH         LINE#         654
  C:4F52H         LINE#         655
  C:4F55H         LINE#         656
  C:4F5EH         LINE#         657
  C:4F60H         LINE#         658
  C:4F63H         LINE#         659
  C:4F66H         LINE#         671
  C:4F6FH         LINE#         672
  C:4F72H         LINE#         673
  C:4F75H         LINE#         674
  C:4F7EH         LINE#         675
BL51 BANKED LINKER/LOCATER V6.22                                                      12/15/2017  13:23:50  PAGE 169


  C:4F80H         LINE#         676
  C:4F83H         LINE#         677
  C:4F86H         LINE#         688
  C:4F8FH         LINE#         689
  C:4F98H         LINE#         690
  C:4F9BH         LINE#         691
  C:4F9EH         LINE#         692
  C:4FA7H         LINE#         693
  C:4FA9H         LINE#         694
  C:4FACH         LINE#         695
  C:4FAFH         LINE#         698
  C:4FB8H         LINE#         699
  C:4FBBH         LINE#         700
  C:4FBEH         LINE#         784
  C:4FC7H         LINE#         785
  C:4FCCH         LINE#         786
  C:4FCFH         LINE#         789
  C:4FEAH         LINE#         790
  C:4FEDH         LINE#         792
  C:4FF0H         LINE#         794
  C:4FF9H         LINE#         796
  C:5000H         LINE#         797
  C:5009H         LINE#         798
  C:5012H         LINE#         799
  C:5018H         LINE#         800
  C:501BH         LINE#         801
  C:501BH         LINE#         803
  C:5023H         LINE#         805
  C:5023H         LINE#         806
  C:5026H         LINE#         816
  C:502FH         LINE#         817
  C:5032H         LINE#         818
  C:5035H         LINE#         870
  C:503EH         LINE#         871
  C:5045H         LINE#         872
  C:504DH         LINE#         873
  C:5050H         LINE#         874
  C:5050H         LINE#         875
  C:505FH         LINE#         876
  C:5062H         LINE#         879
  C:506BH         LINE#         880
  C:5070H         LINE#         881
  C:5072H         LINE#         882
  C:5078H         LINE#         883
  C:507BH         LINE#         884
  C:507BH         LINE#         885
  C:507DH         LINE#         886
  C:5083H         LINE#         887
  C:5083H         LINE#         888
  C:5086H         LINE#         890
  C:508FH         LINE#         891
  C:5094H         LINE#         892
  C:5096H         LINE#         893
  C:509CH         LINE#         894
  C:509FH         LINE#         895
  C:50A4H         LINE#         896
  C:50A6H         LINE#         897
BL51 BANKED LINKER/LOCATER V6.22                                                      12/15/2017  13:23:50  PAGE 170


  C:50ACH         LINE#         898
  C:50AFH         LINE#         899
  C:50AFH         LINE#         900
  C:50BAH         LINE#         901
  C:50BAH         LINE#         902
  C:50BDH         LINE#         903
  C:50C6H         LINE#         904
  C:50CBH         LINE#         906
  C:50D1H         LINE#         907
  C:50D4H         LINE#         908
  C:50DBH         LINE#         910
  C:50DFH         LINE#         911
  C:50E2H         LINE#         912
  C:50E2H         LINE#         913
  C:50EBH         LINE#         914
  C:50EBH         LINE#         915
  C:50EEH         LINE#         916
  C:50F7H         LINE#         917
  C:5100H         LINE#         918
  C:5102H         LINE#         919
  C:5108H         LINE#         920
  C:510BH         LINE#         921
  C:5114H         LINE#         922
  C:5116H         LINE#         923
  C:511CH         LINE#         924
  C:511FH         LINE#         925
  C:511FH         LINE#         926
  C:512AH         LINE#         927
  C:512AH         LINE#         928
  C:512DH         LINE#         930
  C:5136H         LINE#         931
  C:5142H         LINE#         933
  C:5142H         LINE#         934
  C:514BH         LINE#         935
  C:5154H         LINE#         936
  C:515DH         LINE#         937
  C:5166H         LINE#         938
  C:5168H         LINE#         939
  C:5168H         LINE#         940
  C:5171H         LINE#         941
  C:5174H         LINE#         942
  C:5177H         LINE#         943
  C:517CH         LINE#         944
  C:5180H         LINE#         945
  C:5180H         LINE#         1087
  C:5183H         LINE#         1090
  C:518CH         LINE#         1091
  C:518FH         LINE#         1092
  C:5191H         LINE#         1095
  C:51AAH         LINE#         1096
  C:51B3H         LINE#         1097
  C:51BCH         LINE#         1098
  C:51BEH         LINE#         1099
  C:51D7H         LINE#         1100
  C:51E0H         LINE#         1101
  C:51E2H         LINE#         1102
  C:51E2H         LINE#         1103
BL51 BANKED LINKER/LOCATER V6.22                                                      12/15/2017  13:23:50  PAGE 171


  C:51EBH         LINE#         1104
  C:51EBH         LINE#         1105
  C:51EDH         LINE#         1130
  C:51EDH         LINE#         1131
  C:51F6H         LINE#         1132
  C:51F6H         LINE#         1134
  C:51F9H         LINE#         1136
  -------         ENDPROC       MONITOR
  -------         ENDMOD        MONITOR

  -------         MODULE        ?C?COPY
  C:45DEH         PUBLIC        ?C?COPY
  -------         ENDMOD        ?C?COPY

  -------         MODULE        ?C?CLDPTR
  C:4604H         PUBLIC        ?C?CLDPTR
  -------         ENDMOD        ?C?CLDPTR

  -------         MODULE        ?C?CLDOPTR
  C:461DH         PUBLIC        ?C?CLDOPTR
  -------         ENDMOD        ?C?CLDOPTR

  -------         MODULE        ?C?CSTPTR
  C:464AH         PUBLIC        ?C?CSTPTR
  -------         ENDMOD        ?C?CSTPTR

  -------         MODULE        ?C?IMUL
  C:465CH         PUBLIC        ?C?IMUL
  -------         ENDMOD        ?C?IMUL

  -------         MODULE        ?C?UIDIV
  C:466EH         PUBLIC        ?C?UIDIV
  -------         ENDMOD        ?C?UIDIV

  -------         MODULE        ?C?SIDIV
  C:46C3H         PUBLIC        ?C?SIDIV
  -------         ENDMOD        ?C?SIDIV

  -------         MODULE        ?C?IILDX
  C:46F9H         PUBLIC        ?C?IILDX
  -------         ENDMOD        ?C?IILDX

  -------         MODULE        ?C?ILDPTR
  C:470FH         PUBLIC        ?C?ILDPTR
  -------         ENDMOD        ?C?ILDPTR

  -------         MODULE        ?C?ILDOPTR
  C:473AH         PUBLIC        ?C?ILDOPTR
  -------         ENDMOD        ?C?ILDOPTR

  -------         MODULE        ?C?ISTPTR
  C:4772H         PUBLIC        ?C?ISTPTR
  -------         ENDMOD        ?C?ISTPTR

  -------         MODULE        ?C?LADD
  C:4791H         PUBLIC        ?C?LADD
  -------         ENDMOD        ?C?LADD
BL51 BANKED LINKER/LOCATER V6.22                                                      12/15/2017  13:23:50  PAGE 172



  -------         MODULE        ?C?LMUL
  C:479EH         PUBLIC        ?C?LMUL
  -------         ENDMOD        ?C?LMUL

  -------         MODULE        ?C?ULDIV
  C:4829H         PUBLIC        ?C?ULDIV
  -------         ENDMOD        ?C?ULDIV

  -------         MODULE        ?C?ULCMP
  C:48BBH         PUBLIC        ?C?ULCMP
  -------         ENDMOD        ?C?ULCMP

  -------         MODULE        ?C?SLSHR
  C:48CCH         PUBLIC        ?C?SLSHR
  -------         ENDMOD        ?C?SLSHR

  -------         MODULE        ?C?LLDPTR
  C:48E0H         PUBLIC        ?C?LLDPTR
  -------         ENDMOD        ?C?LLDPTR

  -------         MODULE        ?C?LLDXDATA
  C:4900H         PUBLIC        ?C?LLDXDATA
  -------         ENDMOD        ?C?LLDXDATA

  -------         MODULE        ?C?LLDXDATA0
  C:490CH         PUBLIC        ?C?LLDXDATA0
  -------         ENDMOD        ?C?LLDXDATA0

  -------         MODULE        ?C?LSTXDATA
  C:4918H         PUBLIC        ?C?LSTXDATA
  -------         ENDMOD        ?C?LSTXDATA

  -------         MODULE        ?C?LSTKXDATA
  C:4924H         PUBLIC        ?C?LSTKXDATA
  -------         ENDMOD        ?C?LSTKXDATA

  -------         MODULE        ?C?OFFXADD
  C:4955H         PUBLIC        ?C?OFFXADD
  -------         ENDMOD        ?C?OFFXADD

  -------         MODULE        ?C?PLDXDATA
  C:4961H         PUBLIC        ?C?PLDXDATA
  -------         ENDMOD        ?C?PLDXDATA

  -------         MODULE        ?C?PLDIXDATA
  C:496AH         PUBLIC        ?C?PLDIXDATA
  -------         ENDMOD        ?C?PLDIXDATA

  -------         MODULE        ?C?PSTXDATA
  C:4981H         PUBLIC        ?C?PSTXDATA
  -------         ENDMOD        ?C?PSTXDATA

  -------         MODULE        ?C?PLDCODE
  C:498AH         PUBLIC        ?C?PLDCODE
  -------         ENDMOD        ?C?PLDCODE

BL51 BANKED LINKER/LOCATER V6.22                                                      12/15/2017  13:23:50  PAGE 173


  -------         MODULE        ?C?PLDPTR
  C:4996H         PUBLIC        ?C?PLDPTR
  -------         ENDMOD        ?C?PLDPTR

  -------         MODULE        ?C?PLDOPTR
  C:49B6H         PUBLIC        ?C?PLDOPTR
  -------         ENDMOD        ?C?PLDOPTR

  -------         MODULE        ?C?CCASE
  C:49E6H         PUBLIC        ?C?CCASE
  -------         ENDMOD        ?C?CCASE

  -------         MODULE        ABS
  C:C939H         PUBLIC        _ABS
  -------         ENDMOD        ABS

  -------         MODULE        ?C?LLDIDATA
  C:4A0CH         PUBLIC        ?C?LLDIDATA
  -------         ENDMOD        ?C?LLDIDATA

  -------         MODULE        ?C?LLDPDATA
  C:4A18H         PUBLIC        ?C?LLDPDATA
  -------         ENDMOD        ?C?LLDPDATA

  -------         MODULE        ?C?LLDCODE
  C:4A24H         PUBLIC        ?C?LLDCODE
  -------         ENDMOD        ?C?LLDCODE

  -------         MODULE        ?C?PLDIDATA
  C:4A34H         PUBLIC        ?C?PLDIDATA
  -------         ENDMOD        ?C?PLDIDATA

  -------         MODULE        ?C?PLDPDATA
  C:4A3DH         PUBLIC        ?C?PLDPDATA
  -------         ENDMOD        ?C?PLDPDATA

*** WARNING L16: UNCALLED SEGMENT, IGNORED FOR OVERLAY PROCESS
    SEGMENT: ?PR?DISPLAYHANDLER?DISPINFO

*** WARNING L16: UNCALLED SEGMENT, IGNORED FOR OVERLAY PROCESS
    SEGMENT: ?PR?_SETSOURCEMODE?HS_KEYREMO

*** WARNING L1: UNRESOLVED EXTERNAL SYMBOL
    SYMBOL:  LCDPOWEROFF
    MODULE:  .\Output\TW88.obj (TW88)

*** WARNING L2: REFERENCE MADE TO UNRESOLVED EXTERNAL
    SYMBOL:  LCDPOWEROFF
    MODULE:  .\Output\TW88.obj (TW88)
    ADDRESS: C0B7H

Program Size: data=125.4 xdata=355 code=51780
LINK/LOCATE RUN COMPLETE.  4 WARNING(S),  0 ERROR(S)
