BL51 BANKED LINKER/LOCATER V5.03                                                        05/28/2012  11:22:31  PAGE 1


BL51 BANKED LINKER/LOCATER V5.03, INVOKED BY:
C:\KEIL\C51\BIN\BL51.EXE .\Output\adc.obj, .\Output\cpu.obj, .\Output\dispinfo.obj, .\Output\etc_eep.obj, .\Output\I2c.o
>> bj, .\Output\keyremo.obj, .\Output\Main.obj, .\Output\Measure.obj, .\Output\Osdbasic.obj, .\Output\osdmenu.obj, .\Out
>> put\pc_eep.obj, .\Output\Printf.obj, .\Output\table.obj, .\Output\TW88.obj, .\Output\udfont.obj, .\Output\HS_keyremo.
>> obj, .\Output\HS_DisplayOSD.obj, .\Output\audio.obj, .\Output\Debug.obj, .\Output\HS_DVRProtocol.obj TO .\Output\AWT_
>> ML073G PRINT (.\Source\AWT_ML073G.m51) RAMSIZE (256) XDATA (0X0000-0X03FF)


MEMORY MODEL: LARGE


INPUT MODULES INCLUDED:
  .\Output\adc.obj (ADC)
  .\Output\cpu.obj (CPU)
  .\Output\dispinfo.obj (DISPINFO)
  .\Output\etc_eep.obj (ETC_EEP)
  .\Output\I2c.obj (I2C)
  .\Output\keyremo.obj (KEYREMO)
  .\Output\Main.obj (MAIN)
  .\Output\Measure.obj (MEASURE)
  .\Output\Osdbasic.obj (OSDBASIC)
  .\Output\osdmenu.obj (OSDMENU)
  .\Output\pc_eep.obj (PC_EEP)
  .\Output\Printf.obj (PRINTF)
  .\Output\table.obj (TABLE)
  .\Output\TW88.obj (TW88)
  .\Output\udfont.obj (UDFONT)
  .\Output\HS_keyremo.obj (HS_KEYREMO)
  .\Output\HS_DisplayOSD.obj (HS_DISPLAYOSD)
  .\Output\audio.obj (AUDIO)
  .\Output\Debug.obj (DEBUG)
  .\Output\HS_DVRProtocol.obj (HS_DVRPROTOCOL)
  C:\KEIL\C51\LIB\C51L.LIB (?C_STARTUP)
  C:\KEIL\C51\LIB\C51L.LIB (?C?COPY)
  C:\KEIL\C51\LIB\C51L.LIB (?C?CLDPTR)
  C:\KEIL\C51\LIB\C51L.LIB (?C?CLDOPTR)
  C:\KEIL\C51\LIB\C51L.LIB (?C?CSTPTR)
  C:\KEIL\C51\LIB\C51L.LIB (?C?CSTOPTR)
  C:\KEIL\C51\LIB\C51L.LIB (?C?IMUL)
  C:\KEIL\C51\LIB\C51L.LIB (?C?UIDIV)
  C:\KEIL\C51\LIB\C51L.LIB (?C?SIDIV)
  C:\KEIL\C51\LIB\C51L.LIB (?C?IILDX)
  C:\KEIL\C51\LIB\C51L.LIB (?C?ILDPTR)
  C:\KEIL\C51\LIB\C51L.LIB (?C?ILDOPTR)
  C:\KEIL\C51\LIB\C51L.LIB (?C?ISTPTR)
  C:\KEIL\C51\LIB\C51L.LIB (?C?LMUL)
  C:\KEIL\C51\LIB\C51L.LIB (?C?ULDIV)
  C:\KEIL\C51\LIB\C51L.LIB (?C?ULCMP)
  C:\KEIL\C51\LIB\C51L.LIB (?C?SLSHR)
  C:\KEIL\C51\LIB\C51L.LIB (?C?LLDPTR)
  C:\KEIL\C51\LIB\C51L.LIB (?C?LLDXDATA)
  C:\KEIL\C51\LIB\C51L.LIB (?C?LLDXDATA0)
  C:\KEIL\C51\LIB\C51L.LIB (?C?LSTXDATA)
  C:\KEIL\C51\LIB\C51L.LIB (?C?LSTKXDATA)
  C:\KEIL\C51\LIB\C51L.LIB (?C?OFFXADD)
  C:\KEIL\C51\LIB\C51L.LIB (?C?PLDXDATA)
  C:\KEIL\C51\LIB\C51L.LIB (?C?PLDIXDATA)
  C:\KEIL\C51\LIB\C51L.LIB (?C?PSTXDATA)
BL51 BANKED LINKER/LOCATER V5.03                                                      05/28/2012  11:22:31  PAGE 2


  C:\KEIL\C51\LIB\C51L.LIB (?C?PLDCODE)
  C:\KEIL\C51\LIB\C51L.LIB (?C?PLDPTR)
  C:\KEIL\C51\LIB\C51L.LIB (?C?PLDOPTR)
  C:\KEIL\C51\LIB\C51L.LIB (?C?CCASE)
  C:\KEIL\C51\LIB\C51L.LIB (ABS)
  C:\KEIL\C51\LIB\C51L.LIB (?C_INIT)
  C:\KEIL\C51\LIB\C51L.LIB (?C?LLDIDATA)
  C:\KEIL\C51\LIB\C51L.LIB (?C?LLDPDATA)
  C:\KEIL\C51\LIB\C51L.LIB (?C?LLDCODE)
  C:\KEIL\C51\LIB\C51L.LIB (?C?PLDIDATA)
  C:\KEIL\C51\LIB\C51L.LIB (?C?PLDPDATA)


LINK MAP OF MODULE:  .\Output\AWT_ML073G (ADC)


            TYPE    BASE      LENGTH    RELOCATION   SEGMENT NAME
            -----------------------------------------------------

            * * * * * * *   D A T A   M E M O R Y   * * * * * * *
            REG     0000H     0008H     ABSOLUTE     "REG BANK 0"
            REG     0008H     0008H     ABSOLUTE     "REG BANK 1"
            DATA    0010H     000AH     UNIT         ?DT?OSDBASIC
            DATA    001AH     0005H     UNIT         ?DT?OSDMENU
                    001FH     0001H                  *** GAP ***
            BIT     0020H.0   0001H.0   UNIT         ?BI?MAIN
            BIT     0021H.0   0000H.5   UNIT         ?BI?HS_DVRPROTOCOL
            BIT     0021H.5   0000H.4   UNIT         ?BI?CPU
            BIT     0022H.1   0000H.3   UNIT         ?BI?HS_KEYREMO
            BIT     0022H.4   0000H.3   UNIT         _BIT_GROUP_
            BIT     0022H.7   0000H.2   UNIT         ?BI?OSDMENU
            BIT     0023H.1   0000H.1   UNIT         ?BI?KEYREMO
            BIT     0023H.2   0000H.1   UNIT         ?BI?HS_DISPLAYOSD
                    0023H.3   0000H.5                *** GAP ***
            DATA    0024H     003FH     UNIT         ?DT?CPU
            DATA    0063H     0007H     UNIT         ?DT?MAIN
            DATA    006AH     0002H     UNIT         ?DT?DISPINFO
            IDATA   006CH     0001H     UNIT         ?STACK

            * * * * * * *  X D A T A   M E M O R Y  * * * * * * *
            XDATA   0000H     0072H     UNIT         _XDATA_GROUP_
            XDATA   0072H     0048H     UNIT         ?XD?HS_DVRPROTOCOL
            XDATA   00BAH     0020H     UNIT         ?XD?OSDMENU
            XDATA   00DAH     0010H     UNIT         ?XD?MAIN
            XDATA   00EAH     000CH     UNIT         ?XD?HS_KEYREMO
            XDATA   00F6H     0005H     UNIT         ?XD?KEYREMO
            XDATA   00FBH     0004H     UNIT         ?XD?CPU
            XDATA   00FFH     0002H     UNIT         ?XD?AUDIO
            XDATA   0101H     0001H     UNIT         ?XD?DISPINFO
            XDATA   0102H     0001H     UNIT         ?XD?TW88

            * * * * * * *   C O D E   M E M O R Y   * * * * * * *
            CODE    0000H     0003H     ABSOLUTE     
            CODE    0003H     0008H     UNIT         ?PR?_RS_TX?CPU
            CODE    000BH     0003H     ABSOLUTE     
            CODE    000EH     0003H     UNIT         ?PR?EXT1_INT?CPU
            CODE    0011H     0001H     UNIT         ?PR?DD?I2C
BL51 BANKED LINKER/LOCATER V5.03                                                      05/28/2012  11:22:31  PAGE 3


            CODE    0012H     0001H     UNIT         ?PR?ON_LVDS?TW88
            CODE    0013H     0003H     ABSOLUTE     
            CODE    0016H     000DH     UNIT         ?PR?I2CSTOP?I2C
            CODE    0023H     0003H     ABSOLUTE     
            CODE    0026H     0003H     UNIT         ?PR?ISINPUTANALOGRGB?OSDMENU
            CODE    0029H     0001H     UNIT         ?PR?OFF_LVDS?TW88
                    002AH     0001H                  *** GAP ***
            CODE    002BH     0003H     ABSOLUTE     
            CODE    002EH     0035H     UNIT         ?PR?OSDHIGHMENU?OSDMENU
            CODE    0063H     0003H     ABSOLUTE     
            CODE    0066H     1858H     UNIT         ?CO?OSDMENU
            CODE    18BEH     14F2H     UNIT         ?CO?UDFONT
            CODE    2DB0H     110AH     UNIT         ?PR?_SETITEMVALUE?OSDMENU
            CODE    3EBAH     0834H     UNIT         ?CO?CPU
            CODE    46EEH     054DH     UNIT         ?C?LIB_CODE
            CODE    4C3BH     046CH     UNIT         ?PR?DVRRECEIVEPASER?HS_DVRPROTOCOL
            CODE    50A7H     03BFH     UNIT         ?PR?OSDMENU
            CODE    5466H     0385H     UNIT         ?PR?_DISPLAYOSDMENUONEITEM?OSDMENU
            CODE    57EBH     036BH     UNIT         ?PR?_GETITEMVALUE?OSDMENU
            CODE    5B56H     031EH     UNIT         ?PR?_DOPRINT?PRINTF
            CODE    5E74H     02E2H     UNIT         ?CO?HS_DVRPROTOCOL
            CODE    6156H     02BFH     UNIT         ?PR?_HS_DVRTXCMDPASER?HS_DVRPROTOCOL
            CODE    6415H     02AEH     UNIT         ?PR?_DOACTION?OSDMENU
            CODE    66C3H     0252H     UNIT         ?PR?_TW2835COMMAND?CPU
            CODE    6915H     024AH     UNIT         ?PR?_OSDCURSORMOVE?OSDMENU
            CODE    6B5FH     0238H     UNIT         ?PR?CHECKKEYIN?KEYREMO
            CODE    6D97H     0212H     UNIT         ?PR?_DISPLAYINFORMATION?HS_DISPLAYOSD
            CODE    6FA9H     020CH     UNIT         ?PR?_CAM_TXCOMMAND_TORS485?HS_DVRPROTOCOL
            CODE    71B5H     01FAH     UNIT         ?PR?HS_DVRPROTOCOL
            CODE    73AFH     01EFH     UNIT         ?PR?DISPLAYDVRSTATUS?HS_DISPLAYOSD
            CODE    759EH     01EAH     UNIT         ?PR?_TRIGGERHANDLER?HS_KEYREMO
            CODE    7788H     01D0H     UNIT         ?CO?HS_DISPLAYOSD
            CODE    7958H     01CFH     UNIT         ?PR?SELECTBOXHANDLER?HS_KEYREMO
            CODE    7B27H     01C9H     UNIT         ?PR?RESETOSDVALUE?OSDMENU
            CODE    7CF0H     01C8H     UNIT         ?PR?_DRAWMENULIST?OSDMENU
            CODE    7EB8H     01BAH     UNIT         ?PR?MAIN_LOOP?MAIN
            CODE    8072H     018DH     UNIT         ?CO?KEYREMO
            CODE    81FFH     016DH     UNIT         ?PR?DISPLAYINFO_OSD?OSDMENU
            CODE    836CH     0163H     UNIT         ?PR?OSDSELECT?OSDMENU
            CODE    84CFH     0147H     UNIT         ?PR?DISPLAYINPUT?DISPINFO
            CODE    8616H     0146H     UNIT         ?PR?_DISPLAYNUMBER?HS_DISPLAYOSD
            CODE    875CH     0145H     UNIT         ?CO?MAIN
            CODE    88A1H     0135H     UNIT         ?PR?_GETKEY?KEYREMO
            CODE    89D6H     0130H     UNIT         ?CO?HS_KEYREMO
            CODE    8B06H     012AH     UNIT         ?PR?LOADEEPROM?MAIN
            CODE    8C30H     0122H     UNIT         ?CO?TABLE
            CODE    8D52H     0120H     UNIT         ?PR?_UTOA?OSDBASIC
            CODE    8E72H     011AH     UNIT         ?PR?MAIN_INIT?CPU
            CODE    8F8CH     0119H     UNIT         ?PR?TIMER0_INT?CPU
            CODE    90A5H     00FEH     UNIT         ?PR?_OSDVALUEUPDN?OSDMENU
            CODE    91A3H     00FBH     UNIT         ?PR?DISPLAYOSDMENU?OSDMENU
            CODE    929EH     00F8H     UNIT         ?CO?OSDBASIC
            CODE    9396H     00E3H     UNIT         ?PR?_SETVIDEOMODE?OSDMENU
            CODE    9479H     00DFH     UNIT         ?PR?_CHANGEVOL?AUDIO
            CODE    9558H     00DDH     UNIT         ?PR?DISPLAYCURSOR?OSDMENU
            CODE    9635H     00DAH     UNIT         ?PR?_ACTIONREMO?KEYREMO
            CODE    970FH     00D8H     UNIT         ?PR?_DISPLAYVIEWBAR?OSDMENU
BL51 BANKED LINKER/LOCATER V5.03                                                      05/28/2012  11:22:31  PAGE 4


            CODE    97E7H     00D6H     UNIT         ?PR?DISPLAYGAUGEOSD?HS_DISPLAYOSD
            CODE    98BDH     00D5H     UNIT         ?PR?_DRAWNUM?OSDMENU
            CODE    9992H     00D3H     UNIT         ?PR?_DRAWSTRINGBYLANG?OSDMENU
            CODE    9A65H     00CDH     UNIT         ?PR?_ADJUSTAUTODAYNIGHT?MAIN
            CODE    9B32H     00C3H     UNIT         ?PR?WAITPOWERON?MAIN
            CODE    9BF5H     00BDH     UNIT         ?PR?_SET4WIDESCREEN?OSDMENU
            CODE    9CB2H     00BCH     UNIT         ?C_INITSEG
            CODE    9D6EH     00BAH     UNIT         ?PR?MAIN?MAIN
            CODE    9E28H     00B5H     UNIT         ?PR?CHECKTRIGGER?HS_KEYREMO
            CODE    9EDDH     00ABH     UNIT         ?PR?DISPLAYVOL?DISPINFO
            CODE    9F88H     00ABH     UNIT         ?PR?DISPLAYFWVERSION?HS_DISPLAYOSD
            CODE    A033H     00A8H     UNIT         ?PR?INITTECHWELL?CPU
            CODE    A0DBH     00A7H     UNIT         ?PR?CHECKDECODERINPUT?MAIN
            CODE    A182H     00A7H     UNIT         ?PR?_INITOSDWINDOW?OSDBASIC
            CODE    A229H     00A7H     UNIT         ?PR?_SETVIDEOSHARPNESS?OSDMENU
            CODE    A2D0H     00A6H     UNIT         ?PR?_SETPCCOLOR?OSDMENU
            CODE    A376H     00A5H     UNIT         ?PR?_MAPPING1?TW88
            CODE    A41BH     00A4H     UNIT         ?PR?_CHANGEVIDEODATA?OSDMENU
            CODE    A4BFH     009FH     UNIT         ?PR?HS_DISPLAYOSD
            CODE    A55EH     009DH     UNIT         ?PR?OSDHIGHMENU_SUB?OSDMENU
            CODE    A5FBH     0095H     UNIT         ?PR?_CHANGEINPUT?MAIN
            CODE    A690H     0091H     UNIT         ?PR?DVRCOMMANDRESEND?HS_DVRPROTOCOL
            CODE    A721H     0090H     UNIT         ?PR?_DISPLAYVOLUMEBAR?OSDMENU
            CODE    A7B1H     008EH     UNIT         ?PR?_INITVIDEODATA?MAIN
            CODE    A83FH     008CH     UNIT         ?C_C51STARTUP
            CODE    A8CBH     008BH     UNIT         ?PR?_HS_SEND_DVR_COMMAND?HS_DVRPROTOCOL
            CODE    A956H     008AH     UNIT         ?PR?REMOVOLDN_LEFTKEY?KEYREMO
            CODE    A9E0H     0088H     UNIT         ?PR?SETPOSSIBLEAUTODETECTSTDEE?ETC_EEP
            CODE    AA68H     0085H     UNIT         ?PR?CHECKANDCLEAROSD?DISPINFO
            CODE    AAEDH     0080H     UNIT         ?PR?_SETPCCOLORTEMP?OSDMENU
            CODE    AB6DH     007EH     UNIT         ?PR?SEND_PELCOP_COMMAND?HS_DVRPROTOCOL
            CODE    ABEBH     007BH     UNIT         ?PR?HS_KEYREMO
            CODE    AC66H     007AH     UNIT         ?PR?HS_PROTOCOL_INIT?HS_DVRPROTOCOL
            CODE    ACE0H     0077H     UNIT         ?PR?SETSELECTMODE?HS_KEYREMO
            CODE    AD57H     0076H     UNIT         ?PR?_SETVIDEOSATURATION?OSDMENU
            CODE    ADCDH     0075H     UNIT         ?PR?SEND_PELCOD_COMMAND?HS_DVRPROTOCOL
            CODE    AE42H     0074H     UNIT         ?PR?_LCDPOWERON?TW88
            CODE    AEB6H     0070H     UNIT         ?PR?OSDBASIC
            CODE    AF26H     0069H     UNIT         ?PR?_I2CWRITEDATA?I2C
            CODE    AF8FH     0069H     UNIT         ?PR?_SETVIDEOBACKLIGHT?OSDMENU
            CODE    AFF8H     0066H     UNIT         ?PR?_SETVINPUTSTD?MAIN
            CODE    B05EH     0066H     UNIT         ?PR?_SETVIDEOHUE?OSDMENU
            CODE    B0C4H     0066H     UNIT         ?PR?RESETVIDEOVALUE?OSDMENU
            CODE    B12AH     0065H     UNIT         ?PR?_SETRGBCONTRAST?OSDMENU
            CODE    B18FH     0064H     UNIT         ?PR?INITOSDMENU?OSDMENU
            CODE    B1F3H     0061H     UNIT         ?PR?GETFWREVEE?ETC_EEP
            CODE    B254H     005EH     UNIT         ?PR?_DOWNLOADFONT?OSDBASIC
            CODE    B2B2H     005BH     UNIT         ?PR?DISPLAYLOGO?DISPINFO
            CODE    B30DH     005BH     UNIT         ?PR?CHANGE_OSDCOLORLOOKUP?OSDBASIC
            CODE    B368H     005BH     UNIT         ?PR?PRINTF
            CODE    B3C3H     0059H     UNIT         ?PR?GETVINPUTSTDINX?MAIN
            CODE    B41CH     0058H     UNIT         ?PR?CHECKPANELIMAGE?OSDMENU
            CODE    B474H     0057H     UNIT         ?CO?DISPINFO
            CODE    B4CBH     0057H     UNIT         ?PR?_GETOSDWINDOWY?OSDBASIC
            CODE    B522H     0057H     UNIT         ?PR?TW88
            CODE    B579H     0056H     UNIT         ?PR?DETECTDECODERINPUT?TW88
            CODE    B5CFH     0050H     UNIT         ?PR?CLEARCURSOR?OSDMENU
BL51 BANKED LINKER/LOCATER V5.03                                                      05/28/2012  11:22:31  PAGE 5


            CODE    B61FH     004FH     UNIT         ?PR?_I2CDEVICEINITIALIZE?MAIN
            CODE    B66EH     004FH     UNIT         ?PR?_SETOSDWINDOWY_TW88?OSDBASIC
            CODE    B6BDH     004DH     UNIT         ?PR?_CAMOUTDSEL?OSDMENU
            CODE    B70AH     0049H     UNIT         ?PR?_SETVIDEOBRIGHTNESS?OSDMENU
            CODE    B753H     0049H     UNIT         ?PR?_SETSOURCEMODE?HS_KEYREMO
            CODE    B79CH     0048H     UNIT         ?PR?INITCPU?CPU
            CODE    B7E4H     0048H     UNIT         ?PR?_WAIT_MS?CPU
            CODE    B82CH     0047H     UNIT         ?PR?_SHOWOSDWINDOW_TW88?OSDBASIC
            CODE    B873H     0046H     UNIT         ?PR?_WRITEEEP?I2C
            CODE    B8B9H     0046H     UNIT         ?PR?SETJUMPMODE?HS_KEYREMO
            CODE    B8FFH     0045H     UNIT         ?PR?ACCPOWERCONTROL?MAIN
            CODE    B944H     0045H     UNIT         ?PR?_GETLOWERMENUITEM?OSDMENU
            CODE    B989H     0044H     UNIT         ?PR?_WRITEI2CN?I2C
            CODE    B9CDH     0044H     UNIT         ?PR?SETNOWMODE?HS_KEYREMO
            CODE    BA11H     0044H     UNIT         ?PR?SETREARSOURCE?HS_KEYREMO
            CODE    BA55H     0043H     UNIT         ?PR?_SAVEFWREVEE?ETC_EEP
            CODE    BA98H     0041H     UNIT         ?PR?_WRITEI2CND?I2C
            CODE    BAD9H     0041H     UNIT         ?PR?_GETTARGETCHILD?OSDMENU
            CODE    BB1AH     0040H     UNIT         ?PR?_READI2CWORD?I2C
            CODE    BB5AH     003FH     UNIT         ?PR?CPU
            CODE    BB99H     003FH     UNIT         ?PR?REMOVOLUP_RIGHTKEY?KEYREMO
            CODE    BBD8H     003EH     UNIT         ?PR?CLEAROSDINFO?DISPINFO
            CODE    BC16H     003EH     UNIT         ?PR?_SETVIDEOCONTRAST?OSDMENU
            CODE    BC54H     003EH     UNIT         ?PR?_DVRAODIOSEL?OSDMENU
            CODE    BC92H     003DH     UNIT         ?PR?GETTIME_MS?CPU
            CODE    BCCFH     003DH     UNIT         ?PR?HS_INITVARS?MAIN
            CODE    BD0CH     003BH     UNIT         ?PR?CLOSEOSDMENU?OSDMENU
            CODE    BD47H     0039H     UNIT         ?PR?_READI2C?I2C
            CODE    BD80H     0039H     UNIT         ?PR?_WRITEI2CN_?I2C
            CODE    BDB9H     0039H     UNIT         ?PR?_WRITEALC106?I2C
            CODE    BDF2H     0038H     UNIT         ?PR?DOWNLOADUDFONT?OSDBASIC
            CODE    BE2AH     0034H     UNIT         ?PR?SERIAL_INT?CPU
            CODE    BE5EH     0034H     UNIT         ?PR?OPENOSDMENU?OSDMENU
            CODE    BE92H     0033H     UNIT         ?PR?MAIN
            CODE    BEC5H     0033H     UNIT         ?PR?_WRITESTRINGTOADDR?OSDBASIC
            CODE    BEF8H     0031H     UNIT         ?PR?SERIAL2_INT?CPU
            CODE    BF29H     0031H     UNIT         ?PR?_DRAWATTRCNT?OSDBASIC
            CODE    BF5AH     0031H     UNIT         ?PR?LCDPOWEROFF?TW88
            CODE    BF8BH     0030H     UNIT         ?PR?I2CREADDATA?I2C
            CODE    BFBBH     0030H     UNIT         ?PR?_GET_CURSOR_ITEM?OSDMENU
            CODE    BFEBH     002FH     UNIT         ?PR?_SHOWOSDWINDOWALL?OSDBASIC
            CODE    C01AH     002DH     UNIT         ?PR?WAITENDOFDISPLAYAREA?OSDBASIC
            CODE    C047H     002DH     UNIT         ?PR?_CLEARDATACNT?OSDBASIC
            CODE    C074H     002CH     UNIT         ?PR?_READALC106?I2C
            CODE    C0A0H     002CH     UNIT         ?PR?PUSHMENU?OSDMENU
            CODE    C0CCH     0029H     UNIT         ?PR?SETLEFTSOURCE?HS_KEYREMO
            CODE    C0F5H     0028H     UNIT         ?PR?I2CREADDATAWITHACK?I2C
            CODE    C11DH     0028H     UNIT         ?PR?SAVEVALUE1?OSDMENU
            CODE    C145H     0027H     UNIT         ?PR?CLEARBASICEE?ETC_EEP
            CODE    C16CH     0027H     UNIT         ?PR?_PRINTF?PRINTF
            CODE    C193H     0026H     UNIT         ?PR?CLEARTVINFO?DISPINFO
            CODE    C1B9H     0026H     UNIT         ?PR?_READEEP?I2C
            CODE    C1DFH     0026H     UNIT         ?PR?_WRITEI2C?I2C
            CODE    C205H     0026H     UNIT         ?CO?TW88
            CODE    C22BH     0023H     UNIT         ?PR?READVINPUTSTD?MAIN
            CODE    C24EH     0021H     UNIT         ?PR?DISPINFO
            CODE    C26FH     0021H     UNIT         ?PR?_GETVIDEODATAFROMEE?ETC_EEP
BL51 BANKED LINKER/LOCATER V5.03                                                      05/28/2012  11:22:31  PAGE 6


            CODE    C290H     0021H     UNIT         ?PR?COMPOSITE2INPUT?TW88
            CODE    C2B1H     0021H     UNIT         ?PR?COMPOSITE3INPUT?TW88
            CODE    C2D2H     0020H     UNIT         ?PR?SETAUTODETECTSTD?TW88
            CODE    C2F2H     0020H     UNIT         ?PR?SEQMODE?HS_KEYREMO
            CODE    C312H     001FH     UNIT         ?PR?_DIFFTIME_MS?CPU
            CODE    C331H     001FH     UNIT         ?PR?GETNEXTINPUTSELECTION?MAIN
            CODE    C350H     001EH     UNIT         ?PR?INITVARS?CPU
            CODE    C36EH     001EH     UNIT         ?PR?_POWERLED?CPU
            CODE    C38CH     001EH     UNIT         ?PR?I2C
            CODE    C3AAH     001DH     UNIT         ?PR?_SETLANGUAGE?OSDMENU
            CODE    C3C7H     001DH     UNIT         ?PR?_CLEARAUTODETECTSTD?TW88
            CODE    C3E4H     001CH     UNIT         ?PR?POPMENU?OSDMENU
            CODE    C400H     001CH     UNIT         ?PR?_GETNEXTCURSORMENUITEM?OSDMENU
            CODE    C41CH     001BH     UNIT         ?PR?_STRLEN?OSDBASIC
            CODE    C437H     001BH     UNIT         ?PR?_PUTS?PRINTF
            CODE    C452H     001AH     UNIT         ?PR?SETRIGHTSOURCE?HS_KEYREMO
            CODE    C46CH     001AH     UNIT         ?PR?SETTRIGGERCSOURCE?HS_KEYREMO
            CODE    C486H     0016H     UNIT         ?PR?CLEARINPUT?DISPINFO
            CODE    C49CH     0015H     UNIT         ?PR?_DELAY?CPU
            CODE    C4B1H     0014H     UNIT         ?PR?AUDIOMUTE?AUDIO
            CODE    C4C5H     0013H     UNIT         ?PR?I2C_DELAY?I2C
            CODE    C4D8H     0012H     UNIT         ?PR?I2CSTART?I2C
            CODE    C4EAH     0012H     UNIT         ?CO?AUDIO
            CODE    C4FCH     0012H     UNIT         ?PR?_ABS?ABS
            CODE    C50EH     0011H     UNIT         ?PR?_SAVEVIDEODATATOEE?ETC_EEP
            CODE    C51FH     0011H     UNIT         ?PR?ISNOINPUT?MAIN
            CODE    C530H     0011H     UNIT         ?CO?PRINTF
            CODE    C541H     000FH     UNIT         ?PR?TIMER2_INT?CPU
            CODE    C550H     000FH     UNIT         ?PR?CLEARMUTEINFO?DISPINFO
            CODE    C55FH     000FH     UNIT         ?PR?COMPOSITE1INPUT?TW88
            CODE    C56EH     000FH     UNIT         ?PR?GETLCDPOWERSTATE?TW88
            CODE    C57DH     000FH     UNIT         ?PR?CLEARGAUGEINFO?HS_DISPLAYOSD
            CODE    C58CH     000EH     UNIT         ?PR?REMOMENU_MENUKEY?KEYREMO
            CODE    C59AH     000DH     UNIT         ?PR?REMOCHNUP_UPKEY?KEYREMO
            CODE    C5A7H     000DH     UNIT         ?PR?REMOCHNDN_DNKEY?KEYREMO
            CODE    C5B4H     000DH     UNIT         ?PR?POWEROFF?MAIN
            CODE    C5C1H     000CH     UNIT         ?PR?_CLEARDISPLAYEDOSD?DISPINFO
            CODE    C5CDH     000CH     UNIT         ?PR?SETOSDLASTKEYINTIME?MAIN
            CODE    C5D9H     000CH     UNIT         ?PR?CLEARVALUEWIN?OSDMENU
            CODE    C5E5H     000BH     UNIT         ?PR?RS_READY?CPU
            CODE    C5F0H     000BH     UNIT         ?PR?KEYREMO
            CODE    C5FBH     000BH     UNIT         ?PR?GETOSDLANG?OSDMENU
            CODE    C606H     000AH     UNIT         ?PR?_GETVIDEODATAWITHOFFSET?OSDMENU
            CODE    C610H     0009H     UNIT         ?PR?_SAVEDEBUGLEVELEE?ETC_EEP
            CODE    C619H     0009H     UNIT         ?PR?_SAVEWIDEMODEEE?ETC_EEP
            CODE    C622H     0009H     UNIT         ?PR?_SAVEINPUTSELECTIONEE?ETC_EEP
            CODE    C62BH     0009H     UNIT         ?PR?_SAVEOSDLANGEE?ETC_EEP
            CODE    C634H     0009H     UNIT         ?PR?_SETAUDIOVOLEE?ETC_EEP
            CODE    C63DH     0009H     UNIT         ?PR?_SETPCAUDIOVOLEE?ETC_EEP
            CODE    C646H     0009H     UNIT         ?PR?POWERDOWN_XTAL?MAIN
            CODE    C64FH     0009H     UNIT         ?PR?GETOSDLASTKEYINTIME?MAIN
            CODE    C658H     0009H     UNIT         ?PR?_GETUPPERMENUITEM?OSDMENU
            CODE    C661H     0008H     UNIT         ?PR?_RS2_TX?CPU
            CODE    C669H     0008H     UNIT         ?PR?GETDEBUGLEVELEE?ETC_EEP
            CODE    C671H     0008H     UNIT         ?PR?GETWIDEMODEEE?ETC_EEP
            CODE    C679H     0008H     UNIT         ?PR?GETPOSSIBLEAUTODETECTSTDEE?ETC_EEP
            CODE    C681H     0008H     UNIT         ?PR?GETOSDLANGEE?ETC_EEP
BL51 BANKED LINKER/LOCATER V5.03                                                      05/28/2012  11:22:31  PAGE 7


            CODE    C689H     0008H     UNIT         ?PR?GETAUDIOVOLEE?ETC_EEP
            CODE    C691H     0008H     UNIT         ?PR?GETPCAUDIOVOLEE?ETC_EEP
            CODE    C699H     0007H     UNIT         ?PR?CLEARLOGO?DISPINFO
            CODE    C6A0H     0007H     UNIT         ?PR?_SETDISPLAYEDOSD?DISPINFO
            CODE    C6A7H     0006H     UNIT         ?PR?GETDISPLAYEDOSD?DISPINFO
            CODE    C6ADH     0006H     UNIT         ?PR?GETVINPUTSTD?MAIN
            CODE    C6B3H     0006H     UNIT         ?PR?GETINPUTSELECTION?MAIN



OVERLAY MAP OF MODULE:   .\Output\AWT_ML073G (ADC)


SEGMENT                                             BIT_GROUP          XDATA_GROUP
  +--> CALLED SEGMENT                            START    LENGTH     START    LENGTH
------------------------------------------------------------------------------------
?C_C51STARTUP                                    -----    -----      -----    -----
  +--> ?PR?MAIN?MAIN
  +--> ?C_INITSEG

?PR?MAIN?MAIN                                    -----    -----      0000H    0003H
  +--> ?PR?_WAIT_MS?CPU
  +--> ?PR?INITCPU?CPU
  +--> ?PR?INITVARS?CPU
  +--> ?PR?HS_INITVARS?MAIN
  +--> ?PR?INITTECHWELL?CPU
  +--> ?PR?HS_PROTOCOL_INIT?HS_DVRPROTOCOL
  +--> ?PR?LCDPOWEROFF?TW88
  +--> ?PR?MAIN_INIT?CPU
  +--> ?PR?LOADEEPROM?MAIN
  +--> ?PR?_TW2835COMMAND?CPU
  +--> ?PR?SETNOWMODE?HS_KEYREMO
  +--> ?PR?_CHANGEVOL?AUDIO
  +--> ?PR?_DVRAODIOSEL?OSDMENU
  +--> ?PR?_READEEP?I2C
  +--> ?PR?_CAMOUTDSEL?OSDMENU
  +--> ?PR?MAIN_LOOP?MAIN
  +--> ?PR?POWEROFF?MAIN
  +--> ?PR?WAITPOWERON?MAIN

?PR?_WAIT_MS?CPU                                 -----    -----      002CH    0004H

?PR?INITVARS?CPU                                 -----    -----      -----    -----
  +--> ?PR?_DELAY?CPU
  +--> ?PR?POWERDOWN_XTAL?MAIN

?PR?POWERDOWN_XTAL?MAIN                          0022H.4  0000H.1    -----    -----

?PR?INITTECHWELL?CPU                             -----    -----      -----    -----
  +--> ?CO?CPU
  +--> ?PR?_PUTS?PRINTF
  +--> ?PR?_READI2C?I2C
  +--> ?PR?_PRINTF?PRINTF
  +--> ?PR?RS_READY?CPU
  +--> ?PR?_DELAY?CPU
  +--> ?PR?CPU

BL51 BANKED LINKER/LOCATER V5.03                                                      05/28/2012  11:22:31  PAGE 8


?PR?_PUTS?PRINTF                                 -----    -----      001CH    0003H
  +--> ?PR?PRINTF
  +--> ?PR?_RS_TX?CPU

?PR?_READI2C?I2C                                 -----    -----      0044H    0003H
  +--> ?PR?I2CSTART?I2C
  +--> ?PR?_I2CWRITEDATA?I2C
  +--> ?PR?I2CREADDATA?I2C
  +--> ?PR?I2CSTOP?I2C

?PR?I2CSTART?I2C                                 -----    -----      -----    -----
  +--> ?PR?DD?I2C

?PR?_I2CWRITEDATA?I2C                            -----    -----      -----    -----
  +--> ?PR?I2C

?PR?I2C                                          -----    -----      -----    -----
  +--> ?PR?DD?I2C

?PR?I2CREADDATA?I2C                              -----    -----      -----    -----
  +--> ?PR?DD?I2C

?PR?I2CSTOP?I2C                                  -----    -----      -----    -----
  +--> ?PR?DD?I2C

?PR?_PRINTF?PRINTF                               -----    -----      002FH    002EH
  +--> ?PR?_DOPRINT?PRINTF

?PR?_DOPRINT?PRINTF                              0022H.5  0000H.2    005DH    0015H
  +--> ?PR?PRINTF
  +--> ?CO?PRINTF

?PR?LCDPOWEROFF?TW88                             -----    -----      -----    -----
  +--> ?PR?_WRITEI2C?I2C
  +--> ?PR?OFF_LVDS?TW88
  +--> ?PR?_WAIT_MS?CPU
  +--> ?PR?_DELAY?CPU

?PR?_WRITEI2C?I2C                                -----    -----      0058H    0003H
  +--> ?PR?I2C
  +--> ?PR?I2CSTART?I2C
  +--> ?PR?_I2CWRITEDATA?I2C
  +--> ?PR?I2CSTOP?I2C

?PR?MAIN_INIT?CPU                                -----    -----      0003H    0002H
  +--> ?PR?_WRITEI2C?I2C
  +--> ?PR?GETFWREVEE?ETC_EEP
  +--> ?PR?CPU
  +--> ?CO?CPU
  +--> ?PR?_PRINTF?PRINTF
  +--> ?PR?_SAVEFWREVEE?ETC_EEP
  +--> ?PR?_SAVEDEBUGLEVELEE?ETC_EEP
  +--> ?PR?_SAVEINPUTSELECTIONEE?ETC_EEP
  +--> ?PR?CLEARBASICEE?ETC_EEP
  +--> ?PR?GETDEBUGLEVELEE?ETC_EEP
  +--> ?PR?_SETVINPUTSTD?MAIN
  +--> ?PR?_INITVIDEODATA?MAIN
BL51 BANKED LINKER/LOCATER V5.03                                                      05/28/2012  11:22:31  PAGE 9


  +--> ?PR?DISPLAYLOGO?DISPINFO
  +--> ?PR?_LCDPOWERON?TW88
  +--> ?PR?_READEEP?I2C
  +--> ?PR?SETPOSSIBLEAUTODETECTSTDEE?ETC_EEP
  +--> ?PR?CHANGE_OSDCOLORLOOKUP?OSDBASIC
  +--> ?PR?DOWNLOADUDFONT?OSDBASIC
  +--> ?PR?_DELAY?CPU
  +--> ?PR?_WRITEALC106?I2C
  +--> ?PR?_READALC106?I2C

?PR?GETFWREVEE?ETC_EEP                           -----    -----      0005H    0002H
  +--> ?PR?_READEEP?I2C

?PR?_READEEP?I2C                                 -----    -----      0036H    0001H
  +--> ?PR?_READI2C?I2C
  +--> ?PR?_DELAY?CPU

?PR?_SAVEFWREVEE?ETC_EEP                         -----    -----      0005H    0002H
  +--> ?PR?_WRITEEEP?I2C

?PR?_WRITEEEP?I2C                                -----    -----      0029H    0004H
  +--> ?PR?I2CSTART?I2C
  +--> ?PR?_I2CWRITEDATA?I2C
  +--> ?PR?I2CSTOP?I2C
  +--> ?PR?_DELAY?CPU

?PR?_SAVEDEBUGLEVELEE?ETC_EEP                    -----    -----      -----    -----
  +--> ?PR?_WRITEEEP?I2C

?PR?_SAVEINPUTSELECTIONEE?ETC_EEP                -----    -----      -----    -----
  +--> ?PR?_WRITEEEP?I2C

?PR?CLEARBASICEE?ETC_EEP                         -----    -----      -----    -----
  +--> ?PR?_WRITEEEP?I2C
  +--> ?PR?RESETOSDVALUE?OSDMENU
  +--> ?PR?RESETVIDEOVALUE?OSDMENU
  +--> ?PR?_SET4WIDESCREEN?OSDMENU

?PR?RESETOSDVALUE?OSDMENU                        -----    -----      -----    -----
  +--> ?CO?OSDMENU
  +--> ?PR?_WRITEEEP?I2C
  +--> ?PR?_CAMOUTDSEL?OSDMENU
  +--> ?PR?_PUTS?PRINTF
  +--> ?PR?_CLEARDATACNT?OSDBASIC
  +--> ?PR?LOADEEPROM?MAIN
  +--> ?PR?_SAVEOSDLANGEE?ETC_EEP
  +--> ?PR?_READEEP?I2C
  +--> ?PR?_HS_DVRTXCMDPASER?HS_DVRPROTOCOL
  +--> ?PR?INITOSDMENU?OSDMENU

?PR?_CAMOUTDSEL?OSDMENU                          -----    -----      0015H    0001H
  +--> ?CO?OSDMENU
  +--> ?PR?_PUTS?PRINTF

?PR?_CLEARDATACNT?OSDBASIC                       -----    -----      003EH    0003H
  +--> ?PR?OSDBASIC
  +--> ?PR?_WRITEI2C?I2C
BL51 BANKED LINKER/LOCATER V5.03                                                      05/28/2012  11:22:31  PAGE 10


  +--> ?PR?_WRITEI2CND?I2C

?PR?_WRITEI2CND?I2C                              -----    -----      0042H    0005H
  +--> ?PR?I2C
  +--> ?PR?I2CSTART?I2C
  +--> ?PR?_I2CWRITEDATA?I2C
  +--> ?PR?I2C_DELAY?I2C
  +--> ?PR?I2CSTOP?I2C

?PR?LOADEEPROM?MAIN                              -----    -----      -----    -----
  +--> ?PR?_READEEP?I2C
  +--> ?PR?GETAUDIOVOLEE?ETC_EEP
  +--> ?PR?GETPCAUDIOVOLEE?ETC_EEP

?PR?GETAUDIOVOLEE?ETC_EEP                        -----    -----      -----    -----
  +--> ?PR?_READEEP?I2C

?PR?GETPCAUDIOVOLEE?ETC_EEP                      -----    -----      -----    -----
  +--> ?PR?_READEEP?I2C

?PR?_SAVEOSDLANGEE?ETC_EEP                       -----    -----      -----    -----
  +--> ?PR?_WRITEEEP?I2C

?PR?_HS_DVRTXCMDPASER?HS_DVRPROTOCOL             -----    -----      0015H    001AH
  +--> ?CO?HS_DVRPROTOCOL
  +--> ?PR?HS_DVRPROTOCOL
  +--> ?PR?_PRINTF?PRINTF
  +--> ?PR?_HS_SEND_DVR_COMMAND?HS_DVRPROTOCOL

?PR?_HS_SEND_DVR_COMMAND?HS_DVRPROTOCOL          -----    -----      002FH    0006H
  +--> ?PR?HS_DVRPROTOCOL
  +--> ?PR?_RS2_TX?CPU

?PR?INITOSDMENU?OSDMENU                          -----    -----      000CH    0001H
  +--> ?PR?GETOSDLANGEE?ETC_EEP
  +--> ?PR?GETINPUTSELECTION?MAIN
  +--> ?CO?OSDMENU
  +--> ?PR?OSDMENU
  +--> ?CO?OSDBASIC
  +--> ?PR?_INITOSDWINDOW?OSDBASIC
  +--> ?PR?DISPLAYOSDMENU?OSDMENU

?PR?GETOSDLANGEE?ETC_EEP                         -----    -----      -----    -----
  +--> ?PR?_READEEP?I2C

?PR?OSDMENU                                      -----    -----      -----    -----
  +--> ?CO?OSDMENU
  +--> ?CO?MAIN

?PR?_INITOSDWINDOW?OSDBASIC                      -----    -----      003EH    0005H
  +--> ?PR?_READI2C?I2C
  +--> ?PR?_WRITEI2C?I2C
  +--> ?PR?_DELAY?CPU
  +--> ?PR?OSDBASIC
  +--> ?PR?_WRITEI2CN_?I2C

?PR?_WRITEI2CN_?I2C                              -----    -----      0043H    0006H
BL51 BANKED LINKER/LOCATER V5.03                                                      05/28/2012  11:22:31  PAGE 11


  +--> ?PR?I2CSTART?I2C
  +--> ?PR?_I2CWRITEDATA?I2C
  +--> ?PR?I2C
  +--> ?PR?I2CSTOP?I2C

?PR?DISPLAYOSDMENU?OSDMENU                       -----    -----      -----    -----
  +--> ?PR?_DRAWATTRCNT?OSDBASIC
  +--> ?PR?OSDMENU
  +--> ?PR?GETINPUTSELECTION?MAIN
  +--> ?PR?_READEEP?I2C
  +--> ?PR?_DRAWMENULIST?OSDMENU
  +--> ?PR?PUSHMENU?OSDMENU
  +--> ?PR?POPMENU?OSDMENU
  +--> ?PR?DISPLAYCURSOR?OSDMENU

?PR?_DRAWATTRCNT?OSDBASIC                        -----    -----      003EH    0004H
  +--> ?PR?OSDBASIC
  +--> ?PR?_WRITEI2C?I2C
  +--> ?PR?_WRITEI2CND?I2C

?PR?_DRAWMENULIST?OSDMENU                        -----    -----      0014H    000CH
  +--> ?PR?OSDMENU
  +--> ?PR?_STRLEN?OSDBASIC
  +--> ?PR?_DRAWATTRCNT?OSDBASIC
  +--> ?PR?_WRITESTRINGTOADDR?OSDBASIC
  +--> ?PR?_CLEARDATACNT?OSDBASIC
  +--> ?PR?_WRITEI2C?I2C
  +--> ?PR?_DISPLAYOSDMENUONEITEM?OSDMENU
  +--> ?PR?_GETLOWERMENUITEM?OSDMENU

?PR?_STRLEN?OSDBASIC                             -----    -----      0052H    0003H

?PR?_WRITESTRINGTOADDR?OSDBASIC                  -----    -----      0052H    0006H
  +--> ?PR?OSDBASIC
  +--> ?PR?_WRITEI2C?I2C
  +--> ?PR?_WRITEI2CN?I2C

?PR?_WRITEI2CN?I2C                               -----    -----      0058H    0007H
  +--> ?PR?I2C
  +--> ?PR?I2CSTART?I2C
  +--> ?PR?_I2CWRITEDATA?I2C
  +--> ?PR?I2C_DELAY?I2C
  +--> ?PR?I2CSTOP?I2C

?PR?_DISPLAYOSDMENUONEITEM?OSDMENU               -----    -----      0020H    0013H
  +--> ?PR?OSDMENU
  +--> ?PR?_CLEARDATACNT?OSDBASIC
  +--> ?PR?_GETITEMVALUE?OSDMENU
  +--> ?PR?_DISPLAYVIEWBAR?OSDMENU
  +--> ?PR?_DRAWNUM?OSDMENU
  +--> ?CO?OSDMENU
  +--> ?PR?_WRITESTRINGTOADDR?OSDBASIC
  +--> ?PR?_DRAWSTRINGBYLANG?OSDMENU
  +--> ?PR?_STRLEN?OSDBASIC

?PR?_GETITEMVALUE?OSDMENU                        -----    -----      0033H    0003H
  +--> ?PR?_GETVIDEODATAWITHOFFSET?OSDMENU
BL51 BANKED LINKER/LOCATER V5.03                                                      05/28/2012  11:22:31  PAGE 12


  +--> ?PR?OSDMENU
  +--> ?PR?_READEEP?I2C

?PR?_GETVIDEODATAWITHOFFSET?OSDMENU              -----    -----      -----    -----
  +--> ?PR?_GETVIDEODATAFROMEE?ETC_EEP
  +--> ?PR?OSDMENU

?PR?_GETVIDEODATAFROMEE?ETC_EEP                  -----    -----      -----    -----
  +--> ?PR?_READEEP?I2C

?PR?_DISPLAYVIEWBAR?OSDMENU                      -----    -----      0033H    0010H
  +--> ?PR?OSDMENU
  +--> ?CO?OSDMENU
  +--> ?PR?_WRITESTRINGTOADDR?OSDBASIC

?PR?_DRAWNUM?OSDMENU                             -----    -----      0033H    001FH
  +--> ?PR?OSDMENU
  +--> ?CO?OSDMENU
  +--> ?PR?_UTOA?OSDBASIC
  +--> ?PR?_STRLEN?OSDBASIC
  +--> ?PR?_WRITESTRINGTOADDR?OSDBASIC

?PR?_UTOA?OSDBASIC                               -----    -----      0052H    000EH
  +--> ?PR?OSDBASIC

?PR?_DRAWSTRINGBYLANG?OSDMENU                    -----    -----      0033H    0018H
  +--> ?PR?OSDMENU
  +--> ?CO?OSDMENU
  +--> ?PR?_WRITESTRINGTOADDR?OSDBASIC
  +--> ?PR?_STRLEN?OSDBASIC

?PR?_GETLOWERMENUITEM?OSDMENU                    -----    -----      0020H    0004H

?PR?PUSHMENU?OSDMENU                             -----    -----      -----    -----
  +--> ?PR?OSDMENU

?PR?POPMENU?OSDMENU                              -----    -----      -----    -----
  +--> ?PR?OSDMENU

?PR?DISPLAYCURSOR?OSDMENU                        -----    -----      000DH    0004H
  +--> ?PR?OSDMENU
  +--> ?PR?_DRAWATTRCNT?OSDBASIC
  +--> ?PR?_GETITEMVALUE?OSDMENU

?PR?RESETVIDEOVALUE?OSDMENU                      -----    -----      000CH    0002H
  +--> ?CO?OSDMENU
  +--> ?PR?_SETVIDEOMODE?OSDMENU
  +--> ?PR?_SAVEVIDEODATATOEE?ETC_EEP

?PR?_SETVIDEOMODE?OSDMENU                        -----    -----      0022H    0007H
  +--> ?PR?_WRITEEEP?I2C
  +--> ?CO?OSDMENU
  +--> ?PR?_WRITEI2C?I2C
  +--> ?PR?OSDMENU
  +--> ?PR?_GETVIDEODATAWITHOFFSET?OSDMENU
  +--> ?PR?_SETVIDEOCONTRAST?OSDMENU
  +--> ?PR?_SETVIDEOBRIGHTNESS?OSDMENU
BL51 BANKED LINKER/LOCATER V5.03                                                      05/28/2012  11:22:31  PAGE 13


  +--> ?PR?_SETVIDEOSATURATION?OSDMENU
  +--> ?PR?_SETVIDEOHUE?OSDMENU
  +--> ?PR?_MAPPING1?TW88
  +--> ?PR?_READI2C?I2C

?PR?_SETVIDEOCONTRAST?OSDMENU                    -----    -----      0029H    0003H
  +--> ?PR?GETINPUTSELECTION?MAIN
  +--> ?PR?OSDMENU
  +--> ?CO?OSDMENU
  +--> ?PR?_MAPPING1?TW88
  +--> ?PR?_WRITEI2C?I2C

?PR?_MAPPING1?TW88                               -----    -----      002DH    000FH
  +--> ?PR?TW88

?PR?_SETVIDEOBRIGHTNESS?OSDMENU                  -----    -----      0029H    0003H
  +--> ?PR?OSDMENU
  +--> ?CO?OSDMENU
  +--> ?PR?_MAPPING1?TW88
  +--> ?PR?ISINPUTANALOGRGB?OSDMENU
  +--> ?PR?_WRITEI2C?I2C

?PR?_SETVIDEOSATURATION?OSDMENU                  -----    -----      0029H    0004H
  +--> ?PR?ISINPUTANALOGRGB?OSDMENU
  +--> ?PR?OSDMENU
  +--> ?CO?OSDMENU
  +--> ?PR?_MAPPING1?TW88
  +--> ?PR?_READI2C?I2C
  +--> ?PR?_WRITEI2C?I2C

?PR?_SETVIDEOHUE?OSDMENU                         -----    -----      0029H    0003H
  +--> ?PR?OSDMENU
  +--> ?CO?OSDMENU
  +--> ?PR?_MAPPING1?TW88
  +--> ?PR?_READI2C?I2C
  +--> ?PR?ISINPUTANALOGRGB?OSDMENU
  +--> ?PR?_WRITEI2C?I2C

?PR?_SAVEVIDEODATATOEE?ETC_EEP                   -----    -----      -----    -----
  +--> ?PR?_WRITEEEP?I2C

?PR?_SET4WIDESCREEN?OSDMENU                      -----    -----      0022H    0006H
  +--> ?PR?GETVINPUTSTD?MAIN
  +--> ?CO?OSDMENU
  +--> ?PR?WAITENDOFDISPLAYAREA?OSDBASIC
  +--> ?PR?OSDMENU
  +--> ?PR?_WRITEI2C?I2C
  +--> ?PR?_SAVEWIDEMODEEE?ETC_EEP

?PR?WAITENDOFDISPLAYAREA?OSDBASIC                -----    -----      0042H    0002H
  +--> ?PR?_READI2C?I2C

?PR?_SAVEWIDEMODEEE?ETC_EEP                      -----    -----      -----    -----
  +--> ?PR?_WRITEEEP?I2C

?PR?GETDEBUGLEVELEE?ETC_EEP                      -----    -----      -----    -----
  +--> ?PR?_READEEP?I2C
BL51 BANKED LINKER/LOCATER V5.03                                                      05/28/2012  11:22:31  PAGE 14



?PR?_SETVINPUTSTD?MAIN                           -----    -----      0021H    0001H
  +--> ?PR?GETVINPUTSTDINX?MAIN
  +--> ?CO?MAIN
  +--> ?PR?MAIN
  +--> ?PR?_PRINTF?PRINTF

?PR?GETVINPUTSTDINX?MAIN                         -----    -----      -----    -----
  +--> ?PR?READVINPUTSTD?MAIN
  +--> ?PR?MAIN
  +--> ?CO?MAIN

?PR?READVINPUTSTD?MAIN                           -----    -----      -----    -----
  +--> ?PR?ISNOINPUT?MAIN
  +--> ?PR?_READI2C?I2C

?PR?ISNOINPUT?MAIN                               -----    -----      -----    -----
  +--> ?PR?_READI2C?I2C

?PR?MAIN                                         -----    -----      -----    -----
  +--> ?CO?MAIN

?PR?_INITVIDEODATA?MAIN                          -----    -----      0021H    0001H
  +--> ?CO?MAIN
  +--> ?PR?MAIN
  +--> ?PR?_PRINTF?PRINTF
  +--> ?CO?TABLE
  +--> ?PR?_I2CDEVICEINITIALIZE?MAIN
  +--> ?PR?_WRITEI2C?I2C
  +--> ?PR?_CLEARAUTODETECTSTD?TW88
  +--> ?PR?SETAUTODETECTSTD?TW88
  +--> ?PR?_READEEP?I2C
  +--> ?PR?_SETVIDEOMODE?OSDMENU
  +--> ?PR?GETWIDEMODEEE?ETC_EEP
  +--> ?PR?_SET4WIDESCREEN?OSDMENU

?PR?_I2CDEVICEINITIALIZE?MAIN                    -----    -----      0022H    0006H
  +--> ?PR?MAIN
  +--> ?PR?_WRITEI2C?I2C

?PR?_CLEARAUTODETECTSTD?TW88                     -----    -----      0022H    0001H
  +--> ?PR?_READI2C?I2C
  +--> ?PR?_WRITEI2C?I2C

?PR?SETAUTODETECTSTD?TW88                        -----    -----      -----    -----
  +--> ?PR?GETPOSSIBLEAUTODETECTSTDEE?ETC_EEP
  +--> ?PR?_WRITEI2C?I2C
  +--> ?PR?_READI2C?I2C

?PR?GETPOSSIBLEAUTODETECTSTDEE?ETC_EEP           -----    -----      -----    -----
  +--> ?PR?_READEEP?I2C

?PR?GETWIDEMODEEE?ETC_EEP                        -----    -----      -----    -----
  +--> ?PR?_READEEP?I2C

?PR?DISPLAYLOGO?DISPINFO                         -----    -----      0005H    0002H
  +--> ?CO?DISPINFO
BL51 BANKED LINKER/LOCATER V5.03                                                      05/28/2012  11:22:31  PAGE 15


  +--> ?CO?OSDBASIC
  +--> ?PR?_INITOSDWINDOW?OSDBASIC
  +--> ?PR?_CLEARDATACNT?OSDBASIC
  +--> ?PR?_DRAWATTRCNT?OSDBASIC
  +--> ?PR?DISPINFO
  +--> ?PR?_WRITESTRINGTOADDR?OSDBASIC
  +--> ?PR?_SHOWOSDWINDOW_TW88?OSDBASIC

?PR?DISPINFO                                     -----    -----      -----    -----
  +--> ?CO?MAIN

?PR?_SHOWOSDWINDOW_TW88?OSDBASIC                 -----    -----      003FH    0002H
  +--> ?PR?OSDBASIC
  +--> ?PR?_WRITEI2C?I2C
  +--> ?PR?_READI2C?I2C
  +--> ?PR?WAITENDOFDISPLAYAREA?OSDBASIC

?PR?_LCDPOWERON?TW88                             -----    -----      -----    -----
  +--> ?PR?CHECKTRIGGER?HS_KEYREMO
  +--> ?PR?_POWERLED?CPU
  +--> ?PR?GETLCDPOWERSTATE?TW88
  +--> ?PR?OFF_LVDS?TW88
  +--> ?PR?_DELAY?CPU
  +--> ?PR?ON_LVDS?TW88
  +--> ?PR?_WRITEI2C?I2C
  +--> ?PR?_WAIT_MS?CPU
  +--> ?CO?TW88
  +--> ?PR?_PUTS?PRINTF

?PR?CHECKTRIGGER?HS_KEYREMO                      -----    -----      -----    -----
  +--> ?CO?HS_KEYREMO
  +--> ?PR?_WAIT_MS?CPU
  +--> ?PR?_PRINTF?PRINTF

?PR?GETLCDPOWERSTATE?TW88                        -----    -----      -----    -----
  +--> ?PR?_READI2C?I2C

?PR?SETPOSSIBLEAUTODETECTSTDEE?ETC_EEP           -----    -----      0005H    0002H
  +--> ?CO?MAIN
  +--> ?PR?_WRITEEEP?I2C

?PR?CHANGE_OSDCOLORLOOKUP?OSDBASIC               -----    -----      0005H    0002H
  +--> ?CO?UDFONT
  +--> ?PR?_WRITEI2C?I2C

?PR?DOWNLOADUDFONT?OSDBASIC                      -----    -----      0005H    0001H
  +--> ?PR?_WRITEI2C?I2C
  +--> ?CO?UDFONT
  +--> ?PR?_DOWNLOADFONT?OSDBASIC

?PR?_DOWNLOADFONT?OSDBASIC                       -----    -----      0006H    0004H
  +--> ?PR?_READI2C?I2C
  +--> ?PR?_WRITEI2C?I2C
  +--> ?PR?_WRITEI2CN?I2C

?PR?_WRITEALC106?I2C                             -----    -----      -----    -----
  +--> ?PR?I2CSTART?I2C
BL51 BANKED LINKER/LOCATER V5.03                                                      05/28/2012  11:22:31  PAGE 16


  +--> ?PR?_I2CWRITEDATA?I2C
  +--> ?PR?DD?I2C
  +--> ?PR?I2CSTOP?I2C
  +--> ?PR?_DELAY?CPU

?PR?_READALC106?I2C                              -----    -----      0005H    0002H
  +--> ?PR?_READI2CWORD?I2C
  +--> ?PR?_DELAY?CPU

?PR?_READI2CWORD?I2C                             -----    -----      0007H    0002H
  +--> ?PR?I2CSTART?I2C
  +--> ?PR?_I2CWRITEDATA?I2C
  +--> ?PR?I2CREADDATAWITHACK?I2C
  +--> ?PR?I2CREADDATA?I2C
  +--> ?PR?I2CSTOP?I2C

?PR?_TW2835COMMAND?CPU                           -----    -----      001BH    000DH
  +--> ?PR?CPU
  +--> ?CO?CPU
  +--> ?PR?_PRINTF?PRINTF
  +--> ?PR?GETTIME_MS?CPU
  +--> ?PR?_ABS?ABS
  +--> ?PR?_WAIT_MS?CPU

?PR?GETTIME_MS?CPU                               -----    -----      0028H    0002H

?PR?SETNOWMODE?HS_KEYREMO                        -----    -----      0015H    0001H
  +--> ?PR?HS_KEYREMO
  +--> ?PR?_PUTS?PRINTF
  +--> ?PR?_SETSOURCEMODE?HS_KEYREMO
  +--> ?PR?_READEEP?I2C
  +--> ?CO?HS_KEYREMO

?PR?HS_KEYREMO                                   -----    -----      -----    -----
  +--> ?CO?HS_KEYREMO

?PR?_SETSOURCEMODE?HS_KEYREMO                    -----    -----      0016H    0005H
  +--> ?CO?HS_KEYREMO
  +--> ?PR?_TW2835COMMAND?CPU
  +--> ?PR?_CHANGEINPUT?MAIN

?PR?_CHANGEINPUT?MAIN                            -----    -----      001BH    0001H
  +--> ?PR?CLEAROSDINFO?DISPINFO
  +--> ?PR?LCDPOWEROFF?TW88
  +--> ?PR?_INITVIDEODATA?MAIN
  +--> ?PR?COMPOSITE1INPUT?TW88
  +--> ?PR?COMPOSITE3INPUT?TW88
  +--> ?PR?COMPOSITE2INPUT?TW88
  +--> ?PR?_CHANGEVOL?AUDIO
  +--> ?PR?CHECKPANELIMAGE?OSDMENU
  +--> ?PR?_SAVEINPUTSELECTIONEE?ETC_EEP
  +--> ?PR?_DELAY?CPU
  +--> ?PR?CHECKDECODERINPUT?MAIN
  +--> ?PR?DISPLAYINPUT?DISPINFO
  +--> ?PR?_LCDPOWERON?TW88
  +--> ?PR?_WRITEI2C?I2C

BL51 BANKED LINKER/LOCATER V5.03                                                      05/28/2012  11:22:31  PAGE 17


?PR?CLEAROSDINFO?DISPINFO                        -----    -----      003EH    0001H
  +--> ?PR?CLEARLOGO?DISPINFO
  +--> ?PR?GETDISPLAYEDOSD?DISPINFO
  +--> ?PR?CLEARTVINFO?DISPINFO
  +--> ?PR?CLEARMUTEINFO?DISPINFO
  +--> ?PR?CLEARINPUT?DISPINFO
  +--> ?PR?CLOSEOSDMENU?OSDMENU
  +--> ?PR?CLEARGAUGEINFO?HS_DISPLAYOSD

?PR?CLEARLOGO?DISPINFO                           -----    -----      -----    -----
  +--> ?PR?_SHOWOSDWINDOW_TW88?OSDBASIC

?PR?CLEARTVINFO?DISPINFO                         -----    -----      -----    -----
  +--> ?PR?_SHOWOSDWINDOW_TW88?OSDBASIC

?PR?CLEARMUTEINFO?DISPINFO                       -----    -----      -----    -----
  +--> ?PR?_SHOWOSDWINDOW_TW88?OSDBASIC

?PR?CLEARINPUT?DISPINFO                          -----    -----      -----    -----
  +--> ?PR?_SHOWOSDWINDOWALL?OSDBASIC
  +--> ?PR?_SHOWOSDWINDOW_TW88?OSDBASIC

?PR?_SHOWOSDWINDOWALL?OSDBASIC                   -----    -----      0040H    0002H
  +--> ?PR?WAITENDOFDISPLAYAREA?OSDBASIC
  +--> ?PR?_READI2C?I2C
  +--> ?PR?_WRITEI2C?I2C

?PR?CLOSEOSDMENU?OSDMENU                         -----    -----      003FH    0001H
  +--> ?PR?_SHOWOSDWINDOWALL?OSDBASIC
  +--> ?PR?WAITENDOFDISPLAYAREA?OSDBASIC
  +--> ?PR?_WRITEI2C?I2C
  +--> ?PR?_CLEARDISPLAYEDOSD?DISPINFO

?PR?CLEARGAUGEINFO?HS_DISPLAYOSD                 -----    -----      -----    -----
  +--> ?PR?_SHOWOSDWINDOW_TW88?OSDBASIC

?PR?COMPOSITE1INPUT?TW88                         -----    -----      -----    -----
  +--> ?PR?_WRITEI2C?I2C
  +--> ?PR?TW88

?PR?COMPOSITE3INPUT?TW88                         -----    -----      -----    -----
  +--> ?PR?_WRITEI2C?I2C
  +--> ?PR?TW88
  +--> ?PR?_READI2C?I2C

?PR?COMPOSITE2INPUT?TW88                         -----    -----      -----    -----
  +--> ?PR?_WRITEI2C?I2C
  +--> ?PR?TW88
  +--> ?PR?_READI2C?I2C

?PR?_CHANGEVOL?AUDIO                             -----    -----      001CH    0003H
  +--> ?CO?OSDMENU
  +--> ?PR?_WRITEALC106?I2C
  +--> ?CO?AUDIO
  +--> ?PR?_PRINTF?PRINTF
  +--> ?PR?_SETPCAUDIOVOLEE?ETC_EEP
  +--> ?PR?_SETAUDIOVOLEE?ETC_EEP
BL51 BANKED LINKER/LOCATER V5.03                                                      05/28/2012  11:22:31  PAGE 18



?PR?_SETPCAUDIOVOLEE?ETC_EEP                     -----    -----      -----    -----
  +--> ?PR?_WRITEEEP?I2C

?PR?_SETAUDIOVOLEE?ETC_EEP                       -----    -----      -----    -----
  +--> ?PR?_WRITEEEP?I2C

?PR?CHECKPANELIMAGE?OSDMENU                      -----    -----      -----    -----
  +--> ?PR?_READI2C?I2C
  +--> ?PR?_WRITEI2C?I2C

?PR?CHECKDECODERINPUT?MAIN                       -----    -----      001CH    0005H
  +--> ?PR?DETECTDECODERINPUT?TW88
  +--> ?PR?_SETVINPUTSTD?MAIN
  +--> ?PR?_DELAY?CPU
  +--> ?PR?_INITVIDEODATA?MAIN

?PR?DETECTDECODERINPUT?TW88                      -----    -----      0021H    0002H
  +--> ?PR?_DELAY?CPU
  +--> ?PR?_READI2C?I2C

?PR?DISPLAYINPUT?DISPINFO                        -----    -----      001CH    0009H
  +--> ?PR?GETDISPLAYEDOSD?DISPINFO
  +--> ?CO?DISPINFO
  +--> ?PR?_PRINTF?PRINTF
  +--> ?PR?CLEAROSDINFO?DISPINFO
  +--> ?CO?OSDBASIC
  +--> ?PR?_INITOSDWINDOW?OSDBASIC
  +--> ?PR?_CLEARDATACNT?OSDBASIC
  +--> ?PR?_DRAWATTRCNT?OSDBASIC
  +--> ?PR?GETINPUTSELECTION?MAIN
  +--> ?PR?_READEEP?I2C
  +--> ?PR?GETVINPUTSTDINX?MAIN
  +--> ?CO?MAIN
  +--> ?PR?_STRLEN?OSDBASIC
  +--> ?PR?DISPINFO
  +--> ?PR?_WRITESTRINGTOADDR?OSDBASIC
  +--> ?PR?GETOSDLANG?OSDMENU
  +--> ?PR?_SHOWOSDWINDOW_TW88?OSDBASIC
  +--> ?PR?_SHOWOSDWINDOWALL?OSDBASIC
  +--> ?PR?GETTIME_MS?CPU

?PR?GETOSDLANG?OSDMENU                           -----    -----      -----    -----
  +--> ?PR?GETOSDLANGEE?ETC_EEP
  +--> ?PR?OSDMENU

?PR?_DVRAODIOSEL?OSDMENU                         -----    -----      0015H    0001H
  +--> ?CO?OSDMENU
  +--> ?PR?_PUTS?PRINTF

?PR?MAIN_LOOP?MAIN                               -----    -----      0003H    0001H
  +--> ?CO?MAIN
  +--> ?PR?_PUTS?PRINTF
  +--> ?PR?ACCPOWERCONTROL?MAIN
  +--> ?PR?DVRRECEIVEPASER?HS_DVRPROTOCOL
  +--> ?PR?_HS_DVRTXCMDPASER?HS_DVRPROTOCOL
  +--> ?PR?DISPLAYDVRSTATUS?HS_DISPLAYOSD
BL51 BANKED LINKER/LOCATER V5.03                                                      05/28/2012  11:22:31  PAGE 19


  +--> ?PR?GETDISPLAYEDOSD?DISPINFO
  +--> ?PR?_DISPLAYINFORMATION?HS_DISPLAYOSD
  +--> ?PR?MAIN
  +--> ?PR?_PRINTF?PRINTF
  +--> ?PR?DVRCOMMANDRESEND?HS_DVRPROTOCOL
  +--> ?PR?SELECTBOXHANDLER?HS_KEYREMO
  +--> ?PR?CHECKTRIGGER?HS_KEYREMO
  +--> ?PR?_TRIGGERHANDLER?HS_KEYREMO
  +--> ?PR?SEQMODE?HS_KEYREMO
  +--> ?PR?_READI2C?I2C
  +--> ?PR?_ADJUSTAUTODAYNIGHT?MAIN
  +--> ?PR?CHECKKEYIN?KEYREMO
  +--> ?PR?_POWERLED?CPU
  +--> ?PR?CHECKANDCLEAROSD?DISPINFO
  +--> ?PR?GETINPUTSELECTION?MAIN
  +--> ?PR?CHECKDECODERINPUT?MAIN
  +--> ?PR?_WRITEI2C?I2C
  +--> ?PR?_WAIT_MS?CPU

?PR?ACCPOWERCONTROL?MAIN                         -----    -----      -----    -----
  +--> ?PR?_HS_DVRTXCMDPASER?HS_DVRPROTOCOL

?PR?DVRRECEIVEPASER?HS_DVRPROTOCOL               -----    -----      000CH    0020H
  +--> ?PR?HS_DVRPROTOCOL
  +--> ?CO?HS_DVRPROTOCOL
  +--> ?PR?_PRINTF?PRINTF
  +--> ?PR?_HS_SEND_DVR_COMMAND?HS_DVRPROTOCOL
  +--> ?PR?DISPLAYFWVERSION?HS_DISPLAYOSD
  +--> ?PR?_WAIT_MS?CPU

?PR?DISPLAYFWVERSION?HS_DISPLAYOSD               -----    -----      002CH    0012H
  +--> ?CO?HS_DISPLAYOSD
  +--> ?PR?HS_DISPLAYOSD
  +--> ?PR?CLEAROSDINFO?DISPINFO
  +--> ?PR?_INITOSDWINDOW?OSDBASIC
  +--> ?PR?_CLEARDATACNT?OSDBASIC
  +--> ?PR?_DRAWATTRCNT?OSDBASIC
  +--> ?PR?_WRITESTRINGTOADDR?OSDBASIC
  +--> ?CO?OSDMENU
  +--> ?PR?_SETDISPLAYEDOSD?DISPINFO
  +--> ?PR?_SHOWOSDWINDOW_TW88?OSDBASIC
  +--> ?PR?_SHOWOSDWINDOWALL?OSDBASIC
  +--> ?PR?_WRITEI2C?I2C

?PR?HS_DISPLAYOSD                                -----    -----      -----    -----
  +--> ?CO?HS_DISPLAYOSD

?PR?DISPLAYDVRSTATUS?HS_DISPLAYOSD               -----    -----      0006H    0001H
  +--> ?CO?OSDBASIC
  +--> ?PR?_INITOSDWINDOW?OSDBASIC
  +--> ?PR?CLEAROSDINFO?DISPINFO
  +--> ?PR?_CLEARDATACNT?OSDBASIC
  +--> ?PR?_DRAWATTRCNT?OSDBASIC
  +--> ?CO?HS_DISPLAYOSD
  +--> ?PR?_PRINTF?PRINTF
  +--> ?PR?HS_DISPLAYOSD
  +--> ?PR?_WRITESTRINGTOADDR?OSDBASIC
BL51 BANKED LINKER/LOCATER V5.03                                                      05/28/2012  11:22:31  PAGE 20


  +--> ?CO?OSDMENU
  +--> ?PR?_READEEP?I2C
  +--> ?PR?_SHOWOSDWINDOW_TW88?OSDBASIC
  +--> ?PR?_SHOWOSDWINDOWALL?OSDBASIC
  +--> ?PR?_WRITEI2C?I2C
  +--> ?PR?_DISPLAYNUMBER?HS_DISPLAYOSD

?PR?_DISPLAYNUMBER?HS_DISPLAYOSD                 -----    -----      0007H    0018H
  +--> ?CO?HS_DISPLAYOSD
  +--> ?PR?HS_DISPLAYOSD
  +--> ?PR?_DRAWATTRCNT?OSDBASIC
  +--> ?PR?_WRITESTRINGTOADDR?OSDBASIC

?PR?_DISPLAYINFORMATION?HS_DISPLAYOSD            -----    -----      000CH    0001H
  +--> ?PR?HS_DISPLAYOSD
  +--> ?PR?_INITOSDWINDOW?OSDBASIC
  +--> ?PR?CLEAROSDINFO?DISPINFO
  +--> ?PR?_CLEARDATACNT?OSDBASIC
  +--> ?CO?HS_DISPLAYOSD
  +--> ?PR?_DRAWATTRCNT?OSDBASIC
  +--> ?PR?_WRITESTRINGTOADDR?OSDBASIC
  +--> ?PR?_SHOWOSDWINDOW_TW88?OSDBASIC
  +--> ?PR?_SHOWOSDWINDOWALL?OSDBASIC
  +--> ?PR?_WRITEI2C?I2C

?PR?DVRCOMMANDRESEND?HS_DVRPROTOCOL              -----    -----      -----    -----
  +--> ?PR?_HS_DVRTXCMDPASER?HS_DVRPROTOCOL

?PR?SELECTBOXHANDLER?HS_KEYREMO                  -----    -----      0006H    0001H
  +--> ?PR?_WAIT_MS?CPU
  +--> ?CO?HS_KEYREMO
  +--> ?PR?_HS_DVRTXCMDPASER?HS_DVRPROTOCOL
  +--> ?PR?HS_KEYREMO
  +--> ?PR?SETREARSOURCE?HS_KEYREMO
  +--> ?PR?SETLEFTSOURCE?HS_KEYREMO
  +--> ?PR?SETRIGHTSOURCE?HS_KEYREMO
  +--> ?PR?CLEARGAUGEINFO?HS_DISPLAYOSD
  +--> ?PR?_PUTS?PRINTF
  +--> ?PR?SETTRIGGERCSOURCE?HS_KEYREMO
  +--> ?PR?_READEEP?I2C
  +--> ?PR?_SETSOURCEMODE?HS_KEYREMO
  +--> ?PR?_PRINTF?PRINTF
  +--> ?PR?CHECKTRIGGER?HS_KEYREMO
  +--> ?PR?SETNOWMODE?HS_KEYREMO
  +--> ?PR?DISPLAYINPUT?DISPINFO

?PR?SETREARSOURCE?HS_KEYREMO                     -----    -----      -----    -----
  +--> ?CO?HS_KEYREMO
  +--> ?PR?HS_KEYREMO
  +--> ?PR?_SETSOURCEMODE?HS_KEYREMO
  +--> ?PR?_READEEP?I2C
  +--> ?PR?DISPLAYGAUGEOSD?HS_DISPLAYOSD

?PR?DISPLAYGAUGEOSD?HS_DISPLAYOSD                -----    -----      000FH    0001H
  +--> ?PR?CLEAROSDINFO?DISPINFO
  +--> ?PR?HS_DISPLAYOSD
  +--> ?PR?_INITOSDWINDOW?OSDBASIC
BL51 BANKED LINKER/LOCATER V5.03                                                      05/28/2012  11:22:31  PAGE 21


  +--> ?PR?_CLEARDATACNT?OSDBASIC
  +--> ?PR?_DRAWATTRCNT?OSDBASIC
  +--> ?CO?HS_DISPLAYOSD
  +--> ?PR?_WRITESTRINGTOADDR?OSDBASIC
  +--> ?PR?_SETDISPLAYEDOSD?DISPINFO
  +--> ?PR?_SHOWOSDWINDOW_TW88?OSDBASIC
  +--> ?PR?_SHOWOSDWINDOWALL?OSDBASIC
  +--> ?PR?_WRITEI2C?I2C

?PR?SETLEFTSOURCE?HS_KEYREMO                     -----    -----      -----    -----
  +--> ?PR?_READEEP?I2C
  +--> ?CO?HS_KEYREMO
  +--> ?PR?HS_KEYREMO
  +--> ?PR?_SETSOURCEMODE?HS_KEYREMO

?PR?SETRIGHTSOURCE?HS_KEYREMO                    -----    -----      -----    -----
  +--> ?PR?_READEEP?I2C
  +--> ?CO?HS_KEYREMO
  +--> ?PR?HS_KEYREMO
  +--> ?PR?_SETSOURCEMODE?HS_KEYREMO

?PR?SETTRIGGERCSOURCE?HS_KEYREMO                 -----    -----      -----    -----
  +--> ?PR?_READEEP?I2C
  +--> ?CO?HS_KEYREMO
  +--> ?PR?HS_KEYREMO
  +--> ?PR?_SETSOURCEMODE?HS_KEYREMO

?PR?_TRIGGERHANDLER?HS_KEYREMO                   -----    -----      0006H    0009H
  +--> ?CO?HS_KEYREMO
  +--> ?PR?HS_KEYREMO
  +--> ?PR?_PRINTF?PRINTF
  +--> ?PR?SETREARSOURCE?HS_KEYREMO
  +--> ?PR?SETLEFTSOURCE?HS_KEYREMO
  +--> ?PR?SETRIGHTSOURCE?HS_KEYREMO
  +--> ?PR?_PUTS?PRINTF
  +--> ?PR?SETTRIGGERCSOURCE?HS_KEYREMO
  +--> ?PR?_HS_DVRTXCMDPASER?HS_DVRPROTOCOL
  +--> ?PR?_SETSOURCEMODE?HS_KEYREMO
  +--> ?PR?_READEEP?I2C
  +--> ?PR?CHECKTRIGGER?HS_KEYREMO
  +--> ?PR?_WAIT_MS?CPU
  +--> ?PR?CLEARGAUGEINFO?HS_DISPLAYOSD
  +--> ?PR?DISPLAYINPUT?DISPINFO
  +--> ?PR?SETNOWMODE?HS_KEYREMO

?PR?SEQMODE?HS_KEYREMO                           -----    -----      -----    -----
  +--> ?CO?HS_KEYREMO
  +--> ?PR?HS_KEYREMO
  +--> ?PR?_SETSOURCEMODE?HS_KEYREMO

?PR?_ADJUSTAUTODAYNIGHT?MAIN                     -----    -----      0009H    0002H
  +--> ?PR?_READI2C?I2C
  +--> ?PR?MAIN
  +--> ?PR?_WRITEI2C?I2C

?PR?CHECKKEYIN?KEYREMO                           -----    -----      0004H    0003H
  +--> ?PR?_GETKEY?KEYREMO
BL51 BANKED LINKER/LOCATER V5.03                                                      05/28/2012  11:22:31  PAGE 22


  +--> ?CO?KEYREMO
  +--> ?PR?_PRINTF?PRINTF
  +--> ?PR?_READEEP?I2C
  +--> ?PR?_WRITEEEP?I2C
  +--> ?PR?_DISPLAYINFORMATION?HS_DISPLAYOSD
  +--> ?PR?_WAIT_MS?CPU
  +--> ?PR?CLEARGAUGEINFO?HS_DISPLAYOSD
  +--> ?PR?DISPLAYINPUT?DISPINFO
  +--> ?PR?_POWERLED?CPU
  +--> ?PR?SETOSDLASTKEYINTIME?MAIN
  +--> ?PR?_DELAY?CPU
  +--> ?PR?GETDISPLAYEDOSD?DISPINFO
  +--> ?PR?OSDSELECT?OSDMENU
  +--> ?PR?CLEAROSDINFO?DISPINFO
  +--> ?PR?_OSDVALUEUPDN?OSDMENU
  +--> ?PR?_OSDCURSORMOVE?OSDMENU
  +--> ?PR?_ACTIONREMO?KEYREMO
  +--> ?PR?SETSELECTMODE?HS_KEYREMO
  +--> ?PR?SETJUMPMODE?HS_KEYREMO
  +--> ?PR?_CAM_TXCOMMAND_TORS485?HS_DVRPROT...
  +--> ?PR?_HS_DVRTXCMDPASER?HS_DVRPROTOCOL

?PR?_GETKEY?KEYREMO                              0022H.4  0000H.1    0007H    0001H
  +--> ?PR?CLEAROSDINFO?DISPINFO
  +--> ?PR?_CLEARDATACNT?OSDBASIC
  +--> ?PR?_DRAWATTRCNT?OSDBASIC
  +--> ?PR?_DISPLAYINFORMATION?HS_DISPLAYOSD
  +--> ?PR?_WAIT_MS?CPU
  +--> ?PR?SETNOWMODE?HS_KEYREMO
  +--> ?CO?KEYREMO
  +--> ?PR?_PUTS?PRINTF
  +--> ?PR?_PRINTF?PRINTF
  +--> ?PR?_READEEP?I2C

?PR?SETOSDLASTKEYINTIME?MAIN                     -----    -----      -----    -----
  +--> ?PR?GETTIME_MS?CPU

?PR?OSDSELECT?OSDMENU                            -----    -----      0009H    0002H
  +--> ?PR?OSDMENU
  +--> ?PR?GETINPUTSELECTION?MAIN
  +--> ?PR?READVINPUTSTD?MAIN
  +--> ?PR?_DOACTION?OSDMENU
  +--> ?PR?DISPLAYCURSOR?OSDMENU
  +--> ?PR?_GETITEMVALUE?OSDMENU
  +--> ?PR?_WRITEI2C?I2C
  +--> ?PR?PUSHMENU?OSDMENU
  +--> ?PR?_GET_CURSOR_ITEM?OSDMENU
  +--> ?PR?DISPLAYOSDMENU?OSDMENU

?PR?_DOACTION?OSDMENU                            -----    -----      000BH    0001H
  +--> ?PR?_CHANGEINPUT?MAIN
  +--> ?PR?SETNOWMODE?HS_KEYREMO
  +--> ?PR?DISPLAYINPUT?DISPINFO
  +--> ?CO?OSDMENU
  +--> ?PR?OSDMENU
  +--> ?PR?_PRINTF?PRINTF
  +--> ?PR?CLEAROSDINFO?DISPINFO
BL51 BANKED LINKER/LOCATER V5.03                                                      05/28/2012  11:22:31  PAGE 23


  +--> ?PR?_HS_DVRTXCMDPASER?HS_DVRPROTOCOL
  +--> ?PR?DISPLAYINFO_OSD?OSDMENU
  +--> ?PR?CLOSEOSDMENU?OSDMENU
  +--> ?PR?_READEEP?I2C
  +--> ?PR?_DISPLAYINFORMATION?HS_DISPLAYOSD
  +--> ?PR?DVRRECEIVEPASER?HS_DVRPROTOCOL
  +--> ?PR?_WRITEEEP?I2C
  +--> ?PR?OSDHIGHMENU_SUB?OSDMENU
  +--> ?PR?_WAIT_MS?CPU
  +--> ?PR?_CAM_TXCOMMAND_TORS485?HS_DVRPROT...
  +--> ?PR?RESETVIDEOVALUE?OSDMENU
  +--> ?PR?RESETOSDVALUE?OSDMENU

?PR?DISPLAYINFO_OSD?OSDMENU                      -----    -----      000CH    0008H
  +--> ?PR?PUSHMENU?OSDMENU
  +--> ?PR?OSDMENU
  +--> ?PR?_DRAWMENULIST?OSDMENU
  +--> ?PR?_DRAWATTRCNT?OSDBASIC
  +--> ?CO?OSDMENU
  +--> ?PR?_WRITESTRINGTOADDR?OSDBASIC
  +--> ?PR?GETINPUTSELECTION?MAIN
  +--> ?CO?MAIN
  +--> ?PR?_STRLEN?OSDBASIC
  +--> ?PR?GETVINPUTSTDINX?MAIN
  +--> ?PR?_READEEP?I2C

?PR?OSDHIGHMENU_SUB?OSDMENU                      -----    -----      000CH    0001H
  +--> ?PR?OSDMENU
  +--> ?PR?POPMENU?OSDMENU
  +--> ?PR?CLOSEOSDMENU?OSDMENU
  +--> ?CO?OSDMENU
  +--> ?PR?_PRINTF?PRINTF
  +--> ?PR?DISPLAYOSDMENU?OSDMENU
  +--> ?PR?_DRAWMENULIST?OSDMENU
  +--> ?PR?DISPLAYCURSOR?OSDMENU
  +--> ?PR?_WRITEI2C?I2C

?PR?_CAM_TXCOMMAND_TORS485?HS_DVRPROT...         -----    -----      000CH    0002H
  +--> ?PR?HS_DVRPROTOCOL
  +--> ?PR?SEND_PELCOP_COMMAND?HS_DVRPROTOCOL
  +--> ?PR?SEND_PELCOD_COMMAND?HS_DVRPROTOCOL

?PR?SEND_PELCOP_COMMAND?HS_DVRPROTOCOL           -----    -----      000EH    0001H
  +--> ?PR?HS_DVRPROTOCOL
  +--> ?CO?HS_DVRPROTOCOL
  +--> ?PR?_PRINTF?PRINTF
  +--> ?PR?_WAIT_MS?CPU
  +--> ?PR?_RS2_TX?CPU

?PR?SEND_PELCOD_COMMAND?HS_DVRPROTOCOL           -----    -----      000EH    0001H
  +--> ?PR?HS_DVRPROTOCOL
  +--> ?CO?HS_DVRPROTOCOL
  +--> ?PR?_PRINTF?PRINTF
  +--> ?PR?_WAIT_MS?CPU
  +--> ?PR?_RS2_TX?CPU

?PR?_GET_CURSOR_ITEM?OSDMENU                     -----    -----      000BH    0002H
BL51 BANKED LINKER/LOCATER V5.03                                                      05/28/2012  11:22:31  PAGE 24


  +--> ?PR?GETINPUTSELECTION?MAIN
  +--> ?PR?_GETTARGETCHILD?OSDMENU

?PR?_GETTARGETCHILD?OSDMENU                      -----    -----      -----    -----
  +--> ?PR?OSDMENU
  +--> ?PR?_GETLOWERMENUITEM?OSDMENU

?PR?_OSDVALUEUPDN?OSDMENU                        -----    -----      0009H    0008H
  +--> ?PR?OSDMENU
  +--> ?PR?_SETITEMVALUE?OSDMENU
  +--> ?PR?_DISPLAYVIEWBAR?OSDMENU
  +--> ?PR?_DRAWNUM?OSDMENU
  +--> ?PR?_DRAWSTRINGBYLANG?OSDMENU

?PR?_SETITEMVALUE?OSDMENU                        -----    -----      0011H    0004H
  +--> ?PR?OSDMENU
  +--> ?CO?OSDMENU
  +--> ?PR?_PRINTF?PRINTF
  +--> ?PR?_SETLANGUAGE?OSDMENU
  +--> ?PR?_SETPCCOLORTEMP?OSDMENU
  +--> ?PR?_SETPCCOLOR?OSDMENU
  +--> ?PR?_SETVIDEOMODE?OSDMENU
  +--> ?PR?_READEEP?I2C
  +--> ?PR?_DRAWATTRCNT?OSDBASIC
  +--> ?PR?_CHANGEVIDEODATA?OSDMENU
  +--> ?PR?_SETVIDEOSHARPNESS?OSDMENU
  +--> ?PR?_CHANGEVOL?AUDIO
  +--> ?PR?_SET4WIDESCREEN?OSDMENU
  +--> ?PR?_WRITEEEP?I2C
  +--> ?PR?SETNOWMODE?HS_KEYREMO
  +--> ?PR?GETINPUTSELECTION?MAIN
  +--> ?PR?_TW2835COMMAND?CPU
  +--> ?PR?SEQMODE?HS_KEYREMO
  +--> ?PR?_CAMOUTDSEL?OSDMENU
  +--> ?PR?_HS_DVRTXCMDPASER?HS_DVRPROTOCOL
  +--> ?PR?_DVRAODIOSEL?OSDMENU

?PR?_SETLANGUAGE?OSDMENU                         -----    -----      -----    -----
  +--> ?PR?OSDMENU
  +--> ?PR?_SAVEOSDLANGEE?ETC_EEP

?PR?_SETPCCOLORTEMP?OSDMENU                      -----    -----      0015H    0002H
  +--> ?PR?OSDMENU
  +--> ?PR?_WRITEEEP?I2C
  +--> ?PR?_READEEP?I2C
  +--> ?CO?OSDMENU
  +--> ?PR?_MAPPING1?TW88
  +--> ?PR?_SETRGBCONTRAST?OSDMENU
  +--> ?PR?_DRAWATTRCNT?OSDBASIC

?PR?_SETRGBCONTRAST?OSDMENU                      -----    -----      0017H    0008H
  +--> ?PR?_READEEP?I2C
  +--> ?PR?OSDMENU
  +--> ?PR?_MAPPING1?TW88
  +--> ?PR?_WRITEI2C?I2C

?PR?_SETPCCOLOR?OSDMENU                          -----    -----      0015H    0007H
BL51 BANKED LINKER/LOCATER V5.03                                                      05/28/2012  11:22:31  PAGE 25


  +--> ?PR?OSDMENU
  +--> ?PR?_MAPPING1?TW88
  +--> ?PR?_WRITEEEP?I2C
  +--> ?PR?_READEEP?I2C
  +--> ?CO?OSDMENU
  +--> ?PR?_WRITEI2C?I2C

?PR?_CHANGEVIDEODATA?OSDMENU                     -----    -----      0015H    0003H
  +--> ?PR?OSDMENU
  +--> ?PR?_SETVIDEOCONTRAST?OSDMENU
  +--> ?PR?_SETVIDEOBRIGHTNESS?OSDMENU
  +--> ?PR?_SETVIDEOSATURATION?OSDMENU
  +--> ?PR?_SETVIDEOHUE?OSDMENU
  +--> ?PR?_SETVIDEOBACKLIGHT?OSDMENU
  +--> ?PR?_SAVEVIDEODATATOEE?ETC_EEP

?PR?_SETVIDEOBACKLIGHT?OSDMENU                   -----    -----      0018H    0003H
  +--> ?PR?OSDMENU
  +--> ?CO?OSDMENU
  +--> ?PR?_MAPPING1?TW88
  +--> ?PR?_READI2C?I2C
  +--> ?PR?_WRITEI2C?I2C

?PR?_SETVIDEOSHARPNESS?OSDMENU                   -----    -----      0015H    0005H
  +--> ?PR?_READI2C?I2C
  +--> ?CO?OSDMENU
  +--> ?PR?OSDMENU
  +--> ?PR?_MAPPING1?TW88
  +--> ?PR?_WRITEI2C?I2C
  +--> ?PR?_SAVEVIDEODATATOEE?ETC_EEP

?PR?_OSDCURSORMOVE?OSDMENU                       -----    -----      0009H    0004H
  +--> ?PR?OSDMENU
  +--> ?PR?_READEEP?I2C
  +--> ?PR?_GETNEXTCURSORMENUITEM?OSDMENU
  +--> ?PR?_GETLOWERMENUITEM?OSDMENU
  +--> ?PR?CLEARVALUEWIN?OSDMENU
  +--> ?PR?CLEARCURSOR?OSDMENU
  +--> ?PR?_PRINTF?PRINTF
  +--> ?PR?WAITENDOFDISPLAYAREA?OSDBASIC
  +--> ?PR?_GETOSDWINDOWY?OSDBASIC
  +--> ?PR?_SETOSDWINDOWY_TW88?OSDBASIC
  +--> ?PR?_WRITEI2C?I2C
  +--> ?PR?DISPLAYOSDMENU?OSDMENU
  +--> ?PR?_DRAWMENULIST?OSDMENU
  +--> ?PR?DISPLAYCURSOR?OSDMENU

?PR?_GETNEXTCURSORMENUITEM?OSDMENU               -----    -----      000DH    0005H
  +--> ?PR?_GETUPPERMENUITEM?OSDMENU
  +--> ?PR?_GETLOWERMENUITEM?OSDMENU

?PR?CLEARVALUEWIN?OSDMENU                        -----    -----      -----    -----
  +--> ?PR?SAVEVALUE1?OSDMENU

?PR?SAVEVALUE1?OSDMENU                           -----    -----      -----    -----
  +--> ?PR?OSDMENU

BL51 BANKED LINKER/LOCATER V5.03                                                      05/28/2012  11:22:31  PAGE 26


?PR?CLEARCURSOR?OSDMENU                          -----    -----      000DH    0002H
  +--> ?PR?OSDMENU
  +--> ?PR?_DRAWATTRCNT?OSDBASIC

?PR?_GETOSDWINDOWY?OSDBASIC                      -----    -----      000DH    0002H
  +--> ?PR?OSDBASIC
  +--> ?PR?_WRITEI2C?I2C
  +--> ?PR?_READI2C?I2C

?PR?_SETOSDWINDOWY_TW88?OSDBASIC                 -----    -----      000DH    0003H
  +--> ?PR?OSDBASIC
  +--> ?PR?_WRITEI2C?I2C
  +--> ?PR?_READI2C?I2C

?PR?_ACTIONREMO?KEYREMO                          -----    -----      0007H    0002H
  +--> ?PR?SETOSDLASTKEYINTIME?MAIN
  +--> ?PR?GETNEXTINPUTSELECTION?MAIN
  +--> ?PR?_CHANGEINPUT?MAIN
  +--> ?PR?GETDISPLAYEDOSD?DISPINFO
  +--> ?PR?CLEARINPUT?DISPINFO
  +--> ?PR?DISPLAYINPUT?DISPINFO
  +--> ?PR?REMOCHNUP_UPKEY?KEYREMO
  +--> ?PR?REMOCHNDN_DNKEY?KEYREMO
  +--> ?PR?OSDSELECT?OSDMENU
  +--> ?PR?REMOVOLUP_RIGHTKEY?KEYREMO
  +--> ?PR?REMOVOLDN_LEFTKEY?KEYREMO
  +--> ?PR?REMOMENU_MENUKEY?KEYREMO
  +--> ?PR?_DOACTION?OSDMENU
  +--> ?PR?_SETITEMVALUE?OSDMENU

?PR?GETNEXTINPUTSELECTION?MAIN                   -----    -----      -----    -----
  +--> ?PR?MAIN

?PR?REMOCHNUP_UPKEY?KEYREMO                      -----    -----      -----    -----
  +--> ?PR?GETDISPLAYEDOSD?DISPINFO
  +--> ?PR?_OSDCURSORMOVE?OSDMENU

?PR?REMOCHNDN_DNKEY?KEYREMO                      -----    -----      -----    -----
  +--> ?PR?GETDISPLAYEDOSD?DISPINFO
  +--> ?PR?_OSDCURSORMOVE?OSDMENU

?PR?REMOVOLUP_RIGHTKEY?KEYREMO                   -----    -----      -----    -----
  +--> ?PR?GETDISPLAYEDOSD?DISPINFO
  +--> ?PR?_OSDVALUEUPDN?OSDMENU
  +--> ?PR?OSDSELECT?OSDMENU
  +--> ?PR?KEYREMO
  +--> ?PR?_PRINTF?PRINTF
  +--> ?PR?_CHANGEVOL?AUDIO
  +--> ?PR?DISPLAYVOL?DISPINFO

?PR?KEYREMO                                      -----    -----      -----    -----
  +--> ?CO?KEYREMO

?PR?DISPLAYVOL?DISPINFO                          -----    -----      0009H    0002H
  +--> ?CO?DISPINFO
  +--> ?PR?_PRINTF?PRINTF
  +--> ?PR?CLEAROSDINFO?DISPINFO
BL51 BANKED LINKER/LOCATER V5.03                                                      05/28/2012  11:22:31  PAGE 27


  +--> ?PR?_DELAY?CPU
  +--> ?CO?OSDBASIC
  +--> ?PR?_INITOSDWINDOW?OSDBASIC
  +--> ?PR?_CLEARDATACNT?OSDBASIC
  +--> ?PR?_DRAWATTRCNT?OSDBASIC
  +--> ?PR?GETOSDLANG?OSDMENU
  +--> ?CO?OSDMENU
  +--> ?PR?_STRLEN?OSDBASIC
  +--> ?PR?_WRITESTRINGTOADDR?OSDBASIC
  +--> ?PR?_SHOWOSDWINDOW_TW88?OSDBASIC
  +--> ?PR?_SHOWOSDWINDOWALL?OSDBASIC
  +--> ?PR?_DISPLAYVOLUMEBAR?OSDMENU
  +--> ?PR?GETTIME_MS?CPU

?PR?_DISPLAYVOLUMEBAR?OSDMENU                    -----    -----      000BH    0019H
  +--> ?CO?OSDMENU
  +--> ?PR?OSDMENU
  +--> ?PR?_WRITESTRINGTOADDR?OSDBASIC

?PR?REMOVOLDN_LEFTKEY?KEYREMO                    -----    -----      -----    -----
  +--> ?PR?GETDISPLAYEDOSD?DISPINFO
  +--> ?PR?_OSDVALUEUPDN?OSDMENU
  +--> ?PR?OSDHIGHMENU?OSDMENU
  +--> ?PR?_CHANGEVOL?AUDIO
  +--> ?PR?DISPLAYVOL?DISPINFO
  +--> ?CO?KEYREMO
  +--> ?PR?_PRINTF?PRINTF
  +--> ?PR?_ADJUSTAUTODAYNIGHT?MAIN
  +--> ?PR?_DISPLAYINFORMATION?HS_DISPLAYOSD
  +--> ?PR?_WAIT_MS?CPU
  +--> ?PR?CLEARGAUGEINFO?HS_DISPLAYOSD
  +--> ?PR?DISPLAYINPUT?DISPINFO
  +--> ?PR?KEYREMO

?PR?OSDHIGHMENU?OSDMENU                          -----    -----      -----    -----
  +--> ?PR?CLEARVALUEWIN?OSDMENU
  +--> ?PR?_DRAWMENULIST?OSDMENU
  +--> ?PR?DISPLAYCURSOR?OSDMENU
  +--> ?PR?OSDMENU
  +--> ?PR?_DOACTION?OSDMENU
  +--> ?PR?CLEARCURSOR?OSDMENU
  +--> ?PR?OSDHIGHMENU_SUB?OSDMENU

?PR?REMOMENU_MENUKEY?KEYREMO                     -----    -----      -----    -----
  +--> ?PR?GETDISPLAYEDOSD?DISPINFO
  +--> ?PR?OSDHIGHMENU?OSDMENU
  +--> ?PR?OPENOSDMENU?OSDMENU

?PR?OPENOSDMENU?OSDMENU                          -----    -----      0009H    0001H
  +--> ?PR?CLEAROSDINFO?DISPINFO
  +--> ?PR?INITOSDMENU?OSDMENU
  +--> ?PR?_SHOWOSDWINDOW_TW88?OSDBASIC
  +--> ?PR?_SHOWOSDWINDOWALL?OSDBASIC
  +--> ?PR?_SETDISPLAYEDOSD?DISPINFO

?PR?SETSELECTMODE?HS_KEYREMO                     -----    -----      0007H    0001H
  +--> ?PR?HS_KEYREMO
BL51 BANKED LINKER/LOCATER V5.03                                                      05/28/2012  11:22:31  PAGE 28


  +--> ?PR?_PUTS?PRINTF
  +--> ?PR?_SETSOURCEMODE?HS_KEYREMO
  +--> ?PR?_WRITEEEP?I2C

?PR?SETJUMPMODE?HS_KEYREMO                       -----    -----      0007H    0001H
  +--> ?PR?_READEEP?I2C
  +--> ?CO?HS_KEYREMO
  +--> ?PR?_PUTS?PRINTF
  +--> ?PR?HS_KEYREMO
  +--> ?PR?_SETSOURCEMODE?HS_KEYREMO
  +--> ?PR?_WRITEEEP?I2C

?PR?CHECKANDCLEAROSD?DISPINFO                    -----    -----      0004H    0006H
  +--> ?PR?GETDISPLAYEDOSD?DISPINFO
  +--> ?PR?GETOSDLASTKEYINTIME?MAIN
  +--> ?PR?GETTIME_MS?CPU
  +--> ?PR?_DIFFTIME_MS?CPU
  +--> ?PR?CLEARTVINFO?DISPINFO
  +--> ?PR?DISPLAYINPUT?DISPINFO
  +--> ?PR?CLOSEOSDMENU?OSDMENU

?PR?POWEROFF?MAIN                                -----    -----      -----    -----
  +--> ?PR?AUDIOMUTE?AUDIO
  +--> ?PR?LCDPOWEROFF?TW88
  +--> ?PR?_POWERLED?CPU

?PR?AUDIOMUTE?AUDIO                              0022H.4  0000H.1    -----    -----
  +--> ?PR?_WRITEALC106?I2C
  +--> ?PR?_CHANGEVOL?AUDIO

?PR?WAITPOWERON?MAIN                             -----    -----      0003H    0003H
  +--> ?PR?ACCPOWERCONTROL?MAIN
  +--> ?PR?GETDISPLAYEDOSD?DISPINFO
  +--> ?PR?DVRRECEIVEPASER?HS_DVRPROTOCOL
  +--> ?PR?_HS_DVRTXCMDPASER?HS_DVRPROTOCOL
  +--> ?PR?SELECTBOXHANDLER?HS_KEYREMO
  +--> ?PR?CHECKTRIGGER?HS_KEYREMO
  +--> ?PR?_TRIGGERHANDLER?HS_KEYREMO
  +--> ?PR?_LCDPOWERON?TW88
  +--> ?PR?AUDIOMUTE?AUDIO
  +--> ?PR?POWEROFF?MAIN
  +--> ?PR?DISPLAYDVRSTATUS?HS_DISPLAYOSD
  +--> ?PR?_GETKEY?KEYREMO
  +--> ?PR?_WRITEEEP?I2C
  +--> ?PR?_POWERLED?CPU



SYMBOL TABLE OF MODULE:  .\Output\AWT_ML073G (ADC)

  VALUE           TYPE          NAME
  ----------------------------------

  -------         MODULE        ADC
  C:0000H         SYMBOL        _ICE_DUMMY_
  -------         ENDMOD        ADC

BL51 BANKED LINKER/LOCATER V5.03                                                      05/28/2012  11:22:31  PAGE 29


  -------         MODULE        CPU
  C:0000H         SYMBOL        _ICE_DUMMY_
  D:0091H         PUBLIC        P1M0
  C:B79CH         PUBLIC        InitCPU
  D:00B1H         PUBLIC        P3M0
  C:8F8CH         PUBLIC        timer0_int
  X:00FBH         PUBLIC        FormatSDCard
  D:00B2H         PUBLIC        P3M1
  D:00A0H         PUBLIC        P2
  C:C541H         PUBLIC        timer2_int
  D:00E8H         PUBLIC        P4
  X:00FCH         PUBLIC        FormatWait
  C:C661H         PUBLIC        _RS2_tx
  D:0024H         PUBLIC        DVR_buf
  D:0042H         PUBLIC        keytic
  D:00A8H         PUBLIC        IE
  D:0043H         PUBLIC        RS2_in
  B:0021H.5       PUBLIC        RepeatKey
  B:00B0H.4       PUBLIC        P3_4
  B:00A8H.4       PUBLIC        ES
  D:00B8H         PUBLIC        IP
  B:0098H.0       PUBLIC        RI
  B:0098H.1       PUBLIC        TI
  C:C5E5H         PUBLIC        RS_ready
  D:0044H         PUBLIC        tic01
  B:0021H.6       PUBLIC        KeyReady
  C:66C3H         PUBLIC        _TW2835Command
  B:0021H.7       PUBLIC        RS_Xbusy
  X:00FDH         PUBLIC        keyticSec
  D:0045H         PUBLIC        Key
  C:C312H         PUBLIC        _DiffTime_ms
  C:BE2AH         PUBLIC        serial_int
  C:000EH         PUBLIC        ext1_int
  D:0099H         PUBLIC        SBUF
  D:0087H         PUBLIC        PCON
  D:0098H         PUBLIC        SCON
  C:C350H         PUBLIC        InitVars
  D:0089H         PUBLIC        TMOD
  D:0088H         PUBLIC        TCON
  C:B7E4H         PUBLIC        _Wait_ms
  C:46B7H         PUBLIC        PanelInfoStr
  D:00BFH         PUBLIC        CHPCON
  C:8E72H         PUBLIC        main_init
  D:00F6H         PUBLIC        CHPENR
  X:00FEH         PUBLIC        PowerDownWait
  D:0046H         PUBLIC        tm01
  D:0048H         PUBLIC        stopWatch
  D:004AH         SYMBOL        RS_buf
  C:C36EH         PUBLIC        _PowerLED
  B:00A8H.5       PUBLIC        ET2
  B:00C8H.7       PUBLIC        TF2
  D:008CH         PUBLIC        TH0
  D:008DH         PUBLIC        TH1
  B:00A8H.2       PUBLIC        EX1
  D:008AH         PUBLIC        TL0
  C:0003H         PUBLIC        _RS_tx
  C:A033H         PUBLIC        InitTechwell
BL51 BANKED LINKER/LOCATER V5.03                                                      05/28/2012  11:22:31  PAGE 30


  B:0022H.0       PUBLIC        RS2_Xbusy
  B:00C8H.2       PUBLIC        TR2
  D:0052H         PUBLIC        RS_in
  D:0053H         PUBLIC        RS_out
  C:BEF8H         PUBLIC        serial2_int
  D:009AH         PUBLIC        S2BUF
  D:00AAH         PUBLIC        S2CON
  D:00C8H         PUBLIC        T2CON
  D:00BAH         PUBLIC        S2BRT
  C:C49CH         PUBLIC        _delay
  D:0054H         PUBLIC        tm001
  D:00A6H         PUBLIC        AUXR2
  C:BC92H         PUBLIC        GetTime_ms
  D:0055H         PUBLIC        tic_pc
  D:0057H         PUBLIC        RS_buf2
  D:005FH         PUBLIC        SystemClock
  C:4651H         PUBLIC        CommTable
  D:00ADH         PUBLIC        AUXIE
  C:BB5AH         SYMBOL        Com00A0
  C:BB5AH         SYMBOL        L?0161
  C:BB5BH         SYMBOL        L?0162
  C:BB5EH         SYMBOL        L?0163
  C:BB67H         SYMBOL        L?0164
  C:BB67H         SYMBOL        L?0165
  C:BB70H         SYMBOL        L?0166
  C:BB71H         SYMBOL        L?0167
  C:BB72H         SYMBOL        L?0168
  C:BB7BH         SYMBOL        L?0170
  C:BB7BH         SYMBOL        L?0171
  C:BB83H         SYMBOL        L?0172
  C:BB87H         SYMBOL        L?0173
  C:BB8FH         SYMBOL        L?0174
  C:BB92H         SYMBOL        L?0175
  -------         PROC          COM00A0
  -------         ENDPROC       COM00A0
  -------         PROC          MAIN_INIT
  -------         DO            
  X:0003H         SYMBOL        rev
  -------         ENDDO         
  C:8E72H         LINE#         252
  C:8E72H         LINE#         253
  C:8E72H         LINE#         260
  C:8E7BH         LINE#         274
  C:8E82H         LINE#         275
  C:8E94H         LINE#         277
  C:8EA1H         LINE#         278
  C:8EA1H         LINE#         279
  C:8EB4H         LINE#         280
  C:8EBBH         LINE#         281
  C:8EC9H         LINE#         282
  C:8EC9H         LINE#         287
  C:8ED2H         LINE#         288
  C:8ED2H         LINE#         289
  C:8EE0H         LINE#         290
  C:8EE0H         LINE#         291
  C:8EE8H         LINE#         294
  C:8EEDH         LINE#         295
BL51 BANKED LINKER/LOCATER V5.03                                                      05/28/2012  11:22:31  PAGE 31


  C:8EF0H         LINE#         301
  C:8EF2H         LINE#         303
  C:8EF2H         LINE#         304
  C:8EFAH         LINE#         306
  C:8EFAH         LINE#         308
  C:8EFCH         LINE#         310
  C:8EFCH         LINE#         311
  C:8F05H         LINE#         312
  C:8F0EH         LINE#         313
  C:8F14H         LINE#         314
  C:8F19H         LINE#         315
  C:8F21H         LINE#         316
  C:8F24H         LINE#         317
  C:8F29H         LINE#         319
  C:8F29H         LINE#         326
  C:8F35H         LINE#         327
  C:8F37H         LINE#         328
  C:8F3BH         LINE#         330
  C:8F40H         LINE#         331
  C:8F43H         LINE#         334
  C:8F49H         LINE#         335
  C:8F51H         LINE#         339
  C:8F54H         LINE#         342
  C:8F57H         LINE#         345
  C:8F5CH         LINE#         348
  C:8F67H         LINE#         349
  C:8F6EH         LINE#         350
  C:8F79H         LINE#         359
  C:8F82H         LINE#         360
  C:8F8BH         LINE#         362
  -------         ENDPROC       MAIN_INIT
  -------         PROC          INITCPU
  C:B79CH         LINE#         370
  C:B79CH         LINE#         371
  C:B79CH         LINE#         373
  C:B79FH         LINE#         374
  C:B7A2H         LINE#         375
  C:B7A5H         LINE#         376
  C:B7A8H         LINE#         380
  C:B7ABH         LINE#         387
  C:B7AEH         LINE#         389
  C:B7B1H         LINE#         391
  C:B7B4H         LINE#         395
  C:B7BAH         LINE#         397
  C:B7BDH         LINE#         398
  C:B7C0H         LINE#         402
  C:B7C3H         LINE#         405
  C:B7C5H         LINE#         406
  C:B7C7H         LINE#         412
  C:B7C9H         LINE#         413
  C:B7CBH         LINE#         414
  C:B7CDH         LINE#         420
  C:B7D0H         LINE#         421
  C:B7D3H         LINE#         424
  C:B7D6H         LINE#         427
  C:B7D9H         LINE#         429
  C:B7DBH         LINE#         436
BL51 BANKED LINKER/LOCATER V5.03                                                      05/28/2012  11:22:31  PAGE 32


  C:B7DEH         LINE#         440
  C:B7E0H         LINE#         441
  C:B7E3H         LINE#         442
  -------         ENDPROC       INITCPU
  -------         PROC          TIMER0_INT
  C:8F8CH         LINE#         456
  C:8F97H         LINE#         458
  C:8F99H         LINE#         465
  C:8FA3H         LINE#         468
  C:8FABH         LINE#         469
  C:8FAEH         LINE#         470
  C:8FB0H         LINE#         472
  C:8FB9H         LINE#         473
  C:8FB9H         LINE#         474
  C:8FC4H         LINE#         475
  C:8FDCH         LINE#         476
  C:8FDFH         LINE#         478
  C:8FE5H         LINE#         480
  C:8FEEH         LINE#         481
  C:8FF1H         LINE#         483
  C:8FF4H         LINE#         484
  C:8FFAH         LINE#         485
  C:8FFDH         LINE#         486
  C:9003H         LINE#         487
  C:900AH         LINE#         488
  C:900AH         LINE#         489
  C:900CH         LINE#         490
  C:9012H         LINE#         492
  C:9012H         LINE#         494
  C:9019H         LINE#         495
  C:9019H         LINE#         496
  C:901BH         LINE#         497
  C:9021H         LINE#         498
  C:9021H         LINE#         500
  C:9028H         LINE#         501
  C:9028H         LINE#         502
  C:902AH         LINE#         503
  C:9030H         LINE#         504
  C:9030H         LINE#         506
  C:9037H         LINE#         507
  C:903CH         LINE#         509
  C:903EH         LINE#         511
  C:9052H         LINE#         512
  C:9054H         LINE#         516
  C:9054H         LINE#         517
  C:905EH         LINE#         518
  C:9066H         LINE#         521
  C:906DH         LINE#         522
  C:9072H         LINE#         523
  C:9079H         LINE#         524
  C:907BH         LINE#         525
  C:907DH         LINE#         526
  C:907FH         LINE#         527
  C:9084H         LINE#         528
  C:908BH         LINE#         529
  C:908DH         LINE#         530
  C:908FH         LINE#         531
BL51 BANKED LINKER/LOCATER V5.03                                                      05/28/2012  11:22:31  PAGE 33


  C:9092H         LINE#         532
  C:9092H         LINE#         533
  C:9094H         LINE#         534
  C:9096H         LINE#         536
  C:9096H         LINE#         537
  C:9099H         LINE#         538
  C:909CH         LINE#         539
  C:909CH         LINE#         541
  C:909CH         LINE#         542
  -------         ENDPROC       TIMER0_INT
  -------         PROC          INITVARS
  C:C350H         LINE#         546
  C:C350H         LINE#         547
  C:C350H         LINE#         548
  C:C359H         LINE#         557
  C:C35DH         LINE#         562
  C:C362H         LINE#         563
  C:C367H         LINE#         565
  -------         ENDPROC       INITVARS
  C:A0BCH         SYMBOL        L?0159
  C:A0CEH         SYMBOL        L?0169
  -------         PROC          INITTECHWELL
  C:A033H         LINE#         571
  C:A033H         LINE#         572
  C:A033H         LINE#         588
  C:A03CH         LINE#         590
  C:A050H         LINE#         591
  C:A058H         LINE#         592
  C:A060H         LINE#         593
  C:A06BH         LINE#         594
  C:A075H         LINE#         595
  C:A075H         LINE#         597
  C:A07BH         LINE#         600
  C:A085H         LINE#         601
  C:A085H         LINE#         602
  C:A08BH         LINE#         603
  C:A096H         LINE#         604
  C:A096H         LINE#         605
  C:A096H         LINE#         607
  C:A09BH         LINE#         608
  C:A09BH         LINE#         609
  C:A0A9H         LINE#         610
  C:A0A9H         LINE#         611
  C:A0A9H         LINE#         613
  C:A0BCH         LINE#         617
  -------         ENDPROC       INITTECHWELL
  -------         PROC          _POWERLED
  D:0007H         SYMBOL        flag
  C:C36EH         LINE#         621
  C:C36EH         LINE#         622
  C:C36EH         LINE#         626
  C:C372H         LINE#         628
  C:C375H         LINE#         629
  C:C375H         LINE#         631
  C:C377H         LINE#         632
  C:C37AH         LINE#         633
  C:C37AH         LINE#         635
BL51 BANKED LINKER/LOCATER V5.03                                                      05/28/2012  11:22:31  PAGE 34


  C:C37DH         LINE#         636
  C:C380H         LINE#         638
  C:C381H         LINE#         639
  C:C385H         LINE#         640
  C:C385H         LINE#         642
  C:C388H         LINE#         643
  C:C38BH         LINE#         645
  C:C38BH         LINE#         646
  -------         ENDPROC       _POWERLED
  -------         PROC          EXT1_INT
  C:000EH         LINE#         655
  C:000EH         LINE#         657
  C:0010H         LINE#         658
  -------         ENDPROC       EXT1_INT
  -------         PROC          SERIAL_INT
  C:BE2AH         LINE#         773
  C:BE31H         LINE#         779
  C:BE34H         LINE#         780
  C:BE36H         LINE#         781
  C:BE46H         LINE#         783
  C:BE48H         LINE#         784
  C:BE52H         LINE#         785
  C:BE52H         LINE#         787
  C:BE55H         LINE#         788
  C:BE57H         LINE#         789
  C:BE59H         LINE#         790
  C:BE59H         LINE#         791
  -------         ENDPROC       SERIAL_INT
  -------         PROC          SERIAL2_INT
  C:BEF8H         LINE#         795
  C:BEFFH         LINE#         800
  C:BF04H         LINE#         801
  C:BF04H         LINE#         803
  C:BF07H         LINE#         804
[...]
  C:4F14H         LINE#         775
  C:4F14H         LINE#         776
  C:4F17H         LINE#         777
  C:4F1CH         LINE#         778
  C:4F1CH         LINE#         780
  C:4F26H         LINE#         782
  C:4F29H         LINE#         785
  C:4F29H         LINE#         787
  C:4F34H         LINE#         788
  C:4F44H         LINE#         789
  C:4F44H         LINE#         790
  C:4F52H         LINE#         791
  C:4F57H         LINE#         793
  C:4F5AH         LINE#         794
  C:4F5AH         LINE#         796
  C:4F64H         LINE#         798
  C:4F67H         LINE#         800
BL51 BANKED LINKER/LOCATER V5.03                                                      05/28/2012  11:22:31  PAGE 165


  C:4F67H         LINE#         802
  C:4F72H         LINE#         803
  C:4F82H         LINE#         804
  C:4F82H         LINE#         805
  C:4F90H         LINE#         806
  C:4F95H         LINE#         808
  C:4F95H         LINE#         809
  C:4F95H         LINE#         810
  C:4F95H         LINE#         811
  C:4F95H         LINE#         812
  C:4F9AH         LINE#         813
  C:4F9AH         LINE#         814
  C:4F9DH         LINE#         821
  C:4FA7H         LINE#         823
  C:4FAAH         LINE#         825
  C:4FAAH         LINE#         827
  C:4FB4H         LINE#         828
  C:4FB9H         LINE#         830
  C:4FB9H         LINE#         831
  C:4FB9H         LINE#         832
  C:4FB9H         LINE#         833
  C:4FB9H         LINE#         834
  C:4FBEH         LINE#         835
  C:4FBEH         LINE#         836
  C:4FC6H         LINE#         837
  C:4FCCH         LINE#         838
  C:4FD4H         LINE#         840
  C:4FD4H         LINE#         842
  C:4FDEH         LINE#         844
  C:4FE1H         LINE#         846
  C:4FE1H         LINE#         848
  C:4FE8H         LINE#         850
  C:4FF0H         LINE#         851
  C:4FF5H         LINE#         853
  C:4FF5H         LINE#         854
  C:4FF5H         LINE#         855
  C:4FF5H         LINE#         856
  C:4FF5H         LINE#         857
  C:4FFAH         LINE#         858
  C:4FFAH         LINE#         859
  C:5002H         LINE#         862
  C:5009H         LINE#         863
  C:5009H         LINE#         864
  C:500BH         LINE#         865
  C:5012H         LINE#         866
  C:5014H         LINE#         867
  C:5014H         LINE#         869
  C:501EH         LINE#         871
  C:5020H         LINE#         873
  C:5020H         LINE#         874
  C:5020H         LINE#         876
  C:502AH         LINE#         878
  C:502CH         LINE#         880
  C:502CH         LINE#         881
  C:502EH         LINE#         882
  C:502EH         LINE#         884
  C:5038H         LINE#         886
BL51 BANKED LINKER/LOCATER V5.03                                                      05/28/2012  11:22:31  PAGE 166


  C:503AH         LINE#         888
  C:503AH         LINE#         889
  C:503CH         LINE#         890
  C:503CH         LINE#         892
  C:504AH         LINE#         894
  C:504AH         LINE#         897
  C:504AH         LINE#         901
  C:5059H         LINE#         902
  C:5064H         LINE#         905
  C:506AH         LINE#         907
  C:506DH         LINE#         909
  C:5070H         LINE#         910
  C:5070H         LINE#         911
  C:5072H         LINE#         912
  C:5074H         LINE#         913
  C:5074H         LINE#         917
  C:5076H         LINE#         919
  -------         ENDPROC       DVRRECEIVEPASER
  -------         PROC          DVRCOMMANDRESEND
  C:A690H         LINE#         921
  C:A690H         LINE#         922
  C:A690H         LINE#         924
  C:A697H         LINE#         925
  C:A69CH         LINE#         927
  C:A6A3H         LINE#         928
  C:A6A8H         LINE#         930
  C:A6AFH         LINE#         931
  C:A6B4H         LINE#         933
  C:A6BBH         LINE#         934
  C:A6C0H         LINE#         936
  C:A6C7H         LINE#         937
  C:A6CCH         LINE#         939
  C:A6D3H         LINE#         940
  C:A6D8H         LINE#         942
  C:A6DFH         LINE#         943
  C:A6E4H         LINE#         945
  C:A6EBH         LINE#         946
  C:A6F0H         LINE#         948
  C:A6F7H         LINE#         949
  C:A6FCH         LINE#         951
  C:A703H         LINE#         952
  C:A708H         LINE#         954
  C:A70FH         LINE#         955
  C:A714H         LINE#         957
  C:A71BH         LINE#         958
  C:A720H         LINE#         962
  -------         ENDPROC       DVRCOMMANDRESEND
  -------         PROC          _CAM_TXCOMMAND_TORS485
  X:000CH         SYMBOL        Com_ID
  -------         DO            
  X:000DH         SYMBOL        j
  -------         ENDDO         
  C:6FA9H         LINE#         1024
  C:6FAEH         LINE#         1025
  C:6FAEH         LINE#         1031
  C:6FBEH         LINE#         1032
  C:6FBEH         LINE#         1033
BL51 BANKED LINKER/LOCATER V5.03                                                      05/28/2012  11:22:31  PAGE 167


  C:6FBEH         LINE#         1035
  C:6FCDH         LINE#         1036
  C:6FDAH         LINE#         1037
  C:6FE0H         LINE#         1039
  C:6FE9H         LINE#         1040
  C:6FEFH         LINE#         1042
  C:701BH         LINE#         1043
  C:701BH         LINE#         1056
  C:701BH         LINE#         1057
  C:701BH         LINE#         1058
  C:7020H         LINE#         1059
  C:7020H         LINE#         1060
  C:7020H         LINE#         1061
  C:7020H         LINE#         1062
  C:7022H         LINE#         1070
  C:7022H         LINE#         1071
  C:7027H         LINE#         1072
  C:7027H         LINE#         1073
  C:7027H         LINE#         1074
  C:7027H         LINE#         1075
  C:7027H         LINE#         1076
  C:702AH         LINE#         1078
  C:702AH         LINE#         1079
  C:702AH         LINE#         1080
  C:7030H         LINE#         1081
  C:7031H         LINE#         1082
  C:7031H         LINE#         1083
  C:7031H         LINE#         1084
  C:7034H         LINE#         1142
  C:7034H         LINE#         1143
  C:7034H         LINE#         1144
  C:7039H         LINE#         1145
  C:7039H         LINE#         1149
  C:7039H         LINE#         1150
  C:7039H         LINE#         1151
  C:703BH         LINE#         1152
  C:703BH         LINE#         1153
  C:703BH         LINE#         1154
  C:7040H         LINE#         1155
  C:7040H         LINE#         1159
  C:7043H         LINE#         1160
  C:7043H         LINE#         1161
  C:7045H         LINE#         1162
  C:7045H         LINE#         1163
  C:7045H         LINE#         1164
  C:704BH         LINE#         1165
  C:704EH         LINE#         1166
  C:7054H         LINE#         1168
  C:7057H         LINE#         1169
  C:7058H         LINE#         1170
  C:7058H         LINE#         1171
  C:705AH         LINE#         1172
  C:705AH         LINE#         1173
  C:705AH         LINE#         1174
  C:7060H         LINE#         1175
  C:7063H         LINE#         1176
  C:7069H         LINE#         1178
BL51 BANKED LINKER/LOCATER V5.03                                                      05/28/2012  11:22:31  PAGE 168


  C:706CH         LINE#         1179
  C:7070H         LINE#         1180
  C:7070H         LINE#         1181
  C:7072H         LINE#         1182
  C:7072H         LINE#         1183
  C:7072H         LINE#         1184
  C:7078H         LINE#         1185
  C:707BH         LINE#         1186
  C:707EH         LINE#         1187
  C:7084H         LINE#         1189
  C:7087H         LINE#         1190
  C:7087H         LINE#         1191
  C:7089H         LINE#         1192
  C:7089H         LINE#         1193
  C:7089H         LINE#         1194
  C:708FH         LINE#         1195
  C:7092H         LINE#         1196
  C:7095H         LINE#         1197
  C:709BH         LINE#         1199
  C:709EH         LINE#         1200
  C:709EH         LINE#         1201
  C:70A0H         LINE#         1202
  C:70A0H         LINE#         1203
  C:70A0H         LINE#         1204
  C:70A3H         LINE#         1205
  C:70A3H         LINE#         1206
  C:70A7H         LINE#         1207
  C:70A7H         LINE#         1208
  C:70A9H         LINE#         1209
  C:70A9H         LINE#         1210
  C:70AFH         LINE#         1211
  C:70B2H         LINE#         1212
  C:70B4H         LINE#         1213
  C:70B6H         LINE#         1214
  C:70B9H         LINE#         1215
  C:70B9H         LINE#         1246
  C:70B9H         LINE#         1247
  C:70B9H         LINE#         1248
  C:70B9H         LINE#         1250
  C:70C8H         LINE#         1251
  C:70D5H         LINE#         1252
  C:70DBH         LINE#         1254
  C:70E3H         LINE#         1256
  C:710FH         LINE#         1257
  C:710FH         LINE#         1270
  C:710FH         LINE#         1271
  C:710FH         LINE#         1272
  C:7114H         LINE#         1273
  C:7114H         LINE#         1274
  C:7114H         LINE#         1275
  C:7114H         LINE#         1276
  C:7116H         LINE#         1284
  C:7116H         LINE#         1285
  C:711BH         LINE#         1286
  C:711BH         LINE#         1287
  C:711BH         LINE#         1288
  C:711BH         LINE#         1289
BL51 BANKED LINKER/LOCATER V5.03                                                      05/28/2012  11:22:31  PAGE 169


  C:711BH         LINE#         1290
  C:711EH         LINE#         1292
  C:711EH         LINE#         1293
  C:711EH         LINE#         1294
  C:7124H         LINE#         1295
  C:7125H         LINE#         1296
  C:7125H         LINE#         1297
  C:7125H         LINE#         1298
  C:7128H         LINE#         1350
  C:7128H         LINE#         1351
  C:7128H         LINE#         1352
  C:712EH         LINE#         1353
  C:7131H         LINE#         1354
  C:7137H         LINE#         1356
  C:713AH         LINE#         1357
  C:713AH         LINE#         1358
  C:713AH         LINE#         1359
  C:713CH         LINE#         1360
  C:713CH         LINE#         1361
  C:713CH         LINE#         1362
  C:7142H         LINE#         1363
  C:7145H         LINE#         1364
  C:714BH         LINE#         1366
  C:714EH         LINE#         1367
  C:714FH         LINE#         1368
  C:714FH         LINE#         1369
  C:7151H         LINE#         1370
  C:7151H         LINE#         1371
  C:7151H         LINE#         1372
  C:7157H         LINE#         1373
  C:715AH         LINE#         1374
  C:715DH         LINE#         1375
  C:7163H         LINE#         1377
  C:7166H         LINE#         1378
  C:7166H         LINE#         1379
  C:7168H         LINE#         1380
  C:7168H         LINE#         1381
  C:7168H         LINE#         1382
  C:716EH         LINE#         1383
  C:7171H         LINE#         1384
  C:7174H         LINE#         1385
  C:717AH         LINE#         1387
  C:717DH         LINE#         1388
  C:717DH         LINE#         1389
  C:717FH         LINE#         1390
  C:717FH         LINE#         1391
  C:717FH         LINE#         1392
  C:7184H         LINE#         1393
  C:7184H         LINE#         1397
  C:718BH         LINE#         1398
  C:718BH         LINE#         1399
  C:718DH         LINE#         1400
  C:718DH         LINE#         1401
  C:718DH         LINE#         1402
  C:7192H         LINE#         1403
  C:7192H         LINE#         1407
  C:7199H         LINE#         1408
BL51 BANKED LINKER/LOCATER V5.03                                                      05/28/2012  11:22:31  PAGE 170


  C:7199H         LINE#         1409
  C:719BH         LINE#         1410
  C:719BH         LINE#         1411
  C:719BH         LINE#         1412
  C:719EH         LINE#         1413
  C:719EH         LINE#         1414
  C:71A2H         LINE#         1415
  C:71A2H         LINE#         1416
  C:71A4H         LINE#         1417
  C:71A4H         LINE#         1418
  C:71AAH         LINE#         1419
  C:71ADH         LINE#         1420
  C:71AFH         LINE#         1421
  C:71B1H         LINE#         1422
  C:71B4H         LINE#         1423
  C:71B4H         LINE#         1454
  C:71B4H         LINE#         1455
  C:71B4H         LINE#         1528
  C:71B4H         LINE#         1530
  -------         ENDPROC       _CAM_TXCOMMAND_TORS485
  -------         PROC          SEND_PELCOP_COMMAND
  -------         DO            
  X:000EH         SYMBOL        ii
  D:0004H         SYMBOL        j
  -------         ENDDO         
  C:AB6DH         LINE#         1538
  C:AB6DH         LINE#         1539
  C:AB6DH         LINE#         1543
  C:AB75H         LINE#         1544
  C:AB77H         LINE#         1545
  C:AB8FH         LINE#         1551
  C:AB9DH         LINE#         1552
  C:AB9DH         LINE#         1553
  C:AB9DH         LINE#         1554
  C:ABA0H         LINE#         1555
  C:ABA2H         LINE#         1556
  C:ABA2H         LINE#         1557
  C:ABA5H         LINE#         1558
  C:ABA7H         LINE#         1559
  C:ABA7H         LINE#         1560
  C:ABAAH         LINE#         1561
  C:ABAAH         LINE#         1562
  C:ABAAH         LINE#         1564
  C:ABBAH         LINE#         1565
  C:ABC1H         LINE#         1566
  C:ABD0H         LINE#         1567
  C:ABD0H         LINE#         1568
  C:ABD8H         LINE#         1569
  C:ABE0H         LINE#         1570
  C:ABE7H         LINE#         1571
  C:ABEAH         LINE#         1576
  -------         ENDPROC       SEND_PELCOP_COMMAND
  -------         PROC          SEND_PELCOD_COMMAND
  -------         DO            
  X:000EH         SYMBOL        ii
  D:0007H         SYMBOL        j
  -------         ENDDO         
BL51 BANKED LINKER/LOCATER V5.03                                                      05/28/2012  11:22:31  PAGE 171


  C:ADCDH         LINE#         1584
  C:ADCDH         LINE#         1585
  C:ADCDH         LINE#         1589
  C:ADD5H         LINE#         1590
  C:ADD7H         LINE#         1591
  C:ADE7H         LINE#         1593
  C:ADF5H         LINE#         1594
  C:ADF5H         LINE#         1595
  C:ADF5H         LINE#         1596
  C:ADF8H         LINE#         1597
  C:ADFAH         LINE#         1598
  C:ADFAH         LINE#         1599
  C:ADFDH         LINE#         1600
  C:ADFFH         LINE#         1601
  C:ADFFH         LINE#         1602
  C:AE02H         LINE#         1603
  C:AE02H         LINE#         1604
  C:AE02H         LINE#         1606
  C:AE11H         LINE#         1607
  C:AE18H         LINE#         1610
  C:AE27H         LINE#         1611
  C:AE27H         LINE#         1612
  C:AE2FH         LINE#         1613
  C:AE37H         LINE#         1615
  C:AE3EH         LINE#         1616
  C:AE41H         LINE#         1619
  -------         ENDPROC       SEND_PELCOD_COMMAND
  -------         ENDMOD        HS_DVRPROTOCOL

  -------         MODULE        ?C?COPY
  C:47BEH         PUBLIC        ?C?COPY
  -------         ENDMOD        ?C?COPY

  -------         MODULE        ?C?CLDPTR
  C:47E4H         PUBLIC        ?C?CLDPTR
  -------         ENDMOD        ?C?CLDPTR

  -------         MODULE        ?C?CLDOPTR
  C:47FDH         PUBLIC        ?C?CLDOPTR
  -------         ENDMOD        ?C?CLDOPTR

  -------         MODULE        ?C?CSTPTR
  C:482AH         PUBLIC        ?C?CSTPTR
  -------         ENDMOD        ?C?CSTPTR

  -------         MODULE        ?C?CSTOPTR
  C:483CH         PUBLIC        ?C?CSTOPTR
  -------         ENDMOD        ?C?CSTOPTR

  -------         MODULE        ?C?IMUL
  C:485EH         PUBLIC        ?C?IMUL
  -------         ENDMOD        ?C?IMUL

  -------         MODULE        ?C?UIDIV
  C:4870H         PUBLIC        ?C?UIDIV
  -------         ENDMOD        ?C?UIDIV

BL51 BANKED LINKER/LOCATER V5.03                                                      05/28/2012  11:22:31  PAGE 172


  -------         MODULE        ?C?SIDIV
  C:48C5H         PUBLIC        ?C?SIDIV
  -------         ENDMOD        ?C?SIDIV

  -------         MODULE        ?C?IILDX
  C:48FBH         PUBLIC        ?C?IILDX
  -------         ENDMOD        ?C?IILDX

  -------         MODULE        ?C?ILDPTR
  C:4911H         PUBLIC        ?C?ILDPTR
  -------         ENDMOD        ?C?ILDPTR

  -------         MODULE        ?C?ILDOPTR
  C:493CH         PUBLIC        ?C?ILDOPTR
  -------         ENDMOD        ?C?ILDOPTR

  -------         MODULE        ?C?ISTPTR
  C:4974H         PUBLIC        ?C?ISTPTR
  -------         ENDMOD        ?C?ISTPTR

  -------         MODULE        ?C?LMUL
  C:4993H         PUBLIC        ?C?LMUL
  -------         ENDMOD        ?C?LMUL

  -------         MODULE        ?C?ULDIV
  C:4A1EH         PUBLIC        ?C?ULDIV
  -------         ENDMOD        ?C?ULDIV

  -------         MODULE        ?C?ULCMP
  C:4AB0H         PUBLIC        ?C?ULCMP
  -------         ENDMOD        ?C?ULCMP

  -------         MODULE        ?C?SLSHR
  C:4AC1H         PUBLIC        ?C?SLSHR
  -------         ENDMOD        ?C?SLSHR

  -------         MODULE        ?C?LLDPTR
  C:4AD5H         PUBLIC        ?C?LLDPTR
  -------         ENDMOD        ?C?LLDPTR

  -------         MODULE        ?C?LLDXDATA
  C:4AF5H         PUBLIC        ?C?LLDXDATA
  -------         ENDMOD        ?C?LLDXDATA

  -------         MODULE        ?C?LLDXDATA0
  C:4B01H         PUBLIC        ?C?LLDXDATA0
  -------         ENDMOD        ?C?LLDXDATA0

  -------         MODULE        ?C?LSTXDATA
  C:4B0DH         PUBLIC        ?C?LSTXDATA
  -------         ENDMOD        ?C?LSTXDATA

  -------         MODULE        ?C?LSTKXDATA
  C:4B19H         PUBLIC        ?C?LSTKXDATA
  -------         ENDMOD        ?C?LSTKXDATA

  -------         MODULE        ?C?OFFXADD
BL51 BANKED LINKER/LOCATER V5.03                                                      05/28/2012  11:22:31  PAGE 173


  C:4B4AH         PUBLIC        ?C?OFFXADD
  -------         ENDMOD        ?C?OFFXADD

  -------         MODULE        ?C?PLDXDATA
  C:4B56H         PUBLIC        ?C?PLDXDATA
  -------         ENDMOD        ?C?PLDXDATA

  -------         MODULE        ?C?PLDIXDATA
  C:4B5FH         PUBLIC        ?C?PLDIXDATA
  -------         ENDMOD        ?C?PLDIXDATA

  -------         MODULE        ?C?PSTXDATA
  C:4B76H         PUBLIC        ?C?PSTXDATA
  -------         ENDMOD        ?C?PSTXDATA

  -------         MODULE        ?C?PLDCODE
  C:4B7FH         PUBLIC        ?C?PLDCODE
  -------         ENDMOD        ?C?PLDCODE

  -------         MODULE        ?C?PLDPTR
  C:4B8BH         PUBLIC        ?C?PLDPTR
  -------         ENDMOD        ?C?PLDPTR

  -------         MODULE        ?C?PLDOPTR
  C:4BABH         PUBLIC        ?C?PLDOPTR
  -------         ENDMOD        ?C?PLDOPTR

  -------         MODULE        ?C?CCASE
  C:4BDBH         PUBLIC        ?C?CCASE
  -------         ENDMOD        ?C?CCASE

  -------         MODULE        ABS
  C:C4FCH         PUBLIC        _abs
  -------         ENDMOD        ABS

  -------         MODULE        ?C?LLDIDATA
  C:4C01H         PUBLIC        ?C?LLDIDATA
  -------         ENDMOD        ?C?LLDIDATA

  -------         MODULE        ?C?LLDPDATA
  C:4C0DH         PUBLIC        ?C?LLDPDATA
  -------         ENDMOD        ?C?LLDPDATA

  -------         MODULE        ?C?LLDCODE
  C:4C19H         PUBLIC        ?C?LLDCODE
  -------         ENDMOD        ?C?LLDCODE

  -------         MODULE        ?C?PLDIDATA
  C:4C29H         PUBLIC        ?C?PLDIDATA
  -------         ENDMOD        ?C?PLDIDATA

  -------         MODULE        ?C?PLDPDATA
  C:4C32H         PUBLIC        ?C?PLDPDATA
  -------         ENDMOD        ?C?PLDPDATA

Program Size: data=107.3 xdata=259 code=50872
LINK/LOCATE RUN COMPLETE.  0 WARNING(S),  0 ERROR(S)
