BL51 BANKED LINKER/LOCATER V5.03                                                        01/25/2013  13:44:25  PAGE 1


BL51 BANKED LINKER/LOCATER V5.03, INVOKED BY:
C:\KEIL\C51\BIN\BL51.EXE .\Output\adc.obj, .\Output\cpu.obj, .\Output\dispinfo.obj, .\Output\etc_eep.obj, .\Output\I2c.o
>> bj, .\Output\keyremo.obj, .\Output\Main.obj, .\Output\Measure.obj, .\Output\Osdbasic.obj, .\Output\osdmenu.obj, .\Out
>> put\pc_eep.obj, .\Output\Printf.obj, .\Output\table.obj, .\Output\TW88.obj, .\Output\udfont.obj, .\Output\HS_keyremo.
>> obj, .\Output\HS_DisplayOSD.obj, .\Output\audio.obj, .\Output\Debug.obj, .\Output\HS_DVRProtocol.obj, .\Output\monito
>> r.obj TO .\Output\AWT_ML074Q PRINT (.\Source\AWT_ML074Q.m51) RAMSIZE (256) XDATA (0X0000-0X03FF)


MEMORY MODEL: LARGE


INPUT MODULES INCLUDED:
  .\Output\adc.obj (ADC)
  .\Output\cpu.obj (CPU)
  .\Output\dispinfo.obj (DISPINFO)
  .\Output\etc_eep.obj (ETC_EEP)
  .\Output\I2c.obj (I2C)
  .\Output\keyremo.obj (KEYREMO)
  .\Output\Main.obj (MAIN)
  .\Output\Measure.obj (MEASURE)
  .\Output\Osdbasic.obj (OSDBASIC)
  .\Output\osdmenu.obj (OSDMENU)
  .\Output\pc_eep.obj (PC_EEP)
  .\Output\Printf.obj (PRINTF)
  .\Output\table.obj (TABLE)
  .\Output\TW88.obj (TW88)
  .\Output\udfont.obj (UDFONT)
  .\Output\HS_keyremo.obj (HS_KEYREMO)
  .\Output\HS_DisplayOSD.obj (HS_DISPLAYOSD)
  .\Output\audio.obj (AUDIO)
  .\Output\Debug.obj (DEBUG)
  .\Output\HS_DVRProtocol.obj (HS_DVRPROTOCOL)
  .\Output\monitor.obj (MONITOR)
  C:\KEIL\C51\LIB\C51L.LIB (?C_STARTUP)
  C:\KEIL\C51\LIB\C51L.LIB (?C?COPY)
  C:\KEIL\C51\LIB\C51L.LIB (?C?CLDPTR)
  C:\KEIL\C51\LIB\C51L.LIB (?C?CLDOPTR)
  C:\KEIL\C51\LIB\C51L.LIB (?C?CSTPTR)
  C:\KEIL\C51\LIB\C51L.LIB (?C?CSTOPTR)
  C:\KEIL\C51\LIB\C51L.LIB (?C?IMUL)
  C:\KEIL\C51\LIB\C51L.LIB (?C?UIDIV)
  C:\KEIL\C51\LIB\C51L.LIB (?C?SIDIV)
  C:\KEIL\C51\LIB\C51L.LIB (?C?IILDX)
  C:\KEIL\C51\LIB\C51L.LIB (?C?ILDPTR)
  C:\KEIL\C51\LIB\C51L.LIB (?C?ILDOPTR)
  C:\KEIL\C51\LIB\C51L.LIB (?C?ISTPTR)
  C:\KEIL\C51\LIB\C51L.LIB (?C?LADD)
  C:\KEIL\C51\LIB\C51L.LIB (?C?LMUL)
  C:\KEIL\C51\LIB\C51L.LIB (?C?ULDIV)
  C:\KEIL\C51\LIB\C51L.LIB (?C?ULCMP)
  C:\KEIL\C51\LIB\C51L.LIB (?C?SLSHR)
  C:\KEIL\C51\LIB\C51L.LIB (?C?LLDPTR)
  C:\KEIL\C51\LIB\C51L.LIB (?C?LLDXDATA)
  C:\KEIL\C51\LIB\C51L.LIB (?C?LLDXDATA0)
  C:\KEIL\C51\LIB\C51L.LIB (?C?LSTXDATA)
  C:\KEIL\C51\LIB\C51L.LIB (?C?LSTKXDATA)
  C:\KEIL\C51\LIB\C51L.LIB (?C?OFFXADD)
  C:\KEIL\C51\LIB\C51L.LIB (?C?PLDXDATA)
BL51 BANKED LINKER/LOCATER V5.03                                                      01/25/2013  13:44:25  PAGE 2


  C:\KEIL\C51\LIB\C51L.LIB (?C?PLDIXDATA)
  C:\KEIL\C51\LIB\C51L.LIB (?C?PSTXDATA)
  C:\KEIL\C51\LIB\C51L.LIB (?C?PLDCODE)
  C:\KEIL\C51\LIB\C51L.LIB (?C?PLDPTR)
  C:\KEIL\C51\LIB\C51L.LIB (?C?PLDOPTR)
  C:\KEIL\C51\LIB\C51L.LIB (?C?CCASE)
  C:\KEIL\C51\LIB\C51L.LIB (ABS)
  C:\KEIL\C51\LIB\C51L.LIB (?C_INIT)
  C:\KEIL\C51\LIB\C51L.LIB (?C?LLDIDATA)
  C:\KEIL\C51\LIB\C51L.LIB (?C?LLDPDATA)
  C:\KEIL\C51\LIB\C51L.LIB (?C?LLDCODE)
  C:\KEIL\C51\LIB\C51L.LIB (?C?PLDIDATA)
  C:\KEIL\C51\LIB\C51L.LIB (?C?PLDPDATA)


LINK MAP OF MODULE:  .\Output\AWT_ML074Q (ADC)


            TYPE    BASE      LENGTH    RELOCATION   SEGMENT NAME
            -----------------------------------------------------

            * * * * * * *   D A T A   M E M O R Y   * * * * * * *
            REG     0000H     0008H     ABSOLUTE     "REG BANK 0"
            REG     0008H     0008H     ABSOLUTE     "REG BANK 1"
            DATA    0010H     000AH     UNIT         ?DT?OSDBASIC
            DATA    001AH     0005H     UNIT         ?DT?OSDMENU
            DATA    001FH     0001H     UNIT         ?DT?MONITOR
            BIT     0020H.0   0001H.0   UNIT         ?BI?MAIN
            BIT     0021H.0   0000H.5   UNIT         ?BI?HS_DVRPROTOCOL
            BIT     0021H.5   0000H.4   UNIT         ?BI?CPU
            BIT     0022H.1   0000H.3   UNIT         ?BI?HS_KEYREMO
            BIT     0022H.4   0000H.3   UNIT         ?BI?MONITOR
            BIT     0022H.7   0000H.2   UNIT         ?BI?OSDMENU
            BIT     0023H.1   0000H.2   UNIT         _BIT_GROUP_
            BIT     0023H.3   0000H.1   UNIT         ?BI?KEYREMO
            BIT     0023H.4   0000H.1   UNIT         ?BI?HS_DISPLAYOSD
                    0023H.5   0000H.3                *** GAP ***
            DATA    0024H     003FH     UNIT         ?DT?CPU
            DATA    0063H     0007H     UNIT         ?DT?MAIN
            DATA    006AH     0002H     UNIT         ?DT?DISPINFO
            IDATA   006CH     0001H     UNIT         ?STACK

            * * * * * * *  X D A T A   M E M O R Y  * * * * * * *
            XDATA   0000H     0071H     UNIT         _XDATA_GROUP_
            XDATA   0071H     0048H     UNIT         ?XD?HS_DVRPROTOCOL
            XDATA   00B9H     003AH     UNIT         ?XD?MONITOR
            XDATA   00F3H     0021H     UNIT         ?XD?OSDMENU
            XDATA   0114H     0012H     UNIT         ?XD?MAIN
            XDATA   0126H     000CH     UNIT         ?XD?HS_KEYREMO
            XDATA   0132H     0005H     UNIT         ?XD?KEYREMO
            XDATA   0137H     0004H     UNIT         ?XD?CPU
            XDATA   013BH     0002H     UNIT         ?XD?DISPINFO
            XDATA   013DH     0002H     UNIT         ?XD?TW88
            XDATA   013FH     0002H     UNIT         ?XD?AUDIO
            XDATA   0141H     0001H     UNIT         ?XD?SELECTBOXHANDLER?HS_KEYREMO

            * * * * * * *   C O D E   M E M O R Y   * * * * * * *
BL51 BANKED LINKER/LOCATER V5.03                                                      01/25/2013  13:44:25  PAGE 3


            CODE    0000H     0003H     ABSOLUTE     
            CODE    0003H     0008H     UNIT         ?PR?_RS_TX?CPU
            CODE    000BH     0003H     ABSOLUTE     
            CODE    000EH     0004H     UNIT         ?PR?GETOSDPOSITIONMODE?OSDMENU
            CODE    0012H     0001H     UNIT         ?PR?DD?I2C
            CODE    0013H     0003H     ABSOLUTE     
            CODE    0016H     000DH     UNIT         ?PR?I2CSTOP?I2C
            CODE    0023H     0003H     ABSOLUTE     
            CODE    0026H     0003H     UNIT         ?PR?EXT1_INT?CPU
            CODE    0029H     0001H     UNIT         ?PR?ON_LVDS?TW88
            CODE    002AH     0001H     UNIT         ?PR?OFF_LVDS?TW88
            CODE    002BH     0003H     ABSOLUTE     
            CODE    002EH     0035H     UNIT         ?PR?OSDHIGHMENU?OSDMENU
            CODE    0063H     0003H     ABSOLUTE     
            CODE    0066H     1800H     UNIT         ?CO?OSDMENU
            CODE    1866H     14F2H     UNIT         ?CO?UDFONT
            CODE    2D58H     10F2H     UNIT         ?PR?_SETITEMVALUE?OSDMENU
            CODE    3E4AH     082CH     UNIT         ?CO?CPU
            CODE    4676H     059FH     UNIT         ?CO?MONITOR
            CODE    4C15H     055AH     UNIT         ?C?LIB_CODE
            CODE    516FH     041CH     UNIT         ?PR?DVRRECEIVEPASER?HS_DVRPROTOCOL
            CODE    558BH     0415H     UNIT         ?PR?OSDMENU
            CODE    59A0H     040EH     UNIT         ?PR?MONITOR?MONITOR
            CODE    5DAEH     03C5H     UNIT         ?PR?_DISPLAYOSDMENUONEITEM?OSDMENU
            CODE    6173H     036DH     UNIT         ?PR?_GETITEMVALUE?OSDMENU
            CODE    64E0H     031EH     UNIT         ?PR?_DOPRINT?PRINTF
            CODE    67FEH     02EAH     UNIT         ?PR?CHECKKEYIN?KEYREMO
            CODE    6AE8H     02D5H     UNIT         ?CO?HS_DVRPROTOCOL
            CODE    6DBDH     02BFH     UNIT         ?PR?_HS_DVRTXCMDPASER?HS_DVRPROTOCOL
            CODE    707CH     02B7H     UNIT         ?PR?_DOACTION?OSDMENU
            CODE    7333H     02A0H     UNIT         ?CO?TABLE
            CODE    75D3H     0252H     UNIT         ?PR?_TW2835COMMAND?CPU
            CODE    7825H     0218H     UNIT         ?CO?HS_DISPLAYOSD
            CODE    7A3DH     0213H     UNIT         ?PR?_DISPLAYINFORMATION?HS_DISPLAYOSD
            CODE    7C50H     020CH     UNIT         ?PR?_CAM_TXCOMMAND_TORS485?HS_DVRPROTOCOL
            CODE    7E5CH     01FAH     UNIT         ?PR?HS_DVRPROTOCOL
            CODE    8056H     01EFH     UNIT         ?PR?DISPLAYDVRSTATUS?HS_DISPLAYOSD
            CODE    8245H     01E6H     UNIT         ?PR?RESETOSDVALUE?OSDMENU
            CODE    842BH     01CFH     UNIT         ?PR?SELECTBOXHANDLER?HS_KEYREMO
            CODE    85FAH     01C6H     UNIT         ?PR?_DRAWMENULIST?OSDMENU
            CODE    87C0H     01B1H     UNIT         ?PR?_TRIGGERHANDLER?HS_KEYREMO
            CODE    8971H     01AFH     UNIT         ?PR?MONGETCOMMAND?MONITOR
            CODE    8B20H     016DH     UNIT         ?PR?DISPLAYINFO_OSD?OSDMENU
            CODE    8C8DH     0169H     UNIT         ?PR?_SETOSDPOSITIONMODE?OSDMENU
            CODE    8DF6H     0164H     UNIT         ?CO?MAIN
            CODE    8F5AH     0163H     UNIT         ?PR?OSDSELECT?OSDMENU
            CODE    90BDH     015AH     UNIT         ?PR?MONITOR
            CODE    9217H     0146H     UNIT         ?PR?_DISPLAYNUMBER?HS_DISPLAYOSD
            CODE    935DH     013CH     UNIT         ?PR?LOADEEPROM?MAIN
            CODE    9499H     0139H     UNIT         ?CO?OSDBASIC
            CODE    95D2H     0138H     UNIT         ?PR?MAIN_INIT?CPU
            CODE    970AH     0127H     UNIT         ?PR?_DISPLAYRAMFONT?OSDBASIC
            CODE    9831H     0126H     UNIT         ?PR?_OSDCURSORMOVE?OSDMENU
            CODE    9957H     0120H     UNIT         ?PR?_UTOA?OSDBASIC
            CODE    9A77H     011BH     UNIT         ?PR?_CHANGEVOL?AUDIO
            CODE    9B92H     0119H     UNIT         ?PR?TIMER0_INT?CPU
            CODE    9CABH     0118H     UNIT         ?CO?HS_KEYREMO
BL51 BANKED LINKER/LOCATER V5.03                                                      01/25/2013  13:44:25  PAGE 4


            CODE    9DC3H     0108H     UNIT         ?CO?KEYREMO
            CODE    9ECBH     0104H     UNIT         ?PR?DISPLAYOSDMENU?OSDMENU
            CODE    9FCFH     0103H     UNIT         ?PR?_DISPLAYROMFONT?OSDBASIC
            CODE    A0D2H     00FEH     UNIT         ?PR?_OSDVALUEUPDN?OSDMENU
            CODE    A1D0H     00FDH     UNIT         ?PR?DISPLAYINPUT?DISPINFO
            CODE    A2CDH     00F2H     UNIT         ?PR?MONWRITEBIT?MONITOR
            CODE    A3BFH     00E5H     UNIT         ?PR?DISPLAYGAUGEOSD?HS_DISPLAYOSD
            CODE    A4A4H     00E3H     UNIT         ?PR?_SETVIDEOMODE?OSDMENU
            CODE    A587H     00E2H     UNIT         ?PR?DISPLAYCURSOR?OSDMENU
            CODE    A669H     00DCH     UNIT         ?PR?_ACTIONREMO?KEYREMO
            CODE    A745H     00DCH     UNIT         ?PR?MONDUMPI2C?MONITOR
            CODE    A821H     00DBH     UNIT         ?C_INITSEG
            CODE    A8FCH     00D8H     UNIT         ?PR?_DISPLAYVIEWBAR?OSDMENU
            CODE    A9D4H     00D5H     UNIT         ?PR?_DRAWNUM?OSDMENU
            CODE    AAA9H     00D3H     UNIT         ?PR?_DRAWSTRINGBYLANG?OSDMENU
            CODE    AB7CH     00D2H     UNIT         ?PR?_ADJUSTAUTODAYNIGHT?MAIN
            CODE    AC4EH     00CFH     UNIT         ?PR?DISPLAYVOL?DISPINFO
            CODE    AD1DH     00C7H     UNIT         ?PR?_CHANGEINPUT?MAIN
            CODE    ADE4H     00BEH     UNIT         ?PR?MONNEWDUMPI2C?MONITOR
            CODE    AEA2H     00BDH     UNIT         ?PR?_SET4WIDESCREEN?OSDMENU
            CODE    AF5FH     00B9H     UNIT         ?PR?MAIN?MAIN
            CODE    B018H     00B7H     UNIT         ?PR?MAIN_LOOP?MAIN
            CODE    B0CFH     00B4H     UNIT         ?CO?DISPINFO
            CODE    B183H     00A8H     UNIT         ?PR?INITTECHWELL?CPU
            CODE    B22BH     00A7H     UNIT         ?PR?CHECKDECODERINPUT?MAIN
            CODE    B2D2H     00A7H     UNIT         ?PR?OSDBASIC
            CODE    B379H     00A7H     UNIT         ?PR?_SETVIDEOSHARPNESS?OSDMENU
            CODE    B420H     00A6H     UNIT         ?PR?_SETPCCOLOR?OSDMENU
            CODE    B4C6H     00A5H     UNIT         ?PR?_MAPPING1?TW88
            CODE    B56BH     00A4H     UNIT         ?PR?_CHANGEVIDEODATA?OSDMENU
            CODE    B60FH     00A2H     UNIT         ?PR?_INITOSDWINDOW?OSDBASIC
            CODE    B6B1H     00A2H     UNIT         ?PR?MONHELP?MONITOR
            CODE    B753H     009FH     UNIT         ?PR?CHECKTRIGGER?HS_KEYREMO
            CODE    B7F2H     009DH     UNIT         ?PR?OSDHIGHMENU_SUB?OSDMENU
            CODE    B88FH     0098H     UNIT         ?PR?HS_DISPLAYOSD
            CODE    B927H     0091H     UNIT         ?PR?DVRCOMMANDRESEND?HS_DVRPROTOCOL
            CODE    B9B8H     0090H     UNIT         ?PR?_DISPLAYVOLUMEBAR?OSDMENU
            CODE    BA48H     008EH     UNIT         ?PR?_INITVIDEODATA?MAIN
            CODE    BAD6H     008CH     UNIT         ?PR?_INITOSDMENU?OSDMENU
            CODE    BB62H     008CH     UNIT         ?C_C51STARTUP
            CODE    BBEEH     008BH     UNIT         ?PR?_HS_SEND_DVR_COMMAND?HS_DVRPROTOCOL
            CODE    BC79H     0088H     UNIT         ?PR?SETPOSSIBLEAUTODETECTSTDEE?ETC_EEP
            CODE    BD01H     0086H     UNIT         ?PR?DISPLAYFWVERSION?HS_DISPLAYOSD
            CODE    BD87H     0085H     UNIT         ?PR?CHECKANDCLEAROSD?DISPINFO
            CODE    BE0CH     0083H     UNIT         ?PR?WAITPOWERON?MAIN
            CODE    BE8FH     0080H     UNIT         ?PR?_SETPCCOLORTEMP?OSDMENU
            CODE    BF0FH     007EH     UNIT         ?PR?SEND_PELCOP_COMMAND?HS_DVRPROTOCOL
            CODE    BF8DH     007DH     UNIT         ?PR?MONWRITEI2C?MONITOR
            CODE    C00AH     007CH     UNIT         ?PR?_LCDPOWERON?TW88
            CODE    C086H     007CH     UNIT         ?PR?_MONINCDECI2C?MONITOR
            CODE    C102H     007AH     UNIT         ?PR?HS_PROTOCOL_INIT?HS_DVRPROTOCOL
            CODE    C17CH     0077H     UNIT         ?PR?SETSELECTMODE?HS_KEYREMO
            CODE    C1F3H     0076H     UNIT         ?PR?_SETVIDEOSATURATION?OSDMENU
            CODE    C269H     0075H     UNIT         ?PR?SEND_PELCOD_COMMAND?HS_DVRPROTOCOL
            CODE    C2DEH     0073H     UNIT         ?PR?HS_KEYREMO
            CODE    C351H     0072H     UNIT         ?PR?_A2I?MONITOR
            CODE    C3C3H     0069H     UNIT         ?PR?_I2CWRITEDATA?I2C
BL51 BANKED LINKER/LOCATER V5.03                                                      01/25/2013  13:44:25  PAGE 5


            CODE    C42CH     0069H     UNIT         ?PR?_SETVIDEOBACKLIGHT?OSDMENU
            CODE    C495H     0066H     UNIT         ?PR?_SETVINPUTSTD?MAIN
            CODE    C4FBH     0066H     UNIT         ?PR?_SETVIDEOHUE?OSDMENU
            CODE    C561H     0066H     UNIT         ?PR?RESETVIDEOVALUE?OSDMENU
            CODE    C5C7H     0066H     UNIT         ?PR?INITOSDMENUXY?OSDMENU
            CODE    C62DH     0065H     UNIT         ?PR?_SETRGBCONTRAST?OSDMENU
            CODE    C692H     0061H     UNIT         ?PR?GETFWREVEE?ETC_EEP
            CODE    C6F3H     0060H     UNIT         ?PR?TW88
            CODE    C753H     005EH     UNIT         ?PR?_DOWNLOADFONT?OSDBASIC
            CODE    C7B1H     005BH     UNIT         ?PR?DISPLAYLOGO?DISPINFO
            CODE    C80CH     005BH     UNIT         ?PR?CHANGE_OSDCOLORLOOKUP?OSDBASIC
            CODE    C867H     005BH     UNIT         ?PR?PRINTF
            CODE    C8C2H     0059H     UNIT         ?PR?GETVINPUTSTDINX?MAIN
            CODE    C91BH     0058H     UNIT         ?PR?CHECKPANELIMAGE?OSDMENU
            CODE    C973H     0057H     UNIT         ?PR?_GETOSDWINDOWY?OSDBASIC
            CODE    C9CAH     0056H     UNIT         ?PR?DETECTDECODERINPUT?TW88
            CODE    CA20H     0055H     UNIT         ?PR?MONNEWWRITEI2C?MONITOR
            CODE    CA75H     004FH     UNIT         ?PR?_I2CDEVICEINITIALIZE?MAIN
            CODE    CAC4H     004EH     UNIT         ?PR?MONREADI2C?MONITOR
            CODE    CB12H     004DH     UNIT         ?PR?CLEARCURSOR?OSDMENU
            CODE    CB5FH     004DH     UNIT         ?PR?_CAMOUTDSEL?OSDMENU
            CODE    CBACH     004BH     UNIT         ?PR?INITCPU?CPU
            CODE    CBF7H     004BH     UNIT         ?PR?_GETOSDWINDOWX?OSDBASIC
            CODE    CC42H     004BH     UNIT         ?PR?MONNEWREADI2C?MONITOR
            CODE    CC8DH     0049H     UNIT         ?PR?_SETVIDEOBRIGHTNESS?OSDMENU
            CODE    CCD6H     0048H     UNIT         ?PR?_WAIT_MS?CPU
            CODE    CD1EH     0046H     UNIT         ?PR?_WRITEEEP?I2C
            CODE    CD64H     0046H     UNIT         ?PR?SETJUMPMODE?HS_KEYREMO
            CODE    CDAAH     0045H     UNIT         ?PR?ACCPOWERCONTROL?MAIN
            CODE    CDEFH     0045H     UNIT         ?PR?_GETLOWERMENUITEM?OSDMENU
            CODE    CE34H     0044H     UNIT         ?PR?_SHOWOSDWINDOW_TW88?OSDBASIC
            CODE    CE78H     0044H     UNIT         ?PR?SETNOWMODE?HS_KEYREMO
            CODE    CEBCH     0043H     UNIT         ?PR?_SAVEFWREVEE?ETC_EEP
            CODE    CEFFH     0042H     UNIT         ?PR?_SETSOURCEMODE?HS_KEYREMO
            CODE    CF41H     0041H     UNIT         ?PR?_WRITEI2CN?I2C
            CODE    CF82H     0041H     UNIT         ?PR?_SETOSDWINDOWY_TW88?OSDBASIC
            CODE    CFC3H     0041H     UNIT         ?PR?_GETTARGETCHILD?OSDMENU
            CODE    D004H     0040H     UNIT         ?PR?_READI2CWORD?I2C
            CODE    D044H     003FH     UNIT         ?PR?CPU
            CODE    D083H     003FH     UNIT         ?CO?TW88
            CODE    D0C2H     003EH     UNIT         ?PR?CLEAROSDINFO?DISPINFO
            CODE    D100H     003EH     UNIT         ?PR?_WRITEI2CND?I2C
            CODE    D13EH     003EH     UNIT         ?PR?_SETOSDWINDOWX_TW88?OSDBASIC
            CODE    D17CH     003EH     UNIT         ?PR?_SETVIDEOCONTRAST?OSDMENU
            CODE    D1BAH     003EH     UNIT         ?PR?_OPENOSDMENU?OSDMENU
            CODE    D1F8H     003EH     UNIT         ?PR?_DVRAODIOSEL?OSDMENU
            CODE    D236H     003DH     UNIT         ?PR?GETTIME_MS?CPU
            CODE    D273H     003DH     UNIT         ?PR?HS_INITVARS?MAIN
            CODE    D2B0H     003CH     UNIT         ?PR?_STRICMP?MONITOR
            CODE    D2ECH     003CH     UNIT         ?PR?MONTXDUMP?MONITOR
            CODE    D328H     003BH     UNIT         ?PR?CLOSEOSDMENU?OSDMENU
            CODE    D363H     003AH     UNIT         ?PR?LCDPOWEROFF?TW88
            CODE    D39DH     003AH     UNIT         ?PR?SETREARSOURCE?HS_KEYREMO
            CODE    D3D7H     0039H     UNIT         ?PR?_READI2C?I2C
            CODE    D410H     0039H     UNIT         ?PR?_WRITEI2CN_?I2C
            CODE    D449H     0039H     UNIT         ?PR?_WRITEALC106?I2C
            CODE    D482H     0039H     UNIT         ?PR?_ASC2BIN?MONITOR
BL51 BANKED LINKER/LOCATER V5.03                                                      01/25/2013  13:44:25  PAGE 6


            CODE    D4BBH     0038H     UNIT         ?PR?DOWNLOADUDFONT?OSDBASIC
            CODE    D4F3H     0038H     UNIT         ?PR?LCDPOWER?TW88
            CODE    D52BH     0034H     UNIT         ?PR?SERIAL_INT?CPU
            CODE    D55FH     0033H     UNIT         ?PR?MAIN
            CODE    D592H     0033H     UNIT         ?PR?_WRITESTRINGTOADDR?OSDBASIC
            CODE    D5C5H     0033H     UNIT         ?PR?_ASC1BIN?MONITOR
            CODE    D5F8H     0031H     UNIT         ?PR?SERIAL2_INT?CPU
            CODE    D629H     0031H     UNIT         ?PR?_DRAWATTRCNT?OSDBASIC
            CODE    D65AH     0030H     UNIT         ?PR?I2CREADDATA?I2C
            CODE    D68AH     0030H     UNIT         ?PR?_GET_CURSOR_ITEM?OSDMENU
            CODE    D6BAH     002FH     UNIT         ?PR?_SHOWOSDWINDOWALL?OSDBASIC
            CODE    D6E9H     002DH     UNIT         ?PR?WAITENDOFDISPLAYAREA?OSDBASIC
            CODE    D716H     002DH     UNIT         ?PR?_CLEARDATACNT?OSDBASIC
            CODE    D743H     002CH     UNIT         ?PR?_READALC106?I2C
            CODE    D76FH     002CH     UNIT         ?PR?PUSHMENU?OSDMENU
            CODE    D79BH     0029H     UNIT         ?PR?SETRIGHTSOURCE?HS_KEYREMO
            CODE    D7C4H     0028H     UNIT         ?PR?I2CREADDATAWITHACK?I2C
            CODE    D7ECH     0028H     UNIT         ?PR?SAVEVALUE1?OSDMENU
            CODE    D814H     0027H     UNIT         ?PR?CLEARBASICEE?ETC_EEP
            CODE    D83BH     0027H     UNIT         ?PR?_PRINTF?PRINTF
            CODE    D862H     0026H     UNIT         ?PR?CLEARTVINFO?DISPINFO
            CODE    D888H     0026H     UNIT         ?PR?_READEEP?I2C
            CODE    D8AEH     0026H     UNIT         ?PR?_WRITEI2C?I2C
            CODE    D8D4H     0023H     UNIT         ?PR?READVINPUTSTD?MAIN
            CODE    D8F7H     0022H     UNIT         ?PR?SETLEFTSOURCE?HS_KEYREMO
            CODE    D919H     0021H     UNIT         ?PR?_GETVIDEODATAFROMEE?ETC_EEP
            CODE    D93AH     0020H     UNIT         ?PR?SETAUTODETECTSTD?TW88
            CODE    D95AH     0020H     UNIT         ?PR?SEQMODE?HS_KEYREMO
            CODE    D97AH     001FH     UNIT         ?PR?_DIFFTIME_MS?CPU
            CODE    D999H     001FH     UNIT         ?PR?GETNEXTINPUTSELECTION?MAIN
            CODE    D9B8H     001FH     UNIT         ?PR?PROMPT?MONITOR
            CODE    D9D7H     001EH     UNIT         ?PR?INITVARS?CPU
            CODE    D9F5H     001EH     UNIT         ?PR?_POWERLED?CPU
            CODE    DA13H     001EH     UNIT         ?PR?I2C
            CODE    DA31H     001DH     UNIT         ?PR?_SETLANGUAGE?OSDMENU
            CODE    DA4EH     001DH     UNIT         ?PR?_CLEARAUTODETECTSTD?TW88
            CODE    DA6BH     001CH     UNIT         ?PR?POPMENU?OSDMENU
            CODE    DA87H     001CH     UNIT         ?PR?_GETNEXTCURSORMENUITEM?OSDMENU
            CODE    DAA3H     001CH     UNIT         ?PR?COMPOSITE1INPUT?TW88
            CODE    DABFH     001CH     UNIT         ?PR?COMPOSITE2INPUT?TW88
            CODE    DADBH     001CH     UNIT         ?PR?COMPOSITE3INPUT?TW88
            CODE    DAF7H     001CH     UNIT         ?PR?COMPOSITE4INPUT?TW88
            CODE    DB13H     001CH     UNIT         ?PR?_TOUPPER?MONITOR
            CODE    DB2FH     001BH     UNIT         ?PR?REMOVOLUP_RIGHTKEY?KEYREMO
            CODE    DB4AH     001BH     UNIT         ?PR?REMOVOLDN_LEFTKEY?KEYREMO
            CODE    DB65H     001BH     UNIT         ?PR?_GETKEY?KEYREMO
            CODE    DB80H     001BH     UNIT         ?PR?_STRLEN?OSDBASIC
            CODE    DB9BH     001BH     UNIT         ?PR?_PUTS?PRINTF
            CODE    DBB6H     0019H     UNIT         ?CO?AUDIO
            CODE    DBCFH     0018H     UNIT         ?PR?RS_RX?CPU
            CODE    DBE7H     0016H     UNIT         ?PR?CLEARINPUT?DISPINFO
            CODE    DBFDH     0016H     UNIT         ?PR?DISPINFO
            CODE    DC13H     0015H     UNIT         ?PR?_DELAY?CPU
            CODE    DC28H     0015H     UNIT         ?PR?_REMOMENU_MENUKEY?KEYREMO
            CODE    DC3DH     0014H     UNIT         ?PR?SETTRIGGERCSOURCE?HS_KEYREMO
            CODE    DC51H     0012H     UNIT         ?PR?I2CSTART?I2C
            CODE    DC63H     0012H     UNIT         ?PR?_ABS?ABS
BL51 BANKED LINKER/LOCATER V5.03                                                      01/25/2013  13:44:25  PAGE 7


            CODE    DC75H     0011H     UNIT         ?PR?_SAVEVIDEODATATOEE?ETC_EEP
            CODE    DC86H     0011H     UNIT         ?PR?ISNOINPUT?MAIN
            CODE    DC97H     0011H     UNIT         ?PR?GETOSDLANG?OSDMENU
            CODE    DCA8H     0011H     UNIT         ?CO?PRINTF
            CODE    DCB9H     000FH     UNIT         ?PR?TIMER2_INT?CPU
            CODE    DCC8H     000FH     UNIT         ?PR?CLEARMUTEINFO?DISPINFO
            CODE    DCD7H     000FH     UNIT         ?PR?GETLCDPOWERSTATE?TW88
            CODE    DCE6H     000FH     UNIT         ?PR?CLEARGAUGEINFO?HS_DISPLAYOSD
            CODE    DCF5H     000DH     UNIT         ?PR?REMOCHNUP_UPKEY?KEYREMO
            CODE    DD02H     000DH     UNIT         ?PR?REMOCHNDN_DNKEY?KEYREMO
            CODE    DD0FH     000DH     UNIT         ?PR?POWEROFF?MAIN
            CODE    DD1CH     000DH     UNIT         ?PR?CHKOSDMENU_TOPWIN?OSDMENU
            CODE    DD29H     000DH     UNIT         ?PR?CHKOSDMENU_WINDOW?OSDMENU
            CODE    DD36H     000DH     UNIT         ?PR?CHKOSDMENU?OSDMENU
            CODE    DD43H     000CH     UNIT         ?PR?_CLEARDISPLAYEDOSD?DISPINFO
            CODE    DD4FH     000CH     UNIT         ?PR?SETOSDLASTKEYINTIME?MAIN
            CODE    DD5BH     000CH     UNIT         ?PR?CLEARVALUEWIN?OSDMENU
            CODE    DD67H     000BH     UNIT         ?PR?RS_READY?CPU
            CODE    DD72H     000AH     UNIT         ?PR?_GETVIDEODATAWITHOFFSET?OSDMENU
            CODE    DD7CH     0009H     UNIT         ?PR?_SAVEDEBUGLEVELEE?ETC_EEP
            CODE    DD85H     0009H     UNIT         ?PR?_SAVEWIDEMODEEE?ETC_EEP
            CODE    DD8EH     0009H     UNIT         ?PR?_SAVEOSDPOSITIONMODEEE?ETC_EEP
            CODE    DD97H     0009H     UNIT         ?PR?_SAVEINPUTSELECTIONEE?ETC_EEP
            CODE    DDA0H     0009H     UNIT         ?PR?_SAVEOSDLANGEE?ETC_EEP
            CODE    DDA9H     0009H     UNIT         ?PR?_SETAUDIOVOLEE?ETC_EEP
            CODE    DDB2H     0009H     UNIT         ?PR?_SETPCAUDIOVOLEE?ETC_EEP
            CODE    DDBBH     0009H     UNIT         ?PR?POWERDOWN_XTAL?MAIN
            CODE    DDC4H     0009H     UNIT         ?PR?GETOSDLASTKEYINTIME?MAIN
            CODE    DDCDH     0009H     UNIT         ?PR?_GETUPPERMENUITEM?OSDMENU
            CODE    DDD6H     0009H     UNIT         ?PR?AUDIOMUTE?AUDIO
            CODE    DDDFH     0008H     UNIT         ?PR?_RS2_TX?CPU
            CODE    DDE7H     0008H     UNIT         ?PR?GETDEBUGLEVELEE?ETC_EEP
            CODE    DDEFH     0008H     UNIT         ?PR?GETWIDEMODEEE?ETC_EEP
            CODE    DDF7H     0008H     UNIT         ?PR?GETPOSSIBLEAUTODETECTSTDEE?ETC_EEP
            CODE    DDFFH     0008H     UNIT         ?PR?GETOSDPOSITIONMODEEE?ETC_EEP
            CODE    DE07H     0008H     UNIT         ?PR?GETOSDLANGEE?ETC_EEP
            CODE    DE0FH     0008H     UNIT         ?PR?GETAUDIOVOLEE?ETC_EEP
            CODE    DE17H     0008H     UNIT         ?PR?GETPCAUDIOVOLEE?ETC_EEP
            CODE    DE1FH     0007H     UNIT         ?PR?CLEARLOGO?DISPINFO
            CODE    DE26H     0007H     UNIT         ?PR?_SETDISPLAYEDOSD?DISPINFO
            CODE    DE2DH     0006H     UNIT         ?PR?GETDISPLAYEDOSD?DISPINFO
            CODE    DE33H     0006H     UNIT         ?PR?GETVINPUTSTD?MAIN
            CODE    DE39H     0006H     UNIT         ?PR?GETINPUTSELECTION?MAIN
            CODE    DE3FH     0003H     UNIT         ?PR?ISINPUTANALOGRGB?OSDMENU
            CODE    DE42H     0003H     UNIT         ?PR?_MON_TX?MONITOR
            CODE    DE45H     0003H     UNIT         ?PR?_SETMONADDRESS?MONITOR



OVERLAY MAP OF MODULE:   .\Output\AWT_ML074Q (ADC)


SEGMENT                                             BIT_GROUP          XDATA_GROUP
  +--> CALLED SEGMENT                            START    LENGTH     START    LENGTH
------------------------------------------------------------------------------------
?C_C51STARTUP                                    -----    -----      -----    -----
  +--> ?PR?MAIN?MAIN
BL51 BANKED LINKER/LOCATER V5.03                                                      01/25/2013  13:44:25  PAGE 8


  +--> ?C_INITSEG

?PR?MAIN?MAIN                                    -----    -----      0000H    0003H
  +--> ?PR?_WAIT_MS?CPU
  +--> ?PR?INITCPU?CPU
  +--> ?PR?_SETMONADDRESS?MONITOR
  +--> ?PR?INITVARS?CPU
  +--> ?PR?HS_INITVARS?MAIN
  +--> ?PR?INITTECHWELL?CPU
  +--> ?PR?LCDPOWEROFF?TW88
  +--> ?PR?MAIN_INIT?CPU
  +--> ?PR?LOADEEPROM?MAIN
  +--> ?PR?_TW2835COMMAND?CPU
  +--> ?PR?SETNOWMODE?HS_KEYREMO
  +--> ?PR?_CHANGEVOL?AUDIO
  +--> ?PR?_DVRAODIOSEL?OSDMENU
  +--> ?PR?_READEEP?I2C
  +--> ?PR?_CAMOUTDSEL?OSDMENU
  +--> ?PR?MAIN_LOOP?MAIN
  +--> ?PR?POWEROFF?MAIN
  +--> ?PR?WAITPOWERON?MAIN

?PR?_WAIT_MS?CPU                                 -----    -----      0028H    0004H

?PR?INITVARS?CPU                                 -----    -----      -----    -----
  +--> ?PR?_DELAY?CPU
  +--> ?PR?POWERDOWN_XTAL?MAIN

?PR?POWERDOWN_XTAL?MAIN                          0023H.1  0000H.1    -----    -----

?PR?INITTECHWELL?CPU                             -----    -----      -----    -----
  +--> ?CO?CPU
  +--> ?PR?_PUTS?PRINTF
  +--> ?PR?_READI2C?I2C
  +--> ?PR?_PRINTF?PRINTF
  +--> ?PR?RS_READY?CPU
  +--> ?PR?_DELAY?CPU
  +--> ?PR?CPU

?PR?_PUTS?PRINTF                                 -----    -----      001CH    0003H
  +--> ?PR?PRINTF
  +--> ?PR?_RS_TX?CPU

?PR?_READI2C?I2C                                 -----    -----      0044H    0003H
  +--> ?PR?I2CSTART?I2C
  +--> ?PR?_I2CWRITEDATA?I2C
  +--> ?PR?I2CREADDATA?I2C
  +--> ?PR?I2CSTOP?I2C

?PR?I2CSTART?I2C                                 -----    -----      -----    -----
  +--> ?PR?DD?I2C

?PR?_I2CWRITEDATA?I2C                            -----    -----      -----    -----
  +--> ?PR?I2C

?PR?I2C                                          -----    -----      -----    -----
  +--> ?PR?DD?I2C
BL51 BANKED LINKER/LOCATER V5.03                                                      01/25/2013  13:44:25  PAGE 9



?PR?I2CREADDATA?I2C                              -----    -----      -----    -----
  +--> ?PR?DD?I2C

?PR?I2CSTOP?I2C                                  -----    -----      -----    -----
  +--> ?PR?DD?I2C

?PR?_PRINTF?PRINTF                               -----    -----      002EH    002EH
  +--> ?PR?_DOPRINT?PRINTF

?PR?_DOPRINT?PRINTF                              0023H.1  0000H.2    005CH    0015H
  +--> ?PR?PRINTF
  +--> ?CO?PRINTF

?PR?LCDPOWEROFF?TW88                             -----    -----      -----    -----
  +--> ?PR?_WRITEI2C?I2C
  +--> ?PR?OFF_LVDS?TW88
  +--> ?PR?_WAIT_MS?CPU
  +--> ?PR?_DELAY?CPU

?PR?_WRITEI2C?I2C                                -----    -----      005AH    0003H
  +--> ?PR?I2C
  +--> ?PR?I2CSTART?I2C
  +--> ?PR?_I2CWRITEDATA?I2C
  +--> ?PR?I2CSTOP?I2C

?PR?MAIN_INIT?CPU                                -----    -----      0003H    0002H
  +--> ?PR?_WRITEI2C?I2C
  +--> ?PR?GETFWREVEE?ETC_EEP
  +--> ?PR?CPU
  +--> ?CO?CPU
  +--> ?PR?_PRINTF?PRINTF
  +--> ?PR?_SAVEFWREVEE?ETC_EEP
  +--> ?PR?_SAVEDEBUGLEVELEE?ETC_EEP
  +--> ?PR?_SAVEINPUTSELECTIONEE?ETC_EEP
  +--> ?PR?CLEARBASICEE?ETC_EEP
  +--> ?PR?GETDEBUGLEVELEE?ETC_EEP
  +--> ?PR?_SETVINPUTSTD?MAIN
  +--> ?PR?_INITVIDEODATA?MAIN
  +--> ?PR?DISPLAYLOGO?DISPINFO
  +--> ?PR?_LCDPOWERON?TW88
  +--> ?PR?_READEEP?I2C
  +--> ?PR?SETPOSSIBLEAUTODETECTSTDEE?ETC_EEP
  +--> ?PR?CHANGE_OSDCOLORLOOKUP?OSDBASIC
  +--> ?PR?DOWNLOADUDFONT?OSDBASIC
  +--> ?PR?_DELAY?CPU
  +--> ?PR?_WRITEALC106?I2C
  +--> ?PR?_READALC106?I2C
  +--> ?PR?PROMPT?MONITOR

?PR?GETFWREVEE?ETC_EEP                           -----    -----      0005H    0002H
  +--> ?PR?_READEEP?I2C

?PR?_READEEP?I2C                                 -----    -----      0038H    0001H
  +--> ?PR?_READI2C?I2C
  +--> ?PR?_DELAY?CPU

BL51 BANKED LINKER/LOCATER V5.03                                                      01/25/2013  13:44:25  PAGE 10


?PR?_SAVEFWREVEE?ETC_EEP                         -----    -----      0005H    0002H
  +--> ?PR?_WRITEEEP?I2C

?PR?_WRITEEEP?I2C                                -----    -----      002BH    0004H
  +--> ?PR?I2CSTART?I2C
  +--> ?PR?_I2CWRITEDATA?I2C
  +--> ?PR?I2CSTOP?I2C
  +--> ?PR?_DELAY?CPU

?PR?_SAVEDEBUGLEVELEE?ETC_EEP                    -----    -----      -----    -----
  +--> ?PR?_WRITEEEP?I2C

?PR?_SAVEINPUTSELECTIONEE?ETC_EEP                -----    -----      -----    -----
  +--> ?PR?_WRITEEEP?I2C

?PR?CLEARBASICEE?ETC_EEP                         -----    -----      -----    -----
  +--> ?PR?_WRITEEEP?I2C
  +--> ?PR?RESETOSDVALUE?OSDMENU
  +--> ?PR?RESETVIDEOVALUE?OSDMENU
  +--> ?PR?_SET4WIDESCREEN?OSDMENU

?PR?RESETOSDVALUE?OSDMENU                        -----    -----      -----    -----
  +--> ?CO?OSDMENU
  +--> ?PR?_SAVEOSDPOSITIONMODEEE?ETC_EEP
  +--> ?PR?_READEEP?I2C
  +--> ?PR?_WRITEEEP?I2C
  +--> ?PR?_CHANGEVOL?AUDIO
  +--> ?PR?_CAMOUTDSEL?OSDMENU
  +--> ?PR?_PUTS?PRINTF
  +--> ?PR?_CLEARDATACNT?OSDBASIC
  +--> ?PR?LOADEEPROM?MAIN
  +--> ?PR?_SAVEOSDLANGEE?ETC_EEP
  +--> ?PR?_HS_DVRTXCMDPASER?HS_DVRPROTOCOL
  +--> ?PR?_INITOSDMENU?OSDMENU

?PR?_SAVEOSDPOSITIONMODEEE?ETC_EEP               -----    -----      -----    -----
  +--> ?PR?_WRITEEEP?I2C

?PR?_CHANGEVOL?AUDIO                             -----    -----      001CH    0005H
  +--> ?PR?AUDIOMUTE?AUDIO
  +--> ?CO?OSDMENU
  +--> ?PR?_WRITEI2C?I2C
  +--> ?CO?AUDIO
  +--> ?PR?_SETPCAUDIOVOLEE?ETC_EEP
  +--> ?PR?_SETAUDIOVOLEE?ETC_EEP
  +--> ?PR?_PRINTF?PRINTF

?PR?AUDIOMUTE?AUDIO                              0023H.1  0000H.1    -----    -----

?PR?_SETPCAUDIOVOLEE?ETC_EEP                     -----    -----      -----    -----
  +--> ?PR?_WRITEEEP?I2C

?PR?_SETAUDIOVOLEE?ETC_EEP                       -----    -----      -----    -----
  +--> ?PR?_WRITEEEP?I2C

?PR?_CAMOUTDSEL?OSDMENU                          -----    -----      0015H    0001H
  +--> ?CO?OSDMENU
BL51 BANKED LINKER/LOCATER V5.03                                                      01/25/2013  13:44:25  PAGE 11


  +--> ?PR?_PUTS?PRINTF

?PR?_CLEARDATACNT?OSDBASIC                       -----    -----      003EH    0003H
  +--> ?PR?OSDBASIC
  +--> ?PR?_WRITEI2C?I2C
  +--> ?PR?_WRITEI2CND?I2C

?PR?OSDBASIC                                     -----    -----      -----    -----
  +--> ?CO?OSDBASIC

?PR?_WRITEI2CND?I2C                              -----    -----      0042H    0005H
  +--> ?PR?I2C
  +--> ?PR?I2CSTART?I2C
  +--> ?PR?_I2CWRITEDATA?I2C
  +--> ?PR?I2CSTOP?I2C

?PR?LOADEEPROM?MAIN                              -----    -----      -----    -----
  +--> ?PR?_READEEP?I2C
  +--> ?PR?GETAUDIOVOLEE?ETC_EEP
  +--> ?PR?GETPCAUDIOVOLEE?ETC_EEP

?PR?GETAUDIOVOLEE?ETC_EEP                        -----    -----      -----    -----
  +--> ?PR?_READEEP?I2C

?PR?GETPCAUDIOVOLEE?ETC_EEP                      -----    -----      -----    -----
  +--> ?PR?_READEEP?I2C

?PR?_SAVEOSDLANGEE?ETC_EEP                       -----    -----      -----    -----
  +--> ?PR?_WRITEEEP?I2C

?PR?_HS_DVRTXCMDPASER?HS_DVRPROTOCOL             -----    -----      0015H    0019H
  +--> ?CO?HS_DVRPROTOCOL
  +--> ?PR?HS_DVRPROTOCOL
  +--> ?PR?_PRINTF?PRINTF
  +--> ?PR?_HS_SEND_DVR_COMMAND?HS_DVRPROTOCOL

?PR?_HS_SEND_DVR_COMMAND?HS_DVRPROTOCOL          -----    -----      002EH    0006H
  +--> ?PR?HS_DVRPROTOCOL
  +--> ?PR?_RS2_TX?CPU

?PR?_INITOSDMENU?OSDMENU                         -----    -----      000CH    0002H
  +--> ?PR?GETOSDLANGEE?ETC_EEP
  +--> ?PR?GETINPUTSELECTION?MAIN
  +--> ?CO?OSDMENU
  +--> ?PR?OSDMENU
  +--> ?CO?OSDBASIC
  +--> ?PR?_INITOSDWINDOW?OSDBASIC
  +--> ?PR?_CLEARDATACNT?OSDBASIC
  +--> ?PR?GETOSDPOSITIONMODEEE?ETC_EEP
  +--> ?PR?INITOSDMENUXY?OSDMENU
  +--> ?PR?DISPLAYOSDMENU?OSDMENU

?PR?GETOSDLANGEE?ETC_EEP                         -----    -----      -----    -----
  +--> ?PR?_READEEP?I2C

?PR?OSDMENU                                      -----    -----      -----    -----
  +--> ?CO?OSDMENU
BL51 BANKED LINKER/LOCATER V5.03                                                      01/25/2013  13:44:25  PAGE 12


  +--> ?CO?MAIN

?PR?_INITOSDWINDOW?OSDBASIC                      -----    -----      003EH    0005H
  +--> ?PR?_READI2C?I2C
  +--> ?PR?_WRITEI2C?I2C
  +--> ?PR?OSDBASIC
  +--> ?PR?_WRITEI2CN_?I2C

?PR?_WRITEI2CN_?I2C                              -----    -----      0043H    0006H
  +--> ?PR?I2CSTART?I2C
  +--> ?PR?_I2CWRITEDATA?I2C
  +--> ?PR?I2C
  +--> ?PR?I2CSTOP?I2C

?PR?GETOSDPOSITIONMODEEE?ETC_EEP                 -----    -----      -----    -----
  +--> ?PR?_READEEP?I2C

?PR?INITOSDMENUXY?OSDMENU                        -----    -----      000EH    0007H
  +--> ?CO?OSDMENU
  +--> ?PR?OSDMENU
  +--> ?PR?_GETOSDWINDOWX?OSDBASIC
  +--> ?PR?_SETOSDWINDOWX_TW88?OSDBASIC
  +--> ?PR?_GETOSDWINDOWY?OSDBASIC
  +--> ?PR?_SETOSDWINDOWY_TW88?OSDBASIC

?PR?_GETOSDWINDOWX?OSDBASIC                      -----    -----      002BH    0002H
  +--> ?PR?OSDBASIC
  +--> ?PR?_WRITEI2C?I2C
  +--> ?PR?_READI2C?I2C

?PR?_SETOSDWINDOWX_TW88?OSDBASIC                 -----    -----      0015H    0003H
  +--> ?PR?OSDBASIC
  +--> ?PR?_WRITEI2C?I2C
  +--> ?PR?_READI2C?I2C

?PR?_GETOSDWINDOWY?OSDBASIC                      -----    -----      002BH    0002H
  +--> ?PR?OSDBASIC
  +--> ?PR?_WRITEI2C?I2C
  +--> ?PR?_READI2C?I2C

?PR?_SETOSDWINDOWY_TW88?OSDBASIC                 -----    -----      0015H    0003H
  +--> ?PR?OSDBASIC
  +--> ?PR?_WRITEI2C?I2C
  +--> ?PR?_READI2C?I2C

?PR?DISPLAYOSDMENU?OSDMENU                       -----    -----      000EH    0004H
  +--> ?PR?_CLEARDATACNT?OSDBASIC
  +--> ?PR?_DRAWATTRCNT?OSDBASIC
  +--> ?PR?OSDMENU
  +--> ?PR?GETINPUTSELECTION?MAIN
  +--> ?PR?_READEEP?I2C
  +--> ?PR?_DRAWMENULIST?OSDMENU
  +--> ?PR?PUSHMENU?OSDMENU
  +--> ?PR?POPMENU?OSDMENU
  +--> ?PR?DISPLAYCURSOR?OSDMENU

?PR?_DRAWATTRCNT?OSDBASIC                        -----    -----      003EH    0004H
BL51 BANKED LINKER/LOCATER V5.03                                                      01/25/2013  13:44:25  PAGE 13


  +--> ?PR?OSDBASIC
  +--> ?PR?_WRITEI2C?I2C
  +--> ?PR?_WRITEI2CND?I2C

?PR?_DRAWMENULIST?OSDMENU                        -----    -----      0014H    000CH
  +--> ?PR?OSDMENU
  +--> ?PR?_STRLEN?OSDBASIC
  +--> ?PR?_DRAWATTRCNT?OSDBASIC
  +--> ?PR?_WRITESTRINGTOADDR?OSDBASIC
  +--> ?PR?_CLEARDATACNT?OSDBASIC
  +--> ?PR?_WRITEI2C?I2C
  +--> ?PR?_DISPLAYOSDMENUONEITEM?OSDMENU
  +--> ?PR?_GETLOWERMENUITEM?OSDMENU

?PR?_STRLEN?OSDBASIC                             -----    -----      0054H    0003H

?PR?_WRITESTRINGTOADDR?OSDBASIC                  -----    -----      0054H    0006H
  +--> ?PR?OSDBASIC
  +--> ?PR?_WRITEI2C?I2C
  +--> ?PR?_WRITEI2CN?I2C

?PR?_WRITEI2CN?I2C                               -----    -----      005AH    0007H
  +--> ?PR?I2C
  +--> ?PR?I2CSTART?I2C
  +--> ?PR?_I2CWRITEDATA?I2C
  +--> ?PR?I2CSTOP?I2C

?PR?_DISPLAYOSDMENUONEITEM?OSDMENU               -----    -----      0020H    0015H
  +--> ?PR?OSDMENU
  +--> ?PR?_DRAWATTRCNT?OSDBASIC
  +--> ?PR?_CLEARDATACNT?OSDBASIC
  +--> ?PR?_GETITEMVALUE?OSDMENU
  +--> ?PR?_DISPLAYVIEWBAR?OSDMENU
  +--> ?PR?_DRAWNUM?OSDMENU
  +--> ?CO?OSDMENU
  +--> ?PR?_WRITESTRINGTOADDR?OSDBASIC
  +--> ?PR?_DRAWSTRINGBYLANG?OSDMENU
  +--> ?PR?_STRLEN?OSDBASIC

?PR?_GETITEMVALUE?OSDMENU                        -----    -----      0035H    0003H
  +--> ?PR?GETOSDPOSITIONMODE?OSDMENU
  +--> ?PR?_READEEP?I2C
  +--> ?PR?_GETVIDEODATAWITHOFFSET?OSDMENU
  +--> ?PR?OSDMENU

?PR?GETOSDPOSITIONMODE?OSDMENU                   -----    -----      -----    -----
  +--> ?PR?GETOSDPOSITIONMODEEE?ETC_EEP

?PR?_GETVIDEODATAWITHOFFSET?OSDMENU              -----    -----      -----    -----
  +--> ?PR?_GETVIDEODATAFROMEE?ETC_EEP
  +--> ?PR?OSDMENU

?PR?_GETVIDEODATAFROMEE?ETC_EEP                  -----    -----      -----    -----
  +--> ?PR?_READEEP?I2C

?PR?_DISPLAYVIEWBAR?OSDMENU                      -----    -----      0035H    0010H
  +--> ?PR?OSDMENU
BL51 BANKED LINKER/LOCATER V5.03                                                      01/25/2013  13:44:25  PAGE 14


  +--> ?CO?OSDMENU
  +--> ?PR?_WRITESTRINGTOADDR?OSDBASIC

?PR?_DRAWNUM?OSDMENU                             -----    -----      0035H    001FH
  +--> ?PR?OSDMENU
  +--> ?CO?OSDMENU
  +--> ?PR?_UTOA?OSDBASIC
  +--> ?PR?_STRLEN?OSDBASIC
  +--> ?PR?_WRITESTRINGTOADDR?OSDBASIC

?PR?_UTOA?OSDBASIC                               -----    -----      0054H    000EH
  +--> ?PR?OSDBASIC

?PR?_DRAWSTRINGBYLANG?OSDMENU                    -----    -----      0035H    0018H
  +--> ?PR?OSDMENU
  +--> ?CO?OSDMENU
  +--> ?PR?_WRITESTRINGTOADDR?OSDBASIC
  +--> ?PR?_STRLEN?OSDBASIC

?PR?_GETLOWERMENUITEM?OSDMENU                    -----    -----      0020H    0004H

?PR?PUSHMENU?OSDMENU                             -----    -----      -----    -----
  +--> ?PR?OSDMENU

?PR?POPMENU?OSDMENU                              -----    -----      -----    -----
  +--> ?PR?OSDMENU

?PR?DISPLAYCURSOR?OSDMENU                        -----    -----      0012H    0007H
  +--> ?PR?OSDMENU
  +--> ?PR?_DRAWATTRCNT?OSDBASIC
  +--> ?PR?_GETITEMVALUE?OSDMENU

?PR?RESETVIDEOVALUE?OSDMENU                      -----    -----      000CH    0002H
  +--> ?CO?OSDMENU
  +--> ?PR?_SETVIDEOMODE?OSDMENU
  +--> ?PR?_SAVEVIDEODATATOEE?ETC_EEP

?PR?_SETVIDEOMODE?OSDMENU                        -----    -----      0022H    0007H
  +--> ?PR?_WRITEEEP?I2C
  +--> ?CO?OSDMENU
  +--> ?PR?_WRITEI2C?I2C
  +--> ?PR?OSDMENU
  +--> ?PR?_GETVIDEODATAWITHOFFSET?OSDMENU
  +--> ?PR?_SETVIDEOCONTRAST?OSDMENU
  +--> ?PR?_SETVIDEOBRIGHTNESS?OSDMENU
  +--> ?PR?_SETVIDEOSATURATION?OSDMENU
  +--> ?PR?_SETVIDEOHUE?OSDMENU
  +--> ?PR?_MAPPING1?TW88
  +--> ?PR?_READI2C?I2C

?PR?_SETVIDEOCONTRAST?OSDMENU                    -----    -----      0029H    0003H
  +--> ?PR?GETINPUTSELECTION?MAIN
  +--> ?PR?OSDMENU
  +--> ?CO?OSDMENU
  +--> ?PR?_MAPPING1?TW88
  +--> ?PR?_WRITEI2C?I2C

BL51 BANKED LINKER/LOCATER V5.03                                                      01/25/2013  13:44:25  PAGE 15


?PR?_MAPPING1?TW88                               -----    -----      002DH    000FH
  +--> ?PR?TW88

?PR?_SETVIDEOBRIGHTNESS?OSDMENU                  -----    -----      0029H    0003H
  +--> ?PR?OSDMENU
  +--> ?CO?OSDMENU
  +--> ?PR?_MAPPING1?TW88
  +--> ?PR?ISINPUTANALOGRGB?OSDMENU
  +--> ?PR?_WRITEI2C?I2C

?PR?_SETVIDEOSATURATION?OSDMENU                  -----    -----      0029H    0004H
  +--> ?PR?ISINPUTANALOGRGB?OSDMENU
  +--> ?PR?OSDMENU
  +--> ?CO?OSDMENU
  +--> ?PR?_MAPPING1?TW88
  +--> ?PR?_READI2C?I2C
  +--> ?PR?_WRITEI2C?I2C

?PR?_SETVIDEOHUE?OSDMENU                         -----    -----      0029H    0003H
  +--> ?PR?OSDMENU
  +--> ?CO?OSDMENU
  +--> ?PR?_MAPPING1?TW88
  +--> ?PR?_READI2C?I2C
  +--> ?PR?ISINPUTANALOGRGB?OSDMENU
  +--> ?PR?_WRITEI2C?I2C

?PR?_SAVEVIDEODATATOEE?ETC_EEP                   -----    -----      -----    -----
  +--> ?PR?_WRITEEEP?I2C

?PR?_SET4WIDESCREEN?OSDMENU                      -----    -----      0022H    0006H
  +--> ?PR?GETVINPUTSTD?MAIN
  +--> ?CO?OSDMENU
  +--> ?PR?WAITENDOFDISPLAYAREA?OSDBASIC
  +--> ?PR?OSDMENU
  +--> ?PR?_WRITEI2C?I2C
  +--> ?PR?_SAVEWIDEMODEEE?ETC_EEP

?PR?WAITENDOFDISPLAYAREA?OSDBASIC                -----    -----      0042H    0002H
  +--> ?PR?_READI2C?I2C

?PR?_SAVEWIDEMODEEE?ETC_EEP                      -----    -----      -----    -----
  +--> ?PR?_WRITEEEP?I2C

?PR?GETDEBUGLEVELEE?ETC_EEP                      -----    -----      -----    -----
  +--> ?PR?_READEEP?I2C

?PR?_SETVINPUTSTD?MAIN                           -----    -----      0021H    0001H
  +--> ?PR?GETVINPUTSTDINX?MAIN
  +--> ?CO?MAIN
  +--> ?PR?MAIN
  +--> ?PR?_PRINTF?PRINTF

?PR?GETVINPUTSTDINX?MAIN                         -----    -----      -----    -----
  +--> ?PR?READVINPUTSTD?MAIN
  +--> ?PR?MAIN
  +--> ?CO?MAIN

BL51 BANKED LINKER/LOCATER V5.03                                                      01/25/2013  13:44:25  PAGE 16


?PR?READVINPUTSTD?MAIN                           -----    -----      -----    -----
  +--> ?PR?ISNOINPUT?MAIN
  +--> ?PR?_READI2C?I2C

?PR?ISNOINPUT?MAIN                               -----    -----      -----    -----
  +--> ?PR?_READI2C?I2C

?PR?MAIN                                         -----    -----      -----    -----
  +--> ?CO?MAIN

?PR?_INITVIDEODATA?MAIN                          -----    -----      0021H    0001H
  +--> ?CO?MAIN
  +--> ?PR?MAIN
  +--> ?PR?_PRINTF?PRINTF
  +--> ?CO?TABLE
  +--> ?PR?_I2CDEVICEINITIALIZE?MAIN
  +--> ?PR?_WRITEI2C?I2C
  +--> ?PR?_CLEARAUTODETECTSTD?TW88
  +--> ?PR?SETAUTODETECTSTD?TW88
  +--> ?PR?_READEEP?I2C
  +--> ?PR?_SETVIDEOMODE?OSDMENU
  +--> ?PR?GETWIDEMODEEE?ETC_EEP
  +--> ?PR?_SET4WIDESCREEN?OSDMENU

?PR?_I2CDEVICEINITIALIZE?MAIN                    -----    -----      0022H    0006H
  +--> ?PR?MAIN
  +--> ?PR?_WRITEI2C?I2C

?PR?_CLEARAUTODETECTSTD?TW88                     -----    -----      0022H    0001H
  +--> ?PR?_READI2C?I2C
  +--> ?PR?_WRITEI2C?I2C

?PR?SETAUTODETECTSTD?TW88                        -----    -----      -----    -----
  +--> ?PR?GETPOSSIBLEAUTODETECTSTDEE?ETC_EEP
  +--> ?PR?_WRITEI2C?I2C
  +--> ?PR?_READI2C?I2C

?PR?GETPOSSIBLEAUTODETECTSTDEE?ETC_EEP           -----    -----      -----    -----
  +--> ?PR?_READEEP?I2C

?PR?GETWIDEMODEEE?ETC_EEP                        -----    -----      -----    -----
  +--> ?PR?_READEEP?I2C

?PR?DISPLAYLOGO?DISPINFO                         -----    -----      0005H    0002H
  +--> ?CO?DISPINFO
  +--> ?CO?OSDBASIC
  +--> ?PR?_INITOSDWINDOW?OSDBASIC
  +--> ?PR?_CLEARDATACNT?OSDBASIC
  +--> ?PR?_DRAWATTRCNT?OSDBASIC
  +--> ?PR?DISPINFO
  +--> ?PR?_WRITESTRINGTOADDR?OSDBASIC
  +--> ?PR?_SHOWOSDWINDOW_TW88?OSDBASIC

?PR?DISPINFO                                     -----    -----      -----    -----
  +--> ?CO?MAIN

?PR?_SHOWOSDWINDOW_TW88?OSDBASIC                 -----    -----      003FH    0002H
BL51 BANKED LINKER/LOCATER V5.03                                                      01/25/2013  13:44:25  PAGE 17


  +--> ?PR?OSDBASIC
  +--> ?PR?_WRITEI2C?I2C
  +--> ?PR?_READI2C?I2C
  +--> ?PR?WAITENDOFDISPLAYAREA?OSDBASIC

?PR?_LCDPOWERON?TW88                             -----    -----      -----    -----
  +--> ?PR?CHECKTRIGGER?HS_KEYREMO
  +--> ?PR?_POWERLED?CPU
  +--> ?PR?GETLCDPOWERSTATE?TW88
  +--> ?PR?OFF_LVDS?TW88
  +--> ?PR?_WAIT_MS?CPU
  +--> ?PR?_DELAY?CPU
  +--> ?PR?ON_LVDS?TW88
  +--> ?PR?_WRITEI2C?I2C
  +--> ?CO?TW88
  +--> ?PR?_PUTS?PRINTF

?PR?CHECKTRIGGER?HS_KEYREMO                      -----    -----      -----    -----
  +--> ?CO?HS_KEYREMO
  +--> ?PR?_WAIT_MS?CPU
  +--> ?PR?_PRINTF?PRINTF

?PR?GETLCDPOWERSTATE?TW88                        -----    -----      -----    -----
  +--> ?PR?_READI2C?I2C

?PR?SETPOSSIBLEAUTODETECTSTDEE?ETC_EEP           -----    -----      0005H    0002H
  +--> ?CO?MAIN
  +--> ?PR?_WRITEEEP?I2C

?PR?CHANGE_OSDCOLORLOOKUP?OSDBASIC               -----    -----      0005H    0002H
  +--> ?CO?UDFONT
  +--> ?PR?_WRITEI2C?I2C

?PR?DOWNLOADUDFONT?OSDBASIC                      -----    -----      0008H    0001H
  +--> ?PR?_WRITEI2C?I2C
  +--> ?CO?UDFONT
  +--> ?PR?_DOWNLOADFONT?OSDBASIC

?PR?_DOWNLOADFONT?OSDBASIC                       -----    -----      0009H    0004H
  +--> ?PR?_READI2C?I2C
  +--> ?PR?_WRITEI2C?I2C
  +--> ?PR?_WRITEI2CN?I2C

?PR?_WRITEALC106?I2C                             -----    -----      -----    -----
  +--> ?PR?I2CSTART?I2C
  +--> ?PR?_I2CWRITEDATA?I2C
  +--> ?PR?DD?I2C
  +--> ?PR?I2CSTOP?I2C
  +--> ?PR?_DELAY?CPU

?PR?_READALC106?I2C                              -----    -----      0005H    0002H
  +--> ?PR?_READI2CWORD?I2C
  +--> ?PR?_DELAY?CPU

?PR?_READI2CWORD?I2C                             -----    -----      0007H    0002H
  +--> ?PR?I2CSTART?I2C
  +--> ?PR?_I2CWRITEDATA?I2C
BL51 BANKED LINKER/LOCATER V5.03                                                      01/25/2013  13:44:25  PAGE 18


  +--> ?PR?I2CREADDATAWITHACK?I2C
  +--> ?PR?I2CREADDATA?I2C
  +--> ?PR?I2CSTOP?I2C

?PR?PROMPT?MONITOR                               -----    -----      -----    -----
  +--> ?CO?MONITOR
  +--> ?PR?MONITOR
  +--> ?PR?_PRINTF?PRINTF

?PR?MONITOR                                      -----    -----      -----    -----
  +--> ?CO?MONITOR
  +--> ?PR?_ASC2BIN?MONITOR

?PR?_ASC2BIN?MONITOR                             -----    -----      -----    -----
  +--> ?PR?_ASC1BIN?MONITOR

?PR?_TW2835COMMAND?CPU                           -----    -----      001BH    000DH
  +--> ?PR?CPU
  +--> ?CO?CPU
  +--> ?PR?_PRINTF?PRINTF
  +--> ?PR?GETTIME_MS?CPU
  +--> ?PR?_ABS?ABS
  +--> ?PR?_WAIT_MS?CPU

?PR?GETTIME_MS?CPU                               -----    -----      0028H    0002H

?PR?SETNOWMODE?HS_KEYREMO                        -----    -----      0015H    0001H
  +--> ?PR?HS_KEYREMO
  +--> ?PR?_PUTS?PRINTF
  +--> ?PR?_SETSOURCEMODE?HS_KEYREMO
  +--> ?PR?_READEEP?I2C
  +--> ?CO?HS_KEYREMO

?PR?HS_KEYREMO                                   -----    -----      -----    -----
  +--> ?CO?HS_KEYREMO

?PR?_SETSOURCEMODE?HS_KEYREMO                    -----    -----      0016H    0005H
  +--> ?CO?HS_KEYREMO
  +--> ?PR?_TW2835COMMAND?CPU
  +--> ?PR?_CHANGEINPUT?MAIN

?PR?_CHANGEINPUT?MAIN                            -----    -----      001BH    0001H
  +--> ?PR?CLEAROSDINFO?DISPINFO
  +--> ?PR?LCDPOWEROFF?TW88
  +--> ?PR?_INITVIDEODATA?MAIN
  +--> ?PR?COMPOSITE1INPUT?TW88
  +--> ?CO?MAIN
  +--> ?PR?COMPOSITE3INPUT?TW88
  +--> ?PR?COMPOSITE2INPUT?TW88
  +--> ?PR?COMPOSITE4INPUT?TW88
  +--> ?PR?MAIN
  +--> ?PR?_PRINTF?PRINTF
  +--> ?PR?CHECKPANELIMAGE?OSDMENU
  +--> ?PR?_SAVEINPUTSELECTIONEE?ETC_EEP
  +--> ?PR?_DELAY?CPU
  +--> ?PR?CHECKDECODERINPUT?MAIN
  +--> ?PR?DISPLAYINPUT?DISPINFO
BL51 BANKED LINKER/LOCATER V5.03                                                      01/25/2013  13:44:25  PAGE 19


  +--> ?PR?_LCDPOWERON?TW88
  +--> ?PR?_WRITEI2C?I2C
  +--> ?PR?_CHANGEVOL?AUDIO

?PR?CLEAROSDINFO?DISPINFO                        -----    -----      003EH    0001H
  +--> ?PR?CLEARLOGO?DISPINFO
  +--> ?PR?GETDISPLAYEDOSD?DISPINFO
  +--> ?PR?CLEARTVINFO?DISPINFO
  +--> ?PR?CLEARMUTEINFO?DISPINFO
  +--> ?PR?CLEARINPUT?DISPINFO
  +--> ?PR?CLOSEOSDMENU?OSDMENU
  +--> ?PR?CLEARGAUGEINFO?HS_DISPLAYOSD

?PR?CLEARLOGO?DISPINFO                           -----    -----      -----    -----
  +--> ?PR?_SHOWOSDWINDOW_TW88?OSDBASIC

?PR?CLEARTVINFO?DISPINFO                         -----    -----      -----    -----
  +--> ?PR?_SHOWOSDWINDOW_TW88?OSDBASIC

?PR?CLEARMUTEINFO?DISPINFO                       -----    -----      -----    -----
  +--> ?PR?_SHOWOSDWINDOW_TW88?OSDBASIC

?PR?CLEARINPUT?DISPINFO                          -----    -----      -----    -----
  +--> ?PR?_SHOWOSDWINDOWALL?OSDBASIC
  +--> ?PR?_SHOWOSDWINDOW_TW88?OSDBASIC

?PR?_SHOWOSDWINDOWALL?OSDBASIC                   -----    -----      0040H    0002H
  +--> ?PR?WAITENDOFDISPLAYAREA?OSDBASIC
  +--> ?PR?_READI2C?I2C
  +--> ?PR?_WRITEI2C?I2C

?PR?CLOSEOSDMENU?OSDMENU                         -----    -----      003FH    0001H
  +--> ?PR?_SHOWOSDWINDOWALL?OSDBASIC
  +--> ?PR?WAITENDOFDISPLAYAREA?OSDBASIC
  +--> ?PR?_WRITEI2C?I2C
  +--> ?PR?_CLEARDISPLAYEDOSD?DISPINFO

?PR?CLEARGAUGEINFO?HS_DISPLAYOSD                 -----    -----      -----    -----
  +--> ?PR?_SHOWOSDWINDOW_TW88?OSDBASIC

?PR?COMPOSITE1INPUT?TW88                         -----    -----      -----    -----
  +--> ?PR?_WRITEI2C?I2C
  +--> ?PR?TW88
  +--> ?PR?_READI2C?I2C

?PR?COMPOSITE3INPUT?TW88                         -----    -----      -----    -----
  +--> ?PR?_WRITEI2C?I2C
  +--> ?PR?TW88
  +--> ?PR?_READI2C?I2C

?PR?COMPOSITE2INPUT?TW88                         -----    -----      -----    -----
  +--> ?PR?_WRITEI2C?I2C
  +--> ?PR?TW88
  +--> ?PR?_READI2C?I2C

?PR?COMPOSITE4INPUT?TW88                         -----    -----      -----    -----
  +--> ?PR?_WRITEI2C?I2C
BL51 BANKED LINKER/LOCATER V5.03                                                      01/25/2013  13:44:25  PAGE 20


  +--> ?PR?TW88
  +--> ?PR?_READI2C?I2C

?PR?CHECKPANELIMAGE?OSDMENU                      -----    -----      -----    -----
  +--> ?PR?_READI2C?I2C
  +--> ?PR?_WRITEI2C?I2C

?PR?CHECKDECODERINPUT?MAIN                       -----    -----      001CH    0005H
  +--> ?PR?DETECTDECODERINPUT?TW88
  +--> ?PR?_SETVINPUTSTD?MAIN
  +--> ?PR?_DELAY?CPU
  +--> ?PR?_INITVIDEODATA?MAIN

?PR?DETECTDECODERINPUT?TW88                      -----    -----      0021H    0002H
  +--> ?PR?_DELAY?CPU
  +--> ?PR?_READI2C?I2C

?PR?DISPLAYINPUT?DISPINFO                        -----    -----      001CH    0009H
  +--> ?PR?GETDISPLAYEDOSD?DISPINFO
  +--> ?CO?DISPINFO
  +--> ?PR?_PRINTF?PRINTF
  +--> ?PR?CLEAROSDINFO?DISPINFO
  +--> ?CO?OSDBASIC
  +--> ?PR?_INITOSDWINDOW?OSDBASIC
  +--> ?PR?_CLEARDATACNT?OSDBASIC
  +--> ?PR?_DRAWATTRCNT?OSDBASIC
  +--> ?PR?_WRITESTRINGTOADDR?OSDBASIC
  +--> ?PR?GETINPUTSELECTION?MAIN
  +--> ?PR?GETVINPUTSTDINX?MAIN
  +--> ?CO?MAIN
  +--> ?PR?_STRLEN?OSDBASIC
  +--> ?PR?_READEEP?I2C
  +--> ?PR?DISPINFO
  +--> ?PR?_SHOWOSDWINDOW_TW88?OSDBASIC
  +--> ?PR?_SHOWOSDWINDOWALL?OSDBASIC
  +--> ?PR?GETTIME_MS?CPU

?PR?_DVRAODIOSEL?OSDMENU                         -----    -----      0015H    0001H
  +--> ?CO?OSDMENU
  +--> ?PR?_PUTS?PRINTF

?PR?MAIN_LOOP?MAIN                               -----    -----      0003H    0001H
  +--> ?CO?MAIN
  +--> ?PR?_PUTS?PRINTF
  +--> ?PR?RS_READY?CPU
  +--> ?PR?MONITOR?MONITOR
  +--> ?PR?CHECKTRIGGER?HS_KEYREMO
  +--> ?PR?_TRIGGERHANDLER?HS_KEYREMO
  +--> ?PR?SEQMODE?HS_KEYREMO
  +--> ?PR?_READI2C?I2C
  +--> ?PR?_ADJUSTAUTODAYNIGHT?MAIN
  +--> ?PR?CHECKKEYIN?KEYREMO
  +--> ?PR?CHECKANDCLEAROSD?DISPINFO
  +--> ?PR?GETINPUTSELECTION?MAIN
  +--> ?PR?GETDISPLAYEDOSD?DISPINFO
  +--> ?PR?CHECKDECODERINPUT?MAIN
  +--> ?PR?_WRITEI2C?I2C
BL51 BANKED LINKER/LOCATER V5.03                                                      01/25/2013  13:44:25  PAGE 21


  +--> ?PR?_POWERLED?CPU
  +--> ?PR?_WAIT_MS?CPU

?PR?MONITOR?MONITOR                              -----    -----      0004H    0001H
  +--> ?PR?MONGETCOMMAND?MONITOR
  +--> ?CO?MONITOR
  +--> ?PR?MONWRITEI2C?MONITOR
  +--> ?PR?MONNEWWRITEI2C?MONITOR
  +--> ?PR?MONREADI2C?MONITOR
  +--> ?PR?MONNEWREADI2C?MONITOR
  +--> ?PR?_PUTS?PRINTF
  +--> ?PR?MONDUMPI2C?MONITOR
  +--> ?PR?MONNEWDUMPI2C?MONITOR
  +--> ?PR?MONWRITEBIT?MONITOR
  +--> ?PR?_ASC2BIN?MONITOR
  +--> ?PR?MONHELP?MONITOR
  +--> ?PR?_PRINTF?PRINTF
  +--> ?PR?LCDPOWER?TW88
  +--> ?PR?_SAVEDEBUGLEVELEE?ETC_EEP
  +--> ?PR?MONITOR
  +--> ?PR?DISPLAYLOGO?DISPINFO
  +--> ?PR?RS_READY?CPU
  +--> ?PR?_READI2C?I2C
  +--> ?PR?DISPLAYINPUT?DISPINFO
  +--> ?PR?_SHOWOSDWINDOWALL?OSDBASIC
  +--> ?PR?MONTXDUMP?MONITOR
  +--> ?PR?_STRICMP?MONITOR
  +--> ?PR?_DISPLAYRAMFONT?OSDBASIC
  +--> ?PR?_DISPLAYROMFONT?OSDBASIC
  +--> ?PR?PROMPT?MONITOR

?PR?MONGETCOMMAND?MONITOR                        -----    -----      0005H    0003H
  +--> ?PR?RS_READY?CPU
  +--> ?PR?RS_RX?CPU
  +--> ?PR?_MON_TX?MONITOR
  +--> ?PR?PROMPT?MONITOR
  +--> ?PR?MONITOR
  +--> ?PR?_MONINCDECI2C?MONITOR

?PR?_MON_TX?MONITOR                              -----    -----      -----    -----
  +--> ?PR?_RS_TX?CPU

?PR?_MONINCDECI2C?MONITOR                        -----    -----      -----    -----
  +--> ?PR?MONITOR
  +--> ?PR?_WRITEI2C?I2C
  +--> ?PR?_READI2C?I2C
  +--> ?CO?MONITOR
  +--> ?PR?_PRINTF?PRINTF
  +--> ?PR?PROMPT?MONITOR

?PR?MONWRITEI2C?MONITOR                          -----    -----      -----    -----
  +--> ?PR?MONITOR
  +--> ?PR?_ASC2BIN?MONITOR
  +--> ?CO?MONITOR
  +--> ?PR?_PRINTF?PRINTF
  +--> ?PR?_WRITEI2C?I2C
  +--> ?PR?_READI2C?I2C
BL51 BANKED LINKER/LOCATER V5.03                                                      01/25/2013  13:44:25  PAGE 22



?PR?MONNEWWRITEI2C?MONITOR                       -----    -----      0005H    0001H
  +--> ?PR?MONITOR
  +--> ?PR?_ASC2BIN?MONITOR
  +--> ?PR?_WRITEI2C?I2C
  +--> ?PR?_READI2C?I2C
  +--> ?PR?_PRINTF?PRINTF

?PR?MONREADI2C?MONITOR                           -----    -----      -----    -----
  +--> ?PR?MONITOR
  +--> ?PR?_ASC2BIN?MONITOR
  +--> ?PR?_PRINTF?PRINTF
  +--> ?PR?_READI2C?I2C
  +--> ?CO?MONITOR

?PR?MONNEWREADI2C?MONITOR                        -----    -----      0005H    0001H
  +--> ?PR?MONITOR
  +--> ?PR?_PRINTF?PRINTF
  +--> ?PR?_ASC2BIN?MONITOR
  +--> ?PR?_READI2C?I2C

?PR?MONDUMPI2C?MONITOR                           -----    -----      0005H    0003H
  +--> ?PR?MONITOR
  +--> ?PR?_ASC2BIN?MONITOR
  +--> ?PR?_READI2C?I2C
  +--> ?CO?MONITOR
  +--> ?PR?_PRINTF?PRINTF

?PR?MONNEWDUMPI2C?MONITOR                        -----    -----      0005H    0004H
  +--> ?PR?MONITOR
  +--> ?PR?_ASC2BIN?MONITOR
  +--> ?PR?_READI2C?I2C
  +--> ?CO?MONITOR
  +--> ?PR?_PRINTF?PRINTF

?PR?MONWRITEBIT?MONITOR                          -----    -----      0005H    0005H
  +--> ?PR?MONITOR
  +--> ?PR?_ASC2BIN?MONITOR
  +--> ?CO?MONITOR
  +--> ?PR?_WRITEI2C?I2C
  +--> ?PR?_READI2C?I2C
  +--> ?PR?_PRINTF?PRINTF

?PR?MONHELP?MONITOR                              -----    -----      -----    -----
  +--> ?CO?MONITOR
  +--> ?PR?_PRINTF?PRINTF

?PR?LCDPOWER?TW88                                -----    -----      -----    -----
  +--> ?PR?LCDPOWEROFF?TW88
  +--> ?PR?POWERDOWN_XTAL?MAIN
  +--> ?CO?TW88
  +--> ?PR?_DELAY?CPU
  +--> ?PR?_LCDPOWERON?TW88
  +--> ?PR?_PRINTF?PRINTF

?PR?MONTXDUMP?MONITOR                            -----    -----      0005H    0002H
  +--> ?PR?MONITOR
BL51 BANKED LINKER/LOCATER V5.03                                                      01/25/2013  13:44:25  PAGE 23


  +--> ?CO?MONITOR
  +--> ?PR?_PUTS?PRINTF
  +--> ?PR?_A2I?MONITOR
  +--> ?PR?_RS_TX?CPU

?PR?_A2I?MONITOR                                 -----    -----      0007H    0008H
  +--> ?PR?MONITOR

?PR?_STRICMP?MONITOR                             -----    -----      0005H    0008H
  +--> ?PR?MONITOR
  +--> ?PR?_TOUPPER?MONITOR

?PR?_DISPLAYRAMFONT?OSDBASIC                     -----    -----      0005H    0003H
  +--> ?PR?_WRITEI2C?I2C
  +--> ?PR?OSDBASIC
  +--> ?CO?OSDBASIC
  +--> ?PR?_PUTS?PRINTF
  +--> ?PR?RS_READY?CPU
  +--> ?PR?DOWNLOADUDFONT?OSDBASIC
  +--> ?PR?_PRINTF?PRINTF

?PR?_DISPLAYROMFONT?OSDBASIC                     -----    -----      0005H    0002H
  +--> ?PR?OSDBASIC
  +--> ?PR?_WRITEI2C?I2C
  +--> ?CO?OSDBASIC
  +--> ?PR?_PUTS?PRINTF
  +--> ?PR?RS_READY?CPU

?PR?_TRIGGERHANDLER?HS_KEYREMO                   -----    -----      0006H    0009H
  +--> ?CO?HS_KEYREMO
  +--> ?PR?HS_KEYREMO
  +--> ?PR?_PRINTF?PRINTF
  +--> ?PR?SETREARSOURCE?HS_KEYREMO
  +--> ?PR?SETLEFTSOURCE?HS_KEYREMO
  +--> ?PR?SETRIGHTSOURCE?HS_KEYREMO
  +--> ?PR?CLEARGAUGEINFO?HS_DISPLAYOSD
  +--> ?PR?_PUTS?PRINTF
  +--> ?PR?SETTRIGGERCSOURCE?HS_KEYREMO
  +--> ?PR?_HS_DVRTXCMDPASER?HS_DVRPROTOCOL
  +--> ?PR?_READEEP?I2C
  +--> ?PR?CHECKTRIGGER?HS_KEYREMO
  +--> ?PR?_WAIT_MS?CPU
  +--> ?PR?DISPLAYINPUT?DISPINFO
  +--> ?PR?SETNOWMODE?HS_KEYREMO

?PR?SETREARSOURCE?HS_KEYREMO                     -----    -----      -----    -----
  +--> ?CO?HS_KEYREMO
  +--> ?PR?HS_KEYREMO
  +--> ?PR?_SETSOURCEMODE?HS_KEYREMO
  +--> ?PR?_READEEP?I2C
  +--> ?PR?DISPLAYGAUGEOSD?HS_DISPLAYOSD

?PR?DISPLAYGAUGEOSD?HS_DISPLAYOSD                -----    -----      000FH    0001H
  +--> ?PR?CLEAROSDINFO?DISPINFO
  +--> ?PR?HS_DISPLAYOSD
  +--> ?PR?_INITOSDWINDOW?OSDBASIC
  +--> ?PR?_CLEARDATACNT?OSDBASIC
BL51 BANKED LINKER/LOCATER V5.03                                                      01/25/2013  13:44:25  PAGE 24


  +--> ?PR?_DRAWATTRCNT?OSDBASIC
  +--> ?CO?HS_DISPLAYOSD
  +--> ?PR?_WRITESTRINGTOADDR?OSDBASIC
  +--> ?PR?_SETDISPLAYEDOSD?DISPINFO
  +--> ?PR?_SHOWOSDWINDOW_TW88?OSDBASIC
  +--> ?PR?_SHOWOSDWINDOWALL?OSDBASIC
  +--> ?PR?_WRITEI2C?I2C

?PR?HS_DISPLAYOSD                                -----    -----      -----    -----
  +--> ?CO?HS_DISPLAYOSD

?PR?SETLEFTSOURCE?HS_KEYREMO                     -----    -----      -----    -----
  +--> ?PR?_READEEP?I2C
  +--> ?CO?HS_KEYREMO
  +--> ?PR?HS_KEYREMO
  +--> ?PR?_SETSOURCEMODE?HS_KEYREMO

?PR?SETRIGHTSOURCE?HS_KEYREMO                    -----    -----      -----    -----
  +--> ?PR?_READEEP?I2C
  +--> ?CO?HS_KEYREMO
  +--> ?PR?HS_KEYREMO
  +--> ?PR?_SETSOURCEMODE?HS_KEYREMO

?PR?SETTRIGGERCSOURCE?HS_KEYREMO                 -----    -----      000FH    0001H
  +--> ?PR?_READEEP?I2C
  +--> ?PR?HS_KEYREMO
  +--> ?PR?_SETSOURCEMODE?HS_KEYREMO

?PR?SEQMODE?HS_KEYREMO                           -----    -----      -----    -----
  +--> ?CO?HS_KEYREMO
  +--> ?PR?HS_KEYREMO
  +--> ?PR?_SETSOURCEMODE?HS_KEYREMO

?PR?_ADJUSTAUTODAYNIGHT?MAIN                     -----    -----      0004H    0002H
  +--> ?PR?_READI2C?I2C
  +--> ?PR?MAIN
  +--> ?PR?_WRITEI2C?I2C

?PR?CHECKKEYIN?KEYREMO                           -----    -----      0004H    0003H
  +--> ?PR?_GETKEY?KEYREMO
  +--> ?CO?KEYREMO
  +--> ?PR?_PRINTF?PRINTF
  +--> ?PR?_WAIT_MS?CPU
  +--> ?PR?CLEARGAUGEINFO?HS_DISPLAYOSD
  +--> ?PR?DISPLAYINPUT?DISPINFO
  +--> ?PR?_POWERLED?CPU
  +--> ?PR?SETOSDLASTKEYINTIME?MAIN
  +--> ?PR?_ACTIONREMO?KEYREMO
  +--> ?PR?_WRITEEEP?I2C
  +--> ?PR?_DISPLAYINFORMATION?HS_DISPLAYOSD
  +--> ?PR?_DELAY?CPU
  +--> ?PR?GETDISPLAYEDOSD?DISPINFO
  +--> ?PR?OSDSELECT?OSDMENU
  +--> ?PR?CLEAROSDINFO?DISPINFO
  +--> ?PR?CLOSEOSDMENU?OSDMENU
  +--> ?PR?_OSDVALUEUPDN?OSDMENU
  +--> ?PR?_OSDCURSORMOVE?OSDMENU
BL51 BANKED LINKER/LOCATER V5.03                                                      01/25/2013  13:44:25  PAGE 25


  +--> ?PR?SETSELECTMODE?HS_KEYREMO
  +--> ?PR?SETJUMPMODE?HS_KEYREMO
  +--> ?PR?_CAM_TXCOMMAND_TORS485?HS_DVRPROT...
  +--> ?PR?_HS_DVRTXCMDPASER?HS_DVRPROTOCOL
  +--> ?PR?DISPLAYFWVERSION?HS_DISPLAYOSD
  +--> ?PR?_WRITEI2C?I2C
  +--> ?PR?_READEEP?I2C

?PR?_GETKEY?KEYREMO                              0023H.1  0000H.1    0007H    0001H

?PR?SETOSDLASTKEYINTIME?MAIN                     -----    -----      -----    -----
  +--> ?PR?GETTIME_MS?CPU

?PR?_ACTIONREMO?KEYREMO                          -----    -----      0007H    0002H
  +--> ?PR?SETOSDLASTKEYINTIME?MAIN
  +--> ?PR?GETNEXTINPUTSELECTION?MAIN
  +--> ?PR?_CHANGEINPUT?MAIN
  +--> ?PR?GETDISPLAYEDOSD?DISPINFO
  +--> ?PR?CLEARINPUT?DISPINFO
  +--> ?PR?DISPLAYINPUT?DISPINFO
  +--> ?PR?REMOCHNUP_UPKEY?KEYREMO
  +--> ?PR?REMOCHNDN_DNKEY?KEYREMO
  +--> ?PR?OSDSELECT?OSDMENU
  +--> ?PR?REMOVOLUP_RIGHTKEY?KEYREMO
  +--> ?PR?REMOVOLDN_LEFTKEY?KEYREMO
  +--> ?PR?_REMOMENU_MENUKEY?KEYREMO
  +--> ?PR?_DOACTION?OSDMENU
  +--> ?PR?_SETITEMVALUE?OSDMENU

?PR?GETNEXTINPUTSELECTION?MAIN                   -----    -----      -----    -----
  +--> ?PR?MAIN

?PR?REMOCHNUP_UPKEY?KEYREMO                      -----    -----      -----    -----
  +--> ?PR?GETDISPLAYEDOSD?DISPINFO
  +--> ?PR?_OSDCURSORMOVE?OSDMENU

?PR?_OSDCURSORMOVE?OSDMENU                       0023H.1  0000H.1    0009H    0004H
  +--> ?PR?OSDMENU
  +--> ?PR?_READEEP?I2C
  +--> ?PR?_GETNEXTCURSORMENUITEM?OSDMENU
  +--> ?PR?_GETLOWERMENUITEM?OSDMENU
  +--> ?PR?CLEARVALUEWIN?OSDMENU
  +--> ?PR?CLEARCURSOR?OSDMENU
  +--> ?PR?WAITENDOFDISPLAYAREA?OSDBASIC
  +--> ?PR?_GETOSDWINDOWX?OSDBASIC
  +--> ?PR?_SETOSDWINDOWX_TW88?OSDBASIC
  +--> ?PR?_WRITEI2C?I2C
  +--> ?PR?DISPLAYOSDMENU?OSDMENU
  +--> ?PR?_DRAWMENULIST?OSDMENU
  +--> ?PR?DISPLAYCURSOR?OSDMENU

?PR?_GETNEXTCURSORMENUITEM?OSDMENU               -----    -----      000DH    0005H
  +--> ?PR?_GETUPPERMENUITEM?OSDMENU
  +--> ?PR?_GETLOWERMENUITEM?OSDMENU

?PR?CLEARVALUEWIN?OSDMENU                        -----    -----      -----    -----
  +--> ?PR?SAVEVALUE1?OSDMENU
BL51 BANKED LINKER/LOCATER V5.03                                                      01/25/2013  13:44:25  PAGE 26



?PR?SAVEVALUE1?OSDMENU                           -----    -----      -----    -----
  +--> ?PR?OSDMENU

?PR?CLEARCURSOR?OSDMENU                          -----    -----      000DH    0002H
  +--> ?PR?OSDMENU
  +--> ?PR?_DRAWATTRCNT?OSDBASIC

?PR?REMOCHNDN_DNKEY?KEYREMO                      -----    -----      -----    -----
  +--> ?PR?GETDISPLAYEDOSD?DISPINFO
  +--> ?PR?_OSDCURSORMOVE?OSDMENU

?PR?OSDSELECT?OSDMENU                            -----    -----      0009H    0002H
  +--> ?PR?OSDMENU
  +--> ?PR?GETINPUTSELECTION?MAIN
  +--> ?PR?READVINPUTSTD?MAIN
  +--> ?PR?_DOACTION?OSDMENU
  +--> ?PR?DISPLAYCURSOR?OSDMENU
  +--> ?PR?_GETITEMVALUE?OSDMENU
  +--> ?PR?_WRITEI2C?I2C
  +--> ?PR?PUSHMENU?OSDMENU
  +--> ?PR?_GET_CURSOR_ITEM?OSDMENU
  +--> ?PR?DISPLAYOSDMENU?OSDMENU

?PR?_DOACTION?OSDMENU                            -----    -----      000BH    0001H
  +--> ?PR?_CHANGEINPUT?MAIN
  +--> ?PR?SETNOWMODE?HS_KEYREMO
  +--> ?PR?DISPLAYINPUT?DISPINFO
  +--> ?CO?OSDMENU
  +--> ?PR?CLEAROSDINFO?DISPINFO
  +--> ?PR?_HS_DVRTXCMDPASER?HS_DVRPROTOCOL
  +--> ?PR?DISPLAYINFO_OSD?OSDMENU
  +--> ?PR?CLOSEOSDMENU?OSDMENU
  +--> ?PR?_READEEP?I2C
  +--> ?PR?_DISPLAYINFORMATION?HS_DISPLAYOSD
  +--> ?PR?OSDMENU
  +--> ?PR?_PRINTF?PRINTF
  +--> ?PR?DVRRECEIVEPASER?HS_DVRPROTOCOL
  +--> ?PR?_WRITEEEP?I2C
  +--> ?PR?OSDHIGHMENU_SUB?OSDMENU
  +--> ?PR?_WAIT_MS?CPU
  +--> ?PR?_CAM_TXCOMMAND_TORS485?HS_DVRPROT...
  +--> ?PR?RESETVIDEOVALUE?OSDMENU
  +--> ?PR?RESETOSDVALUE?OSDMENU

?PR?DISPLAYINFO_OSD?OSDMENU                      -----    -----      000CH    0008H
  +--> ?PR?PUSHMENU?OSDMENU
  +--> ?PR?OSDMENU
  +--> ?PR?_DRAWMENULIST?OSDMENU
  +--> ?PR?_DRAWATTRCNT?OSDBASIC
  +--> ?CO?OSDMENU
  +--> ?PR?_WRITESTRINGTOADDR?OSDBASIC
  +--> ?PR?GETINPUTSELECTION?MAIN
  +--> ?CO?MAIN
  +--> ?PR?_STRLEN?OSDBASIC
  +--> ?PR?GETVINPUTSTDINX?MAIN
  +--> ?PR?_READEEP?I2C
BL51 BANKED LINKER/LOCATER V5.03                                                      01/25/2013  13:44:25  PAGE 27



?PR?_DISPLAYINFORMATION?HS_DISPLAYOSD            -----    -----      000CH    0001H
  +--> ?PR?HS_DISPLAYOSD
  +--> ?PR?_INITOSDWINDOW?OSDBASIC
  +--> ?PR?CLEAROSDINFO?DISPINFO
  +--> ?PR?_CLEARDATACNT?OSDBASIC
  +--> ?CO?HS_DISPLAYOSD
  +--> ?PR?_DRAWATTRCNT?OSDBASIC
  +--> ?PR?_WRITESTRINGTOADDR?OSDBASIC
  +--> ?PR?_SHOWOSDWINDOW_TW88?OSDBASIC
  +--> ?PR?_SHOWOSDWINDOWALL?OSDBASIC
  +--> ?PR?_WRITEI2C?I2C

?PR?DVRRECEIVEPASER?HS_DVRPROTOCOL               -----    -----      000CH    0020H
  +--> ?PR?HS_DVRPROTOCOL
  +--> ?CO?HS_DVRPROTOCOL
  +--> ?PR?_PRINTF?PRINTF
  +--> ?PR?_HS_SEND_DVR_COMMAND?HS_DVRPROTOCOL
  +--> ?PR?DISPLAYFWVERSION?HS_DISPLAYOSD

?PR?DISPLAYFWVERSION?HS_DISPLAYOSD               -----    -----      002CH    0012H
  +--> ?CO?HS_DISPLAYOSD
  +--> ?PR?HS_DISPLAYOSD
  +--> ?PR?CLEAROSDINFO?DISPINFO
  +--> ?PR?_INITOSDWINDOW?OSDBASIC
  +--> ?PR?_CLEARDATACNT?OSDBASIC
  +--> ?PR?_DRAWATTRCNT?OSDBASIC
  +--> ?PR?_WRITESTRINGTOADDR?OSDBASIC
  +--> ?CO?OSDMENU
  +--> ?PR?_SETDISPLAYEDOSD?DISPINFO
  +--> ?PR?_SHOWOSDWINDOW_TW88?OSDBASIC
  +--> ?PR?_SHOWOSDWINDOWALL?OSDBASIC
  +--> ?PR?_WRITEI2C?I2C

?PR?OSDHIGHMENU_SUB?OSDMENU                      -----    -----      000CH    0001H
  +--> ?PR?OSDMENU
  +--> ?PR?POPMENU?OSDMENU
  +--> ?PR?CLOSEOSDMENU?OSDMENU
  +--> ?CO?OSDMENU
  +--> ?PR?_PRINTF?PRINTF
  +--> ?PR?DISPLAYOSDMENU?OSDMENU
  +--> ?PR?_DRAWMENULIST?OSDMENU
  +--> ?PR?DISPLAYCURSOR?OSDMENU
  +--> ?PR?_WRITEI2C?I2C

?PR?_CAM_TXCOMMAND_TORS485?HS_DVRPROT...         -----    -----      000CH    0002H
  +--> ?PR?HS_DVRPROTOCOL
  +--> ?PR?SEND_PELCOP_COMMAND?HS_DVRPROTOCOL
  +--> ?PR?SEND_PELCOD_COMMAND?HS_DVRPROTOCOL

?PR?SEND_PELCOP_COMMAND?HS_DVRPROTOCOL           -----    -----      000EH    0001H
  +--> ?PR?HS_DVRPROTOCOL
  +--> ?CO?HS_DVRPROTOCOL
  +--> ?PR?_PRINTF?PRINTF
  +--> ?PR?_WAIT_MS?CPU
  +--> ?PR?_RS2_TX?CPU

BL51 BANKED LINKER/LOCATER V5.03                                                      01/25/2013  13:44:25  PAGE 28


?PR?SEND_PELCOD_COMMAND?HS_DVRPROTOCOL           -----    -----      000EH    0001H
  +--> ?PR?HS_DVRPROTOCOL
  +--> ?CO?HS_DVRPROTOCOL
  +--> ?PR?_PRINTF?PRINTF
  +--> ?PR?_WAIT_MS?CPU
  +--> ?PR?_RS2_TX?CPU

?PR?_GET_CURSOR_ITEM?OSDMENU                     -----    -----      000BH    0002H
  +--> ?PR?GETINPUTSELECTION?MAIN
  +--> ?PR?_GETTARGETCHILD?OSDMENU

?PR?_GETTARGETCHILD?OSDMENU                      -----    -----      -----    -----
  +--> ?PR?OSDMENU
  +--> ?PR?_GETLOWERMENUITEM?OSDMENU

?PR?REMOVOLUP_RIGHTKEY?KEYREMO                   -----    -----      -----    -----
  +--> ?PR?GETDISPLAYEDOSD?DISPINFO
  +--> ?PR?_OSDVALUEUPDN?OSDMENU
  +--> ?PR?OSDSELECT?OSDMENU
  +--> ?PR?_CHANGEVOL?AUDIO
  +--> ?PR?DISPLAYVOL?DISPINFO

?PR?_OSDVALUEUPDN?OSDMENU                        -----    -----      0009H    0008H
  +--> ?PR?OSDMENU
  +--> ?PR?_SETITEMVALUE?OSDMENU
  +--> ?PR?_DISPLAYVIEWBAR?OSDMENU
  +--> ?PR?_DRAWNUM?OSDMENU
  +--> ?PR?_DRAWSTRINGBYLANG?OSDMENU

?PR?_SETITEMVALUE?OSDMENU                        -----    -----      0011H    0004H
  +--> ?PR?OSDMENU
  +--> ?CO?OSDMENU
  +--> ?PR?_PRINTF?PRINTF
  +--> ?PR?_SETOSDPOSITIONMODE?OSDMENU
  +--> ?PR?_SETLANGUAGE?OSDMENU
  +--> ?PR?_SETPCCOLORTEMP?OSDMENU
  +--> ?PR?_SETPCCOLOR?OSDMENU
  +--> ?PR?_SETVIDEOMODE?OSDMENU
  +--> ?PR?_READEEP?I2C
  +--> ?PR?_DRAWATTRCNT?OSDBASIC
  +--> ?PR?_CHANGEVIDEODATA?OSDMENU
  +--> ?PR?_SETVIDEOSHARPNESS?OSDMENU
  +--> ?PR?_CHANGEVOL?AUDIO
  +--> ?PR?_SET4WIDESCREEN?OSDMENU
  +--> ?PR?_WRITEEEP?I2C
  +--> ?PR?SETNOWMODE?HS_KEYREMO
  +--> ?PR?GETINPUTSELECTION?MAIN
  +--> ?PR?_TW2835COMMAND?CPU
  +--> ?PR?SEQMODE?HS_KEYREMO
  +--> ?PR?_CAMOUTDSEL?OSDMENU
  +--> ?PR?_HS_DVRTXCMDPASER?HS_DVRPROTOCOL
  +--> ?PR?_DVRAODIOSEL?OSDMENU

?PR?_SETOSDPOSITIONMODE?OSDMENU                  -----    -----      0015H    0016H
  +--> ?PR?GETOSDPOSITIONMODE?OSDMENU
  +--> ?PR?OSDMENU
  +--> ?PR?_GETOSDWINDOWX?OSDBASIC
BL51 BANKED LINKER/LOCATER V5.03                                                      01/25/2013  13:44:25  PAGE 29


  +--> ?PR?_GETOSDWINDOWY?OSDBASIC
  +--> ?PR?WAITENDOFDISPLAYAREA?OSDBASIC
  +--> ?PR?_READI2C?I2C
  +--> ?PR?_WRITEI2C?I2C
  +--> ?PR?_WRITEI2CN?I2C
  +--> ?PR?_SAVEOSDPOSITIONMODEEE?ETC_EEP

?PR?_SETLANGUAGE?OSDMENU                         -----    -----      -----    -----
  +--> ?PR?OSDMENU
  +--> ?PR?_SAVEOSDLANGEE?ETC_EEP

?PR?_SETPCCOLORTEMP?OSDMENU                      -----    -----      0015H    0002H
  +--> ?PR?OSDMENU
  +--> ?PR?_WRITEEEP?I2C
  +--> ?PR?_READEEP?I2C
  +--> ?CO?OSDMENU
  +--> ?PR?_MAPPING1?TW88
  +--> ?PR?_SETRGBCONTRAST?OSDMENU
  +--> ?PR?_DRAWATTRCNT?OSDBASIC

?PR?_SETRGBCONTRAST?OSDMENU                      -----    -----      0017H    0008H
  +--> ?PR?_READEEP?I2C
  +--> ?PR?OSDMENU
  +--> ?PR?_MAPPING1?TW88
  +--> ?PR?_WRITEI2C?I2C

?PR?_SETPCCOLOR?OSDMENU                          -----    -----      0015H    0007H
  +--> ?PR?OSDMENU
  +--> ?PR?_MAPPING1?TW88
  +--> ?PR?_WRITEEEP?I2C
  +--> ?PR?_READEEP?I2C
  +--> ?CO?OSDMENU
  +--> ?PR?_WRITEI2C?I2C

?PR?_CHANGEVIDEODATA?OSDMENU                     -----    -----      0015H    0003H
  +--> ?PR?OSDMENU
  +--> ?PR?_SETVIDEOCONTRAST?OSDMENU
  +--> ?PR?_SETVIDEOBRIGHTNESS?OSDMENU
  +--> ?PR?_SETVIDEOSATURATION?OSDMENU
  +--> ?PR?_SETVIDEOHUE?OSDMENU
  +--> ?PR?_SETVIDEOBACKLIGHT?OSDMENU
  +--> ?PR?_SAVEVIDEODATATOEE?ETC_EEP

?PR?_SETVIDEOBACKLIGHT?OSDMENU                   -----    -----      0018H    0003H
  +--> ?PR?OSDMENU
  +--> ?CO?OSDMENU
  +--> ?PR?_MAPPING1?TW88
  +--> ?PR?_READI2C?I2C
  +--> ?PR?_WRITEI2C?I2C

?PR?_SETVIDEOSHARPNESS?OSDMENU                   -----    -----      0015H    0005H
  +--> ?PR?_READI2C?I2C
  +--> ?CO?OSDMENU
  +--> ?PR?OSDMENU
  +--> ?PR?_MAPPING1?TW88
  +--> ?PR?_WRITEI2C?I2C
  +--> ?PR?_SAVEVIDEODATATOEE?ETC_EEP
BL51 BANKED LINKER/LOCATER V5.03                                                      01/25/2013  13:44:25  PAGE 30



?PR?DISPLAYVOL?DISPINFO                          -----    -----      0009H    0002H
  +--> ?CO?DISPINFO
  +--> ?PR?_PRINTF?PRINTF
  +--> ?PR?_WRITEI2C?I2C
  +--> ?PR?CLEAROSDINFO?DISPINFO
  +--> ?PR?_DELAY?CPU
  +--> ?CO?OSDBASIC
  +--> ?PR?_INITOSDWINDOW?OSDBASIC
  +--> ?PR?_CLEARDATACNT?OSDBASIC
  +--> ?PR?_DRAWATTRCNT?OSDBASIC
  +--> ?PR?GETOSDLANG?OSDMENU
  +--> ?CO?OSDMENU
  +--> ?PR?_STRLEN?OSDBASIC
  +--> ?PR?_WRITESTRINGTOADDR?OSDBASIC
  +--> ?PR?_SHOWOSDWINDOW_TW88?OSDBASIC
  +--> ?PR?_SHOWOSDWINDOWALL?OSDBASIC
  +--> ?PR?_DISPLAYVOLUMEBAR?OSDMENU
  +--> ?PR?GETTIME_MS?CPU
  +--> ?PR?_WAIT_MS?CPU

?PR?GETOSDLANG?OSDMENU                           -----    -----      -----    -----
  +--> ?PR?GETOSDLANGEE?ETC_EEP

?PR?_DISPLAYVOLUMEBAR?OSDMENU                    -----    -----      000BH    0019H
  +--> ?CO?OSDMENU
  +--> ?PR?OSDMENU
  +--> ?PR?_WRITESTRINGTOADDR?OSDBASIC

?PR?REMOVOLDN_LEFTKEY?KEYREMO                    -----    -----      -----    -----
  +--> ?PR?GETDISPLAYEDOSD?DISPINFO
  +--> ?PR?_OSDVALUEUPDN?OSDMENU
  +--> ?PR?OSDHIGHMENU?OSDMENU
  +--> ?PR?_CHANGEVOL?AUDIO
  +--> ?PR?DISPLAYVOL?DISPINFO

?PR?OSDHIGHMENU?OSDMENU                          -----    -----      -----    -----
  +--> ?PR?CLEARVALUEWIN?OSDMENU
  +--> ?PR?_DRAWMENULIST?OSDMENU
  +--> ?PR?DISPLAYCURSOR?OSDMENU
  +--> ?PR?OSDMENU
  +--> ?PR?_DOACTION?OSDMENU
  +--> ?PR?CLEARCURSOR?OSDMENU
  +--> ?PR?OSDHIGHMENU_SUB?OSDMENU

?PR?_REMOMENU_MENUKEY?KEYREMO                    -----    -----      0009H    0001H
  +--> ?PR?GETDISPLAYEDOSD?DISPINFO
  +--> ?PR?OSDHIGHMENU?OSDMENU
  +--> ?PR?_OPENOSDMENU?OSDMENU

?PR?_OPENOSDMENU?OSDMENU                         -----    -----      000AH    0002H
  +--> ?PR?CLEAROSDINFO?DISPINFO
  +--> ?PR?_INITOSDMENU?OSDMENU
  +--> ?PR?_SHOWOSDWINDOW_TW88?OSDBASIC
  +--> ?PR?_SHOWOSDWINDOWALL?OSDBASIC
  +--> ?PR?_SETDISPLAYEDOSD?DISPINFO

BL51 BANKED LINKER/LOCATER V5.03                                                      01/25/2013  13:44:25  PAGE 31


?PR?SETSELECTMODE?HS_KEYREMO                     -----    -----      0007H    0001H
  +--> ?PR?HS_KEYREMO
  +--> ?PR?_PUTS?PRINTF
  +--> ?PR?_SETSOURCEMODE?HS_KEYREMO
  +--> ?PR?_WRITEEEP?I2C

?PR?SETJUMPMODE?HS_KEYREMO                       -----    -----      0007H    0001H
  +--> ?PR?_READEEP?I2C
  +--> ?CO?HS_KEYREMO
  +--> ?PR?_PUTS?PRINTF
  +--> ?PR?HS_KEYREMO
  +--> ?PR?_SETSOURCEMODE?HS_KEYREMO
  +--> ?PR?_WRITEEEP?I2C

?PR?CHECKANDCLEAROSD?DISPINFO                    -----    -----      0004H    0006H
  +--> ?PR?GETDISPLAYEDOSD?DISPINFO
  +--> ?PR?GETOSDLASTKEYINTIME?MAIN
  +--> ?PR?GETTIME_MS?CPU
  +--> ?PR?_DIFFTIME_MS?CPU
  +--> ?PR?CLEARTVINFO?DISPINFO
  +--> ?PR?DISPLAYINPUT?DISPINFO
  +--> ?PR?CLOSEOSDMENU?OSDMENU

?PR?POWEROFF?MAIN                                -----    -----      -----    -----
  +--> ?PR?AUDIOMUTE?AUDIO
  +--> ?PR?LCDPOWEROFF?TW88
  +--> ?PR?_POWERLED?CPU

?PR?WAITPOWERON?MAIN                             -----    -----      0003H    0003H
  +--> ?PR?CHECKTRIGGER?HS_KEYREMO
  +--> ?PR?_TRIGGERHANDLER?HS_KEYREMO
  +--> ?PR?_LCDPOWERON?TW88
  +--> ?PR?AUDIOMUTE?AUDIO
  +--> ?PR?POWEROFF?MAIN
  +--> ?PR?GETDISPLAYEDOSD?DISPINFO
  +--> ?PR?DISPLAYDVRSTATUS?HS_DISPLAYOSD
  +--> ?PR?_GETKEY?KEYREMO
  +--> ?PR?_WRITEEEP?I2C
  +--> ?PR?_POWERLED?CPU
  +--> ?PR?_CHANGEVOL?AUDIO

?PR?DISPLAYDVRSTATUS?HS_DISPLAYOSD               -----    -----      0006H    0001H
  +--> ?CO?OSDBASIC
  +--> ?PR?_INITOSDWINDOW?OSDBASIC
  +--> ?PR?CLEAROSDINFO?DISPINFO
  +--> ?PR?_CLEARDATACNT?OSDBASIC
  +--> ?PR?_DRAWATTRCNT?OSDBASIC
  +--> ?CO?HS_DISPLAYOSD
  +--> ?PR?_PRINTF?PRINTF
  +--> ?PR?HS_DISPLAYOSD
  +--> ?PR?_WRITESTRINGTOADDR?OSDBASIC
  +--> ?CO?OSDMENU
  +--> ?PR?_READEEP?I2C
  +--> ?PR?_SHOWOSDWINDOW_TW88?OSDBASIC
  +--> ?PR?_SHOWOSDWINDOWALL?OSDBASIC
  +--> ?PR?_WRITEI2C?I2C
  +--> ?PR?_DISPLAYNUMBER?HS_DISPLAYOSD
BL51 BANKED LINKER/LOCATER V5.03                                                      01/25/2013  13:44:25  PAGE 32



?PR?_DISPLAYNUMBER?HS_DISPLAYOSD                 -----    -----      0007H    0018H
  +--> ?CO?HS_DISPLAYOSD
  +--> ?PR?HS_DISPLAYOSD
  +--> ?PR?_DRAWATTRCNT?OSDBASIC
  +--> ?PR?_WRITESTRINGTOADDR?OSDBASIC



SYMBOL TABLE OF MODULE:  .\Output\AWT_ML074Q (ADC)

  VALUE           TYPE          NAME
  ----------------------------------

  -------         MODULE        ADC
  C:0000H         SYMBOL        _ICE_DUMMY_
  -------         ENDMOD        ADC

  -------         MODULE        CPU
  C:0000H         SYMBOL        _ICE_DUMMY_
  C:CBACH         PUBLIC        InitCPU
  D:00B1H         PUBLIC        P3M0
  C:9B92H         PUBLIC        timer0_int
  X:0137H         PUBLIC        FormatSDCard
  D:00B2H         PUBLIC        P3M1
  D:00A0H         PUBLIC        P2
  C:DCB9H         PUBLIC        timer2_int
  D:00E8H         PUBLIC        P4
  X:0138H         PUBLIC        FormatWait
  C:DDDFH         PUBLIC        _RS2_tx
  D:0024H         PUBLIC        DVR_buf
  D:0042H         PUBLIC        keytic
  D:00A8H         PUBLIC        IE
  D:0043H         PUBLIC        RS2_in
  B:0021H.5       PUBLIC        RepeatKey
  B:00B0H.4       PUBLIC        P3_4
  B:00A8H.4       PUBLIC        ES
  D:00B8H         PUBLIC        IP
  D:00DEH         PUBLIC        CCAPM4
  B:0098H.0       PUBLIC        RI
  B:0098H.1       PUBLIC        TI
  C:DD67H         PUBLIC        RS_ready
  D:0044H         PUBLIC        tic01
  B:0021H.6       PUBLIC        KeyReady
  C:75D3H         PUBLIC        _TW2835Command
  B:0021H.7       PUBLIC        RS_Xbusy
  D:00D8H         PUBLIC        CCON
  X:0139H         PUBLIC        keyticSec
  D:0045H         PUBLIC        Key
  C:D97AH         PUBLIC        _DiffTime_ms
  C:D52BH         PUBLIC        serial_int
  C:0026H         PUBLIC        ext1_int
  D:0099H         PUBLIC        SBUF
  D:0087H         PUBLIC        PCON
  D:0098H         PUBLIC        SCON
  C:D9D7H         PUBLIC        InitVars
  D:0089H         PUBLIC        TMOD
BL51 BANKED LINKER/LOCATER V5.03                                                      01/25/2013  13:44:25  PAGE 33


  D:0088H         PUBLIC        TCON
  C:CCD6H         PUBLIC        _Wait_ms
  C:4647H         PUBLIC        PanelInfoStr
  D:00BFH         PUBLIC        CHPCON
  C:95D2H         PUBLIC        main_init
  D:00F6H         PUBLIC        CHPENR
  X:013AH         PUBLIC        PowerDownWait
  D:0046H         PUBLIC        tm01
  D:0048H         PUBLIC        stopWatch
  D:004AH         SYMBOL        RS_buf
  C:D9F5H         PUBLIC        _PowerLED
  B:00A8H.5       PUBLIC        ET2
  B:00C8H.7       PUBLIC        TF2
  D:008CH         PUBLIC        TH0
  D:008DH         PUBLIC        TH1
  B:00A8H.2       PUBLIC        EX1
  D:008AH         PUBLIC        TL0
  C:0003H         PUBLIC        _RS_tx
  C:B183H         PUBLIC        InitTechwell
  B:0022H.0       PUBLIC        RS2_Xbusy
  B:00C8H.2       PUBLIC        TR2
  D:0052H         PUBLIC        RS_in
  D:0053H         PUBLIC        RS_out
  C:D5F8H         PUBLIC        serial2_int
  D:009AH         PUBLIC        S2BUF
  D:00AAH         PUBLIC        S2CON
  D:00C8H         PUBLIC        T2CON
  D:00BAH         PUBLIC        S2BRT
  C:DBCFH         PUBLIC        RS_rx
  C:DC13H         PUBLIC        _delay
  D:0054H         PUBLIC        tm001
  D:00A6H         PUBLIC        AUXR2
  C:D236H         PUBLIC        GetTime_ms
  D:0055H         PUBLIC        tic_pc
  D:0057H         PUBLIC        RS_buf2
  D:005FH         PUBLIC        SystemClock
  C:45E1H         PUBLIC        CommTable
  D:00ADH         PUBLIC        AUXIE
  C:D044H         SYMBOL        Com00A2
  C:D044H         SYMBOL        L?0163
  C:D045H         SYMBOL        L?0164
  C:D048H         SYMBOL        L?0165
  C:D051H         SYMBOL        L?0166
  C:D051H         SYMBOL        L?0167
  C:D05AH         SYMBOL        L?0168
  C:D05BH         SYMBOL        L?0169
  C:D05CH         SYMBOL        L?0170
  C:D065H         SYMBOL        L?0172
  C:D065H         SYMBOL        L?0173
  C:D06DH         SYMBOL        L?0174
  C:D071H         SYMBOL        L?0175
  C:D079H         SYMBOL        L?0176
  C:D07CH         SYMBOL        L?0177
  -------         PROC          COM00A2
  -------         ENDPROC       COM00A2
  -------         PROC          MAIN_INIT
  -------         DO            
BL51 BANKED LINKER/LOCATER V5.03                                                      01/25/2013  13:44:25  PAGE 34


  X:0003H         SYMBOL        rev
  -------         ENDDO         
  C:95D2H         LINE#         257
  C:95D2H         LINE#         258
  C:95D2H         LINE#         265
  C:95DBH         LINE#         279
  C:95E2H         LINE#         280
  C:95F4H         LINE#         282
  C:9601H         LINE#         283
  C:9601H         LINE#         284
  C:9614H         LINE#         285
  C:961BH         LINE#         286
  C:9629H         LINE#         287
  C:9629H         LINE#         292
  C:9632H         LINE#         293
  C:9632H         LINE#         294
  C:9640H         LINE#         295
  C:9640H         LINE#         296
  C:9648H         LINE#         299
  C:964DH         LINE#         300
[...]
  X:0008H         SYMBOL        MonMask
  D:0004H         SYMBOL        val
BL51 BANKED LINKER/LOCATER V5.03                                                      01/25/2013  13:44:25  PAGE 184


  X:0009H         SYMBOL        Slave
  -------         ENDDO         
  C:A2CDH         LINE#         345
  C:A2CDH         LINE#         346
  C:A2CDH         LINE#         351
  C:A2D6H         LINE#         352
  C:A2DCH         LINE#         354
  C:A2DCH         LINE#         355
  C:A2E4H         LINE#         357
  C:A2E4H         LINE#         358
  C:A2EEH         LINE#         359
  C:A2F8H         LINE#         360
  C:A303H         LINE#         362
  C:A31CH         LINE#         363
  C:A325H         LINE#         365
  C:A325H         LINE#         367
  C:A32BH         LINE#         368
  C:A32DH         LINE#         369
  C:A339H         LINE#         370
  C:A33FH         LINE#         371
  C:A342H         LINE#         372
  C:A345H         LINE#         374
  C:A347H         LINE#         375
  C:A353H         LINE#         376
  C:A359H         LINE#         377
  C:A35DH         LINE#         378
  C:A360H         LINE#         380
  C:A368H         LINE#         381
  C:A36BH         LINE#         382
  C:A36EH         LINE#         384
  C:A374H         LINE#         385
  C:A377H         LINE#         386
  C:A379H         LINE#         387
  C:A379H         LINE#         388
  C:A37CH         LINE#         389
  C:A37FH         LINE#         391
  C:A385H         LINE#         392
  C:A390H         LINE#         393
  C:A390H         LINE#         395
  C:A393H         LINE#         396
  C:A3A2H         LINE#         398
  -------         ENDPROC       MONWRITEBIT
  -------         PROC          MONTXDUMP
  -------         DO            
  X:0005H         SYMBOL        count
  -------         ENDDO         
  C:D2ECH         LINE#         422
  C:D2ECH         LINE#         423
  C:D2ECH         LINE#         426
  C:D2F1H         LINE#         427
  C:D2FAH         LINE#         429
  C:D2FAH         LINE#         430
  C:D30BH         LINE#         431
  C:D30BH         LINE#         432
  C:D317H         LINE#         433
  C:D31DH         LINE#         434
  C:D327H         LINE#         435
BL51 BANKED LINKER/LOCATER V5.03                                                      01/25/2013  13:44:25  PAGE 185


  -------         ENDPROC       MONTXDUMP
  C:B732H         SYMBOL        L?0298
  C:B743H         SYMBOL        L?0316
  C:B74BH         SYMBOL        L?0329
  -------         PROC          MONHELP
  C:B6B1H         LINE#         440
  C:B6B1H         LINE#         441
  C:B6B1H         LINE#         442
  C:B6BAH         LINE#         443
  C:B6BEH         LINE#         444
  C:B6BEH         LINE#         445
  C:B6C8H         LINE#         446
  C:B6CCH         LINE#         447
  C:B6D6H         LINE#         448
  C:B6DAH         LINE#         449
  C:B6E4H         LINE#         450
  C:B6E8H         LINE#         451
  C:B6F2H         LINE#         452
  C:B6F6H         LINE#         453
  C:B700H         LINE#         454
  C:B709H         LINE#         455
  C:B712H         LINE#         456
  C:B71BH         LINE#         457
  C:B724H         LINE#         458
  C:B728H         LINE#         459
  C:B728H         LINE#         460
  C:B732H         LINE#         461
  -------         ENDPROC       MONHELP
  C:8B17H         SYMBOL        L?0340
  -------         PROC          MONGETCOMMAND
  -------         DO            
  X:00B9H         SYMBOL        comment
  X:00BAH         SYMBOL        incnt
  X:00BBH         SYMBOL        last_argc
  X:0005H         SYMBOL        i
  X:0006H         SYMBOL        ch
  X:0007H         SYMBOL        ret
  -------         ENDDO         
  C:8971H         LINE#         466
  C:8971H         LINE#         467
  C:8971H         LINE#         471
  C:8976H         LINE#         473
  C:897EH         LINE#         474
  C:8986H         LINE#         477
  C:898CH         LINE#         478
  C:89A0H         LINE#         479
  C:89A0H         LINE#         480
  C:89A0H         LINE#         481
  C:89A2H         LINE#         482
  C:89A2H         LINE#         483
  C:89A2H         LINE#         484
  C:89AAH         LINE#         485
  C:89B0H         LINE#         486
  C:89B3H         LINE#         487
  C:89B6H         LINE#         488
  C:89B6H         LINE#         491
  C:89D9H         LINE#         493
BL51 BANKED LINKER/LOCATER V5.03                                                      01/25/2013  13:44:25  PAGE 186


  C:89D9H         LINE#         494
  C:89DEH         LINE#         495
  C:89DEH         LINE#         496
  C:89DEH         LINE#         497
  C:89DEH         LINE#         498
  C:89E0H         LINE#         501
  C:89E0H         LINE#         503
  C:89E6H         LINE#         504
  C:89E9H         LINE#         505
  C:89ECH         LINE#         506
  C:89ECH         LINE#         508
  C:89FBH         LINE#         509
  C:89FFH         LINE#         511
  C:8A14H         LINE#         513
  C:8A1AH         LINE#         514
  C:8A1EH         LINE#         515
  C:8A22H         LINE#         516
  C:8A25H         LINE#         517
  C:8A28H         LINE#         518
  C:8A28H         LINE#         519
  C:8A31H         LINE#         520
  C:8A36H         LINE#         521
  C:8A42H         LINE#         522
  C:8A47H         LINE#         524
  C:8A49H         LINE#         525
  C:8A5CH         LINE#         526
  C:8A62H         LINE#         527
  C:8A65H         LINE#         528
  C:8A7CH         LINE#         529
  C:8A7CH         LINE#         530
  C:8A7CH         LINE#         531
  C:8A81H         LINE#         533
  C:8A86H         LINE#         534
  C:8A89H         LINE#         535
  C:8A8EH         LINE#         537
  C:8A91H         LINE#         540
  C:8A91H         LINE#         541
  C:8A99H         LINE#         542
  C:8A9FH         LINE#         543
  C:8AA1H         LINE#         546
  C:8AA1H         LINE#         547
  C:8AA7H         LINE#         548
  C:8AA9H         LINE#         549
  C:8AACH         LINE#         550
  C:8AB1H         LINE#         551
  C:8AB4H         LINE#         552
  C:8AB4H         LINE#         553
  C:8AB6H         LINE#         556
  C:8AB6H         LINE#         557
  C:8ABCH         LINE#         558
  C:8ABCH         LINE#         559
  C:8ABCH         LINE#         560
  C:8ABEH         LINE#         562
  C:8AC0H         LINE#         563
  C:8AC2H         LINE#         565
  C:8AC2H         LINE#         566
  C:8AC8H         LINE#         567
BL51 BANKED LINKER/LOCATER V5.03                                                      01/25/2013  13:44:25  PAGE 187


  C:8AC8H         LINE#         568
  C:8AC8H         LINE#         569
  C:8ACAH         LINE#         571
  C:8ACCH         LINE#         572
  C:8ACEH         LINE#         574
  C:8ACEH         LINE#         575
  C:8AD4H         LINE#         576
  C:8AD4H         LINE#         577
  C:8AD4H         LINE#         578
  C:8AD6H         LINE#         580
  C:8AD8H         LINE#         581
  C:8ADAH         LINE#         583
  C:8ADAH         LINE#         584
  C:8AE0H         LINE#         585
  C:8AE0H         LINE#         586
  C:8AE0H         LINE#         587
  C:8AE2H         LINE#         589
  C:8AE7H         LINE#         590
  C:8AE9H         LINE#         592
  C:8AE9H         LINE#         593
  C:8AF1H         LINE#         594
  C:8B02H         LINE#         595
  C:8B02H         LINE#         596
  C:8B02H         LINE#         598
  C:8B09H         LINE#         599
  C:8B0DH         LINE#         600
  C:8B10H         LINE#         601
  C:8B11H         LINE#         602
  C:8B11H         LINE#         603
  C:8B11H         LINE#         604
  C:8B16H         LINE#         605
  C:8B16H         LINE#         606
  -------         ENDPROC       MONGETCOMMAND
  C:5C62H         SYMBOL        L?0273
  C:5C76H         SYMBOL        L?0274
  C:5C8AH         SYMBOL        L?0275
  C:5C9EH         SYMBOL        L?0276
  C:5CB2H         SYMBOL        L?0277
  C:5CCAH         SYMBOL        L?0278
  C:5CDEH         SYMBOL        L?0279
  C:5CF6H         SYMBOL        L?0280
  C:5D0AH         SYMBOL        L?0281
  C:5D22H         SYMBOL        L?0282
  C:5D36H         SYMBOL        L?0287
  C:5D4AH         SYMBOL        L?0288
  C:5D5EH         SYMBOL        L?0291
  C:5D72H         SYMBOL        L?0297
  C:5D86H         SYMBOL        L?0304
  C:5D9AH         SYMBOL        L?0307
  -------         PROC          MONITOR
  -------         DO            
  X:0004H         SYMBOL        mode
  -------         ENDDO         
  C:59A0H         LINE#         612
  C:59A0H         LINE#         613
  C:59A0H         LINE#         614
  C:59A9H         LINE#         628
BL51 BANKED LINKER/LOCATER V5.03                                                      01/25/2013  13:44:25  PAGE 188


  C:59ABH         LINE#         631
  C:59B4H         LINE#         632
  C:59B7H         LINE#         633
  C:59BAH         LINE#         634
  C:59C3H         LINE#         635
  C:59C5H         LINE#         636
  C:59C8H         LINE#         637
  C:59CBH         LINE#         649
  C:59D4H         LINE#         650
  C:59D7H         LINE#         651
  C:59DAH         LINE#         652
  C:59E3H         LINE#         653
  C:59E5H         LINE#         654
  C:59E8H         LINE#         655
  C:59EBH         LINE#         666
  C:59F4H         LINE#         667
  C:59FDH         LINE#         668
  C:5A00H         LINE#         669
  C:5A03H         LINE#         670
  C:5A0CH         LINE#         671
  C:5A0EH         LINE#         672
  C:5A11H         LINE#         673
  C:5A14H         LINE#         676
  C:5A1DH         LINE#         677
  C:5A20H         LINE#         678
  C:5A23H         LINE#         762
  C:5A2CH         LINE#         763
  C:5A31H         LINE#         764
  C:5A34H         LINE#         767
  C:5A4FH         LINE#         768
  C:5A52H         LINE#         770
  C:5A55H         LINE#         772
  C:5A5EH         LINE#         774
  C:5A65H         LINE#         775
  C:5A6EH         LINE#         776
  C:5A77H         LINE#         777
  C:5A7DH         LINE#         778
  C:5A80H         LINE#         779
  C:5A80H         LINE#         781
  C:5A88H         LINE#         783
  C:5A88H         LINE#         784
  C:5A8BH         LINE#         794
  C:5A94H         LINE#         795
  C:5A97H         LINE#         796
  C:5A9AH         LINE#         848
  C:5AA3H         LINE#         849
  C:5AAAH         LINE#         850
  C:5AB2H         LINE#         851
  C:5AB5H         LINE#         852
  C:5AB5H         LINE#         853
  C:5AC4H         LINE#         854
  C:5AC7H         LINE#         857
  C:5AD0H         LINE#         858
  C:5AD5H         LINE#         859
  C:5AD7H         LINE#         860
  C:5ADDH         LINE#         861
  C:5AE0H         LINE#         862
BL51 BANKED LINKER/LOCATER V5.03                                                      01/25/2013  13:44:25  PAGE 189


  C:5AE0H         LINE#         863
  C:5AE2H         LINE#         864
  C:5AE8H         LINE#         865
  C:5AE8H         LINE#         866
  C:5AEBH         LINE#         868
  C:5AF4H         LINE#         869
  C:5AF9H         LINE#         870
  C:5AFBH         LINE#         871
  C:5B01H         LINE#         872
  C:5B04H         LINE#         873
  C:5B09H         LINE#         874
  C:5B0BH         LINE#         875
  C:5B11H         LINE#         876
  C:5B14H         LINE#         877
  C:5B14H         LINE#         878
  C:5B1FH         LINE#         879
  C:5B1FH         LINE#         880
  C:5B22H         LINE#         881
  C:5B2BH         LINE#         882
  C:5B30H         LINE#         884
  C:5B36H         LINE#         885
  C:5B39H         LINE#         886
  C:5B40H         LINE#         888
  C:5B44H         LINE#         889
  C:5B47H         LINE#         890
  C:5B47H         LINE#         891
  C:5B50H         LINE#         892
  C:5B50H         LINE#         893
  C:5B53H         LINE#         894
  C:5B5CH         LINE#         895
  C:5B65H         LINE#         896
  C:5B67H         LINE#         897
  C:5B6DH         LINE#         898
  C:5B70H         LINE#         899
  C:5B79H         LINE#         900
  C:5B7BH         LINE#         901
  C:5B81H         LINE#         902
  C:5B84H         LINE#         903
  C:5B84H         LINE#         904
  C:5B8FH         LINE#         905
  C:5B8FH         LINE#         906
  C:5B92H         LINE#         908
  C:5B9BH         LINE#         909
  C:5BA4H         LINE#         910
  C:5BA7H         LINE#         911
  C:5BAAH         LINE#         912
  C:5BB3H         LINE#         913
  C:5BBCH         LINE#         914
  C:5BC5H         LINE#         915
  C:5BCEH         LINE#         916
  C:5BD0H         LINE#         917
  C:5BD0H         LINE#         918
  C:5BD9H         LINE#         919
  C:5BDCH         LINE#         920
  C:5BDFH         LINE#         921
  C:5BE4H         LINE#         922
  C:5BE8H         LINE#         923
BL51 BANKED LINKER/LOCATER V5.03                                                      01/25/2013  13:44:25  PAGE 190


  C:5BE8H         LINE#         1065
  C:5BEBH         LINE#         1068
  C:5BF4H         LINE#         1069
  C:5BF7H         LINE#         1070
  C:5BF9H         LINE#         1072
  C:5C12H         LINE#         1073
  C:5C1BH         LINE#         1074
  C:5C24H         LINE#         1075
  C:5C26H         LINE#         1076
  C:5C3FH         LINE#         1077
  C:5C48H         LINE#         1078
  C:5C4AH         LINE#         1079
  C:5C4AH         LINE#         1080
  C:5C53H         LINE#         1081
  C:5C53H         LINE#         1082
  C:5C55H         LINE#         1107
  C:5C55H         LINE#         1108
  C:5C5EH         LINE#         1109
  C:5C5EH         LINE#         1112
  C:5C61H         LINE#         1115
  -------         ENDPROC       MONITOR
  -------         ENDMOD        MONITOR

  -------         MODULE        ?C?COPY
  C:4CE5H         PUBLIC        ?C?COPY
  -------         ENDMOD        ?C?COPY

  -------         MODULE        ?C?CLDPTR
  C:4D0BH         PUBLIC        ?C?CLDPTR
  -------         ENDMOD        ?C?CLDPTR

  -------         MODULE        ?C?CLDOPTR
  C:4D24H         PUBLIC        ?C?CLDOPTR
  -------         ENDMOD        ?C?CLDOPTR

  -------         MODULE        ?C?CSTPTR
  C:4D51H         PUBLIC        ?C?CSTPTR
  -------         ENDMOD        ?C?CSTPTR

  -------         MODULE        ?C?CSTOPTR
  C:4D63H         PUBLIC        ?C?CSTOPTR
  -------         ENDMOD        ?C?CSTOPTR

  -------         MODULE        ?C?IMUL
  C:4D85H         PUBLIC        ?C?IMUL
  -------         ENDMOD        ?C?IMUL

  -------         MODULE        ?C?UIDIV
  C:4D97H         PUBLIC        ?C?UIDIV
  -------         ENDMOD        ?C?UIDIV

  -------         MODULE        ?C?SIDIV
  C:4DECH         PUBLIC        ?C?SIDIV
  -------         ENDMOD        ?C?SIDIV

  -------         MODULE        ?C?IILDX
  C:4E22H         PUBLIC        ?C?IILDX
BL51 BANKED LINKER/LOCATER V5.03                                                      01/25/2013  13:44:25  PAGE 191


  -------         ENDMOD        ?C?IILDX

  -------         MODULE        ?C?ILDPTR
  C:4E38H         PUBLIC        ?C?ILDPTR
  -------         ENDMOD        ?C?ILDPTR

  -------         MODULE        ?C?ILDOPTR
  C:4E63H         PUBLIC        ?C?ILDOPTR
  -------         ENDMOD        ?C?ILDOPTR

  -------         MODULE        ?C?ISTPTR
  C:4E9BH         PUBLIC        ?C?ISTPTR
  -------         ENDMOD        ?C?ISTPTR

  -------         MODULE        ?C?LADD
  C:4EBAH         PUBLIC        ?C?LADD
  -------         ENDMOD        ?C?LADD

  -------         MODULE        ?C?LMUL
  C:4EC7H         PUBLIC        ?C?LMUL
  -------         ENDMOD        ?C?LMUL

  -------         MODULE        ?C?ULDIV
  C:4F52H         PUBLIC        ?C?ULDIV
  -------         ENDMOD        ?C?ULDIV

  -------         MODULE        ?C?ULCMP
  C:4FE4H         PUBLIC        ?C?ULCMP
  -------         ENDMOD        ?C?ULCMP

  -------         MODULE        ?C?SLSHR
  C:4FF5H         PUBLIC        ?C?SLSHR
  -------         ENDMOD        ?C?SLSHR

  -------         MODULE        ?C?LLDPTR
  C:5009H         PUBLIC        ?C?LLDPTR
  -------         ENDMOD        ?C?LLDPTR

  -------         MODULE        ?C?LLDXDATA
  C:5029H         PUBLIC        ?C?LLDXDATA
  -------         ENDMOD        ?C?LLDXDATA

  -------         MODULE        ?C?LLDXDATA0
  C:5035H         PUBLIC        ?C?LLDXDATA0
  -------         ENDMOD        ?C?LLDXDATA0

  -------         MODULE        ?C?LSTXDATA
  C:5041H         PUBLIC        ?C?LSTXDATA
  -------         ENDMOD        ?C?LSTXDATA

  -------         MODULE        ?C?LSTKXDATA
  C:504DH         PUBLIC        ?C?LSTKXDATA
  -------         ENDMOD        ?C?LSTKXDATA

  -------         MODULE        ?C?OFFXADD
  C:507EH         PUBLIC        ?C?OFFXADD
  -------         ENDMOD        ?C?OFFXADD
BL51 BANKED LINKER/LOCATER V5.03                                                      01/25/2013  13:44:25  PAGE 192



  -------         MODULE        ?C?PLDXDATA
  C:508AH         PUBLIC        ?C?PLDXDATA
  -------         ENDMOD        ?C?PLDXDATA

  -------         MODULE        ?C?PLDIXDATA
  C:5093H         PUBLIC        ?C?PLDIXDATA
  -------         ENDMOD        ?C?PLDIXDATA

  -------         MODULE        ?C?PSTXDATA
  C:50AAH         PUBLIC        ?C?PSTXDATA
  -------         ENDMOD        ?C?PSTXDATA

  -------         MODULE        ?C?PLDCODE
  C:50B3H         PUBLIC        ?C?PLDCODE
  -------         ENDMOD        ?C?PLDCODE

  -------         MODULE        ?C?PLDPTR
  C:50BFH         PUBLIC        ?C?PLDPTR
  -------         ENDMOD        ?C?PLDPTR

  -------         MODULE        ?C?PLDOPTR
  C:50DFH         PUBLIC        ?C?PLDOPTR
  -------         ENDMOD        ?C?PLDOPTR

  -------         MODULE        ?C?CCASE
  C:510FH         PUBLIC        ?C?CCASE
  -------         ENDMOD        ?C?CCASE

  -------         MODULE        ABS
  C:DC63H         PUBLIC        _abs
  -------         ENDMOD        ABS

  -------         MODULE        ?C?LLDIDATA
  C:5135H         PUBLIC        ?C?LLDIDATA
  -------         ENDMOD        ?C?LLDIDATA

  -------         MODULE        ?C?LLDPDATA
  C:5141H         PUBLIC        ?C?LLDPDATA
  -------         ENDMOD        ?C?LLDPDATA

  -------         MODULE        ?C?LLDCODE
  C:514DH         PUBLIC        ?C?LLDCODE
  -------         ENDMOD        ?C?LLDCODE

  -------         MODULE        ?C?PLDIDATA
  C:515DH         PUBLIC        ?C?PLDIDATA
  -------         ENDMOD        ?C?PLDIDATA

  -------         MODULE        ?C?PLDPDATA
  C:5166H         PUBLIC        ?C?PLDPDATA
  -------         ENDMOD        ?C?PLDPDATA

*** WARNING L16: UNCALLED SEGMENT, IGNORED FOR OVERLAY PROCESS
    SEGMENT: ?PR?ACCPOWERCONTROL?MAIN

*** WARNING L16: UNCALLED SEGMENT, IGNORED FOR OVERLAY PROCESS
BL51 BANKED LINKER/LOCATER V5.03                                                      01/25/2013  13:44:25  PAGE 193


    SEGMENT: ?PR?CHKOSDMENU_TOPWIN?OSDMENU

*** WARNING L16: UNCALLED SEGMENT, IGNORED FOR OVERLAY PROCESS
    SEGMENT: ?PR?CHKOSDMENU_WINDOW?OSDMENU

*** WARNING L16: UNCALLED SEGMENT, IGNORED FOR OVERLAY PROCESS
    SEGMENT: ?PR?CHKOSDMENU?OSDMENU

*** WARNING L16: UNCALLED SEGMENT, IGNORED FOR OVERLAY PROCESS
    SEGMENT: ?PR?SELECTBOXHANDLER?HS_KEYREMO

*** WARNING L16: UNCALLED SEGMENT, IGNORED FOR OVERLAY PROCESS
    SEGMENT: ?PR?HS_PROTOCOL_INIT?HS_DVRPROTOCOL

*** WARNING L16: UNCALLED SEGMENT, IGNORED FOR OVERLAY PROCESS
    SEGMENT: ?PR?DVRCOMMANDRESEND?HS_DVRPROTOCOL

Program Size: data=108.5 xdata=322 code=56904
LINK/LOCATE RUN COMPLETE.  7 WARNING(S),  0 ERROR(S)
