BL51 BANKED LINKER/LOCATER V6.22                                                        09/18/2014  19:35:04  PAGE 1


BL51 BANKED LINKER/LOCATER V6.22, INVOKED BY:
C:\KEIL\C51\BIN\BL51.EXE .\Output\adc.obj, .\Output\cpu.obj, .\Output\dispinfo.obj, .\Output\etc_eep.obj, .\Output\I2c.o
>> bj, .\Output\keyremo.obj, .\Output\Main.obj, .\Output\Measure.obj, .\Output\Osdbasic.obj, .\Output\osdmenu.obj, .\Out
>> put\pc_eep.obj, .\Output\Printf.obj, .\Output\table.obj, .\Output\TW88.obj, .\Output\udfont.obj, .\Output\HS_keyremo.
>> obj, .\Output\HS_DisplayOSD.obj, .\Output\audio.obj, .\Output\Debug.obj, .\Output\HS_DVRProtocol.obj TO .\Output\AWT_
>> ML072Q PRINT (.\Source\AWT_ML072Q.m51) RAMSIZE (256)




PROGRAM RECURSIONS REMOVED FROM CALL TREE
=========================================
+--> ?PR?_SETSOURCEMODE?HS_KEYREMO
|  | ?PR?_CHANGEINPUT?MAIN
|  | ?PR?DISPLAYINPUT?DISPINFO
|  | ?PR?CLEAROSDINFO?DISPINFO
|  | ?PR?CLOSEOSDMENU?OSDMENU
<--+ ?PR?SETNOWMODE?HS_KEYREMO



MEMORY MODEL: LARGE


INPUT MODULES INCLUDED:
  .\Output\adc.obj (ADC)
  .\Output\cpu.obj (CPU)
  .\Output\dispinfo.obj (DISPINFO)
  .\Output\etc_eep.obj (ETC_EEP)
  .\Output\I2c.obj (I2C)
  .\Output\keyremo.obj (KEYREMO)
  .\Output\Main.obj (MAIN)
  .\Output\Measure.obj (MEASURE)
  .\Output\Osdbasic.obj (OSDBASIC)
  .\Output\osdmenu.obj (OSDMENU)
  .\Output\pc_eep.obj (PC_EEP)
  .\Output\Printf.obj (PRINTF)
  .\Output\table.obj (TABLE)
  .\Output\TW88.obj (TW88)
  .\Output\udfont.obj (UDFONT)
  .\Output\HS_keyremo.obj (HS_KEYREMO)
  .\Output\HS_DisplayOSD.obj (HS_DISPLAYOSD)
  .\Output\audio.obj (AUDIO)
  .\Output\Debug.obj (DEBUG)
  .\Output\HS_DVRProtocol.obj (HS_DVRPROTOCOL)
  C:\KEIL\C51\LIB\C51L.LIB (?C_STARTUP)
  C:\KEIL\C51\LIB\C51L.LIB (?C?COPY)
  C:\KEIL\C51\LIB\C51L.LIB (?C?CLDPTR)
  C:\KEIL\C51\LIB\C51L.LIB (?C?CLDOPTR)
  C:\KEIL\C51\LIB\C51L.LIB (?C?CSTPTR)
  C:\KEIL\C51\LIB\C51L.LIB (?C?IMUL)
  C:\KEIL\C51\LIB\C51L.LIB (?C?UIDIV)
  C:\KEIL\C51\LIB\C51L.LIB (?C?SIDIV)
  C:\KEIL\C51\LIB\C51L.LIB (?C?IILDX)
  C:\KEIL\C51\LIB\C51L.LIB (?C?ILDPTR)
  C:\KEIL\C51\LIB\C51L.LIB (?C?ILDOPTR)
  C:\KEIL\C51\LIB\C51L.LIB (?C?ISTPTR)
  C:\KEIL\C51\LIB\C51L.LIB (?C?LMUL)
BL51 BANKED LINKER/LOCATER V6.22                                                      09/18/2014  19:35:04  PAGE 2


  C:\KEIL\C51\LIB\C51L.LIB (?C?ULDIV)
  C:\KEIL\C51\LIB\C51L.LIB (?C?ULCMP)
  C:\KEIL\C51\LIB\C51L.LIB (?C?SLSHR)
  C:\KEIL\C51\LIB\C51L.LIB (?C?LLDPTR)
  C:\KEIL\C51\LIB\C51L.LIB (?C?LLDXDATA)
  C:\KEIL\C51\LIB\C51L.LIB (?C?LLDXDATA0)
  C:\KEIL\C51\LIB\C51L.LIB (?C?LSTXDATA)
  C:\KEIL\C51\LIB\C51L.LIB (?C?LSTKXDATA)
  C:\KEIL\C51\LIB\C51L.LIB (?C?OFFXADD)
  C:\KEIL\C51\LIB\C51L.LIB (?C?PLDXDATA)
  C:\KEIL\C51\LIB\C51L.LIB (?C?PLDIXDATA)
  C:\KEIL\C51\LIB\C51L.LIB (?C?PSTXDATA)
  C:\KEIL\C51\LIB\C51L.LIB (?C?PLDCODE)
  C:\KEIL\C51\LIB\C51L.LIB (?C?PLDPTR)
  C:\KEIL\C51\LIB\C51L.LIB (?C?PLDOPTR)
  C:\KEIL\C51\LIB\C51L.LIB (?C?CCASE)
  C:\KEIL\C51\LIB\C51L.LIB (ABS)
  C:\KEIL\C51\LIB\C51L.LIB (?C_INIT)
  C:\KEIL\C51\LIB\C51L.LIB (?C?LLDIDATA)
  C:\KEIL\C51\LIB\C51L.LIB (?C?LLDPDATA)
  C:\KEIL\C51\LIB\C51L.LIB (?C?LLDCODE)
  C:\KEIL\C51\LIB\C51L.LIB (?C?PLDIDATA)
  C:\KEIL\C51\LIB\C51L.LIB (?C?PLDPDATA)


LINK MAP OF MODULE:  .\Output\AWT_ML072Q (ADC)


            TYPE    BASE      LENGTH    RELOCATION   SEGMENT NAME
            -----------------------------------------------------

            * * * * * * *   D A T A   M E M O R Y   * * * * * * *
            REG     0000H     0008H     ABSOLUTE     "REG BANK 0"
            REG     0008H     0008H     ABSOLUTE     "REG BANK 1"
            DATA    0010H     000AH     UNIT         ?DT?OSDBASIC
            DATA    001AH     0005H     UNIT         ?DT?OSDMENU
                    001FH     0001H                  *** GAP ***
            BIT     0020H.0   0001H.0   UNIT         ?BI?MAIN
            BIT     0021H.0   0000H.5   UNIT         ?BI?CPU
            BIT     0021H.5   0000H.5   UNIT         ?BI?HS_DVRPROTOCOL
            BIT     0022H.2   0000H.3   UNIT         ?BI?HS_KEYREMO
            BIT     0022H.5   0000H.2   UNIT         ?BI?OSDMENU
            BIT     0022H.7   0000H.2   UNIT         _BIT_GROUP_
            BIT     0023H.1   0000H.1   UNIT         ?BI?KEYREMO
            BIT     0023H.2   0000H.1   UNIT         ?BI?HS_DISPLAYOSD
                    0023H.3   0000H.5                *** GAP ***
            DATA    0024H     003FH     UNIT         ?DT?CPU
            DATA    0063H     0007H     UNIT         ?DT?MAIN
            DATA    006AH     0002H     UNIT         ?DT?DISPINFO
            IDATA   006CH     0001H     UNIT         ?STACK

            * * * * * * *  X D A T A   M E M O R Y  * * * * * * *
            XDATA   0000H     0069H     UNIT         _XDATA_GROUP_
            XDATA   0069H     0048H     UNIT         ?XD?HS_DVRPROTOCOL
            XDATA   00B1H     0020H     UNIT         ?XD?OSDMENU
            XDATA   00D1H     0013H     UNIT         ?XD?MAIN
            XDATA   00E4H     000CH     UNIT         ?XD?HS_KEYREMO
BL51 BANKED LINKER/LOCATER V6.22                                                      09/18/2014  19:35:04  PAGE 3


            XDATA   00F0H     0009H     UNIT         ?XD?CPU
            XDATA   00F9H     0007H     UNIT         ?XD?KEYREMO
            XDATA   0100H     0002H     UNIT         ?XD?DISPINFO
            XDATA   0102H     0002H     UNIT         ?XD?AUDIO
            XDATA   0104H     0001H     UNIT         ?XD?TW88

            * * * * * * *   C O D E   M E M O R Y   * * * * * * *
            CODE    0000H     0003H     ABSOLUTE     
            CODE    0003H     0008H     UNIT         ?PR?_RS_TX?CPU
            CODE    000BH     0003H     ABSOLUTE     
            CODE    000EH     0004H     UNIT         ?PR?GETOSDPOSITIONMODE?OSDMENU
            CODE    0012H     0001H     UNIT         ?PR?DD?I2C
            CODE    0013H     0003H     ABSOLUTE     
            CODE    0016H     000DH     UNIT         ?PR?I2CSTOP?I2C
            CODE    0023H     0003H     ABSOLUTE     
            CODE    0026H     0003H     UNIT         ?PR?EXT1_INT?CPU
            CODE    0029H     0001H     UNIT         ?PR?ON_LVDS?TW88
            CODE    002AH     0001H     UNIT         ?PR?OFF_LVDS?TW88
            CODE    002BH     0003H     ABSOLUTE     
            CODE    002EH     0035H     UNIT         ?PR?OSDHIGHMENU?OSDMENU
            CODE    0063H     0003H     ABSOLUTE     
            CODE    0066H     1774H     UNIT         ?CO?OSDMENU
            CODE    17DAH     14F2H     UNIT         ?CO?UDFONT
            CODE    2CCCH     0980H     UNIT         ?PR?_SETITEMVALUE?OSDMENU
            CODE    364CH     082CH     UNIT         ?CO?CPU
            CODE    3E78H     052BH     UNIT         ?C?LIB_CODE
            CODE    43A3H     03D1H     UNIT         ?PR?OSDMENU
            CODE    4774H     038DH     UNIT         ?PR?_DISPLAYOSDMENUONEITEM?OSDMENU
            CODE    4B01H     0321H     UNIT         ?PR?_DOPRINT?PRINTF
            CODE    4E22H     02ADH     UNIT         ?PR?CHECKKEYIN?KEYREMO
            CODE    50CFH     02A0H     UNIT         ?CO?TABLE
            CODE    536FH     0252H     UNIT         ?PR?_TW2835COMMAND?CPU
            CODE    55C1H     0212H     UNIT         ?PR?_DISPLAYINFORMATION?HS_DISPLAYOSD
            CODE    57D3H     020CH     UNIT         ?PR?_CAM_TXCOMMAND_TORS485?HS_DVRPROTOCOL
            CODE    59DFH     01F7H     UNIT         ?PR?_GETITEMVALUE?OSDMENU
            CODE    5BD6H     01CBH     UNIT         ?PR?RESETOSDVALUE?OSDMENU
            CODE    5DA1H     01BBH     UNIT         ?PR?_DRAWMENULIST?OSDMENU
            CODE    5F5CH     01B8H     UNIT         ?CO?HS_DISPLAYOSD
            CODE    6114H     0198H     UNIT         ?PR?_TRIGGERHANDLER?HS_KEYREMO
            CODE    62ACH     017DH     UNIT         ?PR?_OSDCURSORMOVE?OSDMENU
            CODE    6429H     016DH     UNIT         ?PR?DISPLAYINFO_OSD?OSDMENU
            CODE    6596H     016DH     UNIT         ?PR?OSDSELECT?OSDMENU
            CODE    6703H     0169H     UNIT         ?PR?_SETOSDPOSITIONMODE?OSDMENU
            CODE    686CH     0164H     UNIT         ?CO?MAIN
            CODE    69D0H     015AH     UNIT         ?PR?TIMER0_INT?CPU
            CODE    6B2AH     0148H     UNIT         ?PR?LOADEEPROM?MAIN
            CODE    6C72H     0122H     UNIT         ?PR?MAIN_INIT?CPU
            CODE    6D94H     0121H     UNIT         ?PR?_UTOA?OSDBASIC
            CODE    6EB5H     0121H     UNIT         ?PR?_CHANGEVOL?AUDIO
            CODE    6FD6H     0102H     UNIT         ?PR?_OSDVALUEUPDN?OSDMENU
            CODE    70D8H     00FEH     UNIT         ?CO?KEYREMO
            CODE    71D6H     00FDH     UNIT         ?PR?DISPLAYINPUT?DISPINFO
            CODE    72D3H     00FBH     UNIT         ?PR?DISPLAYOSDMENU?OSDMENU
            CODE    73CEH     00F4H     UNIT         ?PR?_GETKEY?KEYREMO
            CODE    74C2H     00EDH     UNIT         ?PR?DISPLAYGAUGEOSD?HS_DISPLAYOSD
            CODE    75AFH     00E9H     UNIT         ?PR?_SETVIDEOMODE?OSDMENU
            CODE    7698H     00E6H     UNIT         ?CO?OSDBASIC
BL51 BANKED LINKER/LOCATER V6.22                                                      09/18/2014  19:35:04  PAGE 4


            CODE    777EH     00DFH     UNIT         ?C_INITSEG
            CODE    785DH     00DDH     UNIT         ?PR?DISPLAYCURSOR?OSDMENU
            CODE    793AH     00DBH     UNIT         ?PR?_DISPLAYVIEWBAR?OSDMENU
            CODE    7A15H     00DAH     UNIT         ?PR?_ACTIONREMO?KEYREMO
            CODE    7AEFH     00D2H     UNIT         ?PR?_DRAWNUM?OSDMENU
            CODE    7BC1H     00D1H     UNIT         ?PR?_ADJUSTAUTODAYNIGHT?MAIN
            CODE    7C92H     00D0H     UNIT         ?PR?_DRAWSTRINGBYLANG?OSDMENU
            CODE    7D62H     00CDH     UNIT         ?PR?DISPLAYVOL?DISPINFO
            CODE    7E2FH     00C8H     UNIT         ?CO?HS_KEYREMO
            CODE    7EF7H     00C4H     UNIT         ?PR?_CHANGEINPUT?MAIN
            CODE    7FBBH     00BDH     UNIT         ?PR?_SET4WIDESCREEN?OSDMENU
            CODE    8078H     00A8H     UNIT         ?PR?INITTECHWELL?CPU
            CODE    8120H     00A7H     UNIT         ?PR?CHECKDECODERINPUT?MAIN
            CODE    81C7H     00A6H     UNIT         ?PR?_SETPCCOLOR?OSDMENU
            CODE    826DH     00A6H     UNIT         ?PR?OSDHIGHMENU_SUB?OSDMENU
            CODE    8313H     00A5H     UNIT         ?PR?_MAPPING1?TW88
            CODE    83B8H     00A2H     UNIT         ?PR?_INITOSDWINDOW?OSDBASIC
            CODE    845AH     009EH     UNIT         ?PR?_SETVIDEOSHARPNESS?OSDMENU
            CODE    84F8H     009DH     UNIT         ?PR?MAIN_LOOP?MAIN
            CODE    8595H     009BH     UNIT         ?PR?SETSELECTMODE?HS_KEYREMO
            CODE    8630H     0099H     UNIT         ?PR?_CHANGEVIDEODATA?OSDMENU
            CODE    86C9H     0093H     UNIT         ?PR?CHECKTRIGGER?HS_KEYREMO
            CODE    875CH     0090H     UNIT         ?PR?_DISPLAYVOLUMEBAR?OSDMENU
            CODE    87ECH     008EH     UNIT         ?PR?_INITVIDEODATA?MAIN
            CODE    887AH     008EH     UNIT         ?PR?DISPLAYFWVERSION?HS_DISPLAYOSD
            CODE    8908H     008CH     UNIT         ?C_C51STARTUP
            CODE    8994H     0088H     UNIT         ?PR?SETPOSSIBLEAUTODETECTSTDEE?ETC_EEP
            CODE    8A1CH     0088H     UNIT         ?PR?OSDBASIC
            CODE    8AA4H     0085H     UNIT         ?PR?CHECKANDCLEAROSD?DISPINFO
            CODE    8B29H     0083H     UNIT         ?PR?INITOSDMENU?OSDMENU
            CODE    8BACH     0081H     UNIT         ?PR?SEND_PELCOP_COMMAND?HS_DVRPROTOCOL
            CODE    8C2DH     0080H     UNIT         ?PR?_DOACTION?OSDMENU
            CODE    8CADH     007CH     UNIT         ?PR?_LCDPOWERON?TW88
            CODE    8D29H     007CH     UNIT         ?PR?SEND_PELCOD_COMMAND?HS_DVRPROTOCOL
            CODE    8DA5H     007BH     UNIT         ?PR?_SETPCCOLORTEMP?OSDMENU
            CODE    8E20H     0078H     UNIT         ?PR?SETREARSOURCE?HS_KEYREMO
            CODE    8E98H     0070H     UNIT         ?PR?_SETVIDEOSATURATION?OSDMENU
            CODE    8F08H     006CH     UNIT         ?PR?_SETVIDEOHUE?OSDMENU
            CODE    8F74H     0069H     UNIT         ?PR?_I2CWRITEDATA?I2C
            CODE    8FDDH     0069H     UNIT         ?PR?_SETVIDEOBACKLIGHT?OSDMENU
            CODE    9046H     0066H     UNIT         ?PR?_SETVINPUTSTD?MAIN
            CODE    90ACH     0066H     UNIT         ?PR?_SETRGBCONTRAST?OSDMENU
            CODE    9112H     0066H     UNIT         ?PR?RESETVIDEOVALUE?OSDMENU
            CODE    9178H     0065H     UNIT         ?PR?WAITPOWERON?MAIN
            CODE    91DDH     0061H     UNIT         ?PR?GETFWREVEE?ETC_EEP
            CODE    923EH     0060H     UNIT         ?PR?TW88
            CODE    929EH     005EH     UNIT         ?PR?_DOWNLOADFONT?OSDBASIC
            CODE    92FCH     005EH     UNIT         ?PR?INITOSDMENUXY?OSDMENU
            CODE    935AH     005BH     UNIT         ?PR?DISPLAYLOGO?DISPINFO
            CODE    93B5H     005BH     UNIT         ?PR?CHANGE_OSDCOLORLOOKUP?OSDBASIC
            CODE    9410H     005BH     UNIT         ?PR?PRINTF
            CODE    946BH     005AH     UNIT         ?PR?HS_KEYREMO
            CODE    94C5H     0059H     UNIT         ?PR?GETVINPUTSTDINX?MAIN
            CODE    951EH     0059H     UNIT         ?PR?MAIN?MAIN
            CODE    9577H     0058H     UNIT         ?PR?CHECKPANELIMAGE?OSDMENU
            CODE    95CFH     0057H     UNIT         ?PR?_GETOSDWINDOWY?OSDBASIC
            CODE    9626H     0056H     UNIT         ?PR?DETECTDECODERINPUT?TW88
BL51 BANKED LINKER/LOCATER V6.22                                                      09/18/2014  19:35:04  PAGE 5


            CODE    967CH     0052H     UNIT         ?CO?DISPINFO
            CODE    96CEH     004FH     UNIT         ?PR?_I2CDEVICEINITIALIZE?MAIN
            CODE    971DH     004DH     UNIT         ?PR?CLEARCURSOR?OSDMENU
            CODE    976AH     004DH     UNIT         ?PR?_CAMOUTDSEL?OSDMENU
            CODE    97B7H     004DH     UNIT         ?PR?SETNOWMODE?HS_KEYREMO
            CODE    9804H     004CH     UNIT         ?PR?_SETVIDEOBRIGHTNESS?OSDMENU
            CODE    9850H     004BH     UNIT         ?PR?INITCPU?CPU
            CODE    989BH     004BH     UNIT         ?PR?_GETOSDWINDOWX?OSDBASIC
            CODE    98E6H     004AH     UNIT         ?PR?SETJUMPMODE?HS_KEYREMO
            CODE    9930H     0048H     UNIT         ?PR?_WAIT_MS?CPU
            CODE    9978H     0047H     UNIT         ?PR?_WRITEEEP?I2C
            CODE    99BFH     0045H     UNIT         ?PR?_GETLOWERMENUITEM?OSDMENU
            CODE    9A04H     0044H     UNIT         ?PR?_SAVEFWREVEE?ETC_EEP
            CODE    9A48H     0044H     UNIT         ?PR?_SHOWOSDWINDOW_TW88?OSDBASIC
            CODE    9A8CH     0042H     UNIT         ?PR?_SETOSDWINDOWY_TW88?OSDBASIC
            CODE    9ACEH     0041H     UNIT         ?PR?_WRITEI2CN?I2C
            CODE    9B0FH     0041H     UNIT         ?PR?_GETTARGETCHILD?OSDMENU
            CODE    9B50H     0040H     UNIT         ?PR?_READI2CWORD?I2C
            CODE    9B90H     003FH     UNIT         ?PR?CPU
            CODE    9BCFH     003FH     UNIT         ?PR?_SETOSDWINDOWX_TW88?OSDBASIC
            CODE    9C0EH     003FH     UNIT         ?PR?_SETVIDEOCONTRAST?OSDMENU
            CODE    9C4DH     003EH     UNIT         ?PR?CLEAROSDINFO?DISPINFO
            CODE    9C8BH     003EH     UNIT         ?PR?_WRITEI2CND?I2C
            CODE    9CC9H     003EH     UNIT         ?PR?CLOSEOSDMENU?OSDMENU
            CODE    9D07H     003EH     UNIT         ?PR?_SETSOURCEMODE?HS_KEYREMO
            CODE    9D45H     003DH     UNIT         ?PR?GETTIME_MS?CPU
            CODE    9D82H     003AH     UNIT         ?PR?LCDPOWEROFF?TW88
            CODE    9DBCH     0039H     UNIT         ?PR?_READI2C?I2C
            CODE    9DF5H     0039H     UNIT         ?PR?_WRITEI2CN_?I2C
            CODE    9E2EH     0039H     UNIT         ?PR?_WRITEALC106?I2C
            CODE    9E67H     0039H     UNIT         ?PR?HS_INITVARS?MAIN
            CODE    9EA0H     0038H     UNIT         ?PR?DOWNLOADUDFONT?OSDBASIC
            CODE    9ED8H     0035H     UNIT         ?PR?HS_DVRPROTOCOL
            CODE    9F0DH     0034H     UNIT         ?PR?SERIAL_INT?CPU
            CODE    9F41H     0034H     UNIT         ?PR?OPENOSDMENU?OSDMENU
            CODE    9F75H     0033H     UNIT         ?PR?MAIN
            CODE    9FA8H     0033H     UNIT         ?PR?_WRITESTRINGTOADDR?OSDBASIC
            CODE    9FDBH     0031H     UNIT         ?PR?SERIAL2_INT?CPU
            CODE    A00CH     0031H     UNIT         ?PR?_DRAWATTRCNT?OSDBASIC
            CODE    A03DH     0030H     UNIT         ?PR?I2CREADDATA?I2C
            CODE    A06DH     0030H     UNIT         ?PR?_GET_CURSOR_ITEM?OSDMENU
            CODE    A09DH     0030H     UNIT         ?PR?HS_DISPLAYOSD
            CODE    A0CDH     002FH     UNIT         ?PR?_SHOWOSDWINDOWALL?OSDBASIC
            CODE    A0FCH     002DH     UNIT         ?PR?WAITENDOFDISPLAYAREA?OSDBASIC
            CODE    A129H     002DH     UNIT         ?PR?_CLEARDATACNT?OSDBASIC
            CODE    A156H     002CH     UNIT         ?PR?_READALC106?I2C
            CODE    A182H     002CH     UNIT         ?PR?PUSHMENU?OSDMENU
            CODE    A1AEH     002CH     UNIT         ?CO?HS_DVRPROTOCOL
            CODE    A1DAH     0029H     UNIT         ?PR?SETLEFTSOURCE?HS_KEYREMO
            CODE    A203H     0028H     UNIT         ?PR?I2CREADDATAWITHACK?I2C
            CODE    A22BH     0028H     UNIT         ?PR?SAVEVALUE1?OSDMENU
            CODE    A253H     0027H     UNIT         ?PR?_PRINTF?PRINTF
            CODE    A27AH     0026H     UNIT         ?PR?CLEARTVINFO?DISPINFO
            CODE    A2A0H     0026H     UNIT         ?PR?_READEEP?I2C
            CODE    A2C6H     0026H     UNIT         ?PR?_WRITEI2C?I2C
            CODE    A2ECH     0026H     UNIT         ?CO?TW88
            CODE    A312H     0025H     UNIT         ?PR?SEQMODE?HS_KEYREMO
BL51 BANKED LINKER/LOCATER V6.22                                                      09/18/2014  19:35:04  PAGE 6


            CODE    A337H     0023H     UNIT         ?PR?REMOVOLUP_RIGHTKEY?KEYREMO
            CODE    A35AH     0023H     UNIT         ?PR?REMOVOLDN_LEFTKEY?KEYREMO
            CODE    A37DH     0023H     UNIT         ?PR?READVINPUTSTD?MAIN
            CODE    A3A0H     0021H     UNIT         ?PR?_GETVIDEODATAFROMEE?ETC_EEP
            CODE    A3C1H     0020H     UNIT         ?PR?SETAUTODETECTSTD?TW88
            CODE    A3E1H     001FH     UNIT         ?PR?_DIFFTIME_MS?CPU
            CODE    A400H     001FH     UNIT         ?PR?GETNEXTINPUTSELECTION?MAIN
            CODE    A41FH     001EH     UNIT         ?PR?INITVARS?CPU
            CODE    A43DH     001EH     UNIT         ?PR?_POWERLED?CPU
            CODE    A45BH     001EH     UNIT         ?PR?I2C
            CODE    A479H     001DH     UNIT         ?PR?_SETLANGUAGE?OSDMENU
            CODE    A496H     001DH     UNIT         ?PR?_CLEARAUTODETECTSTD?TW88
            CODE    A4B3H     001DH     UNIT         ?PR?SETRIGHTSOURCE?HS_KEYREMO
            CODE    A4D0H     001DH     UNIT         ?PR?SETTRIGGERCSOURCE?HS_KEYREMO
            CODE    A4EDH     001CH     UNIT         ?PR?POPMENU?OSDMENU
            CODE    A509H     001CH     UNIT         ?PR?_GETNEXTCURSORMENUITEM?OSDMENU
            CODE    A525H     001CH     UNIT         ?PR?COMPOSITE1INPUT?TW88
            CODE    A541H     001CH     UNIT         ?PR?COMPOSITE2INPUT?TW88
            CODE    A55DH     001CH     UNIT         ?PR?COMPOSITE3INPUT?TW88
            CODE    A579H     001CH     UNIT         ?PR?COMPOSITE4INPUT?TW88
            CODE    A595H     001BH     UNIT         ?PR?_STRLEN?OSDBASIC
            CODE    A5B0H     001BH     UNIT         ?PR?_PUTS?PRINTF
            CODE    A5CBH     0019H     UNIT         ?CO?AUDIO
            CODE    A5E4H     0018H     UNIT         ?PR?_DELAY?CPU
            CODE    A5FCH     0016H     UNIT         ?PR?CLEARINPUT?DISPINFO
            CODE    A612H     0016H     UNIT         ?PR?DISPINFO
            CODE    A628H     0012H     UNIT         ?PR?I2CSTART?I2C
            CODE    A63AH     0011H     UNIT         ?PR?_SAVEVIDEODATATOEE?ETC_EEP
            CODE    A64BH     0011H     UNIT         ?PR?ISNOINPUT?MAIN
            CODE    A65CH     0011H     UNIT         ?PR?GETOSDLANG?OSDMENU
            CODE    A66DH     0011H     UNIT         ?CO?PRINTF
            CODE    A67EH     000FH     UNIT         ?PR?TIMER2_INT?CPU
            CODE    A68DH     000FH     UNIT         ?PR?CLEARMUTEINFO?DISPINFO
            CODE    A69CH     000FH     UNIT         ?PR?GETLCDPOWERSTATE?TW88
            CODE    A6ABH     000FH     UNIT         ?PR?CLEARGAUGEINFO?HS_DISPLAYOSD
            CODE    A6BAH     000EH     UNIT         ?PR?REMOMENU_MENUKEY?KEYREMO
            CODE    A6C8H     000DH     UNIT         ?PR?REMOCHNUP_UPKEY?KEYREMO
            CODE    A6D5H     000DH     UNIT         ?PR?REMOCHNDN_DNKEY?KEYREMO
            CODE    A6E2H     000DH     UNIT         ?PR?POWEROFF?MAIN
            CODE    A6EFH     000CH     UNIT         ?PR?_CLEARDISPLAYEDOSD?DISPINFO
            CODE    A6FBH     000CH     UNIT         ?PR?SETOSDLASTKEYINTIME?MAIN
            CODE    A707H     000CH     UNIT         ?PR?CLEARVALUEWIN?OSDMENU
            CODE    A713H     000CH     UNIT         ?PR?_ABS?ABS
            CODE    A71FH     000BH     UNIT         ?PR?RS_READY?CPU
            CODE    A72AH     0009H     UNIT         ?PR?_SAVEDEBUGLEVELEE?ETC_EEP
            CODE    A733H     0009H     UNIT         ?PR?_SAVEWIDEMODEEE?ETC_EEP
            CODE    A73CH     0009H     UNIT         ?PR?_SAVEOSDPOSITIONMODEEE?ETC_EEP
            CODE    A745H     0009H     UNIT         ?PR?_SAVEINPUTSELECTIONEE?ETC_EEP
            CODE    A74EH     0009H     UNIT         ?PR?_SAVEOSDLANGEE?ETC_EEP
            CODE    A757H     0009H     UNIT         ?PR?_SETAUDIOVOLEE?ETC_EEP
            CODE    A760H     0009H     UNIT         ?PR?_SETPCAUDIOVOLEE?ETC_EEP
            CODE    A769H     0009H     UNIT         ?PR?POWERDOWN_XTAL?MAIN
            CODE    A772H     0009H     UNIT         ?PR?GETOSDLASTKEYINTIME?MAIN
            CODE    A77BH     0009H     UNIT         ?PR?_GETVIDEODATAWITHOFFSET?OSDMENU
            CODE    A784H     0009H     UNIT         ?PR?_GETUPPERMENUITEM?OSDMENU
            CODE    A78DH     0009H     UNIT         ?PR?AUDIOMUTE?AUDIO
            CODE    A796H     0008H     UNIT         ?PR?_RS2_TX?CPU
BL51 BANKED LINKER/LOCATER V6.22                                                      09/18/2014  19:35:04  PAGE 7


            CODE    A79EH     0008H     UNIT         ?PR?GETDEBUGLEVELEE?ETC_EEP
            CODE    A7A6H     0008H     UNIT         ?PR?GETWIDEMODEEE?ETC_EEP
            CODE    A7AEH     0008H     UNIT         ?PR?GETPOSSIBLEAUTODETECTSTDEE?ETC_EEP
            CODE    A7B6H     0008H     UNIT         ?PR?GETOSDPOSITIONMODEEE?ETC_EEP
            CODE    A7BEH     0008H     UNIT         ?PR?GETOSDLANGEE?ETC_EEP
            CODE    A7C6H     0008H     UNIT         ?PR?GETAUDIOVOLEE?ETC_EEP
            CODE    A7CEH     0008H     UNIT         ?PR?GETPCAUDIOVOLEE?ETC_EEP
            CODE    A7D6H     0008H     UNIT         ?PR?KEYREMO
            CODE    A7DEH     0007H     UNIT         ?PR?CLEARLOGO?DISPINFO
            CODE    A7E5H     0007H     UNIT         ?PR?_SETDISPLAYEDOSD?DISPINFO
            CODE    A7ECH     0006H     UNIT         ?PR?GETDISPLAYEDOSD?DISPINFO
            CODE    A7F2H     0006H     UNIT         ?PR?GETVINPUTSTD?MAIN
            CODE    A7F8H     0006H     UNIT         ?PR?GETINPUTSELECTION?MAIN
            CODE    A7FEH     0003H     UNIT         ?PR?ISINPUTANALOGRGB?OSDMENU



OVERLAY MAP OF MODULE:   .\Output\AWT_ML072Q (ADC)


SEGMENT                                             BIT_GROUP          XDATA_GROUP
  +--> CALLED SEGMENT                            START    LENGTH     START    LENGTH
------------------------------------------------------------------------------------
?C_C51STARTUP                                    -----    -----      -----    -----
  +--> ?PR?MAIN?MAIN
  +--> ?C_INITSEG

?PR?MAIN?MAIN                                    -----    -----      0000H    0002H
  +--> ?PR?AUDIOMUTE?AUDIO
  +--> ?PR?_WAIT_MS?CPU
  +--> ?PR?INITCPU?CPU
  +--> ?PR?_POWERLED?CPU
  +--> ?PR?INITVARS?CPU
  +--> ?PR?HS_INITVARS?MAIN
  +--> ?PR?INITTECHWELL?CPU
  +--> ?PR?MAIN_INIT?CPU
  +--> ?PR?LOADEEPROM?MAIN
  +--> ?PR?MAIN_LOOP?MAIN
  +--> ?PR?WAITPOWERON?MAIN
  +--> ?PR?_CHANGEVOL?AUDIO
  +--> ?PR?_READEEP?I2C
  +--> ?PR?_CAMOUTDSEL?OSDMENU

?PR?AUDIOMUTE?AUDIO                              0022H.7  0000H.1    -----    -----

?PR?_WAIT_MS?CPU                                 -----    -----      0026H    0004H

?PR?INITVARS?CPU                                 -----    -----      -----    -----
  +--> ?PR?_DELAY?CPU
  +--> ?PR?POWERDOWN_XTAL?MAIN

?PR?POWERDOWN_XTAL?MAIN                          0022H.7  0000H.1    -----    -----

?PR?INITTECHWELL?CPU                             -----    -----      -----    -----
  +--> ?CO?CPU
  +--> ?PR?_PUTS?PRINTF
  +--> ?PR?_READI2C?I2C
BL51 BANKED LINKER/LOCATER V6.22                                                      09/18/2014  19:35:04  PAGE 8


  +--> ?PR?_PRINTF?PRINTF
  +--> ?PR?RS_READY?CPU
  +--> ?PR?_DELAY?CPU
  +--> ?PR?CPU

?PR?_PUTS?PRINTF                                 -----    -----      0022H    0003H
  +--> ?PR?PRINTF
  +--> ?PR?_RS_TX?CPU

?PR?_READI2C?I2C                                 -----    -----      0036H    0003H
  +--> ?PR?I2CSTART?I2C
  +--> ?PR?_I2CWRITEDATA?I2C
  +--> ?PR?I2CREADDATA?I2C
  +--> ?PR?I2CSTOP?I2C

?PR?I2CSTART?I2C                                 -----    -----      -----    -----
  +--> ?PR?DD?I2C

?PR?_I2CWRITEDATA?I2C                            -----    -----      -----    -----
  +--> ?PR?I2C

?PR?I2C                                          -----    -----      -----    -----
  +--> ?PR?DD?I2C

?PR?I2CREADDATA?I2C                              -----    -----      -----    -----
  +--> ?PR?DD?I2C

?PR?I2CSTOP?I2C                                  -----    -----      -----    -----
  +--> ?PR?DD?I2C

?PR?_PRINTF?PRINTF                               -----    -----      0026H    002EH
  +--> ?PR?_DOPRINT?PRINTF

?PR?_DOPRINT?PRINTF                              0022H.7  0000H.2    0054H    0015H
  +--> ?PR?PRINTF
  +--> ?CO?PRINTF

?PR?MAIN_INIT?CPU                                -----    -----      0002H    0002H
  +--> ?PR?_WRITEI2C?I2C
  +--> ?PR?GETFWREVEE?ETC_EEP
  +--> ?PR?CPU
  +--> ?CO?CPU
  +--> ?PR?_PRINTF?PRINTF
  +--> ?PR?_SAVEFWREVEE?ETC_EEP
  +--> ?PR?_SAVEDEBUGLEVELEE?ETC_EEP
  +--> ?PR?_SAVEINPUTSELECTIONEE?ETC_EEP
  +--> ?PR?GETDEBUGLEVELEE?ETC_EEP
  +--> ?PR?_SETVINPUTSTD?MAIN
  +--> ?PR?DISPLAYLOGO?DISPINFO
  +--> ?PR?_LCDPOWERON?TW88
  +--> ?PR?_READEEP?I2C
  +--> ?PR?SETPOSSIBLEAUTODETECTSTDEE?ETC_EEP
  +--> ?PR?CHANGE_OSDCOLORLOOKUP?OSDBASIC
  +--> ?PR?DOWNLOADUDFONT?OSDBASIC
  +--> ?PR?_DELAY?CPU
  +--> ?PR?_WRITEALC106?I2C
  +--> ?PR?_READALC106?I2C
BL51 BANKED LINKER/LOCATER V6.22                                                      09/18/2014  19:35:04  PAGE 9



?PR?_WRITEI2C?I2C                                -----    -----      0057H    0003H
  +--> ?PR?I2C
  +--> ?PR?I2CSTART?I2C
  +--> ?PR?_I2CWRITEDATA?I2C
  +--> ?PR?I2CSTOP?I2C

?PR?GETFWREVEE?ETC_EEP                           -----    -----      0004H    0002H
  +--> ?PR?_READEEP?I2C

?PR?_READEEP?I2C                                 -----    -----      0035H    0001H
  +--> ?PR?_READI2C?I2C
  +--> ?PR?_DELAY?CPU

?PR?_SAVEFWREVEE?ETC_EEP                         -----    -----      0004H    0002H
  +--> ?PR?_WRITEEEP?I2C

?PR?_WRITEEEP?I2C                                -----    -----      002AH    0004H
  +--> ?PR?I2CSTART?I2C
  +--> ?PR?_I2CWRITEDATA?I2C
  +--> ?PR?I2CSTOP?I2C
  +--> ?PR?_DELAY?CPU

?PR?_SAVEDEBUGLEVELEE?ETC_EEP                    -----    -----      -----    -----
  +--> ?PR?_WRITEEEP?I2C

?PR?_SAVEINPUTSELECTIONEE?ETC_EEP                -----    -----      -----    -----
  +--> ?PR?_WRITEEEP?I2C

?PR?GETDEBUGLEVELEE?ETC_EEP                      -----    -----      -----    -----
  +--> ?PR?_READEEP?I2C

?PR?_SETVINPUTSTD?MAIN                           -----    -----      001FH    0001H
  +--> ?PR?GETVINPUTSTDINX?MAIN
  +--> ?CO?MAIN
  +--> ?PR?MAIN
  +--> ?PR?_PRINTF?PRINTF

?PR?GETVINPUTSTDINX?MAIN                         -----    -----      -----    -----
  +--> ?PR?READVINPUTSTD?MAIN
  +--> ?PR?MAIN
  +--> ?CO?MAIN

?PR?READVINPUTSTD?MAIN                           -----    -----      -----    -----
  +--> ?PR?ISNOINPUT?MAIN
  +--> ?PR?_READI2C?I2C

?PR?ISNOINPUT?MAIN                               -----    -----      -----    -----
  +--> ?PR?_READI2C?I2C

?PR?MAIN                                         -----    -----      -----    -----
  +--> ?CO?MAIN

?PR?DISPLAYLOGO?DISPINFO                         -----    -----      0004H    0002H
  +--> ?CO?DISPINFO
  +--> ?CO?OSDBASIC
  +--> ?PR?_INITOSDWINDOW?OSDBASIC
BL51 BANKED LINKER/LOCATER V6.22                                                      09/18/2014  19:35:04  PAGE 10


  +--> ?PR?_CLEARDATACNT?OSDBASIC
  +--> ?PR?_DRAWATTRCNT?OSDBASIC
  +--> ?PR?DISPINFO
  +--> ?PR?_WRITESTRINGTOADDR?OSDBASIC
  +--> ?PR?_SHOWOSDWINDOW_TW88?OSDBASIC

?PR?_INITOSDWINDOW?OSDBASIC                      -----    -----      001FH    0005H
  +--> ?PR?_READI2C?I2C
  +--> ?PR?_WRITEI2C?I2C
  +--> ?PR?OSDBASIC
  +--> ?PR?_WRITEI2CN_?I2C

?PR?_WRITEI2CN_?I2C                              -----    -----      0024H    0006H
  +--> ?PR?I2CSTART?I2C
  +--> ?PR?_I2CWRITEDATA?I2C
  +--> ?PR?I2C
  +--> ?PR?I2CSTOP?I2C

?PR?_CLEARDATACNT?OSDBASIC                       -----    -----      0032H    0003H
  +--> ?PR?OSDBASIC
  +--> ?PR?_WRITEI2C?I2C
  +--> ?PR?_WRITEI2CND?I2C

?PR?_WRITEI2CND?I2C                              -----    -----      0036H    0005H
  +--> ?PR?I2C
  +--> ?PR?I2CSTART?I2C
  +--> ?PR?_I2CWRITEDATA?I2C
  +--> ?PR?I2CSTOP?I2C

?PR?_DRAWATTRCNT?OSDBASIC                        -----    -----      0032H    0004H
  +--> ?PR?OSDBASIC
  +--> ?PR?_WRITEI2C?I2C
  +--> ?PR?_WRITEI2CND?I2C

?PR?DISPINFO                                     -----    -----      -----    -----
  +--> ?CO?MAIN

?PR?_WRITESTRINGTOADDR?OSDBASIC                  -----    -----      0051H    0006H
  +--> ?PR?OSDBASIC
  +--> ?PR?_WRITEI2C?I2C
  +--> ?PR?_WRITEI2CN?I2C

?PR?_WRITEI2CN?I2C                               -----    -----      0057H    0007H
  +--> ?PR?I2C
  +--> ?PR?I2CSTART?I2C
  +--> ?PR?_I2CWRITEDATA?I2C
  +--> ?PR?I2CSTOP?I2C

?PR?_SHOWOSDWINDOW_TW88?OSDBASIC                 -----    -----      0020H    0002H
  +--> ?PR?OSDBASIC
  +--> ?PR?_WRITEI2C?I2C
  +--> ?PR?_READI2C?I2C
  +--> ?PR?WAITENDOFDISPLAYAREA?OSDBASIC

?PR?WAITENDOFDISPLAYAREA?OSDBASIC                -----    -----      002AH    0002H
  +--> ?PR?_READI2C?I2C

BL51 BANKED LINKER/LOCATER V6.22                                                      09/18/2014  19:35:04  PAGE 11


?PR?_LCDPOWERON?TW88                             -----    -----      -----    -----
  +--> ?PR?CHECKTRIGGER?HS_KEYREMO
  +--> ?PR?_POWERLED?CPU
  +--> ?PR?GETLCDPOWERSTATE?TW88
  +--> ?PR?OFF_LVDS?TW88
  +--> ?PR?_WAIT_MS?CPU
  +--> ?PR?_DELAY?CPU
  +--> ?PR?ON_LVDS?TW88
  +--> ?PR?_WRITEI2C?I2C
  +--> ?CO?TW88
  +--> ?PR?_PUTS?PRINTF

?PR?CHECKTRIGGER?HS_KEYREMO                      -----    -----      001AH    0001H
  +--> ?PR?_WAIT_MS?CPU
  +--> ?CO?HS_KEYREMO
  +--> ?PR?_PRINTF?PRINTF

?PR?GETLCDPOWERSTATE?TW88                        -----    -----      -----    -----
  +--> ?PR?_READI2C?I2C

?PR?SETPOSSIBLEAUTODETECTSTDEE?ETC_EEP           -----    -----      0004H    0002H
  +--> ?CO?MAIN
  +--> ?PR?_WRITEEEP?I2C

?PR?CHANGE_OSDCOLORLOOKUP?OSDBASIC               -----    -----      0004H    0002H
  +--> ?CO?UDFONT
  +--> ?PR?_WRITEI2C?I2C

?PR?DOWNLOADUDFONT?OSDBASIC                      -----    -----      0004H    0001H
  +--> ?PR?_WRITEI2C?I2C
  +--> ?CO?UDFONT
  +--> ?PR?_DOWNLOADFONT?OSDBASIC

?PR?_DOWNLOADFONT?OSDBASIC                       -----    -----      0005H    0004H
  +--> ?PR?_READI2C?I2C
  +--> ?PR?_WRITEI2C?I2C
  +--> ?PR?_WRITEI2CN?I2C

?PR?_WRITEALC106?I2C                             -----    -----      -----    -----
  +--> ?PR?I2CSTART?I2C
  +--> ?PR?_I2CWRITEDATA?I2C
  +--> ?PR?DD?I2C
  +--> ?PR?I2CSTOP?I2C
  +--> ?PR?_DELAY?CPU

?PR?_READALC106?I2C                              -----    -----      0004H    0002H
  +--> ?PR?_READI2CWORD?I2C
  +--> ?PR?_DELAY?CPU

?PR?_READI2CWORD?I2C                             -----    -----      0006H    0002H
  +--> ?PR?I2CSTART?I2C
  +--> ?PR?_I2CWRITEDATA?I2C
  +--> ?PR?I2CREADDATAWITHACK?I2C
  +--> ?PR?I2CREADDATA?I2C
  +--> ?PR?I2CSTOP?I2C

?PR?LOADEEPROM?MAIN                              -----    -----      -----    -----
BL51 BANKED LINKER/LOCATER V6.22                                                      09/18/2014  19:35:04  PAGE 12


  +--> ?PR?_READEEP?I2C
  +--> ?PR?GETAUDIOVOLEE?ETC_EEP
  +--> ?PR?GETPCAUDIOVOLEE?ETC_EEP

?PR?GETAUDIOVOLEE?ETC_EEP                        -----    -----      -----    -----
  +--> ?PR?_READEEP?I2C

?PR?GETPCAUDIOVOLEE?ETC_EEP                      -----    -----      -----    -----
  +--> ?PR?_READEEP?I2C

?PR?MAIN_LOOP?MAIN                               -----    -----      0002H    0001H
  +--> ?CO?MAIN
  +--> ?PR?_PUTS?PRINTF
  +--> ?PR?CHECKTRIGGER?HS_KEYREMO
  +--> ?PR?_TRIGGERHANDLER?HS_KEYREMO
  +--> ?PR?SEQMODE?HS_KEYREMO
  +--> ?PR?_READI2C?I2C
  +--> ?PR?_ADJUSTAUTODAYNIGHT?MAIN
  +--> ?PR?CHECKKEYIN?KEYREMO
  +--> ?PR?CHECKANDCLEAROSD?DISPINFO
  +--> ?PR?GETINPUTSELECTION?MAIN
  +--> ?PR?GETDISPLAYEDOSD?DISPINFO
  +--> ?PR?CHECKDECODERINPUT?MAIN
  +--> ?PR?_WRITEI2C?I2C
  +--> ?PR?_POWERLED?CPU
  +--> ?PR?_WAIT_MS?CPU

?PR?_TRIGGERHANDLER?HS_KEYREMO                   -----    -----      0005H    0008H
  +--> ?CO?HS_KEYREMO
  +--> ?PR?SETREARSOURCE?HS_KEYREMO
  +--> ?PR?CLEARGAUGEINFO?HS_DISPLAYOSD
  +--> ?PR?SETLEFTSOURCE?HS_KEYREMO
  +--> ?PR?SETRIGHTSOURCE?HS_KEYREMO
  +--> ?PR?HS_KEYREMO
  +--> ?PR?_PUTS?PRINTF
  +--> ?PR?SETTRIGGERCSOURCE?HS_KEYREMO
  +--> ?PR?_PRINTF?PRINTF
  +--> ?PR?CHECKTRIGGER?HS_KEYREMO
  +--> ?PR?_WAIT_MS?CPU
  +--> ?PR?DISPLAYINPUT?DISPINFO
  +--> ?PR?SETNOWMODE?HS_KEYREMO
  +--> ?PR?_READI2C?I2C
  +--> ?PR?_WRITEI2C?I2C

?PR?SETREARSOURCE?HS_KEYREMO                     -----    -----      000DH    0001H
  +--> ?PR?_READEEP?I2C
  +--> ?CO?HS_KEYREMO
  +--> ?PR?HS_KEYREMO
  +--> ?PR?_SETSOURCEMODE?HS_KEYREMO
  +--> ?PR?_WRITEI2C?I2C
  +--> ?PR?DISPLAYGAUGEOSD?HS_DISPLAYOSD

?PR?HS_KEYREMO                                   -----    -----      -----    -----
  +--> ?CO?HS_KEYREMO

?PR?_SETSOURCEMODE?HS_KEYREMO                    -----    -----      0014H    0005H
  +--> ?CO?HS_KEYREMO
BL51 BANKED LINKER/LOCATER V6.22                                                      09/18/2014  19:35:04  PAGE 13


  +--> ?PR?_TW2835COMMAND?CPU
  +--> ?PR?_CHANGEINPUT?MAIN

?PR?_TW2835COMMAND?CPU                           -----    -----      0019H    000DH
  +--> ?PR?CPU
  +--> ?CO?CPU
  +--> ?PR?_PRINTF?PRINTF
  +--> ?PR?GETTIME_MS?CPU
  +--> ?PR?_ABS?ABS
  +--> ?PR?_WAIT_MS?CPU

?PR?GETTIME_MS?CPU                               -----    -----      0026H    0002H

?PR?_CHANGEINPUT?MAIN                            -----    -----      0019H    0001H
  +--> ?PR?LCDPOWEROFF?TW88
  +--> ?PR?_INITVIDEODATA?MAIN
  +--> ?PR?COMPOSITE1INPUT?TW88
  +--> ?CO?MAIN
  +--> ?PR?COMPOSITE3INPUT?TW88
  +--> ?PR?COMPOSITE2INPUT?TW88
  +--> ?PR?COMPOSITE4INPUT?TW88
  +--> ?PR?MAIN
  +--> ?PR?_PRINTF?PRINTF
  +--> ?PR?CHECKPANELIMAGE?OSDMENU
  +--> ?PR?_SAVEINPUTSELECTIONEE?ETC_EEP
  +--> ?PR?_DELAY?CPU
  +--> ?PR?CHECKDECODERINPUT?MAIN
  +--> ?PR?DISPLAYINPUT?DISPINFO
  +--> ?PR?_LCDPOWERON?TW88
  +--> ?PR?_WRITEI2C?I2C
  +--> ?PR?_CHANGEVOL?AUDIO

?PR?LCDPOWEROFF?TW88                             -----    -----      -----    -----
  +--> ?PR?_WRITEI2C?I2C
  +--> ?PR?OFF_LVDS?TW88
  +--> ?PR?_WAIT_MS?CPU
  +--> ?PR?_DELAY?CPU

?PR?_INITVIDEODATA?MAIN                          -----    -----      001FH    0001H
  +--> ?CO?MAIN
  +--> ?PR?MAIN
  +--> ?PR?_PRINTF?PRINTF
  +--> ?CO?TABLE
  +--> ?PR?_I2CDEVICEINITIALIZE?MAIN
  +--> ?PR?_WRITEI2C?I2C
  +--> ?PR?_CLEARAUTODETECTSTD?TW88
  +--> ?PR?SETAUTODETECTSTD?TW88
  +--> ?PR?_READEEP?I2C
  +--> ?PR?_SETVIDEOMODE?OSDMENU
  +--> ?PR?GETWIDEMODEEE?ETC_EEP
  +--> ?PR?_SET4WIDESCREEN?OSDMENU

?PR?_I2CDEVICEINITIALIZE?MAIN                    -----    -----      0020H    0006H
  +--> ?PR?MAIN
  +--> ?PR?_WRITEI2C?I2C

?PR?_CLEARAUTODETECTSTD?TW88                     -----    -----      0020H    0001H
BL51 BANKED LINKER/LOCATER V6.22                                                      09/18/2014  19:35:04  PAGE 14


  +--> ?PR?_READI2C?I2C
  +--> ?PR?_WRITEI2C?I2C

?PR?SETAUTODETECTSTD?TW88                        -----    -----      -----    -----
  +--> ?PR?GETPOSSIBLEAUTODETECTSTDEE?ETC_EEP
  +--> ?PR?_WRITEI2C?I2C
  +--> ?PR?_READI2C?I2C

?PR?GETPOSSIBLEAUTODETECTSTDEE?ETC_EEP           -----    -----      -----    -----
  +--> ?PR?_READEEP?I2C

?PR?_SETVIDEOMODE?OSDMENU                        -----    -----      0020H    0007H
  +--> ?PR?_WRITEEEP?I2C
  +--> ?CO?OSDMENU
  +--> ?PR?_WRITEI2C?I2C
  +--> ?PR?OSDMENU
  +--> ?PR?_GETVIDEODATAWITHOFFSET?OSDMENU
  +--> ?PR?_SETVIDEOCONTRAST?OSDMENU
  +--> ?PR?_SETVIDEOBRIGHTNESS?OSDMENU
  +--> ?PR?_SETVIDEOSATURATION?OSDMENU
  +--> ?PR?_SETVIDEOHUE?OSDMENU
  +--> ?PR?_MAPPING1?TW88
  +--> ?PR?_READI2C?I2C

?PR?OSDMENU                                      -----    -----      -----    -----
  +--> ?CO?OSDMENU
  +--> ?CO?MAIN

?PR?_GETVIDEODATAWITHOFFSET?OSDMENU              -----    -----      -----    -----
  +--> ?PR?_GETVIDEODATAFROMEE?ETC_EEP
  +--> ?PR?OSDMENU

?PR?_GETVIDEODATAFROMEE?ETC_EEP                  -----    -----      -----    -----
  +--> ?PR?_READEEP?I2C

?PR?_SETVIDEOCONTRAST?OSDMENU                    -----    -----      0027H    0003H
  +--> ?PR?GETINPUTSELECTION?MAIN
  +--> ?PR?OSDMENU
  +--> ?CO?OSDMENU
  +--> ?PR?_MAPPING1?TW88
  +--> ?PR?_WRITEI2C?I2C

?PR?_MAPPING1?TW88                               -----    -----      002BH    000FH
  +--> ?PR?TW88

?PR?_SETVIDEOBRIGHTNESS?OSDMENU                  -----    -----      0027H    0003H
  +--> ?PR?OSDMENU
  +--> ?CO?OSDMENU
  +--> ?PR?_MAPPING1?TW88
  +--> ?PR?ISINPUTANALOGRGB?OSDMENU
  +--> ?PR?_WRITEI2C?I2C

?PR?_SETVIDEOSATURATION?OSDMENU                  -----    -----      0027H    0004H
  +--> ?PR?ISINPUTANALOGRGB?OSDMENU
  +--> ?PR?OSDMENU
  +--> ?CO?OSDMENU
  +--> ?PR?_MAPPING1?TW88
BL51 BANKED LINKER/LOCATER V6.22                                                      09/18/2014  19:35:04  PAGE 15


  +--> ?PR?_READI2C?I2C
  +--> ?PR?_WRITEI2C?I2C

?PR?_SETVIDEOHUE?OSDMENU                         -----    -----      0027H    0003H
  +--> ?PR?OSDMENU
  +--> ?CO?OSDMENU
  +--> ?PR?_MAPPING1?TW88
  +--> ?PR?_READI2C?I2C
  +--> ?PR?ISINPUTANALOGRGB?OSDMENU
  +--> ?PR?_WRITEI2C?I2C

?PR?GETWIDEMODEEE?ETC_EEP                        -----    -----      -----    -----
  +--> ?PR?_READEEP?I2C

?PR?_SET4WIDESCREEN?OSDMENU                      -----    -----      0020H    0006H
  +--> ?PR?GETVINPUTSTD?MAIN
  +--> ?CO?OSDMENU
  +--> ?PR?WAITENDOFDISPLAYAREA?OSDBASIC
  +--> ?PR?OSDMENU
  +--> ?PR?_WRITEI2C?I2C
  +--> ?PR?_SAVEWIDEMODEEE?ETC_EEP

?PR?_SAVEWIDEMODEEE?ETC_EEP                      -----    -----      -----    -----
  +--> ?PR?_WRITEEEP?I2C

?PR?COMPOSITE1INPUT?TW88                         -----    -----      -----    -----
  +--> ?PR?_WRITEI2C?I2C
  +--> ?PR?TW88
  +--> ?PR?_READI2C?I2C

?PR?COMPOSITE3INPUT?TW88                         -----    -----      -----    -----
  +--> ?PR?_WRITEI2C?I2C
  +--> ?PR?TW88
  +--> ?PR?_READI2C?I2C

?PR?COMPOSITE2INPUT?TW88                         -----    -----      -----    -----
  +--> ?PR?_WRITEI2C?I2C
  +--> ?PR?TW88
  +--> ?PR?_READI2C?I2C

?PR?COMPOSITE4INPUT?TW88                         -----    -----      -----    -----
  +--> ?PR?_WRITEI2C?I2C
  +--> ?PR?TW88
  +--> ?PR?_READI2C?I2C

?PR?CHECKPANELIMAGE?OSDMENU                      -----    -----      -----    -----
  +--> ?PR?_READI2C?I2C
  +--> ?PR?_WRITEI2C?I2C

?PR?CHECKDECODERINPUT?MAIN                       -----    -----      001AH    0005H
  +--> ?PR?DETECTDECODERINPUT?TW88
  +--> ?PR?_SETVINPUTSTD?MAIN
  +--> ?PR?_DELAY?CPU
  +--> ?PR?_INITVIDEODATA?MAIN

?PR?DETECTDECODERINPUT?TW88                      -----    -----      001FH    0002H
  +--> ?PR?_DELAY?CPU
BL51 BANKED LINKER/LOCATER V6.22                                                      09/18/2014  19:35:04  PAGE 16


  +--> ?PR?_READI2C?I2C

?PR?DISPLAYINPUT?DISPINFO                        -----    -----      001AH    0005H
  +--> ?PR?GETDISPLAYEDOSD?DISPINFO
  +--> ?CO?DISPINFO
  +--> ?PR?_PRINTF?PRINTF
  +--> ?PR?CLEAROSDINFO?DISPINFO
  +--> ?CO?OSDBASIC
  +--> ?PR?_INITOSDWINDOW?OSDBASIC
  +--> ?PR?_CLEARDATACNT?OSDBASIC
  +--> ?PR?_DRAWATTRCNT?OSDBASIC
  +--> ?PR?_WRITESTRINGTOADDR?OSDBASIC
  +--> ?PR?GETINPUTSELECTION?MAIN
  +--> ?PR?GETVINPUTSTDINX?MAIN
  +--> ?CO?MAIN
  +--> ?PR?_STRLEN?OSDBASIC
  +--> ?PR?_READEEP?I2C
  +--> ?PR?DISPINFO
  +--> ?PR?_SHOWOSDWINDOW_TW88?OSDBASIC
  +--> ?PR?_SHOWOSDWINDOWALL?OSDBASIC
  +--> ?PR?GETTIME_MS?CPU

?PR?CLEAROSDINFO?DISPINFO                        -----    -----      001FH    0001H
  +--> ?PR?CLEARLOGO?DISPINFO
  +--> ?PR?GETDISPLAYEDOSD?DISPINFO
  +--> ?PR?CLEARTVINFO?DISPINFO
  +--> ?PR?CLEARMUTEINFO?DISPINFO
  +--> ?PR?CLEARINPUT?DISPINFO
  +--> ?PR?CLOSEOSDMENU?OSDMENU
  +--> ?PR?CLEARGAUGEINFO?HS_DISPLAYOSD

?PR?CLEARLOGO?DISPINFO                           -----    -----      -----    -----
  +--> ?PR?_SHOWOSDWINDOW_TW88?OSDBASIC

?PR?CLEARTVINFO?DISPINFO                         -----    -----      -----    -----
  +--> ?PR?_SHOWOSDWINDOW_TW88?OSDBASIC

?PR?CLEARMUTEINFO?DISPINFO                       -----    -----      -----    -----
  +--> ?PR?_SHOWOSDWINDOW_TW88?OSDBASIC

?PR?CLEARINPUT?DISPINFO                          -----    -----      -----    -----
  +--> ?PR?_SHOWOSDWINDOWALL?OSDBASIC
  +--> ?PR?_SHOWOSDWINDOW_TW88?OSDBASIC

?PR?_SHOWOSDWINDOWALL?OSDBASIC                   -----    -----      0021H    0002H
  +--> ?PR?WAITENDOFDISPLAYAREA?OSDBASIC
  +--> ?PR?_READI2C?I2C
  +--> ?PR?_WRITEI2C?I2C

?PR?CLOSEOSDMENU?OSDMENU                         -----    -----      0020H    0001H
  +--> ?PR?_SHOWOSDWINDOWALL?OSDBASIC
  +--> ?PR?WAITENDOFDISPLAYAREA?OSDBASIC
  +--> ?PR?_WRITEI2C?I2C
  +--> ?PR?_CLEARDISPLAYEDOSD?DISPINFO
  +--> ?PR?SETNOWMODE?HS_KEYREMO

?PR?SETNOWMODE?HS_KEYREMO                        -----    -----      0021H    0001H
BL51 BANKED LINKER/LOCATER V6.22                                                      09/18/2014  19:35:04  PAGE 17


  +--> ?PR?HS_KEYREMO
  +--> ?PR?_PUTS?PRINTF
  +--> ?PR?_READEEP?I2C
  +--> ?CO?HS_KEYREMO

?PR?CLEARGAUGEINFO?HS_DISPLAYOSD                 -----    -----      -----    -----
  +--> ?PR?_SHOWOSDWINDOW_TW88?OSDBASIC

?PR?_STRLEN?OSDBASIC                             -----    -----      0051H    0003H

?PR?_CHANGEVOL?AUDIO                             -----    -----      001AH    0002H
  +--> ?PR?AUDIOMUTE?AUDIO
  +--> ?CO?OSDMENU
  +--> ?PR?_WRITEI2C?I2C
  +--> ?CO?AUDIO
  +--> ?PR?_SETPCAUDIOVOLEE?ETC_EEP
  +--> ?PR?_SETAUDIOVOLEE?ETC_EEP
  +--> ?PR?_PRINTF?PRINTF

?PR?_SETPCAUDIOVOLEE?ETC_EEP                     -----    -----      -----    -----
  +--> ?PR?_WRITEEEP?I2C

?PR?_SETAUDIOVOLEE?ETC_EEP                       -----    -----      -----    -----
  +--> ?PR?_WRITEEEP?I2C

?PR?DISPLAYGAUGEOSD?HS_DISPLAYOSD                -----    -----      000EH    0001H
  +--> ?PR?CLEAROSDINFO?DISPINFO
  +--> ?PR?HS_DISPLAYOSD
  +--> ?PR?_INITOSDWINDOW?OSDBASIC
  +--> ?PR?_CLEARDATACNT?OSDBASIC
  +--> ?PR?_DRAWATTRCNT?OSDBASIC
  +--> ?CO?HS_DISPLAYOSD
  +--> ?PR?_WRITESTRINGTOADDR?OSDBASIC
  +--> ?PR?_SETDISPLAYEDOSD?DISPINFO
  +--> ?PR?_SHOWOSDWINDOW_TW88?OSDBASIC
  +--> ?PR?_SHOWOSDWINDOWALL?OSDBASIC
  +--> ?PR?_WRITEI2C?I2C

?PR?HS_DISPLAYOSD                                -----    -----      -----    -----
  +--> ?CO?HS_DISPLAYOSD

?PR?SETLEFTSOURCE?HS_KEYREMO                     -----    -----      -----    -----
  +--> ?PR?_READEEP?I2C
  +--> ?CO?HS_KEYREMO
  +--> ?PR?HS_KEYREMO
  +--> ?PR?_SETSOURCEMODE?HS_KEYREMO

?PR?SETRIGHTSOURCE?HS_KEYREMO                    -----    -----      -----    -----
  +--> ?PR?_READEEP?I2C
  +--> ?CO?HS_KEYREMO
  +--> ?PR?HS_KEYREMO
  +--> ?PR?_SETSOURCEMODE?HS_KEYREMO

?PR?SETTRIGGERCSOURCE?HS_KEYREMO                 -----    -----      -----    -----
  +--> ?PR?_READEEP?I2C
  +--> ?CO?HS_KEYREMO
  +--> ?PR?HS_KEYREMO
BL51 BANKED LINKER/LOCATER V6.22                                                      09/18/2014  19:35:04  PAGE 18


  +--> ?PR?_SETSOURCEMODE?HS_KEYREMO

?PR?SEQMODE?HS_KEYREMO                           -----    -----      -----    -----
  +--> ?CO?HS_KEYREMO
  +--> ?PR?HS_KEYREMO
  +--> ?PR?_SETSOURCEMODE?HS_KEYREMO

?PR?_ADJUSTAUTODAYNIGHT?MAIN                     -----    -----      0003H    0002H
  +--> ?PR?_READI2C?I2C
  +--> ?PR?MAIN
  +--> ?PR?_WRITEI2C?I2C

?PR?CHECKKEYIN?KEYREMO                           -----    -----      0003H    0003H
  +--> ?PR?_GETKEY?KEYREMO
  +--> ?CO?KEYREMO
  +--> ?PR?_PRINTF?PRINTF
  +--> ?PR?_READEEP?I2C
  +--> ?PR?KEYREMO
  +--> ?PR?_WAIT_MS?CPU
  +--> ?PR?_WRITEEEP?I2C
  +--> ?PR?_DISPLAYINFORMATION?HS_DISPLAYOSD
  +--> ?PR?CLEARGAUGEINFO?HS_DISPLAYOSD
  +--> ?PR?DISPLAYINPUT?DISPINFO
  +--> ?PR?_POWERLED?CPU
  +--> ?PR?_DELAY?CPU
  +--> ?PR?SETOSDLASTKEYINTIME?MAIN
  +--> ?PR?_ACTIONREMO?KEYREMO
  +--> ?PR?_WRITEI2C?I2C
  +--> ?PR?CLEAROSDINFO?DISPINFO
  +--> ?PR?CLOSEOSDMENU?OSDMENU
  +--> ?PR?GETDISPLAYEDOSD?DISPINFO
  +--> ?PR?OSDSELECT?OSDMENU
  +--> ?PR?_OSDVALUEUPDN?OSDMENU
  +--> ?PR?_OSDCURSORMOVE?OSDMENU
  +--> ?PR?SETSELECTMODE?HS_KEYREMO
  +--> ?PR?SETJUMPMODE?HS_KEYREMO
  +--> ?PR?_CAM_TXCOMMAND_TORS485?HS_DVRPROT...
  +--> ?PR?DISPLAYFWVERSION?HS_DISPLAYOSD

?PR?_GETKEY?KEYREMO                              0022H.7  0000H.1    0006H    0001H
  +--> ?PR?GETDISPLAYEDOSD?DISPINFO

?PR?_DISPLAYINFORMATION?HS_DISPLAYOSD            -----    -----      0006H    0001H
  +--> ?PR?HS_DISPLAYOSD
  +--> ?PR?_INITOSDWINDOW?OSDBASIC
  +--> ?PR?CLEAROSDINFO?DISPINFO
  +--> ?PR?_CLEARDATACNT?OSDBASIC
  +--> ?CO?HS_DISPLAYOSD
  +--> ?PR?_DRAWATTRCNT?OSDBASIC
  +--> ?PR?_WRITESTRINGTOADDR?OSDBASIC
  +--> ?PR?_SHOWOSDWINDOW_TW88?OSDBASIC
  +--> ?PR?_SHOWOSDWINDOWALL?OSDBASIC
  +--> ?PR?_WRITEI2C?I2C

?PR?SETOSDLASTKEYINTIME?MAIN                     -----    -----      -----    -----
  +--> ?PR?GETTIME_MS?CPU

BL51 BANKED LINKER/LOCATER V6.22                                                      09/18/2014  19:35:04  PAGE 19


?PR?_ACTIONREMO?KEYREMO                          -----    -----      0006H    0002H
  +--> ?PR?SETOSDLASTKEYINTIME?MAIN
  +--> ?PR?GETNEXTINPUTSELECTION?MAIN
  +--> ?PR?_CHANGEINPUT?MAIN
  +--> ?PR?GETDISPLAYEDOSD?DISPINFO
  +--> ?PR?CLEARINPUT?DISPINFO
  +--> ?PR?DISPLAYINPUT?DISPINFO
  +--> ?PR?REMOCHNUP_UPKEY?KEYREMO
  +--> ?PR?REMOCHNDN_DNKEY?KEYREMO
  +--> ?PR?OSDSELECT?OSDMENU
  +--> ?PR?REMOVOLUP_RIGHTKEY?KEYREMO
  +--> ?PR?REMOVOLDN_LEFTKEY?KEYREMO
  +--> ?PR?REMOMENU_MENUKEY?KEYREMO
  +--> ?PR?_DOACTION?OSDMENU
  +--> ?PR?_SETITEMVALUE?OSDMENU

?PR?GETNEXTINPUTSELECTION?MAIN                   -----    -----      -----    -----
  +--> ?PR?MAIN

?PR?REMOCHNUP_UPKEY?KEYREMO                      -----    -----      -----    -----
  +--> ?PR?GETDISPLAYEDOSD?DISPINFO
  +--> ?PR?_OSDCURSORMOVE?OSDMENU

?PR?_OSDCURSORMOVE?OSDMENU                       0022H.7  0000H.1    0008H    0004H
  +--> ?PR?OSDMENU
  +--> ?PR?_READEEP?I2C
  +--> ?PR?_GETNEXTCURSORMENUITEM?OSDMENU
  +--> ?PR?_GETLOWERMENUITEM?OSDMENU
  +--> ?PR?CLEARVALUEWIN?OSDMENU
  +--> ?PR?CLEARCURSOR?OSDMENU
  +--> ?PR?WAITENDOFDISPLAYAREA?OSDBASIC
  +--> ?PR?_GETOSDWINDOWY?OSDBASIC
  +--> ?PR?_SETOSDWINDOWY_TW88?OSDBASIC
  +--> ?PR?_WRITEI2C?I2C
  +--> ?PR?DISPLAYOSDMENU?OSDMENU
  +--> ?PR?_DRAWMENULIST?OSDMENU
  +--> ?PR?DISPLAYCURSOR?OSDMENU

?PR?_GETNEXTCURSORMENUITEM?OSDMENU               -----    -----      000CH    0005H
  +--> ?PR?_GETUPPERMENUITEM?OSDMENU
  +--> ?PR?_GETLOWERMENUITEM?OSDMENU

?PR?_GETLOWERMENUITEM?OSDMENU                    -----    -----      001FH    0004H

?PR?CLEARVALUEWIN?OSDMENU                        -----    -----      -----    -----
  +--> ?PR?SAVEVALUE1?OSDMENU

?PR?SAVEVALUE1?OSDMENU                           -----    -----      -----    -----
  +--> ?PR?OSDMENU

?PR?CLEARCURSOR?OSDMENU                          -----    -----      000CH    0002H
  +--> ?PR?OSDMENU
  +--> ?PR?_DRAWATTRCNT?OSDBASIC

?PR?_GETOSDWINDOWY?OSDBASIC                      -----    -----      002AH    0002H
  +--> ?PR?OSDBASIC
  +--> ?PR?_WRITEI2C?I2C
BL51 BANKED LINKER/LOCATER V6.22                                                      09/18/2014  19:35:04  PAGE 20


  +--> ?PR?_READI2C?I2C

?PR?_SETOSDWINDOWY_TW88?OSDBASIC                 -----    -----      0013H    0003H
  +--> ?PR?OSDBASIC
  +--> ?PR?_WRITEI2C?I2C
  +--> ?PR?_READI2C?I2C

?PR?DISPLAYOSDMENU?OSDMENU                       -----    -----      -----    -----
  +--> ?PR?_DRAWATTRCNT?OSDBASIC
  +--> ?PR?OSDMENU
  +--> ?PR?GETINPUTSELECTION?MAIN
  +--> ?PR?_READEEP?I2C
  +--> ?PR?_DRAWMENULIST?OSDMENU
  +--> ?PR?PUSHMENU?OSDMENU
  +--> ?PR?POPMENU?OSDMENU
  +--> ?PR?DISPLAYCURSOR?OSDMENU

?PR?_DRAWMENULIST?OSDMENU                        -----    -----      0013H    000CH
  +--> ?PR?OSDMENU
  +--> ?PR?_STRLEN?OSDBASIC
  +--> ?PR?_DRAWATTRCNT?OSDBASIC
  +--> ?PR?_WRITESTRINGTOADDR?OSDBASIC
  +--> ?PR?_CLEARDATACNT?OSDBASIC
  +--> ?PR?_WRITEI2C?I2C
  +--> ?PR?_DISPLAYOSDMENUONEITEM?OSDMENU
  +--> ?PR?_GETLOWERMENUITEM?OSDMENU

?PR?_DISPLAYOSDMENUONEITEM?OSDMENU               -----    -----      001FH    0013H
  +--> ?PR?OSDMENU
  +--> ?PR?_DRAWATTRCNT?OSDBASIC
  +--> ?PR?_CLEARDATACNT?OSDBASIC
  +--> ?PR?_GETITEMVALUE?OSDMENU
  +--> ?PR?_DISPLAYVIEWBAR?OSDMENU
  +--> ?PR?_DRAWNUM?OSDMENU
  +--> ?CO?OSDMENU
  +--> ?PR?_WRITESTRINGTOADDR?OSDBASIC
  +--> ?PR?_DRAWSTRINGBYLANG?OSDMENU
  +--> ?PR?_STRLEN?OSDBASIC

?PR?_GETITEMVALUE?OSDMENU                        -----    -----      0032H    0003H
  +--> ?PR?GETOSDPOSITIONMODE?OSDMENU
  +--> ?PR?_READEEP?I2C
  +--> ?PR?_GETVIDEODATAWITHOFFSET?OSDMENU
  +--> ?PR?OSDMENU

?PR?GETOSDPOSITIONMODE?OSDMENU                   -----    -----      -----    -----
  +--> ?PR?GETOSDPOSITIONMODEEE?ETC_EEP

?PR?GETOSDPOSITIONMODEEE?ETC_EEP                 -----    -----      -----    -----
  +--> ?PR?_READEEP?I2C

?PR?_DISPLAYVIEWBAR?OSDMENU                      -----    -----      0032H    0010H
  +--> ?CO?OSDMENU
  +--> ?PR?OSDMENU
  +--> ?PR?_WRITESTRINGTOADDR?OSDBASIC

?PR?_DRAWNUM?OSDMENU                             -----    -----      0032H    001FH
BL51 BANKED LINKER/LOCATER V6.22                                                      09/18/2014  19:35:04  PAGE 21


  +--> ?PR?OSDMENU
  +--> ?CO?OSDMENU
  +--> ?PR?_UTOA?OSDBASIC
  +--> ?PR?_STRLEN?OSDBASIC
  +--> ?PR?_WRITESTRINGTOADDR?OSDBASIC

?PR?_UTOA?OSDBASIC                               -----    -----      0051H    000EH
  +--> ?PR?OSDBASIC

?PR?_DRAWSTRINGBYLANG?OSDMENU                    -----    -----      0032H    0018H
  +--> ?PR?OSDMENU
  +--> ?CO?OSDMENU
  +--> ?PR?_WRITESTRINGTOADDR?OSDBASIC
  +--> ?PR?_STRLEN?OSDBASIC

?PR?PUSHMENU?OSDMENU                             -----    -----      -----    -----
  +--> ?PR?OSDMENU

?PR?POPMENU?OSDMENU                              -----    -----      -----    -----
  +--> ?PR?OSDMENU

?PR?DISPLAYCURSOR?OSDMENU                        -----    -----      000CH    0004H
  +--> ?PR?OSDMENU
  +--> ?PR?_DRAWATTRCNT?OSDBASIC
  +--> ?PR?_GETITEMVALUE?OSDMENU

?PR?REMOCHNDN_DNKEY?KEYREMO                      -----    -----      -----    -----
  +--> ?PR?GETDISPLAYEDOSD?DISPINFO
  +--> ?PR?_OSDCURSORMOVE?OSDMENU

?PR?OSDSELECT?OSDMENU                            -----    -----      0008H    0002H
  +--> ?PR?OSDMENU
  +--> ?PR?GETINPUTSELECTION?MAIN
  +--> ?PR?READVINPUTSTD?MAIN
  +--> ?PR?_DOACTION?OSDMENU
  +--> ?PR?CLEARCURSOR?OSDMENU
  +--> ?PR?CLOSEOSDMENU?OSDMENU
  +--> ?PR?DISPLAYCURSOR?OSDMENU
  +--> ?PR?_GETITEMVALUE?OSDMENU
  +--> ?PR?_WRITEI2C?I2C
  +--> ?PR?PUSHMENU?OSDMENU
  +--> ?PR?_GET_CURSOR_ITEM?OSDMENU
  +--> ?PR?DISPLAYOSDMENU?OSDMENU

?PR?_DOACTION?OSDMENU                            -----    -----      000AH    0001H
  +--> ?PR?_CHANGEINPUT?MAIN
  +--> ?CO?OSDMENU
  +--> ?PR?_PRINTF?PRINTF
  +--> ?PR?OSDHIGHMENU_SUB?OSDMENU
  +--> ?PR?DISPLAYINFO_OSD?OSDMENU
  +--> ?PR?CLOSEOSDMENU?OSDMENU
  +--> ?PR?DISPLAYINPUT?DISPINFO
  +--> ?PR?CLEAROSDINFO?DISPINFO
  +--> ?PR?RESETVIDEOVALUE?OSDMENU
  +--> ?PR?RESETOSDVALUE?OSDMENU
  +--> ?PR?SETNOWMODE?HS_KEYREMO

BL51 BANKED LINKER/LOCATER V6.22                                                      09/18/2014  19:35:04  PAGE 22


?PR?OSDHIGHMENU_SUB?OSDMENU                      -----    -----      000BH    0001H
  +--> ?PR?OSDMENU
  +--> ?PR?POPMENU?OSDMENU
  +--> ?PR?CLOSEOSDMENU?OSDMENU
  +--> ?CO?OSDMENU
  +--> ?PR?_PRINTF?PRINTF
  +--> ?PR?DISPLAYOSDMENU?OSDMENU
  +--> ?PR?_DRAWMENULIST?OSDMENU
  +--> ?PR?DISPLAYCURSOR?OSDMENU
  +--> ?PR?_WRITEI2C?I2C

?PR?DISPLAYINFO_OSD?OSDMENU                      -----    -----      000BH    0008H
  +--> ?PR?PUSHMENU?OSDMENU
  +--> ?PR?OSDMENU
  +--> ?PR?_DRAWMENULIST?OSDMENU
  +--> ?PR?_DRAWATTRCNT?OSDBASIC
  +--> ?CO?OSDMENU
  +--> ?PR?_WRITESTRINGTOADDR?OSDBASIC
  +--> ?PR?GETINPUTSELECTION?MAIN
  +--> ?CO?MAIN
  +--> ?PR?_STRLEN?OSDBASIC
  +--> ?PR?GETVINPUTSTDINX?MAIN
  +--> ?PR?_READEEP?I2C

?PR?RESETVIDEOVALUE?OSDMENU                      -----    -----      000BH    0002H
  +--> ?CO?OSDMENU
  +--> ?PR?_SETVIDEOMODE?OSDMENU
  +--> ?PR?_SAVEVIDEODATATOEE?ETC_EEP

?PR?_SAVEVIDEODATATOEE?ETC_EEP                   -----    -----      -----    -----
  +--> ?PR?_WRITEEEP?I2C

?PR?RESETOSDVALUE?OSDMENU                        -----    -----      -----    -----
  +--> ?CO?OSDMENU
  +--> ?PR?_SAVEOSDPOSITIONMODEEE?ETC_EEP
  +--> ?PR?_READEEP?I2C
  +--> ?PR?_WRITEEEP?I2C
  +--> ?PR?_CHANGEVOL?AUDIO
  +--> ?PR?_CAMOUTDSEL?OSDMENU
  +--> ?PR?_PUTS?PRINTF
  +--> ?PR?_CLEARDATACNT?OSDBASIC
  +--> ?PR?LOADEEPROM?MAIN
  +--> ?PR?_SAVEOSDLANGEE?ETC_EEP
  +--> ?PR?INITOSDMENU?OSDMENU

?PR?_SAVEOSDPOSITIONMODEEE?ETC_EEP               -----    -----      -----    -----
  +--> ?PR?_WRITEEEP?I2C

?PR?_CAMOUTDSEL?OSDMENU                          -----    -----      0014H    0001H
  +--> ?CO?OSDMENU
  +--> ?PR?_PUTS?PRINTF

?PR?_SAVEOSDLANGEE?ETC_EEP                       -----    -----      -----    -----
  +--> ?PR?_WRITEEEP?I2C

?PR?INITOSDMENU?OSDMENU                          -----    -----      000BH    0001H
  +--> ?PR?GETOSDLANGEE?ETC_EEP
BL51 BANKED LINKER/LOCATER V6.22                                                      09/18/2014  19:35:04  PAGE 23


  +--> ?PR?GETINPUTSELECTION?MAIN
  +--> ?CO?OSDMENU
  +--> ?PR?OSDMENU
  +--> ?CO?OSDBASIC
  +--> ?PR?_INITOSDWINDOW?OSDBASIC
  +--> ?PR?_CLEARDATACNT?OSDBASIC
  +--> ?PR?GETOSDPOSITIONMODEEE?ETC_EEP
  +--> ?PR?INITOSDMENUXY?OSDMENU
  +--> ?PR?DISPLAYOSDMENU?OSDMENU

?PR?GETOSDLANGEE?ETC_EEP                         -----    -----      -----    -----
  +--> ?PR?_READEEP?I2C

?PR?INITOSDMENUXY?OSDMENU                        -----    -----      000CH    0007H
  +--> ?CO?OSDMENU
  +--> ?PR?OSDMENU
  +--> ?PR?_GETOSDWINDOWX?OSDBASIC
  +--> ?PR?_SETOSDWINDOWX_TW88?OSDBASIC
  +--> ?PR?_GETOSDWINDOWY?OSDBASIC
  +--> ?PR?_SETOSDWINDOWY_TW88?OSDBASIC

?PR?_GETOSDWINDOWX?OSDBASIC                      -----    -----      002AH    0002H
  +--> ?PR?OSDBASIC
  +--> ?PR?_WRITEI2C?I2C
  +--> ?PR?_READI2C?I2C

?PR?_SETOSDWINDOWX_TW88?OSDBASIC                 -----    -----      0013H    0003H
  +--> ?PR?OSDBASIC
  +--> ?PR?_WRITEI2C?I2C
  +--> ?PR?_READI2C?I2C

?PR?_GET_CURSOR_ITEM?OSDMENU                     -----    -----      000AH    0002H
  +--> ?PR?GETINPUTSELECTION?MAIN
  +--> ?PR?_GETTARGETCHILD?OSDMENU

?PR?_GETTARGETCHILD?OSDMENU                      -----    -----      -----    -----
  +--> ?PR?OSDMENU
  +--> ?PR?_GETLOWERMENUITEM?OSDMENU

?PR?REMOVOLUP_RIGHTKEY?KEYREMO                   -----    -----      -----    -----
  +--> ?PR?GETDISPLAYEDOSD?DISPINFO
  +--> ?PR?OSDSELECT?OSDMENU
  +--> ?PR?_OSDVALUEUPDN?OSDMENU
  +--> ?PR?_CHANGEVOL?AUDIO
  +--> ?PR?DISPLAYVOL?DISPINFO

?PR?_OSDVALUEUPDN?OSDMENU                        -----    -----      0008H    0008H
  +--> ?PR?OSDMENU
  +--> ?PR?_SETITEMVALUE?OSDMENU
  +--> ?PR?_DISPLAYVIEWBAR?OSDMENU
  +--> ?PR?_DRAWNUM?OSDMENU
  +--> ?PR?_DRAWSTRINGBYLANG?OSDMENU

?PR?_SETITEMVALUE?OSDMENU                        -----    -----      0010H    0004H
  +--> ?PR?OSDMENU
  +--> ?CO?OSDMENU
  +--> ?PR?_PRINTF?PRINTF
BL51 BANKED LINKER/LOCATER V6.22                                                      09/18/2014  19:35:04  PAGE 24


  +--> ?PR?_SETOSDPOSITIONMODE?OSDMENU
  +--> ?PR?_SETLANGUAGE?OSDMENU
  +--> ?PR?_SETPCCOLORTEMP?OSDMENU
  +--> ?PR?_SETPCCOLOR?OSDMENU
  +--> ?PR?_SETVIDEOMODE?OSDMENU
  +--> ?PR?_READEEP?I2C
  +--> ?PR?_DRAWATTRCNT?OSDBASIC
  +--> ?PR?_CHANGEVIDEODATA?OSDMENU
  +--> ?PR?_SETVIDEOSHARPNESS?OSDMENU
  +--> ?PR?_CHANGEVOL?AUDIO
  +--> ?PR?_SET4WIDESCREEN?OSDMENU
  +--> ?PR?_WRITEEEP?I2C
  +--> ?PR?SETNOWMODE?HS_KEYREMO
  +--> ?PR?GETINPUTSELECTION?MAIN
  +--> ?PR?_TW2835COMMAND?CPU
  +--> ?PR?SEQMODE?HS_KEYREMO
  +--> ?PR?_CAMOUTDSEL?OSDMENU

?PR?_SETOSDPOSITIONMODE?OSDMENU                  -----    -----      0014H    0016H
  +--> ?PR?GETOSDPOSITIONMODE?OSDMENU
  +--> ?PR?OSDMENU
  +--> ?PR?_GETOSDWINDOWX?OSDBASIC
  +--> ?PR?_GETOSDWINDOWY?OSDBASIC
  +--> ?PR?WAITENDOFDISPLAYAREA?OSDBASIC
  +--> ?PR?_READI2C?I2C
  +--> ?PR?_WRITEI2C?I2C
  +--> ?PR?_WRITEI2CN?I2C
  +--> ?PR?_SAVEOSDPOSITIONMODEEE?ETC_EEP

?PR?_SETLANGUAGE?OSDMENU                         -----    -----      -----    -----
  +--> ?PR?OSDMENU
  +--> ?PR?_SAVEOSDLANGEE?ETC_EEP

?PR?_SETPCCOLORTEMP?OSDMENU                      -----    -----      0014H    0002H
  +--> ?PR?OSDMENU
  +--> ?PR?_WRITEEEP?I2C
  +--> ?PR?_READEEP?I2C
  +--> ?CO?OSDMENU
  +--> ?PR?_MAPPING1?TW88
  +--> ?PR?_SETRGBCONTRAST?OSDMENU
  +--> ?PR?_DRAWATTRCNT?OSDBASIC

?PR?_SETRGBCONTRAST?OSDMENU                      -----    -----      0016H    0008H
  +--> ?PR?_READEEP?I2C
  +--> ?PR?OSDMENU
  +--> ?PR?_MAPPING1?TW88
  +--> ?PR?_WRITEI2C?I2C

?PR?_SETPCCOLOR?OSDMENU                          -----    -----      0014H    0007H
  +--> ?PR?OSDMENU
  +--> ?PR?_MAPPING1?TW88
  +--> ?PR?_WRITEEEP?I2C
  +--> ?PR?_READEEP?I2C
  +--> ?CO?OSDMENU
  +--> ?PR?_WRITEI2C?I2C

?PR?_CHANGEVIDEODATA?OSDMENU                     -----    -----      0014H    0003H
BL51 BANKED LINKER/LOCATER V6.22                                                      09/18/2014  19:35:04  PAGE 25


  +--> ?PR?OSDMENU
  +--> ?PR?_SETVIDEOCONTRAST?OSDMENU
  +--> ?PR?_SETVIDEOBRIGHTNESS?OSDMENU
  +--> ?PR?_SETVIDEOSATURATION?OSDMENU
  +--> ?PR?_SETVIDEOHUE?OSDMENU
  +--> ?PR?_SETVIDEOBACKLIGHT?OSDMENU
  +--> ?PR?_SAVEVIDEODATATOEE?ETC_EEP

?PR?_SETVIDEOBACKLIGHT?OSDMENU                   -----    -----      0017H    0003H
  +--> ?PR?OSDMENU
  +--> ?CO?OSDMENU
  +--> ?PR?_MAPPING1?TW88
  +--> ?PR?_READI2C?I2C
  +--> ?PR?_WRITEI2C?I2C

?PR?_SETVIDEOSHARPNESS?OSDMENU                   -----    -----      0014H    0005H
  +--> ?PR?_READI2C?I2C
  +--> ?PR?OSDMENU
  +--> ?CO?OSDMENU
  +--> ?PR?_MAPPING1?TW88
  +--> ?PR?_WRITEI2C?I2C
  +--> ?PR?_SAVEVIDEODATATOEE?ETC_EEP

?PR?DISPLAYVOL?DISPINFO                          -----    -----      0008H    0002H
  +--> ?CO?DISPINFO
  +--> ?PR?_PRINTF?PRINTF
  +--> ?PR?_WRITEI2C?I2C
  +--> ?PR?CLEAROSDINFO?DISPINFO
  +--> ?PR?_DELAY?CPU
  +--> ?CO?OSDBASIC
  +--> ?PR?_INITOSDWINDOW?OSDBASIC
  +--> ?PR?_CLEARDATACNT?OSDBASIC
  +--> ?PR?_DRAWATTRCNT?OSDBASIC
  +--> ?PR?GETOSDLANG?OSDMENU
  +--> ?CO?OSDMENU
  +--> ?PR?_STRLEN?OSDBASIC
  +--> ?PR?_WRITESTRINGTOADDR?OSDBASIC
  +--> ?PR?_SHOWOSDWINDOW_TW88?OSDBASIC
  +--> ?PR?_SHOWOSDWINDOWALL?OSDBASIC
  +--> ?PR?_DISPLAYVOLUMEBAR?OSDMENU
  +--> ?PR?GETTIME_MS?CPU
  +--> ?PR?_WAIT_MS?CPU

?PR?GETOSDLANG?OSDMENU                           -----    -----      -----    -----
  +--> ?PR?GETOSDLANGEE?ETC_EEP

?PR?_DISPLAYVOLUMEBAR?OSDMENU                    -----    -----      000AH    0019H
  +--> ?CO?OSDMENU
  +--> ?PR?OSDMENU
  +--> ?PR?_WRITESTRINGTOADDR?OSDBASIC

?PR?REMOVOLDN_LEFTKEY?KEYREMO                    -----    -----      -----    -----
  +--> ?PR?GETDISPLAYEDOSD?DISPINFO
  +--> ?PR?OSDHIGHMENU?OSDMENU
  +--> ?PR?_OSDVALUEUPDN?OSDMENU
  +--> ?PR?_CHANGEVOL?AUDIO
  +--> ?PR?DISPLAYVOL?DISPINFO
BL51 BANKED LINKER/LOCATER V6.22                                                      09/18/2014  19:35:04  PAGE 26



?PR?OSDHIGHMENU?OSDMENU                          -----    -----      -----    -----
  +--> ?PR?CLEARVALUEWIN?OSDMENU
  +--> ?PR?_DRAWMENULIST?OSDMENU
  +--> ?PR?DISPLAYCURSOR?OSDMENU
  +--> ?PR?OSDMENU
  +--> ?PR?_DOACTION?OSDMENU
  +--> ?PR?CLEARCURSOR?OSDMENU
  +--> ?PR?OSDHIGHMENU_SUB?OSDMENU

?PR?REMOMENU_MENUKEY?KEYREMO                     -----    -----      -----    -----
  +--> ?PR?GETDISPLAYEDOSD?DISPINFO
  +--> ?PR?OSDHIGHMENU?OSDMENU
  +--> ?PR?OPENOSDMENU?OSDMENU

?PR?OPENOSDMENU?OSDMENU                          -----    -----      0008H    0001H
  +--> ?PR?CLEAROSDINFO?DISPINFO
  +--> ?PR?INITOSDMENU?OSDMENU
  +--> ?PR?_SHOWOSDWINDOW_TW88?OSDBASIC
  +--> ?PR?_SHOWOSDWINDOWALL?OSDBASIC
  +--> ?PR?_SETDISPLAYEDOSD?DISPINFO

?PR?SETSELECTMODE?HS_KEYREMO                     -----    -----      0006H    0001H
  +--> ?PR?HS_KEYREMO
  +--> ?PR?_PUTS?PRINTF
  +--> ?PR?_SETSOURCEMODE?HS_KEYREMO
  +--> ?PR?_WRITEEEP?I2C

?PR?SETJUMPMODE?HS_KEYREMO                       -----    -----      0006H    0001H
  +--> ?PR?_READEEP?I2C
  +--> ?CO?HS_KEYREMO
  +--> ?PR?_PUTS?PRINTF
  +--> ?PR?HS_KEYREMO
  +--> ?PR?_SETSOURCEMODE?HS_KEYREMO
  +--> ?PR?_WRITEEEP?I2C

?PR?_CAM_TXCOMMAND_TORS485?HS_DVRPROT...         -----    -----      0006H    0002H
  +--> ?PR?HS_DVRPROTOCOL
  +--> ?PR?SEND_PELCOP_COMMAND?HS_DVRPROTOCOL
  +--> ?PR?SEND_PELCOD_COMMAND?HS_DVRPROTOCOL

?PR?SEND_PELCOP_COMMAND?HS_DVRPROTOCOL           -----    -----      0008H    0001H
  +--> ?PR?HS_DVRPROTOCOL
  +--> ?CO?HS_DVRPROTOCOL
  +--> ?PR?_PRINTF?PRINTF
  +--> ?PR?_WAIT_MS?CPU
  +--> ?PR?_RS2_TX?CPU

?PR?SEND_PELCOD_COMMAND?HS_DVRPROTOCOL           -----    -----      0008H    0001H
  +--> ?PR?HS_DVRPROTOCOL
  +--> ?CO?HS_DVRPROTOCOL
  +--> ?PR?_PRINTF?PRINTF
  +--> ?PR?_WAIT_MS?CPU
  +--> ?PR?_RS2_TX?CPU

?PR?DISPLAYFWVERSION?HS_DISPLAYOSD               -----    -----      0006H    0012H
  +--> ?CO?HS_DISPLAYOSD
BL51 BANKED LINKER/LOCATER V6.22                                                      09/18/2014  19:35:04  PAGE 27


  +--> ?PR?CLEAROSDINFO?DISPINFO
  +--> ?PR?HS_DISPLAYOSD
  +--> ?PR?_INITOSDWINDOW?OSDBASIC
  +--> ?PR?_CLEARDATACNT?OSDBASIC
  +--> ?PR?_DRAWATTRCNT?OSDBASIC
  +--> ?PR?_WRITESTRINGTOADDR?OSDBASIC
  +--> ?CO?OSDMENU
  +--> ?PR?_SETDISPLAYEDOSD?DISPINFO
  +--> ?PR?_SHOWOSDWINDOW_TW88?OSDBASIC
  +--> ?PR?_SHOWOSDWINDOWALL?OSDBASIC
  +--> ?PR?_WRITEI2C?I2C

?PR?CHECKANDCLEAROSD?DISPINFO                    -----    -----      0003H    0006H
  +--> ?PR?GETDISPLAYEDOSD?DISPINFO
  +--> ?PR?GETOSDLASTKEYINTIME?MAIN
  +--> ?PR?GETTIME_MS?CPU
  +--> ?PR?_DIFFTIME_MS?CPU
  +--> ?PR?CLEARTVINFO?DISPINFO
  +--> ?PR?DISPLAYINPUT?DISPINFO
  +--> ?PR?CLOSEOSDMENU?OSDMENU

?PR?WAITPOWERON?MAIN                             -----    -----      0002H    0003H
  +--> ?PR?CHECKTRIGGER?HS_KEYREMO
  +--> ?PR?_TRIGGERHANDLER?HS_KEYREMO
  +--> ?PR?_LCDPOWERON?TW88
  +--> ?PR?AUDIOMUTE?AUDIO
  +--> ?PR?POWEROFF?MAIN
  +--> ?PR?_GETKEY?KEYREMO
  +--> ?PR?_WRITEEEP?I2C

?PR?POWEROFF?MAIN                                -----    -----      -----    -----
  +--> ?PR?AUDIOMUTE?AUDIO
  +--> ?PR?LCDPOWEROFF?TW88
  +--> ?PR?_POWERLED?CPU



SYMBOL TABLE OF MODULE:  .\Output\AWT_ML072Q (ADC)

  VALUE           TYPE          NAME
  ----------------------------------

  -------         MODULE        ADC
  C:0000H         SYMBOL        _ICE_DUMMY_
  -------         ENDMOD        ADC

  -------         MODULE        CPU
  C:0000H         SYMBOL        _ICE_DUMMY_
  C:9850H         PUBLIC        InitCPU
  D:00B1H         PUBLIC        P3M0
  C:69D0H         PUBLIC        timer0_int
  X:00F0H         PUBLIC        FormatSDCard
  D:00B2H         PUBLIC        P3M1
  D:00A0H         PUBLIC        P2
  C:A67EH         PUBLIC        timer2_int
  D:00E8H         PUBLIC        P4
  X:00F1H         PUBLIC        FormatWait
BL51 BANKED LINKER/LOCATER V6.22                                                      09/18/2014  19:35:04  PAGE 28


  D:0024H         PUBLIC        DVR_buf
  D:0042H         PUBLIC        keytic
  D:00A8H         PUBLIC        IE
  D:0043H         PUBLIC        RS2_in
  B:0021H.0       PUBLIC        RepeatKey
  C:A5E4H         PUBLIC        _delay
  B:00B0H.4       PUBLIC        P3_4
  B:00A8H.4       PUBLIC        ES
  D:00B8H         PUBLIC        IP
  D:00DEH         PUBLIC        CCAPM4
  B:0098H.0       PUBLIC        RI
  B:0098H.1       PUBLIC        TI
  C:A71FH         PUBLIC        RS_ready
  D:0044H         PUBLIC        tic01
  B:0021H.1       PUBLIC        KeyReady
  B:0021H.2       PUBLIC        RS_Xbusy
  D:00D8H         PUBLIC        CCON
  C:A796H         PUBLIC        _RS2_tx
  X:00F2H         PUBLIC        Time5ms
  X:00F3H         PUBLIC        keyticSec
  D:0045H         PUBLIC        Key
  C:9F0DH         PUBLIC        serial_int
  C:0026H         PUBLIC        ext1_int
  D:0099H         PUBLIC        SBUF
  D:0087H         PUBLIC        PCON
  D:0098H         PUBLIC        SCON
  C:A41FH         PUBLIC        InitVars
  D:0089H         PUBLIC        TMOD
  D:0088H         PUBLIC        TCON
  C:3E49H         PUBLIC        PanelInfoStr
  D:00BFH         PUBLIC        CHPCON
  C:6C72H         PUBLIC        main_init
  D:00F6H         PUBLIC        CHPENR
  X:00F4H         PUBLIC        PowerDownWait
  D:0046H         PUBLIC        tm01
  D:0048H         PUBLIC        stopWatch
  C:536FH         PUBLIC        _TW2835Command
  D:004AH         SYMBOL        RS_buf
  B:00A8H.5       PUBLIC        ET2
  B:00C8H.7       PUBLIC        TF2
  D:008CH         PUBLIC        TH0
  D:008DH         PUBLIC        TH1
  C:A3E1H         PUBLIC        _DiffTime_ms
  B:00A8H.2       PUBLIC        EX1
  D:008AH         PUBLIC        TL0
  C:8078H         PUBLIC        InitTechwell
  B:0021H.3       PUBLIC        RS2_Xbusy
  C:9930H         PUBLIC        _Wait_ms
  B:00C8H.2       PUBLIC        TR2
  X:00F5H         PUBLIC        updn_reg
  D:0052H         PUBLIC        RS_in
  D:0053H         PUBLIC        RS_out
  C:9FDBH         PUBLIC        serial2_int
  D:009AH         PUBLIC        S2BUF
  C:A43DH         PUBLIC        _PowerLED
  D:00AAH         PUBLIC        S2CON
  D:00C8H         PUBLIC        T2CON
BL51 BANKED LINKER/LOCATER V6.22                                                      09/18/2014  19:35:04  PAGE 29


  D:00BAH         PUBLIC        S2BRT
  C:0003H         PUBLIC        _RS_tx
  D:0054H         PUBLIC        tm001
  D:00A6H         PUBLIC        AUXR2
  B:0021H.4       PUBLIC        ChangeKey
  C:9D45H         PUBLIC        GetTime_ms
  D:0055H         PUBLIC        tic_pc
  D:0057H         PUBLIC        RS_buf2
  D:005FH         PUBLIC        SystemClock
  C:3DE3H         PUBLIC        CommTable
  D:00ADH         PUBLIC        AUXIE
  C:9B90H         SYMBOL        Com00A3
  C:9B90H         SYMBOL        L?0164
  C:9B91H         SYMBOL        L?0165
  C:9B94H         SYMBOL        L?0166
  C:9B9DH         SYMBOL        L?0167
  C:9B9DH         SYMBOL        L?0168
  C:9BA6H         SYMBOL        L?0169
  C:9BA7H         SYMBOL        L?0170
  C:9BA8H         SYMBOL        L?0171
  C:9BB1H         SYMBOL        L?0173
  C:9BB1H         SYMBOL        L?0174
  C:9BB9H         SYMBOL        L?0175
  C:9BBDH         SYMBOL        L?0176
  C:9BC5H         SYMBOL        L?0177
  C:9BC8H         SYMBOL        L?0178
  -------         PROC          COM00A3
  -------         ENDPROC       COM00A3
  C:6D8CH         SYMBOL        L?0179
  -------         PROC          MAIN_INIT
  -------         DO            
  X:0002H         SYMBOL        rev
  -------         ENDDO         
  C:6C72H         LINE#         266
  C:6C72H         LINE#         267
  C:6C72H         LINE#         274
  C:6C7BH         LINE#         288
  C:6C82H         LINE#         289
  C:6C94H         LINE#         291
  C:6CA1H         LINE#         292
  C:6CA1H         LINE#         293
  C:6CB4H         LINE#         294
  C:6CBBH         LINE#         295
  C:6CC9H         LINE#         296
  C:6CC9H         LINE#         301
  C:6CD2H         LINE#         302
  C:6CD2H         LINE#         303
  C:6CE0H         LINE#         304
  C:6CE0H         LINE#         305
  C:6CE8H         LINE#         308
  C:6CEDH         LINE#         315
  C:6CEFH         LINE#         317
  C:6CEFH         LINE#         320
  C:6CF7H         LINE#         322
  C:6CF7H         LINE#         324
  C:6CF9H         LINE#         326
  C:6CF9H         LINE#         327
BL51 BANKED LINKER/LOCATER V6.22                                                      09/18/2014  19:35:04  PAGE 30


  C:6D02H         LINE#         328
  C:6D0BH         LINE#         329
  C:6D11H         LINE#         330
  C:6D16H         LINE#         332
  C:6D19H         LINE#         333
  C:6D1EH         LINE#         335
  C:6D1EH         LINE#         342
  C:6D2AH         LINE#         343
  C:6D2CH         LINE#         344
  C:6D30H         LINE#         346
  C:6D35H         LINE#         347
  C:6D38H         LINE#         350
  C:6D3EH         LINE#         355
  C:6D41H         LINE#         358
  C:6D44H         LINE#         361
  C:6D49H         LINE#         364
  C:6D54H         LINE#         365
  C:6D5BH         LINE#         366
  C:6D66H         LINE#         373
  C:6D6BH         LINE#         374
  C:6D70H         LINE#         376
  C:6D79H         LINE#         380
  C:6D82H         LINE#         381
  C:6D8BH         LINE#         383
  -------         ENDPROC       MAIN_INIT
  -------         PROC          INITCPU
  C:9850H         LINE#         391
  C:9850H         LINE#         392
  C:9850H         LINE#         394
  C:9853H         LINE#         395
  C:9856H         LINE#         396
  C:9859H         LINE#         397
  C:985CH         LINE#         401
  C:985FH         LINE#         408
  C:9862H         LINE#         410
  C:9865H         LINE#         412
  C:9868H         LINE#         416
  C:986EH         LINE#         418
  C:9871H         LINE#         419
  C:9874H         LINE#         423
  C:9877H         LINE#         426
  C:9879H         LINE#         427
  C:987BH         LINE#         433
  C:987DH         LINE#         434
  C:987FH         LINE#         435
  C:9881H         LINE#         441
  C:9884H         LINE#         442
  C:9887H         LINE#         445
  C:988AH         LINE#         448
  C:988DH         LINE#         450
  C:988FH         LINE#         453
  C:9892H         LINE#         454
  C:9895H         LINE#         461
  C:9897H         LINE#         462
  C:989AH         LINE#         463
  -------         ENDPROC       INITCPU
  -------         PROC          TIMER0_INT
BL51 BANKED LINKER/LOCATER V6.22                                                      09/18/2014  19:35:04  PAGE 31


  -------         DO            
  D:000FH         SYMBOL        TempKey
  -------         ENDDO         
  C:69D0H         LINE#         477
  C:69DBH         LINE#         481
  C:69DDH         LINE#         484
  C:69E3H         LINE#         485
  C:69E5H         LINE#         486
  C:69EBH         LINE#         487
  C:69EBH         LINE#         488
  C:69F4H         LINE#         489
  C:69FBH         LINE#         490
  C:69FBH         LINE#         491
  C:6A03H         LINE#         492
  C:6A0BH         LINE#         493
  C:6A13H         LINE#         494
  C:6A16H         LINE#         495
  C:6A18H         LINE#         498
  C:6A1EH         LINE#         499
  C:6A1EH         LINE#         500
  C:6A1EH         LINE#         508
  C:6A28H         LINE#         511
  C:6A30H         LINE#         512
  C:6A33H         LINE#         513
  C:6A35H         LINE#         515
  C:6A3EH         LINE#         516
  C:6A3EH         LINE#         517
  C:6A49H         LINE#         518
  C:6A61H         LINE#         519
  C:6A64H         LINE#         526
  C:6A6AH         LINE#         528
  C:6A73H         LINE#         529
  C:6A76H         LINE#         531
  C:6A79H         LINE#         532
  C:6A7FH         LINE#         533
  C:6A82H         LINE#         534
  C:6A88H         LINE#         535
  C:6A8FH         LINE#         536
  C:6A8FH         LINE#         537
  C:6A91H         LINE#         538
  C:6A97H         LINE#         540
  C:6A97H         LINE#         542
  C:6A9EH         LINE#         543
  C:6A9EH         LINE#         544
  C:6AA0H         LINE#         545
  C:6AA6H         LINE#         546
  C:6AA6H         LINE#         548
  C:6AADH         LINE#         549
  C:6AADH         LINE#         550
  C:6AAFH         LINE#         551
  C:6AB5H         LINE#         552
  C:6AB5H         LINE#         554
  C:6ABCH         LINE#         555
  C:6AC1H         LINE#         557
  C:6AC3H         LINE#         559
  C:6AD7H         LINE#         560
  C:6AD9H         LINE#         564
BL51 BANKED LINKER/LOCATER V6.22                                                      09/18/2014  19:35:04  PAGE 32


  C:6AD9H         LINE#         565
  C:6AE3H         LINE#         566
  C:6AEBH         LINE#         569
  C:6AF2H         LINE#         570
  C:6AF7H         LINE#         571
  C:6AFEH         LINE#         572
  C:6B00H         LINE#         573
  C:6B02H         LINE#         574
  C:6B04H         LINE#         575
  C:6B09H         LINE#         576
  C:6B10H         LINE#         577
  C:6B12H         LINE#         578
  C:6B14H         LINE#         579
  C:6B17H         LINE#         580
  C:6B17H         LINE#         581
  C:6B19H         LINE#         582
  C:6B1BH         LINE#         584
  C:6B1BH         LINE#         585
  C:6B1EH         LINE#         586
  C:6B21H         LINE#         587
  C:6B21H         LINE#         589
  C:6B21H         LINE#         590
  -------         ENDPROC       TIMER0_INT
  -------         PROC          INITVARS
  C:A41FH         LINE#         594
  C:A41FH         LINE#         595
  C:A41FH         LINE#         596
  C:A428H         LINE#         605
  C:A42CH         LINE#         610
  C:A431H         LINE#         611
  C:A436H         LINE#         613
  -------         ENDPROC       INITVARS
  C:8101H         SYMBOL        L?0162
  C:8113H         SYMBOL        L?0172
  -------         PROC          INITTECHWELL
  C:8078H         LINE#         619
  C:8078H         LINE#         620
  C:8078H         LINE#         636
  C:8081H         LINE#         638
  C:8095H         LINE#         639
  C:809DH         LINE#         640
  C:80A5H         LINE#         641
  C:80B0H         LINE#         642
  C:80BAH         LINE#         643
  C:80BAH         LINE#         645
  C:80C0H         LINE#         648
  C:80CAH         LINE#         649
  C:80CAH         LINE#         650
  C:80D0H         LINE#         651
  C:80DBH         LINE#         652
  C:80DBH         LINE#         653
  C:80DBH         LINE#         655
  C:80E0H         LINE#         656
  C:80E0H         LINE#         657
  C:80EEH         LINE#         658
  C:80EEH         LINE#         659
  C:80EEH         LINE#         661
BL51 BANKED LINKER/LOCATER V6.22                                                      09/18/2014  19:35:04  PAGE 33


  C:8101H         LINE#         665
  -------         ENDPROC       INITTECHWELL
  -------         PROC          _POWERLED
  D:0007H         SYMBOL        flag
  C:A43DH         LINE#         669
  C:A43DH         LINE#         670
  C:A43DH         LINE#         674
  C:A441H         LINE#         676
  C:A444H         LINE#         677
  C:A444H         LINE#         679
  C:A446H         LINE#         680
  C:A449H         LINE#         681
  C:A449H         LINE#         683
  C:A44CH         LINE#         684
  C:A44FH         LINE#         686
  C:A450H         LINE#         687
  C:A454H         LINE#         688
  C:A454H         LINE#         690
  C:A457H         LINE#         691
  C:A45AH         LINE#         693
  C:A45AH         LINE#         694
  -------         ENDPROC       _POWERLED
  -------         PROC          EXT1_INT
  C:0026H         LINE#         703
  C:0026H         LINE#         705
  C:0028H         LINE#         706
  -------         ENDPROC       EXT1_INT
  -------         PROC          SERIAL_INT
  C:9F0DH         LINE#         821
  C:9F14H         LINE#         827
  C:9F17H         LINE#         828
  C:9F19H         LINE#         829
  C:9F29H         LINE#         831
  C:9F2BH         LINE#         832
  C:9F35H         LINE#         833
  C:9F35H         LINE#         835
  C:9F38H         LINE#         836
  C:9F3AH         LINE#         837
  C:9F3CH         LINE#         838
  C:9F3CH         LINE#         839
  -------         ENDPROC       SERIAL_INT
  -------         PROC          SERIAL2_INT
  C:9FDBH         LINE#         843
  C:9FE2H         LINE#         848
  C:9FE7H         LINE#         849
  C:9FE7H         LINE#         851
  C:9FEAH         LINE#         852
  C:9FF1H         LINE#         854
  C:9FF3H         LINE#         855
  C:9FFDH         LINE#         856
  C:9FFDH         LINE#         858
  C:A002H         LINE#         859
  C:A002H         LINE#         860
  C:A005H         LINE#         861
  C:A007H         LINE#         862
  C:A007H         LINE#         863
  -------         ENDPROC       SERIAL2_INT
BL51 BANKED LINKER/LOCATER V6.22                                                      09/18/2014  19:35:04  PAGE 34


  -------         PROC          RS_READY
  C:A71FH         LINE#         870
  C:A71FH         LINE#         871
  C:A71FH         LINE#         872
  C:A727H         LINE#         873
  C:A729H         LINE#         874
  -------         ENDPROC       RS_READY
  -------         PROC          _RS_TX
  D:0007H         SYMBOL        tx_buf
  C:0003H         LINE#         896
  C:0003H         LINE#         897
  C:0003H         LINE#         898
  C:0006H         LINE#         899
  C:0008H         LINE#         900
  C:000AH         LINE#         901
  -------         ENDPROC       _RS_TX
  -------         PROC          _RS2_TX
  D:0007H         SYMBOL        tx_buf
  C:A796H         LINE#         906
  C:A796H         LINE#         907
  C:A796H         LINE#         916
  C:A799H         LINE#         917
  C:A79BH         LINE#         918
  C:A79DH         LINE#         919
  -------         ENDPROC       _RS2_TX
  -------         PROC          TIMER2_INT
  C:A67EH         LINE#         960
  C:A680H         LINE#         962
  C:A682H         LINE#         964
  C:A68AH         LINE#         1095
  -------         ENDPROC       TIMER2_INT
  -------         PROC          _DELAY
  D:0007H         SYMBOL        cnt
  -------         DO            
  D:0004H         SYMBOL        ttic01
  -------         ENDDO         
  C:A5E4H         LINE#         1098
  C:A5E4H         LINE#         1099
  C:A5E4H         LINE#         1102
  C:A5F2H         LINE#         1103
  C:A5F2H         LINE#         1105
  C:A5FBH         LINE#         1106
[...]
  C:6F0AH         LINE#         353
  C:6F21H         LINE#         354
  C:6F23H         LINE#         355
  C:6F23H         LINE#         357
  C:6F26H         LINE#         358
  C:6F26H         LINE#         359
  C:6F2CH         LINE#         363
  C:6F3DH         LINE#         364
  C:6F45H         LINE#         366
  C:6F58H         LINE#         368
  C:6F5DH         LINE#         370
  C:6F69H         LINE#         372
  C:6F6EH         LINE#         379
  C:6F78H         LINE#         380
  C:6F78H         LINE#         396
  C:6F82H         LINE#         398
  C:6F8EH         LINE#         399
  C:6F92H         LINE#         401
  C:6F97H         LINE#         403
  C:6F9FH         LINE#         404
  C:6F9FH         LINE#         405
  C:6FA3H         LINE#         406
  C:6FA6H         LINE#         407
  C:6FA8H         LINE#         409
  C:6FA8H         LINE#         410
  C:6FACH         LINE#         411
  C:6FAFH         LINE#         412
  C:6FAFH         LINE#         416
  C:6FB2H         LINE#         417
  C:6FB8H         LINE#         419
  C:6FBDH         LINE#         421
BL51 BANKED LINKER/LOCATER V6.22                                                      09/18/2014  19:35:04  PAGE 135


  -------         ENDPROC       _CHANGEVOL
  -------         ENDMOD        AUDIO

  -------         MODULE        DEBUG
  C:0000H         SYMBOL        _ICE_DUMMY_
  D:00E8H         PUBLIC        P4
  -------         ENDMOD        DEBUG

  -------         MODULE        HS_DVRPROTOCOL
  C:0000H         SYMBOL        _ICE_DUMMY_
  X:0069H         PUBLIC        PresetMode
  B:0021H.5       PUBLIC        FormatStart
  X:006AH         PUBLIC        second
  X:006BH         PUBLIC        UpdateOK
  B:0021H.6       PUBLIC        SpeedDomeMode
  D:00E8H         PUBLIC        P4
  X:006CH         PUBLIC        DVR_Resolution
  X:006DH         PUBLIC        DVR_timebeginesmonth
  X:006EH         PUBLIC        Information
  X:007CH         PUBLIC        DVR_timebeginesweek
  X:007DH         PUBLIC        minute
  X:007EH         PUBLIC        DVR_RecordLength
  B:0021H.7       PUBLIC        DoorState
  X:007FH         PUBLIC        CommandBuffer
  X:0081H         PUBLIC        month
  X:0082H         PUBLIC        InformationLen
  B:0022H.0       PUBLIC        GetDVRStatusflag
  X:0083H         PUBLIC        DVR_daylightsaving
  X:0084H         PUBLIC        DVR_FPS
  X:0085H         PUBLIC        DVR_RecordMode
  X:0086H         PUBLIC        DVR_RecordStatus
  X:0087H         PUBLIC        DVR_Quality
  X:0088H         PUBLIC        day
  X:0089H         PUBLIC        hour
  B:0022H.1       PUBLIC        DVR_Ready
  X:008AH         PUBLIC        DVR_standardtimebeginesWeek
  X:008BH         PUBLIC        DVR_standardtimebeginesTime
  C:8D29H         PUBLIC        Send_PelcoD_Command
  X:008CH         PUBLIC        DVR_PostAlarmLength
  X:008DH         PUBLIC        DVR_PreAlarmLength
  D:008DH         PUBLIC        TH1
  X:008EH         PUBLIC        DVR_sandardtimebeginesMonth
  C:57D3H         PUBLIC        _CAM_TxCommand_toRS485
  X:008FH         PUBLIC        SerialNumber
  X:0090H         PUBLIC        DVR_System
  C:8BACH         PUBLIC        Send_PelcoP_Command
  X:0091H         PUBLIC        DVRVersion
  X:00A2H         PUBLIC        TriggerStatus
  X:00A3H         PUBLIC        PresetNumber
  X:00A4H         PUBLIC        year1
  X:00A5H         PUBLIC        year2
  X:00A6H         PUBLIC        DVR_SDCardAvailable
  D:00BAH         PUBLIC        S2BRT
  X:00A7H         PUBLIC        GPSState
  X:00A8H         PUBLIC        DVR_Busy
  X:00A9H         PUBLIC        DVR_timebeginesTime
  X:00AAH         PUBLIC        FormatStatus
BL51 BANKED LINKER/LOCATER V6.22                                                      09/18/2014  19:35:04  PAGE 136


  X:00ABH         PUBLIC        DVRVersionLen
  X:00ACH         PUBLIC        gb_P_Com
  X:00AEH         PUBLIC        DVR_OverWrite
  X:00AFH         PUBLIC        gb_PTZ_Speed
  X:00B0H         PUBLIC        DVR_TimeZone
  C:9ED8H         SYMBOL        Com005D
  C:9ED8H         SYMBOL        L?0094
  C:9ED8H         SYMBOL        L?0095
  C:9EDFH         SYMBOL        L?0096
  C:9EDFH         SYMBOL        L?0097
  C:9EE2H         SYMBOL        L?0098
  C:9EEAH         SYMBOL        L?0099
  C:9EEAH         SYMBOL        L?0100
  C:9EF3H         SYMBOL        L?0101
  C:9EF3H         SYMBOL        L?0102
  C:9EFCH         SYMBOL        L?0103
  C:9EFCH         SYMBOL        L?0104
  C:9F03H         SYMBOL        L?0105
  -------         PROC          COM005D
  -------         ENDPROC       COM005D
  -------         PROC          _CAM_TXCOMMAND_TORS485
  X:0006H         SYMBOL        Com_ID
  -------         DO            
  X:0007H         SYMBOL        j
  -------         ENDDO         
  C:57D3H         LINE#         1026
  C:57D8H         LINE#         1027
  C:57D8H         LINE#         1033
  C:57E8H         LINE#         1034
  C:57E8H         LINE#         1035
  C:57E8H         LINE#         1037
  C:57F7H         LINE#         1038
  C:5804H         LINE#         1039
  C:580AH         LINE#         1041
  C:5813H         LINE#         1042
  C:5819H         LINE#         1044
  C:5845H         LINE#         1045
  C:5845H         LINE#         1058
  C:5845H         LINE#         1059
  C:5845H         LINE#         1060
  C:584AH         LINE#         1061
  C:584AH         LINE#         1062
  C:584AH         LINE#         1063
  C:584AH         LINE#         1064
  C:584CH         LINE#         1072
  C:584CH         LINE#         1073
  C:5851H         LINE#         1074
  C:5851H         LINE#         1075
  C:5851H         LINE#         1076
  C:5851H         LINE#         1077
  C:5851H         LINE#         1078
  C:5854H         LINE#         1080
  C:5854H         LINE#         1081
  C:5854H         LINE#         1082
  C:585AH         LINE#         1083
  C:585BH         LINE#         1084
  C:585BH         LINE#         1085
BL51 BANKED LINKER/LOCATER V6.22                                                      09/18/2014  19:35:04  PAGE 137


  C:585BH         LINE#         1086
  C:585EH         LINE#         1144
  C:585EH         LINE#         1145
  C:585EH         LINE#         1146
  C:5863H         LINE#         1147
  C:5863H         LINE#         1151
  C:5863H         LINE#         1152
  C:5863H         LINE#         1153
  C:5865H         LINE#         1154
  C:5865H         LINE#         1155
  C:5865H         LINE#         1156
  C:586AH         LINE#         1157
  C:586AH         LINE#         1161
  C:586DH         LINE#         1162
  C:586DH         LINE#         1163
  C:586FH         LINE#         1164
  C:586FH         LINE#         1165
  C:586FH         LINE#         1166
  C:5875H         LINE#         1167
  C:5878H         LINE#         1168
  C:587EH         LINE#         1170
  C:5881H         LINE#         1171
  C:5882H         LINE#         1172
  C:5882H         LINE#         1173
  C:5884H         LINE#         1174
  C:5884H         LINE#         1175
  C:5884H         LINE#         1176
  C:588AH         LINE#         1177
  C:588DH         LINE#         1178
  C:5893H         LINE#         1180
  C:5896H         LINE#         1181
  C:589AH         LINE#         1182
  C:589AH         LINE#         1183
  C:589CH         LINE#         1184
  C:589CH         LINE#         1185
  C:589CH         LINE#         1186
  C:58A2H         LINE#         1187
  C:58A5H         LINE#         1188
  C:58A8H         LINE#         1189
  C:58AEH         LINE#         1191
  C:58B1H         LINE#         1192
  C:58B1H         LINE#         1193
  C:58B3H         LINE#         1194
  C:58B3H         LINE#         1195
  C:58B3H         LINE#         1196
  C:58B9H         LINE#         1197
  C:58BCH         LINE#         1198
  C:58BFH         LINE#         1199
  C:58C5H         LINE#         1201
  C:58C8H         LINE#         1202
  C:58C8H         LINE#         1203
  C:58CAH         LINE#         1204
  C:58CAH         LINE#         1205
  C:58CAH         LINE#         1206
  C:58CDH         LINE#         1207
  C:58CDH         LINE#         1208
  C:58D1H         LINE#         1209
BL51 BANKED LINKER/LOCATER V6.22                                                      09/18/2014  19:35:04  PAGE 138


  C:58D1H         LINE#         1210
  C:58D3H         LINE#         1211
  C:58D3H         LINE#         1212
  C:58D9H         LINE#         1213
  C:58DCH         LINE#         1214
  C:58DEH         LINE#         1215
  C:58E0H         LINE#         1216
  C:58E3H         LINE#         1217
  C:58E3H         LINE#         1248
  C:58E3H         LINE#         1249
  C:58E3H         LINE#         1250
  C:58E3H         LINE#         1252
  C:58F2H         LINE#         1253
  C:58FFH         LINE#         1254
  C:5905H         LINE#         1256
  C:590DH         LINE#         1258
  C:5939H         LINE#         1259
  C:5939H         LINE#         1272
  C:5939H         LINE#         1273
  C:5939H         LINE#         1274
  C:593EH         LINE#         1275
  C:593EH         LINE#         1276
  C:593EH         LINE#         1277
  C:593EH         LINE#         1278
  C:5940H         LINE#         1286
  C:5940H         LINE#         1287
  C:5945H         LINE#         1288
  C:5945H         LINE#         1289
  C:5945H         LINE#         1290
  C:5945H         LINE#         1291
  C:5945H         LINE#         1292
  C:5948H         LINE#         1294
  C:5948H         LINE#         1295
  C:5948H         LINE#         1296
  C:594EH         LINE#         1297
  C:594FH         LINE#         1298
  C:594FH         LINE#         1299
  C:594FH         LINE#         1300
  C:5952H         LINE#         1352
  C:5952H         LINE#         1353
  C:5952H         LINE#         1354
  C:5958H         LINE#         1355
  C:595BH         LINE#         1356
  C:5961H         LINE#         1358
  C:5964H         LINE#         1359
  C:5964H         LINE#         1360
  C:5964H         LINE#         1361
  C:5966H         LINE#         1362
  C:5966H         LINE#         1363
  C:5966H         LINE#         1364
  C:596CH         LINE#         1365
  C:596FH         LINE#         1366
  C:5975H         LINE#         1368
  C:5978H         LINE#         1369
  C:5979H         LINE#         1370
  C:5979H         LINE#         1371
  C:597BH         LINE#         1372
BL51 BANKED LINKER/LOCATER V6.22                                                      09/18/2014  19:35:04  PAGE 139


  C:597BH         LINE#         1373
  C:597BH         LINE#         1374
  C:5981H         LINE#         1375
  C:5984H         LINE#         1376
  C:5987H         LINE#         1377
  C:598DH         LINE#         1379
  C:5990H         LINE#         1380
  C:5990H         LINE#         1381
  C:5992H         LINE#         1382
  C:5992H         LINE#         1383
  C:5992H         LINE#         1384
  C:5998H         LINE#         1385
  C:599BH         LINE#         1386
  C:599EH         LINE#         1387
  C:59A4H         LINE#         1389
  C:59A7H         LINE#         1390
  C:59A7H         LINE#         1391
  C:59A9H         LINE#         1392
  C:59A9H         LINE#         1393
  C:59A9H         LINE#         1394
  C:59AEH         LINE#         1395
  C:59AEH         LINE#         1399
  C:59B5H         LINE#         1400
  C:59B5H         LINE#         1401
  C:59B7H         LINE#         1402
  C:59B7H         LINE#         1403
  C:59B7H         LINE#         1404
  C:59BCH         LINE#         1405
  C:59BCH         LINE#         1409
  C:59C3H         LINE#         1410
  C:59C3H         LINE#         1411
  C:59C5H         LINE#         1412
  C:59C5H         LINE#         1413
  C:59C5H         LINE#         1414
  C:59C8H         LINE#         1415
  C:59C8H         LINE#         1416
  C:59CCH         LINE#         1417
  C:59CCH         LINE#         1418
  C:59CEH         LINE#         1419
  C:59CEH         LINE#         1420
  C:59D4H         LINE#         1421
  C:59D7H         LINE#         1422
  C:59D9H         LINE#         1423
  C:59DBH         LINE#         1424
  C:59DEH         LINE#         1425
  C:59DEH         LINE#         1456
  C:59DEH         LINE#         1457
  C:59DEH         LINE#         1530
  C:59DEH         LINE#         1532
  -------         ENDPROC       _CAM_TXCOMMAND_TORS485
  -------         PROC          SEND_PELCOP_COMMAND
  -------         DO            
  X:0008H         SYMBOL        ii
  D:0004H         SYMBOL        j
  -------         ENDDO         
  C:8BACH         LINE#         1540
  C:8BACH         LINE#         1541
BL51 BANKED LINKER/LOCATER V6.22                                                      09/18/2014  19:35:04  PAGE 140


  C:8BACH         LINE#         1545
  C:8BB4H         LINE#         1546
  C:8BB6H         LINE#         1547
  C:8BCEH         LINE#         1553
  C:8BDCH         LINE#         1554
  C:8BDCH         LINE#         1555
  C:8BDCH         LINE#         1556
  C:8BDFH         LINE#         1557
  C:8BE1H         LINE#         1558
  C:8BE1H         LINE#         1559
  C:8BE4H         LINE#         1560
  C:8BE6H         LINE#         1561
  C:8BE6H         LINE#         1562
  C:8BE9H         LINE#         1563
  C:8BE9H         LINE#         1564
  C:8BE9H         LINE#         1566
  C:8BFCH         LINE#         1567
  C:8C03H         LINE#         1568
  C:8C12H         LINE#         1569
  C:8C12H         LINE#         1570
  C:8C1AH         LINE#         1571
  C:8C22H         LINE#         1572
  C:8C29H         LINE#         1573
  C:8C2CH         LINE#         1578
  -------         ENDPROC       SEND_PELCOP_COMMAND
  -------         PROC          SEND_PELCOD_COMMAND
  -------         DO            
  X:0008H         SYMBOL        ii
  D:0007H         SYMBOL        j
  -------         ENDDO         
  C:8D29H         LINE#         1586
  C:8D29H         LINE#         1587
  C:8D29H         LINE#         1591
  C:8D31H         LINE#         1592
  C:8D33H         LINE#         1593
  C:8D43H         LINE#         1595
  C:8D51H         LINE#         1596
  C:8D51H         LINE#         1597
  C:8D51H         LINE#         1598
  C:8D54H         LINE#         1599
  C:8D56H         LINE#         1600
  C:8D56H         LINE#         1601
  C:8D59H         LINE#         1602
  C:8D5BH         LINE#         1603
  C:8D5BH         LINE#         1604
  C:8D5EH         LINE#         1605
  C:8D5EH         LINE#         1606
  C:8D5EH         LINE#         1608
  C:8D74H         LINE#         1609
  C:8D7BH         LINE#         1612
  C:8D8AH         LINE#         1613
  C:8D8AH         LINE#         1614
  C:8D92H         LINE#         1615
  C:8D9AH         LINE#         1617
  C:8DA1H         LINE#         1618
  C:8DA4H         LINE#         1621
  -------         ENDPROC       SEND_PELCOD_COMMAND
BL51 BANKED LINKER/LOCATER V6.22                                                      09/18/2014  19:35:04  PAGE 141


  -------         ENDMOD        HS_DVRPROTOCOL

  -------         MODULE        ?C?COPY
  C:3F48H         PUBLIC        ?C?COPY
  -------         ENDMOD        ?C?COPY

  -------         MODULE        ?C?CLDPTR
  C:3F6EH         PUBLIC        ?C?CLDPTR
  -------         ENDMOD        ?C?CLDPTR

  -------         MODULE        ?C?CLDOPTR
  C:3F87H         PUBLIC        ?C?CLDOPTR
  -------         ENDMOD        ?C?CLDOPTR

  -------         MODULE        ?C?CSTPTR
  C:3FB4H         PUBLIC        ?C?CSTPTR
  -------         ENDMOD        ?C?CSTPTR

  -------         MODULE        ?C?IMUL
  C:3FC6H         PUBLIC        ?C?IMUL
  -------         ENDMOD        ?C?IMUL

  -------         MODULE        ?C?UIDIV
  C:3FD8H         PUBLIC        ?C?UIDIV
  -------         ENDMOD        ?C?UIDIV

  -------         MODULE        ?C?SIDIV
  C:402DH         PUBLIC        ?C?SIDIV
  -------         ENDMOD        ?C?SIDIV

  -------         MODULE        ?C?IILDX
  C:4063H         PUBLIC        ?C?IILDX
  -------         ENDMOD        ?C?IILDX

  -------         MODULE        ?C?ILDPTR
  C:4079H         PUBLIC        ?C?ILDPTR
  -------         ENDMOD        ?C?ILDPTR

  -------         MODULE        ?C?ILDOPTR
  C:40A4H         PUBLIC        ?C?ILDOPTR
  -------         ENDMOD        ?C?ILDOPTR

  -------         MODULE        ?C?ISTPTR
  C:40DCH         PUBLIC        ?C?ISTPTR
  -------         ENDMOD        ?C?ISTPTR

  -------         MODULE        ?C?LMUL
  C:40FBH         PUBLIC        ?C?LMUL
  -------         ENDMOD        ?C?LMUL

  -------         MODULE        ?C?ULDIV
  C:4186H         PUBLIC        ?C?ULDIV
  -------         ENDMOD        ?C?ULDIV

  -------         MODULE        ?C?ULCMP
  C:4218H         PUBLIC        ?C?ULCMP
  -------         ENDMOD        ?C?ULCMP
BL51 BANKED LINKER/LOCATER V6.22                                                      09/18/2014  19:35:04  PAGE 142



  -------         MODULE        ?C?SLSHR
  C:4229H         PUBLIC        ?C?SLSHR
  -------         ENDMOD        ?C?SLSHR

  -------         MODULE        ?C?LLDPTR
  C:423DH         PUBLIC        ?C?LLDPTR
  -------         ENDMOD        ?C?LLDPTR

  -------         MODULE        ?C?LLDXDATA
  C:425DH         PUBLIC        ?C?LLDXDATA
  -------         ENDMOD        ?C?LLDXDATA

  -------         MODULE        ?C?LLDXDATA0
  C:4269H         PUBLIC        ?C?LLDXDATA0
  -------         ENDMOD        ?C?LLDXDATA0

  -------         MODULE        ?C?LSTXDATA
  C:4275H         PUBLIC        ?C?LSTXDATA
  -------         ENDMOD        ?C?LSTXDATA

  -------         MODULE        ?C?LSTKXDATA
  C:4281H         PUBLIC        ?C?LSTKXDATA
  -------         ENDMOD        ?C?LSTKXDATA

  -------         MODULE        ?C?OFFXADD
  C:42B2H         PUBLIC        ?C?OFFXADD
  -------         ENDMOD        ?C?OFFXADD

  -------         MODULE        ?C?PLDXDATA
  C:42BEH         PUBLIC        ?C?PLDXDATA
  -------         ENDMOD        ?C?PLDXDATA

  -------         MODULE        ?C?PLDIXDATA
  C:42C7H         PUBLIC        ?C?PLDIXDATA
  -------         ENDMOD        ?C?PLDIXDATA

  -------         MODULE        ?C?PSTXDATA
  C:42DEH         PUBLIC        ?C?PSTXDATA
  -------         ENDMOD        ?C?PSTXDATA

  -------         MODULE        ?C?PLDCODE
  C:42E7H         PUBLIC        ?C?PLDCODE
  -------         ENDMOD        ?C?PLDCODE

  -------         MODULE        ?C?PLDPTR
  C:42F3H         PUBLIC        ?C?PLDPTR
  -------         ENDMOD        ?C?PLDPTR

  -------         MODULE        ?C?PLDOPTR
  C:4313H         PUBLIC        ?C?PLDOPTR
  -------         ENDMOD        ?C?PLDOPTR

  -------         MODULE        ?C?CCASE
  C:4343H         PUBLIC        ?C?CCASE
  -------         ENDMOD        ?C?CCASE

BL51 BANKED LINKER/LOCATER V6.22                                                      09/18/2014  19:35:04  PAGE 143


  -------         MODULE        ABS
  C:A713H         PUBLIC        _ABS
  -------         ENDMOD        ABS

  -------         MODULE        ?C?LLDIDATA
  C:4369H         PUBLIC        ?C?LLDIDATA
  -------         ENDMOD        ?C?LLDIDATA

  -------         MODULE        ?C?LLDPDATA
  C:4375H         PUBLIC        ?C?LLDPDATA
  -------         ENDMOD        ?C?LLDPDATA

  -------         MODULE        ?C?LLDCODE
  C:4381H         PUBLIC        ?C?LLDCODE
  -------         ENDMOD        ?C?LLDCODE

  -------         MODULE        ?C?PLDIDATA
  C:4391H         PUBLIC        ?C?PLDIDATA
  -------         ENDMOD        ?C?PLDIDATA

  -------         MODULE        ?C?PLDPDATA
  C:439AH         PUBLIC        ?C?PLDPDATA
  -------         ENDMOD        ?C?PLDPDATA

*** WARNING L13: RECURSIVE CALL TO SEGMENT
    SEGMENT: ?PR?_SETSOURCEMODE?HS_KEYREMO
    CALLER:  ?PR?SETNOWMODE?HS_KEYREMO

Program Size: data=107.3 xdata=261 code=43009
LINK/LOCATE RUN COMPLETE.  1 WARNING(S),  0 ERROR(S)
