BL51 BANKED LINKER/LOCATER V6.22                                                        12/09/2015  15:21:44  PAGE 1


BL51 BANKED LINKER/LOCATER V6.22, INVOKED BY:
C:\KEIL\C51\BIN\BL51.EXE .\Output\adc.obj, .\Output\cpu.obj, .\Output\dispinfo.obj, .\Output\etc_eep.obj, .\Output\I2c.o
>> bj, .\Output\keyremo.obj, .\Output\Main.obj, .\Output\Measure.obj, .\Output\Osdbasic.obj, .\Output\osdmenu.obj, .\Out
>> put\pc_eep.obj, .\Output\Printf.obj, .\Output\table.obj, .\Output\TW88.obj, .\Output\udfont.obj, .\Output\HS_keyremo.
>> obj, .\Output\HS_DisplayOSD.obj, .\Output\audio.obj, .\Output\Debug.obj, .\Output\HS_DVRProtocol.obj TO .\Output\HTRV
>> _ML072Q PRINT (.\Source\HTRV_ML072Q.m51) RAMSIZE (256)




PROGRAM RECURSIONS REMOVED FROM CALL TREE
=========================================
+--> ?PR?_SETSOURCEMODE?HS_KEYREMO
|  | ?PR?_CHANGEINPUT?MAIN
|  | ?PR?DISPLAYINPUT?DISPINFO
|  | ?PR?CLEAROSDINFO?DISPINFO
|  | ?PR?CLOSEOSDMENU?OSDMENU
<--+ ?PR?SETNOWMODE?HS_KEYREMO



MEMORY MODEL: LARGE


INPUT MODULES INCLUDED:
  .\Output\adc.obj (ADC)
  .\Output\cpu.obj (CPU)
  .\Output\dispinfo.obj (DISPINFO)
  .\Output\etc_eep.obj (ETC_EEP)
  .\Output\I2c.obj (I2C)
  .\Output\keyremo.obj (KEYREMO)
  .\Output\Main.obj (MAIN)
  .\Output\Measure.obj (MEASURE)
  .\Output\Osdbasic.obj (OSDBASIC)
  .\Output\osdmenu.obj (OSDMENU)
  .\Output\pc_eep.obj (PC_EEP)
  .\Output\Printf.obj (PRINTF)
  .\Output\table.obj (TABLE)
  .\Output\TW88.obj (TW88)
  .\Output\udfont.obj (UDFONT)
  .\Output\HS_keyremo.obj (HS_KEYREMO)
  .\Output\HS_DisplayOSD.obj (HS_DISPLAYOSD)
  .\Output\audio.obj (AUDIO)
  .\Output\Debug.obj (DEBUG)
  .\Output\HS_DVRProtocol.obj (HS_DVRPROTOCOL)
  C:\KEIL\C51\LIB\C51L.LIB (?C_STARTUP)
  C:\KEIL\C51\LIB\C51L.LIB (?C?COPY)
  C:\KEIL\C51\LIB\C51L.LIB (?C?CLDPTR)
  C:\KEIL\C51\LIB\C51L.LIB (?C?CLDOPTR)
  C:\KEIL\C51\LIB\C51L.LIB (?C?CSTPTR)
  C:\KEIL\C51\LIB\C51L.LIB (?C?IMUL)
  C:\KEIL\C51\LIB\C51L.LIB (?C?UIDIV)
  C:\KEIL\C51\LIB\C51L.LIB (?C?SIDIV)
  C:\KEIL\C51\LIB\C51L.LIB (?C?IILDX)
  C:\KEIL\C51\LIB\C51L.LIB (?C?ILDPTR)
  C:\KEIL\C51\LIB\C51L.LIB (?C?ILDOPTR)
  C:\KEIL\C51\LIB\C51L.LIB (?C?ISTPTR)
  C:\KEIL\C51\LIB\C51L.LIB (?C?LMUL)
BL51 BANKED LINKER/LOCATER V6.22                                                      12/09/2015  15:21:44  PAGE 2


  C:\KEIL\C51\LIB\C51L.LIB (?C?ULDIV)
  C:\KEIL\C51\LIB\C51L.LIB (?C?ULCMP)
  C:\KEIL\C51\LIB\C51L.LIB (?C?SLSHR)
  C:\KEIL\C51\LIB\C51L.LIB (?C?LLDPTR)
  C:\KEIL\C51\LIB\C51L.LIB (?C?LLDXDATA)
  C:\KEIL\C51\LIB\C51L.LIB (?C?LLDXDATA0)
  C:\KEIL\C51\LIB\C51L.LIB (?C?LSTXDATA)
  C:\KEIL\C51\LIB\C51L.LIB (?C?LSTKXDATA)
  C:\KEIL\C51\LIB\C51L.LIB (?C?OFFXADD)
  C:\KEIL\C51\LIB\C51L.LIB (?C?PLDXDATA)
  C:\KEIL\C51\LIB\C51L.LIB (?C?PLDIXDATA)
  C:\KEIL\C51\LIB\C51L.LIB (?C?PSTXDATA)
  C:\KEIL\C51\LIB\C51L.LIB (?C?PLDCODE)
  C:\KEIL\C51\LIB\C51L.LIB (?C?PLDPTR)
  C:\KEIL\C51\LIB\C51L.LIB (?C?PLDOPTR)
  C:\KEIL\C51\LIB\C51L.LIB (?C?CCASE)
  C:\KEIL\C51\LIB\C51L.LIB (ABS)
  C:\KEIL\C51\LIB\C51L.LIB (?C_INIT)
  C:\KEIL\C51\LIB\C51L.LIB (?C?LLDIDATA)
  C:\KEIL\C51\LIB\C51L.LIB (?C?LLDPDATA)
  C:\KEIL\C51\LIB\C51L.LIB (?C?LLDCODE)
  C:\KEIL\C51\LIB\C51L.LIB (?C?PLDIDATA)
  C:\KEIL\C51\LIB\C51L.LIB (?C?PLDPDATA)


LINK MAP OF MODULE:  .\Output\HTRV_ML072Q (ADC)


            TYPE    BASE      LENGTH    RELOCATION   SEGMENT NAME
            -----------------------------------------------------

            * * * * * * *   D A T A   M E M O R Y   * * * * * * *
            REG     0000H     0008H     ABSOLUTE     "REG BANK 0"
            REG     0008H     0008H     ABSOLUTE     "REG BANK 1"
            DATA    0010H     000AH     UNIT         ?DT?OSDBASIC
            DATA    001AH     0005H     UNIT         ?DT?OSDMENU
                    001FH     0001H                  *** GAP ***
            BIT     0020H.0   0001H.0   UNIT         ?BI?MAIN
            BIT     0021H.0   0000H.5   UNIT         ?BI?CPU
            BIT     0021H.5   0000H.5   UNIT         ?BI?HS_DVRPROTOCOL
            BIT     0022H.2   0000H.3   UNIT         ?BI?HS_KEYREMO
            BIT     0022H.5   0000H.2   UNIT         ?BI?OSDMENU
            BIT     0022H.7   0000H.2   UNIT         _BIT_GROUP_
            BIT     0023H.1   0000H.1   UNIT         ?BI?KEYREMO
            BIT     0023H.2   0000H.1   UNIT         ?BI?HS_DISPLAYOSD
                    0023H.3   0000H.5                *** GAP ***
            DATA    0024H     003FH     UNIT         ?DT?CPU
            DATA    0063H     0007H     UNIT         ?DT?MAIN
            DATA    006AH     0002H     UNIT         ?DT?DISPINFO
            IDATA   006CH     0001H     UNIT         ?STACK

            * * * * * * *  X D A T A   M E M O R Y  * * * * * * *
            XDATA   0000H     0067H     UNIT         _XDATA_GROUP_
            XDATA   0067H     0048H     UNIT         ?XD?HS_DVRPROTOCOL
            XDATA   00AFH     0021H     UNIT         ?XD?OSDMENU
            XDATA   00D0H     0014H     UNIT         ?XD?MAIN
            XDATA   00E4H     000DH     UNIT         ?XD?HS_KEYREMO
BL51 BANKED LINKER/LOCATER V6.22                                                      12/09/2015  15:21:44  PAGE 3


            XDATA   00F1H     000AH     UNIT         ?XD?CPU
            XDATA   00FBH     0008H     UNIT         ?XD?KEYREMO
            XDATA   0103H     0003H     UNIT         ?XD?DISPINFO
            XDATA   0106H     0003H     UNIT         ?XD?AUDIO
            XDATA   0109H     0002H     UNIT         ?XD?TW88
            XDATA   010BH     0001H     UNIT         ?XD?ETC_EEP
            XDATA   010CH     0001H     UNIT         ?XD?HS_DISPLAYOSD

            * * * * * * *   C O D E   M E M O R Y   * * * * * * *
            CODE    0000H     0003H     ABSOLUTE     
            CODE    0003H     0008H     UNIT         ?PR?_RS_TX?CPU
            CODE    000BH     0003H     ABSOLUTE     
            CODE    000EH     0004H     UNIT         ?PR?GETOSDPOSITIONMODE?OSDMENU
            CODE    0012H     0001H     UNIT         ?PR?DD?I2C
            CODE    0013H     0003H     ABSOLUTE     
            CODE    0016H     000DH     UNIT         ?PR?I2CSTOP?I2C
            CODE    0023H     0003H     ABSOLUTE     
            CODE    0026H     0003H     UNIT         ?PR?EXT1_INT?CPU
            CODE    0029H     0001H     UNIT         ?PR?ON_LVDS?TW88
            CODE    002AH     0001H     UNIT         ?PR?OFF_LVDS?TW88
            CODE    002BH     0003H     ABSOLUTE     
            CODE    002EH     0035H     UNIT         ?PR?OSDHIGHMENU?OSDMENU
            CODE    0063H     0003H     ABSOLUTE     
            CODE    0066H     1777H     UNIT         ?CO?OSDMENU
            CODE    17DDH     14F2H     UNIT         ?CO?UDFONT
            CODE    2CCFH     08B6H     UNIT         ?PR?_SETITEMVALUE?OSDMENU
            CODE    3585H     088DH     UNIT         ?CO?CPU
            CODE    3E12H     052BH     UNIT         ?C?LIB_CODE
            CODE    433DH     03C4H     UNIT         ?PR?OSDMENU
            CODE    4701H     0392H     UNIT         ?PR?_DISPLAYOSDMENUONEITEM?OSDMENU
            CODE    4A93H     0321H     UNIT         ?PR?_DOPRINT?PRINTF
            CODE    4DB4H     02D8H     UNIT         ?PR?CHECKKEYIN?KEYREMO
            CODE    508CH     02A0H     UNIT         ?CO?TABLE
            CODE    532CH     0255H     UNIT         ?PR?_TW2835COMMAND?CPU
            CODE    5581H     0210H     UNIT         ?PR?_GETITEMVALUE?OSDMENU
            CODE    5791H     020CH     UNIT         ?PR?_CAM_TXCOMMAND_TORS485?HS_DVRPROTOCOL
            CODE    599DH     01E4H     UNIT         ?PR?_TRIGGERHANDLER?HS_KEYREMO
            CODE    5B81H     01CBH     UNIT         ?PR?RESETOSDVALUE?OSDMENU
            CODE    5D4CH     01BBH     UNIT         ?PR?_DRAWMENULIST?OSDMENU
            CODE    5F07H     01B3H     UNIT         ?PR?OSDSELECT?OSDMENU
            CODE    60BAH     0190H     UNIT         ?PR?_OSDCURSORMOVE?OSDMENU
            CODE    624AH     016DH     UNIT         ?PR?DISPLAYINFO_OSD?OSDMENU
            CODE    63B7H     0169H     UNIT         ?PR?_SETOSDPOSITIONMODE?OSDMENU
            CODE    6520H     0150H     UNIT         ?PR?TIMER0_INT?CPU
            CODE    6670H     0125H     UNIT         ?PR?_OSDVALUEUPDN?OSDMENU
            CODE    6795H     0121H     UNIT         ?PR?_UTOA?OSDBASIC
            CODE    68B6H     0121H     UNIT         ?PR?_CHANGEVOL?AUDIO
            CODE    69D7H     0114H     UNIT         ?PR?MAIN_LOOP?MAIN
            CODE    6AEBH     0114H     UNIT         ?CO?MAIN
            CODE    6BFFH     010DH     UNIT         ?PR?MAIN_INIT?CPU
            CODE    6D0CH     010DH     UNIT         ?CO?HS_KEYREMO
            CODE    6E19H     0108H     UNIT         ?CO?KEYREMO
            CODE    6F21H     0102H     UNIT         ?PR?_SET4WIDESCREEN?OSDMENU
            CODE    7023H     0101H     UNIT         ?PR?DISPLAYGAUGEOSD?HS_DISPLAYOSD
            CODE    7124H     00FDH     UNIT         ?PR?LOADEEPROM?MAIN
            CODE    7221H     00FBH     UNIT         ?PR?DISPLAYOSDMENU?OSDMENU
            CODE    731CH     00F4H     UNIT         ?PR?_GETKEY?KEYREMO
BL51 BANKED LINKER/LOCATER V6.22                                                      12/09/2015  15:21:44  PAGE 4


            CODE    7410H     00EDH     UNIT         ?PR?_SETVIDEOMODE?OSDMENU
            CODE    74FDH     00E6H     UNIT         ?CO?OSDBASIC
            CODE    75E3H     00DFH     UNIT         ?C_INITSEG
            CODE    76C2H     00DDH     UNIT         ?PR?DISPLAYCURSOR?OSDMENU
            CODE    779FH     00DBH     UNIT         ?PR?_DISPLAYVIEWBAR?OSDMENU
            CODE    787AH     00DAH     UNIT         ?PR?_ACTIONREMO?KEYREMO
            CODE    7954H     00D5H     UNIT         ?PR?DISPLAYINPUT?DISPINFO
            CODE    7A29H     00D2H     UNIT         ?PR?_DRAWNUM?OSDMENU
            CODE    7AFBH     00D1H     UNIT         ?PR?_ADJUSTAUTODAYNIGHT?MAIN
            CODE    7BCCH     00D0H     UNIT         ?PR?_DRAWSTRINGBYLANG?OSDMENU
            CODE    7C9CH     00CDH     UNIT         ?PR?DISPLAYVOL?DISPINFO
            CODE    7D69H     00C3H     UNIT         ?CO?HS_DISPLAYOSD
            CODE    7E2CH     00B1H     UNIT         ?PR?_DISPLAYINFORMATION?HS_DISPLAYOSD
            CODE    7EDDH     00ADH     UNIT         ?PR?_SETPCCOLOR?OSDMENU
            CODE    7F8AH     00ADH     UNIT         ?PR?_DOACTION?OSDMENU
            CODE    8037H     00A6H     UNIT         ?PR?OSDHIGHMENU_SUB?OSDMENU
            CODE    80DDH     00A5H     UNIT         ?PR?_MAPPING1?TW88
            CODE    8182H     00A4H     UNIT         ?CO?DISPINFO
            CODE    8226H     00A3H     UNIT         ?PR?_SETVIDEOSHARPNESS?OSDMENU
            CODE    82C9H     00A2H     UNIT         ?PR?_INITOSDWINDOW?OSDBASIC
            CODE    836BH     009EH     UNIT         ?PR?CHECKDECODERINPUT?MAIN
            CODE    8409H     009EH     UNIT         ?PR?_CHANGEVIDEODATA?OSDMENU
            CODE    84A7H     0099H     UNIT         ?PR?_CHANGEINPUT?MAIN
            CODE    8540H     0098H     UNIT         ?PR?CHECKANDCLEAROSD?DISPINFO
            CODE    85D8H     0091H     UNIT         ?PR?CHECKTRIGGER?HS_KEYREMO
            CODE    8669H     0090H     UNIT         ?PR?_DISPLAYVOLUMEBAR?OSDMENU
            CODE    86F9H     008CH     UNIT         ?C_C51STARTUP
            CODE    8785H     008BH     UNIT         ?PR?INITTECHWELL?CPU
            CODE    8810H     0088H     UNIT         ?PR?SETPOSSIBLEAUTODETECTSTDEE?ETC_EEP
            CODE    8898H     0088H     UNIT         ?PR?OSDBASIC
            CODE    8920H     0083H     UNIT         ?PR?INITOSDMENU?OSDMENU
            CODE    89A3H     0082H     UNIT         ?PR?_INITVIDEODATA?MAIN
            CODE    8A25H     0081H     UNIT         ?PR?SEND_PELCOP_COMMAND?HS_DVRPROTOCOL
            CODE    8AA6H     0080H     UNIT         ?PR?SETSELECTMODE?HS_KEYREMO
            CODE    8B26H     007DH     UNIT         ?PR?WAITPOWERON?MAIN
            CODE    8BA3H     007CH     UNIT         ?PR?_LCDPOWERON?TW88
            CODE    8C1FH     007CH     UNIT         ?PR?SEND_PELCOD_COMMAND?HS_DVRPROTOCOL
            CODE    8C9BH     007BH     UNIT         ?PR?_SETPCCOLORTEMP?OSDMENU
            CODE    8D16H     0070H     UNIT         ?PR?_SETVIDEOSATURATION?OSDMENU
            CODE    8D86H     006CH     UNIT         ?PR?_SETVIDEOHUE?OSDMENU
            CODE    8DF2H     006CH     UNIT         ?PR?HS_KEYREMO
            CODE    8E5EH     0069H     UNIT         ?PR?_I2CWRITEDATA?I2C
            CODE    8EC7H     0069H     UNIT         ?PR?_SETVIDEOBACKLIGHT?OSDMENU
            CODE    8F30H     0068H     UNIT         ?PR?_SETRGBCONTRAST?OSDMENU
            CODE    8F98H     0066H     UNIT         ?PR?RESETVIDEOVALUE?OSDMENU
            CODE    8FFEH     0061H     UNIT         ?PR?GETFWREVEE?ETC_EEP
            CODE    905FH     005EH     UNIT         ?PR?_DOWNLOADFONT?OSDBASIC
            CODE    90BDH     005EH     UNIT         ?PR?INITOSDMENUXY?OSDMENU
            CODE    911BH     005BH     UNIT         ?PR?CHANGE_OSDCOLORLOOKUP?OSDBASIC
            CODE    9176H     005BH     UNIT         ?PR?PRINTF
            CODE    91D1H     0059H     UNIT         ?PR?GETVINPUTSTDINX?MAIN
            CODE    922AH     0058H     UNIT         ?PR?CHECKPANELIMAGE?OSDMENU
            CODE    9282H     0057H     UNIT         ?PR?MAIN?MAIN
            CODE    92D9H     0057H     UNIT         ?PR?_GETOSDWINDOWY?OSDBASIC
            CODE    9330H     0056H     UNIT         ?PR?DETECTDECODERINPUT?TW88
            CODE    9386H     0055H     UNIT         ?PR?SETNOWMODE?HS_KEYREMO
            CODE    93DBH     0054H     UNIT         ?PR?SETJUMPMODE?HS_KEYREMO
BL51 BANKED LINKER/LOCATER V6.22                                                      12/09/2015  15:21:44  PAGE 5


            CODE    942FH     0054H     UNIT         ?PR?DISPLAYFWVERSION?HS_DISPLAYOSD
            CODE    9483H     0053H     UNIT         ?PR?CLEAROSDINFO?DISPINFO
            CODE    94D6H     0052H     UNIT         ?PR?SETREARSOURCE?HS_KEYREMO
            CODE    9528H     0050H     UNIT         ?PR?TW88
            CODE    9578H     004FH     UNIT         ?PR?_I2CDEVICEINITIALIZE?MAIN
            CODE    95C7H     004DH     UNIT         ?PR?CLEARCURSOR?OSDMENU
            CODE    9614H     004DH     UNIT         ?PR?_CAMOUTDSEL?OSDMENU
            CODE    9661H     004CH     UNIT         ?PR?_SETVIDEOBRIGHTNESS?OSDMENU
            CODE    96ADH     004BH     UNIT         ?PR?INITCPU?CPU
            CODE    96F8H     004BH     UNIT         ?PR?_GETOSDWINDOWX?OSDBASIC
            CODE    9743H     0048H     UNIT         ?PR?_WAIT_MS?CPU
            CODE    978BH     0047H     UNIT         ?PR?_WRITEEEP?I2C
            CODE    97D2H     0045H     UNIT         ?PR?_GETLOWERMENUITEM?OSDMENU
            CODE    9817H     0044H     UNIT         ?PR?_SAVEFWREVEE?ETC_EEP
            CODE    985BH     0044H     UNIT         ?PR?_SHOWOSDWINDOW_TW88?OSDBASIC
            CODE    989FH     0042H     UNIT         ?PR?_SETOSDWINDOWY_TW88?OSDBASIC
            CODE    98E1H     0041H     UNIT         ?PR?_WRITEI2CN?I2C
            CODE    9922H     0041H     UNIT         ?PR?_GETTARGETCHILD?OSDMENU
            CODE    9963H     003FH     UNIT         ?PR?CPU
            CODE    99A2H     003FH     UNIT         ?PR?_SETOSDWINDOWX_TW88?OSDBASIC
            CODE    99E1H     003FH     UNIT         ?PR?_SETVIDEOCONTRAST?OSDMENU
            CODE    9A20H     003EH     UNIT         ?PR?_WRITEI2CND?I2C
            CODE    9A5EH     003EH     UNIT         ?PR?CLOSEOSDMENU?OSDMENU
            CODE    9A9CH     003EH     UNIT         ?PR?_SETSOURCEMODE?HS_KEYREMO
            CODE    9ADAH     003DH     UNIT         ?PR?GETTIME_MS?CPU
            CODE    9B17H     003CH     UNIT         ?PR?CLEARBASICEE?ETC_EEP
            CODE    9B53H     003AH     UNIT         ?PR?LCDPOWEROFF?TW88
            CODE    9B8DH     0039H     UNIT         ?PR?_READI2C?I2C
            CODE    9BC6H     0039H     UNIT         ?PR?_WRITEI2CN_?I2C
            CODE    9BFFH     0039H     UNIT         ?PR?_SETVINPUTSTD?MAIN
            CODE    9C38H     0038H     UNIT         ?PR?DOWNLOADUDFONT?OSDBASIC
            CODE    9C70H     0035H     UNIT         ?PR?HS_DVRPROTOCOL
            CODE    9CA5H     0034H     UNIT         ?PR?SERIAL_INT?CPU
            CODE    9CD9H     0034H     UNIT         ?PR?OPENOSDMENU?OSDMENU
            CODE    9D0DH     0033H     UNIT         ?PR?_WRITESTRINGTOADDR?OSDBASIC
            CODE    9D40H     0031H     UNIT         ?PR?SERIAL2_INT?CPU
            CODE    9D71H     0031H     UNIT         ?PR?_DRAWATTRCNT?OSDBASIC
            CODE    9DA2H     0030H     UNIT         ?PR?I2CREADDATA?I2C
            CODE    9DD2H     0030H     UNIT         ?PR?_GET_CURSOR_ITEM?OSDMENU
            CODE    9E02H     002FH     UNIT         ?PR?_SHOWOSDWINDOWALL?OSDBASIC
            CODE    9E31H     002DH     UNIT         ?PR?WAITENDOFDISPLAYAREA?OSDBASIC
            CODE    9E5EH     002DH     UNIT         ?PR?_CLEARDATACNT?OSDBASIC
            CODE    9E8BH     002CH     UNIT         ?PR?PUSHMENU?OSDMENU
            CODE    9EB7H     002CH     UNIT         ?CO?HS_DVRPROTOCOL
            CODE    9EE3H     0029H     UNIT         ?PR?SETRIGHTSOURCE?HS_KEYREMO
            CODE    9F0CH     0029H     UNIT         ?PR?HS_DISPLAYOSD
            CODE    9F35H     0028H     UNIT         ?PR?MAIN
            CODE    9F5DH     0028H     UNIT         ?PR?SAVEVALUE1?OSDMENU
            CODE    9F85H     0027H     UNIT         ?PR?_PRINTF?PRINTF
            CODE    9FACH     0026H     UNIT         ?PR?CLEARTVINFO?DISPINFO
            CODE    9FD2H     0026H     UNIT         ?PR?_READEEP?I2C
            CODE    9FF8H     0026H     UNIT         ?PR?_WRITEI2C?I2C
            CODE    A01EH     0026H     UNIT         ?CO?TW88
            CODE    A044H     0024H     UNIT         ?PR?COMPOSITE1INPUT?TW88
            CODE    A068H     0024H     UNIT         ?PR?COMPOSITE2INPUT?TW88
            CODE    A08CH     0023H     UNIT         ?PR?REMOVOLUP_RIGHTKEY?KEYREMO
            CODE    A0AFH     0023H     UNIT         ?PR?REMOVOLDN_LEFTKEY?KEYREMO
BL51 BANKED LINKER/LOCATER V6.22                                                      12/09/2015  15:21:44  PAGE 6


            CODE    A0D2H     0023H     UNIT         ?PR?READVINPUTSTD?MAIN
            CODE    A0F5H     0022H     UNIT         ?PR?SETLEFTSOURCE?HS_KEYREMO
            CODE    A117H     0021H     UNIT         ?PR?_GETVIDEODATAFROMEE?ETC_EEP
            CODE    A138H     0021H     UNIT         ?PR?SEQMODE?HS_KEYREMO
            CODE    A159H     0020H     UNIT         ?PR?SETAUTODETECTSTD?TW88
            CODE    A179H     001FH     UNIT         ?PR?_DIFFTIME_MS?CPU
            CODE    A198H     001FH     UNIT         ?PR?GETNEXTINPUTSELECTION?MAIN
            CODE    A1B7H     001EH     UNIT         ?PR?INITVARS?CPU
            CODE    A1D5H     001EH     UNIT         ?PR?_POWERLED?CPU
            CODE    A1F3H     001EH     UNIT         ?PR?I2C
            CODE    A211H     001DH     UNIT         ?PR?_SETLANGUAGE?OSDMENU
            CODE    A22EH     001DH     UNIT         ?PR?_CLEARAUTODETECTSTD?TW88
            CODE    A24BH     001CH     UNIT         ?PR?POPMENU?OSDMENU
            CODE    A267H     001CH     UNIT         ?PR?_GETNEXTCURSORMENUITEM?OSDMENU
            CODE    A283H     001BH     UNIT         ?PR?_STRLEN?OSDBASIC
            CODE    A29EH     001BH     UNIT         ?PR?_PUTS?PRINTF
            CODE    A2B9H     0019H     UNIT         ?CO?AUDIO
            CODE    A2D2H     0018H     UNIT         ?PR?_DELAY?CPU
            CODE    A2EAH     0016H     UNIT         ?PR?CLEARINPUT?DISPINFO
            CODE    A300H     0012H     UNIT         ?PR?I2CSTART?I2C
            CODE    A312H     0011H     UNIT         ?PR?_SAVEVIDEODATATOEE?ETC_EEP
            CODE    A323H     0011H     UNIT         ?PR?ISNOINPUT?MAIN
            CODE    A334H     0011H     UNIT         ?PR?GETOSDLANG?OSDMENU
            CODE    A345H     0011H     UNIT         ?CO?PRINTF
            CODE    A356H     0010H     UNIT         ?PR?HS_INITVARS?MAIN
            CODE    A366H     000FH     UNIT         ?PR?TIMER2_INT?CPU
            CODE    A375H     000FH     UNIT         ?PR?CLEARMUTEINFO?DISPINFO
            CODE    A384H     000FH     UNIT         ?PR?DISPINFO
            CODE    A393H     000FH     UNIT         ?PR?GETLCDPOWERSTATE?TW88
            CODE    A3A2H     000FH     UNIT         ?PR?CLEARGAUGEINFO?HS_DISPLAYOSD
            CODE    A3B1H     000EH     UNIT         ?PR?REMOMENU_MENUKEY?KEYREMO
            CODE    A3BFH     000DH     UNIT         ?PR?REMOCHNUP_UPKEY?KEYREMO
            CODE    A3CCH     000DH     UNIT         ?PR?REMOCHNDN_DNKEY?KEYREMO
            CODE    A3D9H     000DH     UNIT         ?PR?POWEROFF?MAIN
            CODE    A3E6H     000CH     UNIT         ?PR?_CLEARDISPLAYEDOSD?DISPINFO
            CODE    A3F2H     000CH     UNIT         ?PR?SETOSDLASTKEYINTIME?MAIN
            CODE    A3FEH     000CH     UNIT         ?PR?CLEARVALUEWIN?OSDMENU
            CODE    A40AH     000CH     UNIT         ?PR?_ABS?ABS
            CODE    A416H     000BH     UNIT         ?PR?RS_READY?CPU
            CODE    A421H     0009H     UNIT         ?PR?_SAVEDEBUGLEVELEE?ETC_EEP
            CODE    A42AH     0009H     UNIT         ?PR?_SAVEWIDEMODEEE?ETC_EEP
            CODE    A433H     0009H     UNIT         ?PR?_SAVEOSDPOSITIONMODEEE?ETC_EEP
            CODE    A43CH     0009H     UNIT         ?PR?_SAVEINPUTSELECTIONEE?ETC_EEP
            CODE    A445H     0009H     UNIT         ?PR?_SAVEOSDLANGEE?ETC_EEP
            CODE    A44EH     0009H     UNIT         ?PR?_SETAUDIOVOLEE?ETC_EEP
            CODE    A457H     0009H     UNIT         ?PR?_SETPCAUDIOVOLEE?ETC_EEP
            CODE    A460H     0009H     UNIT         ?PR?POWERDOWN_XTAL?MAIN
            CODE    A469H     0009H     UNIT         ?PR?GETOSDLASTKEYINTIME?MAIN
            CODE    A472H     0009H     UNIT         ?PR?_GETUPPERMENUITEM?OSDMENU
            CODE    A47BH     0009H     UNIT         ?PR?AUDIOMUTE?AUDIO
            CODE    A484H     0008H     UNIT         ?PR?_RS2_TX?CPU
            CODE    A48CH     0008H     UNIT         ?PR?GETDEBUGLEVELEE?ETC_EEP
            CODE    A494H     0008H     UNIT         ?PR?GETWIDEMODEEE?ETC_EEP
            CODE    A49CH     0008H     UNIT         ?PR?GETPOSSIBLEAUTODETECTSTDEE?ETC_EEP
            CODE    A4A4H     0008H     UNIT         ?PR?GETOSDPOSITIONMODEEE?ETC_EEP
            CODE    A4ACH     0008H     UNIT         ?PR?GETOSDLANGEE?ETC_EEP
            CODE    A4B4H     0008H     UNIT         ?PR?GETAUDIOVOLEE?ETC_EEP
BL51 BANKED LINKER/LOCATER V6.22                                                      12/09/2015  15:21:44  PAGE 7


            CODE    A4BCH     0008H     UNIT         ?PR?GETPCAUDIOVOLEE?ETC_EEP
            CODE    A4C4H     0008H     UNIT         ?PR?KEYREMO
            CODE    A4CCH     0007H     UNIT         ?PR?_SETDISPLAYEDOSD?DISPINFO
            CODE    A4D3H     0007H     UNIT         ?PR?_GETVIDEODATAWITHOFFSET?OSDMENU
            CODE    A4DAH     0006H     UNIT         ?PR?GETDISPLAYEDOSD?DISPINFO
            CODE    A4E0H     0006H     UNIT         ?PR?GETVINPUTSTD?MAIN
            CODE    A4E6H     0006H     UNIT         ?PR?GETINPUTSELECTION?MAIN
            CODE    A4ECH     0003H     UNIT         ?PR?ISINPUTANALOGRGB?OSDMENU



OVERLAY MAP OF MODULE:   .\Output\HTRV_ML072Q (ADC)


SEGMENT                                             BIT_GROUP          XDATA_GROUP
  +--> CALLED SEGMENT                            START    LENGTH     START    LENGTH
------------------------------------------------------------------------------------
?C_C51STARTUP                                    -----    -----      -----    -----
  +--> ?PR?MAIN?MAIN
  +--> ?C_INITSEG

?PR?MAIN?MAIN                                    -----    -----      -----    -----
  +--> ?PR?AUDIOMUTE?AUDIO
  +--> ?PR?_WAIT_MS?CPU
  +--> ?PR?INITCPU?CPU
  +--> ?PR?_POWERLED?CPU
  +--> ?PR?INITVARS?CPU
  +--> ?PR?HS_INITVARS?MAIN
  +--> ?PR?INITTECHWELL?CPU
  +--> ?PR?MAIN_INIT?CPU
  +--> ?PR?LOADEEPROM?MAIN
  +--> ?PR?_READEEP?I2C
  +--> ?PR?_CAMOUTDSEL?OSDMENU
  +--> ?PR?MAIN_LOOP?MAIN
  +--> ?PR?WAITPOWERON?MAIN

?PR?AUDIOMUTE?AUDIO                              0022H.7  0000H.1    -----    -----

?PR?_WAIT_MS?CPU                                 -----    -----      0024H    0004H

?PR?INITVARS?CPU                                 -----    -----      -----    -----
  +--> ?PR?_DELAY?CPU
  +--> ?PR?POWERDOWN_XTAL?MAIN

?PR?POWERDOWN_XTAL?MAIN                          0022H.7  0000H.1    -----    -----

?PR?INITTECHWELL?CPU                             -----    -----      -----    -----
  +--> ?PR?_READI2C?I2C
  +--> ?CO?CPU
  +--> ?PR?_PUTS?PRINTF
  +--> ?PR?_PRINTF?PRINTF
  +--> ?PR?RS_READY?CPU
  +--> ?PR?_DELAY?CPU
  +--> ?PR?CPU

?PR?_READI2C?I2C                                 -----    -----      0034H    0003H
  +--> ?PR?I2CSTART?I2C
BL51 BANKED LINKER/LOCATER V6.22                                                      12/09/2015  15:21:44  PAGE 8


  +--> ?PR?_I2CWRITEDATA?I2C
  +--> ?PR?I2CREADDATA?I2C
  +--> ?PR?I2CSTOP?I2C

?PR?I2CSTART?I2C                                 -----    -----      -----    -----
  +--> ?PR?DD?I2C

?PR?_I2CWRITEDATA?I2C                            -----    -----      -----    -----
  +--> ?PR?I2C

?PR?I2C                                          -----    -----      -----    -----
  +--> ?PR?DD?I2C

?PR?I2CREADDATA?I2C                              -----    -----      -----    -----
  +--> ?PR?DD?I2C

?PR?I2CSTOP?I2C                                  -----    -----      -----    -----
  +--> ?PR?DD?I2C

?PR?_PUTS?PRINTF                                 -----    -----      001EH    0003H
  +--> ?PR?PRINTF
  +--> ?PR?_RS_TX?CPU

?PR?_PRINTF?PRINTF                               -----    -----      0024H    002EH
  +--> ?PR?_DOPRINT?PRINTF

?PR?_DOPRINT?PRINTF                              0022H.7  0000H.2    0052H    0015H
  +--> ?PR?PRINTF
  +--> ?CO?PRINTF

?PR?MAIN_INIT?CPU                                -----    -----      0000H    0002H
  +--> ?PR?_WRITEI2C?I2C
  +--> ?PR?GETFWREVEE?ETC_EEP
  +--> ?PR?CPU
  +--> ?CO?CPU
  +--> ?PR?_PRINTF?PRINTF
  +--> ?PR?_SAVEFWREVEE?ETC_EEP
  +--> ?PR?_SAVEDEBUGLEVELEE?ETC_EEP
  +--> ?PR?_SAVEINPUTSELECTIONEE?ETC_EEP
  +--> ?PR?CLEARBASICEE?ETC_EEP
  +--> ?PR?GETDEBUGLEVELEE?ETC_EEP
  +--> ?PR?_SETVINPUTSTD?MAIN
  +--> ?PR?_LCDPOWERON?TW88
  +--> ?PR?_READEEP?I2C
  +--> ?PR?SETPOSSIBLEAUTODETECTSTDEE?ETC_EEP
  +--> ?PR?CHANGE_OSDCOLORLOOKUP?OSDBASIC
  +--> ?PR?DOWNLOADUDFONT?OSDBASIC

?PR?_WRITEI2C?I2C                                -----    -----      0055H    0003H
  +--> ?PR?I2C
  +--> ?PR?I2CSTART?I2C
  +--> ?PR?_I2CWRITEDATA?I2C
  +--> ?PR?I2CSTOP?I2C

?PR?GETFWREVEE?ETC_EEP                           -----    -----      0002H    0002H
  +--> ?PR?_READEEP?I2C

BL51 BANKED LINKER/LOCATER V6.22                                                      12/09/2015  15:21:44  PAGE 9


?PR?_READEEP?I2C                                 -----    -----      0033H    0001H
  +--> ?PR?_READI2C?I2C
  +--> ?PR?_DELAY?CPU

?PR?_SAVEFWREVEE?ETC_EEP                         -----    -----      0002H    0002H
  +--> ?PR?_WRITEEEP?I2C

?PR?_WRITEEEP?I2C                                -----    -----      0028H    0004H
  +--> ?PR?I2CSTART?I2C
  +--> ?PR?_I2CWRITEDATA?I2C
  +--> ?PR?I2CSTOP?I2C
  +--> ?PR?_DELAY?CPU

?PR?_SAVEDEBUGLEVELEE?ETC_EEP                    -----    -----      -----    -----
  +--> ?PR?_WRITEEEP?I2C

?PR?_SAVEINPUTSELECTIONEE?ETC_EEP                -----    -----      -----    -----
  +--> ?PR?_WRITEEEP?I2C

?PR?CLEARBASICEE?ETC_EEP                         -----    -----      -----    -----
  +--> ?PR?_WRITEEEP?I2C
  +--> ?PR?_READEEP?I2C
  +--> ?PR?RESETOSDVALUE?OSDMENU
  +--> ?PR?RESETVIDEOVALUE?OSDMENU
  +--> ?PR?_SET4WIDESCREEN?OSDMENU

?PR?RESETOSDVALUE?OSDMENU                        -----    -----      -----    -----
  +--> ?CO?OSDMENU
  +--> ?PR?_SAVEOSDPOSITIONMODEEE?ETC_EEP
  +--> ?PR?_READEEP?I2C
  +--> ?PR?_WRITEEEP?I2C
  +--> ?PR?_CHANGEVOL?AUDIO
  +--> ?PR?_CAMOUTDSEL?OSDMENU
  +--> ?PR?_PUTS?PRINTF
  +--> ?PR?_CLEARDATACNT?OSDBASIC
  +--> ?PR?LOADEEPROM?MAIN
  +--> ?PR?_SAVEOSDLANGEE?ETC_EEP
  +--> ?PR?INITOSDMENU?OSDMENU

?PR?_SAVEOSDPOSITIONMODEEE?ETC_EEP               -----    -----      -----    -----
  +--> ?PR?_WRITEEEP?I2C

?PR?_CHANGEVOL?AUDIO                             -----    -----      0018H    0002H
  +--> ?PR?AUDIOMUTE?AUDIO
  +--> ?CO?OSDMENU
  +--> ?PR?_WRITEI2C?I2C
  +--> ?CO?AUDIO
  +--> ?PR?_SETPCAUDIOVOLEE?ETC_EEP
  +--> ?PR?_SETAUDIOVOLEE?ETC_EEP
  +--> ?PR?_PRINTF?PRINTF

?PR?_SETPCAUDIOVOLEE?ETC_EEP                     -----    -----      -----    -----
  +--> ?PR?_WRITEEEP?I2C

?PR?_SETAUDIOVOLEE?ETC_EEP                       -----    -----      -----    -----
  +--> ?PR?_WRITEEEP?I2C

BL51 BANKED LINKER/LOCATER V6.22                                                      12/09/2015  15:21:44  PAGE 10


?PR?_CAMOUTDSEL?OSDMENU                          -----    -----      0012H    0001H
  +--> ?CO?OSDMENU
  +--> ?PR?_PUTS?PRINTF

?PR?_CLEARDATACNT?OSDBASIC                       -----    -----      0030H    0003H
  +--> ?PR?OSDBASIC
  +--> ?PR?_WRITEI2C?I2C
  +--> ?PR?_WRITEI2CND?I2C

?PR?_WRITEI2CND?I2C                              -----    -----      0034H    0005H
  +--> ?PR?I2C
  +--> ?PR?I2CSTART?I2C
  +--> ?PR?_I2CWRITEDATA?I2C
  +--> ?PR?I2CSTOP?I2C

?PR?LOADEEPROM?MAIN                              -----    -----      -----    -----
  +--> ?PR?_READEEP?I2C
  +--> ?PR?GETAUDIOVOLEE?ETC_EEP
  +--> ?PR?GETPCAUDIOVOLEE?ETC_EEP

?PR?GETAUDIOVOLEE?ETC_EEP                        -----    -----      -----    -----
  +--> ?PR?_READEEP?I2C

?PR?GETPCAUDIOVOLEE?ETC_EEP                      -----    -----      -----    -----
  +--> ?PR?_READEEP?I2C

?PR?_SAVEOSDLANGEE?ETC_EEP                       -----    -----      -----    -----
  +--> ?PR?_WRITEEEP?I2C

?PR?INITOSDMENU?OSDMENU                          -----    -----      000DH    0001H
  +--> ?PR?GETOSDLANGEE?ETC_EEP
  +--> ?PR?GETINPUTSELECTION?MAIN
  +--> ?CO?OSDMENU
  +--> ?PR?OSDMENU
  +--> ?CO?OSDBASIC
  +--> ?PR?_INITOSDWINDOW?OSDBASIC
  +--> ?PR?_CLEARDATACNT?OSDBASIC
  +--> ?PR?GETOSDPOSITIONMODEEE?ETC_EEP
  +--> ?PR?INITOSDMENUXY?OSDMENU
  +--> ?PR?DISPLAYOSDMENU?OSDMENU

?PR?GETOSDLANGEE?ETC_EEP                         -----    -----      -----    -----
  +--> ?PR?_READEEP?I2C

?PR?OSDMENU                                      -----    -----      -----    -----
  +--> ?CO?OSDMENU
  +--> ?CO?MAIN

?PR?_INITOSDWINDOW?OSDBASIC                      -----    -----      001BH    0005H
  +--> ?PR?_READI2C?I2C
  +--> ?PR?_WRITEI2C?I2C
  +--> ?PR?OSDBASIC
  +--> ?PR?_WRITEI2CN_?I2C

?PR?_WRITEI2CN_?I2C                              -----    -----      0020H    0006H
  +--> ?PR?I2CSTART?I2C
  +--> ?PR?_I2CWRITEDATA?I2C
BL51 BANKED LINKER/LOCATER V6.22                                                      12/09/2015  15:21:44  PAGE 11


  +--> ?PR?I2C
  +--> ?PR?I2CSTOP?I2C

?PR?GETOSDPOSITIONMODEEE?ETC_EEP                 -----    -----      -----    -----
  +--> ?PR?_READEEP?I2C

?PR?INITOSDMENUXY?OSDMENU                        -----    -----      000EH    0007H
  +--> ?CO?OSDMENU
  +--> ?PR?OSDMENU
  +--> ?PR?_GETOSDWINDOWX?OSDBASIC
  +--> ?PR?_SETOSDWINDOWX_TW88?OSDBASIC
  +--> ?PR?_GETOSDWINDOWY?OSDBASIC
  +--> ?PR?_SETOSDWINDOWY_TW88?OSDBASIC

?PR?_GETOSDWINDOWX?OSDBASIC                      -----    -----      0028H    0002H
  +--> ?PR?OSDBASIC
  +--> ?PR?_WRITEI2C?I2C
  +--> ?PR?_READI2C?I2C

?PR?_SETOSDWINDOWX_TW88?OSDBASIC                 -----    -----      0015H    0003H
  +--> ?PR?OSDBASIC
  +--> ?PR?_WRITEI2C?I2C
  +--> ?PR?_READI2C?I2C

?PR?_GETOSDWINDOWY?OSDBASIC                      -----    -----      0028H    0002H
  +--> ?PR?OSDBASIC
  +--> ?PR?_WRITEI2C?I2C
  +--> ?PR?_READI2C?I2C

?PR?_SETOSDWINDOWY_TW88?OSDBASIC                 -----    -----      0015H    0003H
  +--> ?PR?OSDBASIC
  +--> ?PR?_WRITEI2C?I2C
  +--> ?PR?_READI2C?I2C

?PR?DISPLAYOSDMENU?OSDMENU                       -----    -----      -----    -----
  +--> ?PR?_DRAWATTRCNT?OSDBASIC
  +--> ?PR?OSDMENU
  +--> ?PR?GETINPUTSELECTION?MAIN
  +--> ?PR?_READEEP?I2C
  +--> ?PR?_DRAWMENULIST?OSDMENU
  +--> ?PR?PUSHMENU?OSDMENU
  +--> ?PR?POPMENU?OSDMENU
  +--> ?PR?DISPLAYCURSOR?OSDMENU

?PR?_DRAWATTRCNT?OSDBASIC                        -----    -----      0030H    0004H
  +--> ?PR?OSDBASIC
  +--> ?PR?_WRITEI2C?I2C
  +--> ?PR?_WRITEI2CND?I2C

?PR?_DRAWMENULIST?OSDMENU                        -----    -----      0011H    000CH
  +--> ?PR?OSDMENU
  +--> ?PR?_STRLEN?OSDBASIC
  +--> ?PR?_DRAWATTRCNT?OSDBASIC
  +--> ?PR?_WRITESTRINGTOADDR?OSDBASIC
  +--> ?PR?_CLEARDATACNT?OSDBASIC
  +--> ?PR?_WRITEI2C?I2C
  +--> ?PR?_DISPLAYOSDMENUONEITEM?OSDMENU
BL51 BANKED LINKER/LOCATER V6.22                                                      12/09/2015  15:21:44  PAGE 12


  +--> ?PR?_GETLOWERMENUITEM?OSDMENU

?PR?_STRLEN?OSDBASIC                             -----    -----      004FH    0003H

?PR?_WRITESTRINGTOADDR?OSDBASIC                  -----    -----      004FH    0006H
  +--> ?PR?OSDBASIC
  +--> ?PR?_WRITEI2C?I2C
  +--> ?PR?_WRITEI2CN?I2C

?PR?_WRITEI2CN?I2C                               -----    -----      0055H    0007H
  +--> ?PR?I2C
  +--> ?PR?I2CSTART?I2C
  +--> ?PR?_I2CWRITEDATA?I2C
  +--> ?PR?I2CSTOP?I2C

?PR?_DISPLAYOSDMENUONEITEM?OSDMENU               -----    -----      001DH    0013H
  +--> ?PR?OSDMENU
  +--> ?PR?_DRAWATTRCNT?OSDBASIC
  +--> ?PR?_CLEARDATACNT?OSDBASIC
  +--> ?PR?_GETITEMVALUE?OSDMENU
  +--> ?PR?_DISPLAYVIEWBAR?OSDMENU
  +--> ?PR?_DRAWNUM?OSDMENU
  +--> ?CO?OSDMENU
  +--> ?PR?_WRITESTRINGTOADDR?OSDBASIC
  +--> ?PR?_DRAWSTRINGBYLANG?OSDMENU
  +--> ?PR?_STRLEN?OSDBASIC

?PR?_GETITEMVALUE?OSDMENU                        -----    -----      0030H    0003H
  +--> ?PR?_READEEP?I2C
  +--> ?PR?GETOSDPOSITIONMODE?OSDMENU
  +--> ?PR?_GETVIDEODATAWITHOFFSET?OSDMENU
  +--> ?PR?OSDMENU

?PR?GETOSDPOSITIONMODE?OSDMENU                   -----    -----      -----    -----
  +--> ?PR?GETOSDPOSITIONMODEEE?ETC_EEP

?PR?_GETVIDEODATAWITHOFFSET?OSDMENU              -----    -----      -----    -----
  +--> ?PR?_GETVIDEODATAFROMEE?ETC_EEP
  +--> ?PR?OSDMENU

?PR?_GETVIDEODATAFROMEE?ETC_EEP                  -----    -----      -----    -----
  +--> ?PR?_READEEP?I2C

?PR?_DISPLAYVIEWBAR?OSDMENU                      -----    -----      0030H    0010H
  +--> ?CO?OSDMENU
  +--> ?PR?OSDMENU
  +--> ?PR?_WRITESTRINGTOADDR?OSDBASIC

?PR?_DRAWNUM?OSDMENU                             -----    -----      0030H    001FH
  +--> ?PR?OSDMENU
  +--> ?CO?OSDMENU
  +--> ?PR?_UTOA?OSDBASIC
  +--> ?PR?_STRLEN?OSDBASIC
  +--> ?PR?_WRITESTRINGTOADDR?OSDBASIC

?PR?_UTOA?OSDBASIC                               -----    -----      004FH    000EH
  +--> ?PR?OSDBASIC
BL51 BANKED LINKER/LOCATER V6.22                                                      12/09/2015  15:21:44  PAGE 13



?PR?_DRAWSTRINGBYLANG?OSDMENU                    -----    -----      0030H    0018H
  +--> ?PR?OSDMENU
  +--> ?CO?OSDMENU
  +--> ?PR?_WRITESTRINGTOADDR?OSDBASIC
  +--> ?PR?_STRLEN?OSDBASIC

?PR?_GETLOWERMENUITEM?OSDMENU                    -----    -----      001DH    0004H

?PR?PUSHMENU?OSDMENU                             -----    -----      -----    -----
  +--> ?PR?OSDMENU

?PR?POPMENU?OSDMENU                              -----    -----      -----    -----
  +--> ?PR?OSDMENU

?PR?DISPLAYCURSOR?OSDMENU                        -----    -----      000EH    0004H
  +--> ?PR?OSDMENU
  +--> ?PR?_DRAWATTRCNT?OSDBASIC
  +--> ?PR?_GETITEMVALUE?OSDMENU

?PR?RESETVIDEOVALUE?OSDMENU                      -----    -----      0009H    0002H
  +--> ?CO?OSDMENU
  +--> ?PR?_SETVIDEOMODE?OSDMENU
  +--> ?PR?_SAVEVIDEODATATOEE?ETC_EEP

?PR?_SETVIDEOMODE?OSDMENU                        -----    -----      001EH    0007H
  +--> ?PR?_WRITEEEP?I2C
  +--> ?CO?OSDMENU
  +--> ?PR?_WRITEI2C?I2C
  +--> ?PR?OSDMENU
  +--> ?PR?_GETVIDEODATAWITHOFFSET?OSDMENU
  +--> ?PR?_SETVIDEOCONTRAST?OSDMENU
  +--> ?PR?_SETVIDEOBRIGHTNESS?OSDMENU
  +--> ?PR?_SETVIDEOSATURATION?OSDMENU
  +--> ?PR?_SETVIDEOHUE?OSDMENU
  +--> ?PR?_MAPPING1?TW88
  +--> ?PR?_READI2C?I2C

?PR?_SETVIDEOCONTRAST?OSDMENU                    -----    -----      0025H    0003H
  +--> ?PR?GETINPUTSELECTION?MAIN
  +--> ?PR?OSDMENU
  +--> ?CO?OSDMENU
  +--> ?PR?_MAPPING1?TW88
  +--> ?PR?_WRITEI2C?I2C

?PR?_MAPPING1?TW88                               -----    -----      0029H    000FH
  +--> ?PR?TW88

?PR?_SETVIDEOBRIGHTNESS?OSDMENU                  -----    -----      0025H    0003H
  +--> ?PR?OSDMENU
  +--> ?CO?OSDMENU
  +--> ?PR?_MAPPING1?TW88
  +--> ?PR?ISINPUTANALOGRGB?OSDMENU
  +--> ?PR?_WRITEI2C?I2C

?PR?_SETVIDEOSATURATION?OSDMENU                  -----    -----      0025H    0004H
  +--> ?PR?ISINPUTANALOGRGB?OSDMENU
BL51 BANKED LINKER/LOCATER V6.22                                                      12/09/2015  15:21:44  PAGE 14


  +--> ?PR?OSDMENU
  +--> ?CO?OSDMENU
  +--> ?PR?_MAPPING1?TW88
  +--> ?PR?_READI2C?I2C
  +--> ?PR?_WRITEI2C?I2C

?PR?_SETVIDEOHUE?OSDMENU                         -----    -----      0025H    0003H
  +--> ?PR?OSDMENU
  +--> ?CO?OSDMENU
  +--> ?PR?_MAPPING1?TW88
  +--> ?PR?_READI2C?I2C
  +--> ?PR?ISINPUTANALOGRGB?OSDMENU
  +--> ?PR?_WRITEI2C?I2C

?PR?_SAVEVIDEODATATOEE?ETC_EEP                   -----    -----      -----    -----
  +--> ?PR?_WRITEEEP?I2C

?PR?_SET4WIDESCREEN?OSDMENU                      -----    -----      001EH    0006H
  +--> ?PR?_READEEP?I2C
  +--> ?PR?GETVINPUTSTD?MAIN
  +--> ?CO?OSDMENU
  +--> ?PR?WAITENDOFDISPLAYAREA?OSDBASIC
  +--> ?PR?OSDMENU
  +--> ?PR?_WRITEI2C?I2C
  +--> ?PR?_SAVEWIDEMODEEE?ETC_EEP

?PR?WAITENDOFDISPLAYAREA?OSDBASIC                -----    -----      0028H    0002H
  +--> ?PR?_READI2C?I2C

?PR?_SAVEWIDEMODEEE?ETC_EEP                      -----    -----      -----    -----
  +--> ?PR?_WRITEEEP?I2C

?PR?GETDEBUGLEVELEE?ETC_EEP                      -----    -----      -----    -----
  +--> ?PR?_READEEP?I2C

?PR?_SETVINPUTSTD?MAIN                           -----    -----      -----    -----
  +--> ?PR?MAIN

?PR?MAIN                                         -----    -----      -----    -----
  +--> ?CO?MAIN

?PR?_LCDPOWERON?TW88                             -----    -----      -----    -----
  +--> ?PR?CHECKTRIGGER?HS_KEYREMO
  +--> ?PR?_POWERLED?CPU
  +--> ?PR?GETLCDPOWERSTATE?TW88
  +--> ?PR?OFF_LVDS?TW88
  +--> ?PR?_WAIT_MS?CPU
  +--> ?PR?_DELAY?CPU
  +--> ?PR?ON_LVDS?TW88
  +--> ?PR?_WRITEI2C?I2C
  +--> ?CO?TW88
  +--> ?PR?_PUTS?PRINTF

?PR?CHECKTRIGGER?HS_KEYREMO                      -----    -----      0018H    0001H
  +--> ?PR?_WAIT_MS?CPU
  +--> ?CO?HS_KEYREMO
  +--> ?PR?HS_KEYREMO
BL51 BANKED LINKER/LOCATER V6.22                                                      12/09/2015  15:21:44  PAGE 15


  +--> ?PR?_PRINTF?PRINTF

?PR?HS_KEYREMO                                   -----    -----      -----    -----
  +--> ?CO?HS_KEYREMO

?PR?GETLCDPOWERSTATE?TW88                        -----    -----      -----    -----
  +--> ?PR?_READI2C?I2C

?PR?SETPOSSIBLEAUTODETECTSTDEE?ETC_EEP           -----    -----      0002H    0002H
  +--> ?CO?MAIN
  +--> ?PR?_WRITEEEP?I2C

?PR?CHANGE_OSDCOLORLOOKUP?OSDBASIC               -----    -----      000DH    0002H
  +--> ?CO?UDFONT
  +--> ?PR?_WRITEI2C?I2C

?PR?DOWNLOADUDFONT?OSDBASIC                      -----    -----      0002H    0001H
  +--> ?PR?_WRITEI2C?I2C
  +--> ?CO?UDFONT
  +--> ?PR?_DOWNLOADFONT?OSDBASIC

?PR?_DOWNLOADFONT?OSDBASIC                       -----    -----      0003H    0004H
  +--> ?PR?_READI2C?I2C
  +--> ?PR?_WRITEI2C?I2C
  +--> ?PR?_WRITEI2CN?I2C

?PR?MAIN_LOOP?MAIN                               -----    -----      0000H    0001H
  +--> ?CO?MAIN
  +--> ?PR?_PUTS?PRINTF
  +--> ?PR?CHECKTRIGGER?HS_KEYREMO
  +--> ?PR?_TRIGGERHANDLER?HS_KEYREMO
  +--> ?PR?SEQMODE?HS_KEYREMO
  +--> ?PR?_READI2C?I2C
  +--> ?PR?_ADJUSTAUTODAYNIGHT?MAIN
  +--> ?PR?CHECKKEYIN?KEYREMO
  +--> ?PR?_READEEP?I2C
  +--> ?PR?GETDISPLAYEDOSD?DISPINFO
  +--> ?PR?CLEARINPUT?DISPINFO
  +--> ?PR?SETNOWMODE?HS_KEYREMO
  +--> ?PR?CHECKANDCLEAROSD?DISPINFO
  +--> ?PR?GETINPUTSELECTION?MAIN
  +--> ?PR?CHECKDECODERINPUT?MAIN
  +--> ?PR?_WRITEI2C?I2C
  +--> ?PR?_POWERLED?CPU
  +--> ?PR?_WAIT_MS?CPU

?PR?_TRIGGERHANDLER?HS_KEYREMO                   -----    -----      0003H    000AH
  +--> ?PR?GETDISPLAYEDOSD?DISPINFO
  +--> ?CO?HS_KEYREMO
  +--> ?PR?SETREARSOURCE?HS_KEYREMO
  +--> ?PR?CLEARGAUGEINFO?HS_DISPLAYOSD
  +--> ?PR?SETLEFTSOURCE?HS_KEYREMO
  +--> ?PR?CLEAROSDINFO?DISPINFO
  +--> ?PR?INITOSDMENU?OSDMENU
  +--> ?PR?CHANGE_OSDCOLORLOOKUP?OSDBASIC
  +--> ?PR?SETRIGHTSOURCE?HS_KEYREMO
  +--> ?PR?_READEEP?I2C
BL51 BANKED LINKER/LOCATER V6.22                                                      12/09/2015  15:21:44  PAGE 16


  +--> ?PR?CHECKTRIGGER?HS_KEYREMO
  +--> ?PR?_WAIT_MS?CPU
  +--> ?PR?DISPLAYINPUT?DISPINFO
  +--> ?PR?SETNOWMODE?HS_KEYREMO
  +--> ?PR?HS_KEYREMO
  +--> ?PR?_PRINTF?PRINTF

?PR?SETREARSOURCE?HS_KEYREMO                     -----    -----      000DH    0001H
  +--> ?PR?_READEEP?I2C
  +--> ?CO?HS_KEYREMO
  +--> ?PR?HS_KEYREMO
  +--> ?PR?_SETSOURCEMODE?HS_KEYREMO
  +--> ?PR?_PRINTF?PRINTF
  +--> ?PR?DISPLAYGAUGEOSD?HS_DISPLAYOSD

?PR?_SETSOURCEMODE?HS_KEYREMO                    -----    -----      0012H    0005H
  +--> ?CO?HS_KEYREMO
  +--> ?PR?_TW2835COMMAND?CPU
  +--> ?PR?_CHANGEINPUT?MAIN

?PR?_TW2835COMMAND?CPU                           -----    -----      0017H    000DH
  +--> ?PR?CPU
  +--> ?CO?CPU
  +--> ?PR?_PRINTF?PRINTF
  +--> ?PR?GETTIME_MS?CPU
  +--> ?PR?_ABS?ABS
  +--> ?PR?_WAIT_MS?CPU

?PR?GETTIME_MS?CPU                               -----    -----      0024H    0002H

?PR?_CHANGEINPUT?MAIN                            -----    -----      0017H    0001H
  +--> ?PR?LCDPOWEROFF?TW88
  +--> ?PR?_INITVIDEODATA?MAIN
  +--> ?PR?COMPOSITE1INPUT?TW88
  +--> ?CO?MAIN
  +--> ?PR?COMPOSITE2INPUT?TW88
  +--> ?PR?_PRINTF?PRINTF
  +--> ?PR?CHECKPANELIMAGE?OSDMENU
  +--> ?PR?_SAVEINPUTSELECTIONEE?ETC_EEP
  +--> ?PR?_DELAY?CPU
  +--> ?PR?CHECKDECODERINPUT?MAIN
  +--> ?PR?DISPLAYINPUT?DISPINFO
  +--> ?PR?_LCDPOWERON?TW88
  +--> ?PR?_WRITEI2C?I2C
  +--> ?PR?_CHANGEVOL?AUDIO

?PR?LCDPOWEROFF?TW88                             -----    -----      -----    -----
  +--> ?PR?_WRITEI2C?I2C
  +--> ?PR?OFF_LVDS?TW88
  +--> ?PR?_WAIT_MS?CPU
  +--> ?PR?_DELAY?CPU

?PR?_INITVIDEODATA?MAIN                          -----    -----      001DH    0001H
  +--> ?CO?TABLE
  +--> ?PR?_I2CDEVICEINITIALIZE?MAIN
  +--> ?PR?MAIN
  +--> ?PR?_WRITEI2C?I2C
BL51 BANKED LINKER/LOCATER V6.22                                                      12/09/2015  15:21:44  PAGE 17


  +--> ?PR?_CLEARAUTODETECTSTD?TW88
  +--> ?PR?SETAUTODETECTSTD?TW88
  +--> ?PR?_READEEP?I2C
  +--> ?PR?_SETVIDEOMODE?OSDMENU
  +--> ?PR?GETWIDEMODEEE?ETC_EEP
  +--> ?PR?_SET4WIDESCREEN?OSDMENU

?PR?_I2CDEVICEINITIALIZE?MAIN                    -----    -----      001EH    0006H
  +--> ?PR?MAIN
  +--> ?PR?_WRITEI2C?I2C

?PR?_CLEARAUTODETECTSTD?TW88                     -----    -----      001EH    0001H
  +--> ?PR?_READI2C?I2C
  +--> ?PR?_WRITEI2C?I2C

?PR?SETAUTODETECTSTD?TW88                        -----    -----      -----    -----
  +--> ?PR?GETPOSSIBLEAUTODETECTSTDEE?ETC_EEP
  +--> ?PR?_WRITEI2C?I2C
  +--> ?PR?_READI2C?I2C

?PR?GETPOSSIBLEAUTODETECTSTDEE?ETC_EEP           -----    -----      -----    -----
  +--> ?PR?_READEEP?I2C

?PR?GETWIDEMODEEE?ETC_EEP                        -----    -----      -----    -----
  +--> ?PR?_READEEP?I2C

?PR?COMPOSITE1INPUT?TW88                         -----    -----      -----    -----
  +--> ?PR?_WRITEI2C?I2C
  +--> ?PR?_READI2C?I2C

?PR?COMPOSITE2INPUT?TW88                         -----    -----      -----    -----
  +--> ?PR?_WRITEI2C?I2C
  +--> ?PR?_READI2C?I2C

?PR?CHECKPANELIMAGE?OSDMENU                      -----    -----      -----    -----
  +--> ?PR?_READI2C?I2C
  +--> ?PR?_WRITEI2C?I2C

?PR?CHECKDECODERINPUT?MAIN                       -----    -----      0018H    0005H
  +--> ?PR?DETECTDECODERINPUT?TW88
  +--> ?PR?_SETVINPUTSTD?MAIN
  +--> ?PR?_DELAY?CPU
  +--> ?PR?_INITVIDEODATA?MAIN

?PR?DETECTDECODERINPUT?TW88                      -----    -----      001DH    0002H
  +--> ?PR?_DELAY?CPU
  +--> ?PR?_READI2C?I2C

?PR?DISPLAYINPUT?DISPINFO                        -----    -----      0018H    0003H
  +--> ?PR?CLEAROSDINFO?DISPINFO
  +--> ?CO?OSDBASIC
  +--> ?PR?_INITOSDWINDOW?OSDBASIC
  +--> ?PR?_CLEARDATACNT?OSDBASIC
  +--> ?PR?_DRAWATTRCNT?OSDBASIC
  +--> ?CO?DISPINFO
  +--> ?PR?_WRITESTRINGTOADDR?OSDBASIC
  +--> ?PR?GETINPUTSELECTION?MAIN
BL51 BANKED LINKER/LOCATER V6.22                                                      12/09/2015  15:21:44  PAGE 18


  +--> ?CO?MAIN
  +--> ?PR?DISPINFO
  +--> ?PR?_STRLEN?OSDBASIC
  +--> ?PR?_READEEP?I2C
  +--> ?PR?_PRINTF?PRINTF
  +--> ?PR?_SHOWOSDWINDOW_TW88?OSDBASIC
  +--> ?PR?_SHOWOSDWINDOWALL?OSDBASIC
  +--> ?PR?GETTIME_MS?CPU

?PR?CLEAROSDINFO?DISPINFO                        -----    -----      001BH    0001H
  +--> ?PR?GETDISPLAYEDOSD?DISPINFO
  +--> ?CO?DISPINFO
  +--> ?PR?_PRINTF?PRINTF
  +--> ?PR?CLEARTVINFO?DISPINFO
  +--> ?PR?CLEARMUTEINFO?DISPINFO
  +--> ?PR?CLEARINPUT?DISPINFO
  +--> ?PR?CLOSEOSDMENU?OSDMENU
  +--> ?PR?CLEARGAUGEINFO?HS_DISPLAYOSD

?PR?CLEARTVINFO?DISPINFO                         -----    -----      -----    -----
  +--> ?PR?_SHOWOSDWINDOW_TW88?OSDBASIC

?PR?_SHOWOSDWINDOW_TW88?OSDBASIC                 -----    -----      001CH    0002H
  +--> ?PR?OSDBASIC
  +--> ?PR?_WRITEI2C?I2C
  +--> ?PR?_READI2C?I2C
  +--> ?PR?WAITENDOFDISPLAYAREA?OSDBASIC

?PR?CLEARMUTEINFO?DISPINFO                       -----    -----      -----    -----
  +--> ?PR?_SHOWOSDWINDOW_TW88?OSDBASIC

?PR?CLEARINPUT?DISPINFO                          -----    -----      -----    -----
  +--> ?PR?_SHOWOSDWINDOWALL?OSDBASIC
  +--> ?PR?_SHOWOSDWINDOW_TW88?OSDBASIC

?PR?_SHOWOSDWINDOWALL?OSDBASIC                   -----    -----      001DH    0002H
  +--> ?PR?WAITENDOFDISPLAYAREA?OSDBASIC
  +--> ?PR?_READI2C?I2C
  +--> ?PR?_WRITEI2C?I2C

?PR?CLOSEOSDMENU?OSDMENU                         -----    -----      001CH    0001H
  +--> ?PR?_SHOWOSDWINDOWALL?OSDBASIC
  +--> ?PR?WAITENDOFDISPLAYAREA?OSDBASIC
  +--> ?PR?_WRITEI2C?I2C
  +--> ?PR?_CLEARDISPLAYEDOSD?DISPINFO
  +--> ?PR?SETNOWMODE?HS_KEYREMO

?PR?SETNOWMODE?HS_KEYREMO                        -----    -----      001DH    0001H
  +--> ?CO?HS_KEYREMO
  +--> ?PR?HS_KEYREMO
  +--> ?PR?_PRINTF?PRINTF
  +--> ?PR?_PUTS?PRINTF
  +--> ?PR?_READEEP?I2C

?PR?CLEARGAUGEINFO?HS_DISPLAYOSD                 -----    -----      -----    -----
  +--> ?PR?_SHOWOSDWINDOW_TW88?OSDBASIC

BL51 BANKED LINKER/LOCATER V6.22                                                      12/09/2015  15:21:44  PAGE 19


?PR?DISPINFO                                     -----    -----      -----    -----
  +--> ?CO?MAIN

?PR?DISPLAYGAUGEOSD?HS_DISPLAYOSD                -----    -----      000EH    0001H
  +--> ?PR?CLEAROSDINFO?DISPINFO
  +--> ?PR?HS_DISPLAYOSD
  +--> ?PR?_INITOSDWINDOW?OSDBASIC
  +--> ?PR?_CLEARDATACNT?OSDBASIC
  +--> ?PR?_DRAWATTRCNT?OSDBASIC
  +--> ?PR?_READEEP?I2C
  +--> ?PR?_WRITEI2C?I2C
  +--> ?CO?HS_DISPLAYOSD
  +--> ?PR?_WRITESTRINGTOADDR?OSDBASIC
  +--> ?PR?_SETDISPLAYEDOSD?DISPINFO
  +--> ?PR?_SHOWOSDWINDOW_TW88?OSDBASIC
  +--> ?PR?_SHOWOSDWINDOWALL?OSDBASIC

?PR?HS_DISPLAYOSD                                -----    -----      -----    -----
  +--> ?CO?HS_DISPLAYOSD

?PR?SETLEFTSOURCE?HS_KEYREMO                     -----    -----      -----    -----
  +--> ?PR?_READEEP?I2C
  +--> ?CO?HS_KEYREMO
  +--> ?PR?HS_KEYREMO
  +--> ?PR?_SETSOURCEMODE?HS_KEYREMO

?PR?SETRIGHTSOURCE?HS_KEYREMO                    -----    -----      -----    -----
  +--> ?PR?_READEEP?I2C
  +--> ?CO?HS_KEYREMO
  +--> ?PR?HS_KEYREMO
  +--> ?PR?_SETSOURCEMODE?HS_KEYREMO

?PR?SEQMODE?HS_KEYREMO                           -----    -----      -----    -----
  +--> ?CO?HS_KEYREMO
  +--> ?PR?HS_KEYREMO
  +--> ?PR?_SETSOURCEMODE?HS_KEYREMO

?PR?_ADJUSTAUTODAYNIGHT?MAIN                     -----    -----      0001H    0002H
  +--> ?PR?_READI2C?I2C
  +--> ?PR?MAIN
  +--> ?PR?_WRITEI2C?I2C

?PR?CHECKKEYIN?KEYREMO                           -----    -----      0001H    0003H
  +--> ?PR?_GETKEY?KEYREMO
  +--> ?CO?KEYREMO
  +--> ?PR?_PRINTF?PRINTF
  +--> ?PR?_READEEP?I2C
  +--> ?PR?_WAIT_MS?CPU
  +--> ?PR?CLEARGAUGEINFO?HS_DISPLAYOSD
  +--> ?PR?DISPLAYINPUT?DISPINFO
  +--> ?PR?_POWERLED?CPU
  +--> ?PR?SETOSDLASTKEYINTIME?MAIN
  +--> ?PR?_ACTIONREMO?KEYREMO
  +--> ?PR?_WRITEEEP?I2C
  +--> ?PR?_WRITEI2C?I2C
  +--> ?PR?CLEAROSDINFO?DISPINFO
  +--> ?PR?CLOSEOSDMENU?OSDMENU
BL51 BANKED LINKER/LOCATER V6.22                                                      12/09/2015  15:21:44  PAGE 20


  +--> ?PR?_DISPLAYINFORMATION?HS_DISPLAYOSD
  +--> ?PR?_DELAY?CPU
  +--> ?PR?KEYREMO
  +--> ?PR?GETDISPLAYEDOSD?DISPINFO
  +--> ?PR?OSDSELECT?OSDMENU
  +--> ?PR?_OSDVALUEUPDN?OSDMENU
  +--> ?PR?_OSDCURSORMOVE?OSDMENU
  +--> ?PR?SETSELECTMODE?HS_KEYREMO
  +--> ?PR?SETJUMPMODE?HS_KEYREMO
  +--> ?PR?_CAM_TXCOMMAND_TORS485?HS_DVRPROT...
  +--> ?PR?DISPLAYFWVERSION?HS_DISPLAYOSD

?PR?_GETKEY?KEYREMO                              0022H.7  0000H.1    0004H    0001H
  +--> ?PR?GETDISPLAYEDOSD?DISPINFO

?PR?SETOSDLASTKEYINTIME?MAIN                     -----    -----      -----    -----
  +--> ?PR?GETTIME_MS?CPU

?PR?_ACTIONREMO?KEYREMO                          -----    -----      0004H    0002H
  +--> ?PR?SETOSDLASTKEYINTIME?MAIN
  +--> ?PR?GETNEXTINPUTSELECTION?MAIN
  +--> ?PR?_CHANGEINPUT?MAIN
  +--> ?PR?GETDISPLAYEDOSD?DISPINFO
  +--> ?PR?CLEARINPUT?DISPINFO
  +--> ?PR?DISPLAYINPUT?DISPINFO
  +--> ?PR?REMOCHNUP_UPKEY?KEYREMO
  +--> ?PR?REMOCHNDN_DNKEY?KEYREMO
  +--> ?PR?OSDSELECT?OSDMENU
  +--> ?PR?REMOVOLUP_RIGHTKEY?KEYREMO
  +--> ?PR?REMOVOLDN_LEFTKEY?KEYREMO
  +--> ?PR?REMOMENU_MENUKEY?KEYREMO
  +--> ?PR?_DOACTION?OSDMENU
  +--> ?PR?_SETITEMVALUE?OSDMENU

?PR?GETNEXTINPUTSELECTION?MAIN                   -----    -----      -----    -----
  +--> ?PR?MAIN

?PR?REMOCHNUP_UPKEY?KEYREMO                      -----    -----      -----    -----
  +--> ?PR?GETDISPLAYEDOSD?DISPINFO
  +--> ?PR?_OSDCURSORMOVE?OSDMENU

?PR?_OSDCURSORMOVE?OSDMENU                       0022H.7  0000H.1    0006H    0004H
  +--> ?PR?OSDMENU
  +--> ?PR?_READEEP?I2C
  +--> ?PR?_GETNEXTCURSORMENUITEM?OSDMENU
  +--> ?PR?_GETLOWERMENUITEM?OSDMENU
  +--> ?PR?CLEARVALUEWIN?OSDMENU
  +--> ?PR?CLEARCURSOR?OSDMENU
  +--> ?PR?WAITENDOFDISPLAYAREA?OSDBASIC
  +--> ?PR?_GETOSDWINDOWY?OSDBASIC
  +--> ?PR?_SETOSDWINDOWY_TW88?OSDBASIC
  +--> ?PR?_WRITEI2C?I2C
  +--> ?PR?DISPLAYOSDMENU?OSDMENU
  +--> ?PR?_DRAWMENULIST?OSDMENU
  +--> ?PR?DISPLAYCURSOR?OSDMENU

?PR?_GETNEXTCURSORMENUITEM?OSDMENU               -----    -----      000AH    0005H
BL51 BANKED LINKER/LOCATER V6.22                                                      12/09/2015  15:21:44  PAGE 21


  +--> ?PR?_GETUPPERMENUITEM?OSDMENU
  +--> ?PR?_GETLOWERMENUITEM?OSDMENU

?PR?CLEARVALUEWIN?OSDMENU                        -----    -----      -----    -----
  +--> ?PR?SAVEVALUE1?OSDMENU

?PR?SAVEVALUE1?OSDMENU                           -----    -----      -----    -----
  +--> ?PR?OSDMENU

?PR?CLEARCURSOR?OSDMENU                          -----    -----      000AH    0002H
  +--> ?PR?OSDMENU
  +--> ?PR?_DRAWATTRCNT?OSDBASIC

?PR?REMOCHNDN_DNKEY?KEYREMO                      -----    -----      -----    -----
  +--> ?PR?GETDISPLAYEDOSD?DISPINFO
  +--> ?PR?_OSDCURSORMOVE?OSDMENU

?PR?OSDSELECT?OSDMENU                            -----    -----      0006H    0002H
  +--> ?PR?OSDMENU
  +--> ?PR?GETINPUTSELECTION?MAIN
  +--> ?PR?READVINPUTSTD?MAIN
  +--> ?PR?_DOACTION?OSDMENU
  +--> ?PR?CLEARCURSOR?OSDMENU
  +--> ?PR?CLOSEOSDMENU?OSDMENU
  +--> ?PR?DISPLAYCURSOR?OSDMENU
  +--> ?PR?_GETITEMVALUE?OSDMENU
  +--> ?PR?_CHANGEINPUT?MAIN
  +--> ?PR?DISPLAYGAUGEOSD?HS_DISPLAYOSD
  +--> ?CO?OSDMENU
  +--> ?PR?_PRINTF?PRINTF
  +--> ?PR?_WRITEI2C?I2C
  +--> ?PR?PUSHMENU?OSDMENU
  +--> ?PR?_GET_CURSOR_ITEM?OSDMENU
  +--> ?PR?DISPLAYOSDMENU?OSDMENU

?PR?READVINPUTSTD?MAIN                           -----    -----      -----    -----
  +--> ?PR?ISNOINPUT?MAIN
  +--> ?PR?_READI2C?I2C

?PR?ISNOINPUT?MAIN                               -----    -----      -----    -----
  +--> ?PR?_READI2C?I2C

?PR?_DOACTION?OSDMENU                            -----    -----      0008H    0001H
  +--> ?PR?_CHANGEINPUT?MAIN
  +--> ?PR?CLEAROSDINFO?DISPINFO
  +--> ?PR?_WRITEEEP?I2C
  +--> ?PR?_READEEP?I2C
  +--> ?CO?OSDMENU
  +--> ?PR?_PRINTF?PRINTF
  +--> ?PR?OSDHIGHMENU_SUB?OSDMENU
  +--> ?PR?DISPLAYINFO_OSD?OSDMENU
  +--> ?PR?CLOSEOSDMENU?OSDMENU
  +--> ?PR?DISPLAYINPUT?DISPINFO
  +--> ?PR?RESETVIDEOVALUE?OSDMENU
  +--> ?PR?RESETOSDVALUE?OSDMENU
  +--> ?PR?SETNOWMODE?HS_KEYREMO

BL51 BANKED LINKER/LOCATER V6.22                                                      12/09/2015  15:21:44  PAGE 22


?PR?OSDHIGHMENU_SUB?OSDMENU                      -----    -----      0009H    0001H
  +--> ?PR?OSDMENU
  +--> ?PR?POPMENU?OSDMENU
  +--> ?PR?CLOSEOSDMENU?OSDMENU
  +--> ?CO?OSDMENU
  +--> ?PR?_PRINTF?PRINTF
  +--> ?PR?DISPLAYOSDMENU?OSDMENU
  +--> ?PR?_DRAWMENULIST?OSDMENU
  +--> ?PR?DISPLAYCURSOR?OSDMENU
  +--> ?PR?_WRITEI2C?I2C

?PR?DISPLAYINFO_OSD?OSDMENU                      -----    -----      0009H    0008H
  +--> ?PR?PUSHMENU?OSDMENU
  +--> ?PR?OSDMENU
  +--> ?PR?_DRAWMENULIST?OSDMENU
  +--> ?PR?_DRAWATTRCNT?OSDBASIC
  +--> ?CO?OSDMENU
  +--> ?PR?_WRITESTRINGTOADDR?OSDBASIC
  +--> ?PR?GETINPUTSELECTION?MAIN
  +--> ?CO?MAIN
  +--> ?PR?_STRLEN?OSDBASIC
  +--> ?PR?GETVINPUTSTDINX?MAIN
  +--> ?PR?_READEEP?I2C

?PR?GETVINPUTSTDINX?MAIN                         -----    -----      -----    -----
  +--> ?PR?READVINPUTSTD?MAIN
  +--> ?PR?MAIN
  +--> ?CO?MAIN

?PR?_GET_CURSOR_ITEM?OSDMENU                     -----    -----      0008H    0002H
  +--> ?PR?GETINPUTSELECTION?MAIN
  +--> ?PR?_GETTARGETCHILD?OSDMENU

?PR?_GETTARGETCHILD?OSDMENU                      -----    -----      -----    -----
  +--> ?PR?OSDMENU
  +--> ?PR?_GETLOWERMENUITEM?OSDMENU

?PR?REMOVOLUP_RIGHTKEY?KEYREMO                   -----    -----      -----    -----
  +--> ?PR?GETDISPLAYEDOSD?DISPINFO
  +--> ?PR?OSDSELECT?OSDMENU
  +--> ?PR?_OSDVALUEUPDN?OSDMENU
  +--> ?PR?_CHANGEVOL?AUDIO
  +--> ?PR?DISPLAYVOL?DISPINFO

?PR?_OSDVALUEUPDN?OSDMENU                        -----    -----      0006H    0008H
  +--> ?PR?OSDMENU
  +--> ?PR?_DISPLAYVIEWBAR?OSDMENU
  +--> ?PR?DISPLAYGAUGEOSD?HS_DISPLAYOSD
  +--> ?PR?_DRAWNUM?OSDMENU
  +--> ?PR?_DRAWSTRINGBYLANG?OSDMENU
  +--> ?PR?_SETITEMVALUE?OSDMENU

?PR?_SETITEMVALUE?OSDMENU                        -----    -----      000EH    0004H
  +--> ?PR?OSDMENU
  +--> ?CO?OSDMENU
  +--> ?PR?_PRINTF?PRINTF
  +--> ?PR?_READEEP?I2C
BL51 BANKED LINKER/LOCATER V6.22                                                      12/09/2015  15:21:44  PAGE 23


  +--> ?PR?_WRITEEEP?I2C
  +--> ?PR?_SETOSDPOSITIONMODE?OSDMENU
  +--> ?PR?_SETLANGUAGE?OSDMENU
  +--> ?PR?_SETPCCOLORTEMP?OSDMENU
  +--> ?PR?_SETPCCOLOR?OSDMENU
  +--> ?PR?_SETVIDEOMODE?OSDMENU
  +--> ?PR?_DRAWATTRCNT?OSDBASIC
  +--> ?PR?_CHANGEVIDEODATA?OSDMENU
  +--> ?PR?_SETVIDEOSHARPNESS?OSDMENU
  +--> ?PR?_CHANGEVOL?AUDIO
  +--> ?PR?_SET4WIDESCREEN?OSDMENU
  +--> ?PR?SETNOWMODE?HS_KEYREMO
  +--> ?PR?GETINPUTSELECTION?MAIN
  +--> ?PR?_TW2835COMMAND?CPU
  +--> ?PR?SEQMODE?HS_KEYREMO
  +--> ?PR?_CAMOUTDSEL?OSDMENU

?PR?_SETOSDPOSITIONMODE?OSDMENU                  -----    -----      0012H    0016H
  +--> ?PR?GETOSDPOSITIONMODE?OSDMENU
  +--> ?PR?OSDMENU
  +--> ?PR?_GETOSDWINDOWX?OSDBASIC
  +--> ?PR?_GETOSDWINDOWY?OSDBASIC
  +--> ?PR?WAITENDOFDISPLAYAREA?OSDBASIC
  +--> ?PR?_READI2C?I2C
  +--> ?PR?_WRITEI2C?I2C
  +--> ?PR?_WRITEI2CN?I2C
  +--> ?PR?_SAVEOSDPOSITIONMODEEE?ETC_EEP

?PR?_SETLANGUAGE?OSDMENU                         -----    -----      -----    -----
  +--> ?PR?OSDMENU
  +--> ?PR?_SAVEOSDLANGEE?ETC_EEP

?PR?_SETPCCOLORTEMP?OSDMENU                      -----    -----      0012H    0002H
  +--> ?PR?OSDMENU
  +--> ?PR?_WRITEEEP?I2C
  +--> ?PR?_READEEP?I2C
  +--> ?CO?OSDMENU
  +--> ?PR?_MAPPING1?TW88
  +--> ?PR?_SETRGBCONTRAST?OSDMENU
  +--> ?PR?_DRAWATTRCNT?OSDBASIC

?PR?_SETRGBCONTRAST?OSDMENU                      -----    -----      0014H    0008H
  +--> ?PR?_READEEP?I2C
  +--> ?PR?OSDMENU
  +--> ?PR?_MAPPING1?TW88
  +--> ?PR?_WRITEI2C?I2C

?PR?_SETPCCOLOR?OSDMENU                          -----    -----      0012H    0007H
  +--> ?PR?OSDMENU
  +--> ?PR?_MAPPING1?TW88
  +--> ?PR?_WRITEEEP?I2C
  +--> ?PR?_READEEP?I2C
  +--> ?CO?OSDMENU
  +--> ?PR?_WRITEI2C?I2C

?PR?_CHANGEVIDEODATA?OSDMENU                     -----    -----      0012H    0003H
  +--> ?PR?OSDMENU
BL51 BANKED LINKER/LOCATER V6.22                                                      12/09/2015  15:21:44  PAGE 24


  +--> ?PR?_SETVIDEOCONTRAST?OSDMENU
  +--> ?PR?_SETVIDEOBRIGHTNESS?OSDMENU
  +--> ?PR?_SETVIDEOSATURATION?OSDMENU
  +--> ?PR?_SETVIDEOHUE?OSDMENU
  +--> ?PR?_SETVIDEOBACKLIGHT?OSDMENU
  +--> ?PR?_SAVEVIDEODATATOEE?ETC_EEP

?PR?_SETVIDEOBACKLIGHT?OSDMENU                   -----    -----      0015H    0003H
  +--> ?PR?OSDMENU
  +--> ?CO?OSDMENU
  +--> ?PR?_MAPPING1?TW88
  +--> ?PR?_READI2C?I2C
  +--> ?PR?_WRITEI2C?I2C

?PR?_SETVIDEOSHARPNESS?OSDMENU                   -----    -----      0012H    0005H
  +--> ?PR?_READI2C?I2C
  +--> ?PR?OSDMENU
  +--> ?CO?OSDMENU
  +--> ?PR?_MAPPING1?TW88
  +--> ?PR?_WRITEI2C?I2C
  +--> ?PR?_SAVEVIDEODATATOEE?ETC_EEP

?PR?DISPLAYVOL?DISPINFO                          -----    -----      0006H    0002H
  +--> ?CO?DISPINFO
  +--> ?PR?_PRINTF?PRINTF
  +--> ?PR?_WRITEI2C?I2C
  +--> ?PR?CLEAROSDINFO?DISPINFO
  +--> ?PR?_DELAY?CPU
  +--> ?CO?OSDBASIC
  +--> ?PR?_INITOSDWINDOW?OSDBASIC
  +--> ?PR?_CLEARDATACNT?OSDBASIC
  +--> ?PR?_DRAWATTRCNT?OSDBASIC
  +--> ?PR?GETOSDLANG?OSDMENU
  +--> ?CO?OSDMENU
  +--> ?PR?_STRLEN?OSDBASIC
  +--> ?PR?_WRITESTRINGTOADDR?OSDBASIC
  +--> ?PR?_SHOWOSDWINDOW_TW88?OSDBASIC
  +--> ?PR?_SHOWOSDWINDOWALL?OSDBASIC
  +--> ?PR?_DISPLAYVOLUMEBAR?OSDMENU
  +--> ?PR?GETTIME_MS?CPU
  +--> ?PR?_WAIT_MS?CPU

?PR?GETOSDLANG?OSDMENU                           -----    -----      -----    -----
  +--> ?PR?GETOSDLANGEE?ETC_EEP

?PR?_DISPLAYVOLUMEBAR?OSDMENU                    -----    -----      0008H    0019H
  +--> ?CO?OSDMENU
  +--> ?PR?OSDMENU
  +--> ?PR?_WRITESTRINGTOADDR?OSDBASIC

?PR?REMOVOLDN_LEFTKEY?KEYREMO                    -----    -----      -----    -----
  +--> ?PR?GETDISPLAYEDOSD?DISPINFO
  +--> ?PR?OSDHIGHMENU?OSDMENU
  +--> ?PR?_OSDVALUEUPDN?OSDMENU
  +--> ?PR?_CHANGEVOL?AUDIO
  +--> ?PR?DISPLAYVOL?DISPINFO

BL51 BANKED LINKER/LOCATER V6.22                                                      12/09/2015  15:21:44  PAGE 25


?PR?OSDHIGHMENU?OSDMENU                          -----    -----      -----    -----
  +--> ?PR?CLEARVALUEWIN?OSDMENU
  +--> ?PR?_DRAWMENULIST?OSDMENU
  +--> ?PR?DISPLAYCURSOR?OSDMENU
  +--> ?PR?OSDMENU
  +--> ?PR?_DOACTION?OSDMENU
  +--> ?PR?CLEARCURSOR?OSDMENU
  +--> ?PR?OSDHIGHMENU_SUB?OSDMENU

?PR?REMOMENU_MENUKEY?KEYREMO                     -----    -----      -----    -----
  +--> ?PR?GETDISPLAYEDOSD?DISPINFO
  +--> ?PR?OSDHIGHMENU?OSDMENU
  +--> ?PR?OPENOSDMENU?OSDMENU

?PR?OPENOSDMENU?OSDMENU                          -----    -----      0006H    0001H
  +--> ?PR?CLEAROSDINFO?DISPINFO
  +--> ?PR?INITOSDMENU?OSDMENU
  +--> ?PR?_SHOWOSDWINDOW_TW88?OSDBASIC
  +--> ?PR?_SHOWOSDWINDOWALL?OSDBASIC
  +--> ?PR?_SETDISPLAYEDOSD?DISPINFO

?PR?_DISPLAYINFORMATION?HS_DISPLAYOSD            -----    -----      0004H    0001H
  +--> ?PR?HS_DISPLAYOSD
  +--> ?PR?_INITOSDWINDOW?OSDBASIC
  +--> ?PR?CLEAROSDINFO?DISPINFO
  +--> ?PR?_CLEARDATACNT?OSDBASIC
  +--> ?PR?_DRAWATTRCNT?OSDBASIC
  +--> ?CO?HS_DISPLAYOSD
  +--> ?PR?_WRITESTRINGTOADDR?OSDBASIC
  +--> ?PR?_SETDISPLAYEDOSD?DISPINFO
  +--> ?PR?_SHOWOSDWINDOW_TW88?OSDBASIC
  +--> ?PR?_SHOWOSDWINDOWALL?OSDBASIC
  +--> ?PR?_WRITEI2C?I2C

?PR?SETSELECTMODE?HS_KEYREMO                     -----    -----      0004H    0001H
  +--> ?PR?HS_KEYREMO
  +--> ?PR?_PUTS?PRINTF
  +--> ?PR?_SETSOURCEMODE?HS_KEYREMO
  +--> ?PR?_WRITEEEP?I2C
  +--> ?PR?_READEEP?I2C

?PR?SETJUMPMODE?HS_KEYREMO                       -----    -----      0004H    0001H
  +--> ?PR?_READEEP?I2C
  +--> ?CO?HS_KEYREMO
  +--> ?PR?_PUTS?PRINTF
  +--> ?PR?HS_KEYREMO
  +--> ?PR?_SETSOURCEMODE?HS_KEYREMO
  +--> ?PR?_WRITEEEP?I2C

?PR?_CAM_TXCOMMAND_TORS485?HS_DVRPROT...         -----    -----      0004H    0002H
  +--> ?PR?HS_DVRPROTOCOL
  +--> ?PR?SEND_PELCOP_COMMAND?HS_DVRPROTOCOL
  +--> ?PR?SEND_PELCOD_COMMAND?HS_DVRPROTOCOL

?PR?SEND_PELCOP_COMMAND?HS_DVRPROTOCOL           -----    -----      0006H    0001H
  +--> ?PR?HS_DVRPROTOCOL
  +--> ?CO?HS_DVRPROTOCOL
BL51 BANKED LINKER/LOCATER V6.22                                                      12/09/2015  15:21:44  PAGE 26


  +--> ?PR?_PRINTF?PRINTF
  +--> ?PR?_WAIT_MS?CPU
  +--> ?PR?_RS2_TX?CPU

?PR?SEND_PELCOD_COMMAND?HS_DVRPROTOCOL           -----    -----      0006H    0001H
  +--> ?PR?HS_DVRPROTOCOL
  +--> ?CO?HS_DVRPROTOCOL
  +--> ?PR?_PRINTF?PRINTF
  +--> ?PR?_WAIT_MS?CPU
  +--> ?PR?_RS2_TX?CPU

?PR?DISPLAYFWVERSION?HS_DISPLAYOSD               -----    -----      -----    -----
  +--> ?PR?CLEAROSDINFO?DISPINFO
  +--> ?PR?HS_DISPLAYOSD
  +--> ?PR?_INITOSDWINDOW?OSDBASIC
  +--> ?PR?_CLEARDATACNT?OSDBASIC
  +--> ?PR?_DRAWATTRCNT?OSDBASIC
  +--> ?CO?HS_DISPLAYOSD
  +--> ?PR?_WRITESTRINGTOADDR?OSDBASIC
  +--> ?CO?OSDMENU
  +--> ?PR?_SETDISPLAYEDOSD?DISPINFO
  +--> ?PR?_SHOWOSDWINDOW_TW88?OSDBASIC
  +--> ?PR?_SHOWOSDWINDOWALL?OSDBASIC
  +--> ?PR?_WRITEI2C?I2C

?PR?CHECKANDCLEAROSD?DISPINFO                    -----    -----      0001H    0006H
  +--> ?PR?GETDISPLAYEDOSD?DISPINFO
  +--> ?PR?GETOSDLASTKEYINTIME?MAIN
  +--> ?PR?GETTIME_MS?CPU
  +--> ?PR?_DIFFTIME_MS?CPU
  +--> ?PR?CLEARTVINFO?DISPINFO
  +--> ?PR?DISPLAYINPUT?DISPINFO
  +--> ?PR?CLOSEOSDMENU?OSDMENU
  +--> ?PR?_READEEP?I2C

?PR?WAITPOWERON?MAIN                             -----    -----      0000H    0003H
  +--> ?PR?CHECKTRIGGER?HS_KEYREMO
  +--> ?PR?_TRIGGERHANDLER?HS_KEYREMO
  +--> ?PR?_LCDPOWERON?TW88
  +--> ?PR?POWEROFF?MAIN
  +--> ?PR?AUDIOMUTE?AUDIO
  +--> ?PR?_GETKEY?KEYREMO
  +--> ?PR?_WRITEEEP?I2C
  +--> ?PR?DISPLAYINPUT?DISPINFO
  +--> ?PR?SETNOWMODE?HS_KEYREMO
  +--> ?PR?_READEEP?I2C

?PR?POWEROFF?MAIN                                -----    -----      -----    -----
  +--> ?PR?AUDIOMUTE?AUDIO
  +--> ?PR?LCDPOWEROFF?TW88
  +--> ?PR?_POWERLED?CPU



SYMBOL TABLE OF MODULE:  .\Output\HTRV_ML072Q (ADC)

  VALUE           TYPE          NAME
BL51 BANKED LINKER/LOCATER V6.22                                                      12/09/2015  15:21:44  PAGE 27


  ----------------------------------

  -------         MODULE        ADC
  C:0000H         SYMBOL        _ICE_DUMMY_
  -------         ENDMOD        ADC

  -------         MODULE        CPU
  C:0000H         SYMBOL        _ICE_DUMMY_
  C:96ADH         PUBLIC        InitCPU
  D:00B1H         PUBLIC        P3M0
  C:6520H         PUBLIC        timer0_int
  X:00F1H         PUBLIC        FormatSDCard
  D:00B2H         PUBLIC        P3M1
  D:00A0H         PUBLIC        P2
  C:A366H         PUBLIC        timer2_int
  D:00E8H         PUBLIC        P4
  X:00F2H         PUBLIC        FormatWait
  D:0024H         PUBLIC        DVR_buf
  D:0042H         PUBLIC        keytic
  D:00A8H         PUBLIC        IE
  D:0043H         PUBLIC        RS2_in
  B:0021H.0       PUBLIC        RepeatKey
  C:A2D2H         PUBLIC        _delay
  B:00B0H.4       PUBLIC        P3_4
  B:00A8H.4       PUBLIC        ES
  D:00B8H         PUBLIC        IP
  D:00DEH         PUBLIC        CCAPM4
  B:0098H.0       PUBLIC        RI
  B:0098H.1       PUBLIC        TI
  C:A416H         PUBLIC        RS_ready
  D:0044H         PUBLIC        tic01
  B:0021H.1       PUBLIC        KeyReady
  B:0021H.2       PUBLIC        RS_Xbusy
  D:00D8H         PUBLIC        CCON
  C:A484H         PUBLIC        _RS2_tx
  X:00F3H         PUBLIC        Time5ms
  X:00F4H         PUBLIC        keyticSec
  D:0045H         PUBLIC        Key
  C:9CA5H         PUBLIC        serial_int
  C:0026H         PUBLIC        ext1_int
  D:0099H         PUBLIC        SBUF
  D:0087H         PUBLIC        PCON
  D:0098H         PUBLIC        SCON
  C:A1B7H         PUBLIC        InitVars
  D:0089H         PUBLIC        TMOD
  D:0088H         PUBLIC        TCON
  C:3DE3H         PUBLIC        PanelInfoStr
  D:00BFH         PUBLIC        CHPCON
  C:6BFFH         PUBLIC        main_init
  D:00F6H         PUBLIC        CHPENR
  X:00F5H         PUBLIC        PowerDownWait
  D:0046H         PUBLIC        tm01
  D:0048H         PUBLIC        stopWatch
  C:532CH         PUBLIC        _TW2835Command
  D:004AH         SYMBOL        RS_buf
  B:00A8H.5       PUBLIC        ET2
  B:00C8H.7       PUBLIC        TF2
BL51 BANKED LINKER/LOCATER V6.22                                                      12/09/2015  15:21:44  PAGE 28


  D:008CH         PUBLIC        TH0
  D:008DH         PUBLIC        TH1
  C:A179H         PUBLIC        _DiffTime_ms
  B:00A8H.2       PUBLIC        EX1
  D:008AH         PUBLIC        TL0
  X:00F6H         SYMBOL        GaugeVStart
  C:8785H         PUBLIC        InitTechwell
  B:0021H.3       PUBLIC        RS2_Xbusy
  C:9743H         PUBLIC        _Wait_ms
  B:00C8H.2       PUBLIC        TR2
  X:00F7H         PUBLIC        updn_reg
  D:0052H         PUBLIC        RS_in
  D:0053H         PUBLIC        RS_out
  C:9D40H         PUBLIC        serial2_int
  D:009AH         PUBLIC        S2BUF
  C:A1D5H         PUBLIC        _PowerLED
  D:00AAH         PUBLIC        S2CON
  D:00C8H         PUBLIC        T2CON
  D:00BAH         PUBLIC        S2BRT
  C:0003H         PUBLIC        _RS_tx
  D:0054H         PUBLIC        tm001
  D:00A6H         PUBLIC        AUXR2
  B:0021H.4       PUBLIC        ChangeKey
  C:9ADAH         PUBLIC        GetTime_ms
  D:0055H         PUBLIC        tic_pc
  D:0057H         PUBLIC        RS_buf2
  D:005FH         PUBLIC        SystemClock
  C:3D7AH         PUBLIC        CommTable
  D:00ADH         PUBLIC        AUXIE
  C:9963H         SYMBOL        Com00A5
  C:9963H         SYMBOL        L?0166
  C:9964H         SYMBOL        L?0167
  C:9967H         SYMBOL        L?0168
  C:9970H         SYMBOL        L?0169
  C:9970H         SYMBOL        L?0170
  C:9979H         SYMBOL        L?0171
  C:997AH         SYMBOL        L?0172
  C:997BH         SYMBOL        L?0173
  C:9984H         SYMBOL        L?0175
  C:9984H         SYMBOL        L?0176
  C:998CH         SYMBOL        L?0177
  C:9990H         SYMBOL        L?0178
  C:9998H         SYMBOL        L?0179
  C:999BH         SYMBOL        L?0180
  -------         PROC          COM00A5
  -------         ENDPROC       COM00A5
  C:6D04H         SYMBOL        L?0181
  -------         PROC          MAIN_INIT
  -------         DO            
  X:0000H         SYMBOL        rev
  -------         ENDDO         
  C:6BFFH         LINE#         281
  C:6BFFH         LINE#         282
  C:6BFFH         LINE#         288
  C:6C08H         LINE#         300
  C:6C0FH         LINE#         301
  C:6C21H         LINE#         303
BL51 BANKED LINKER/LOCATER V6.22                                                      12/09/2015  15:21:44  PAGE 29


  C:6C2EH         LINE#         304
  C:6C2EH         LINE#         305
  C:6C41H         LINE#         306
  C:6C48H         LINE#         307
  C:6C56H         LINE#         308
  C:6C56H         LINE#         312
  C:6C63H         LINE#         313
  C:6C63H         LINE#         314
  C:6C71H         LINE#         315
  C:6C71H         LINE#         316
  C:6C79H         LINE#         319
  C:6C7EH         LINE#         320
  C:6C81H         LINE#         321
  C:6C8AH         LINE#         326
  C:6C8CH         LINE#         328
  C:6C8CH         LINE#         330
  C:6C94H         LINE#         332
  C:6C94H         LINE#         333
  C:6C96H         LINE#         335
  C:6C96H         LINE#         336
  C:6C9FH         LINE#         337
  C:6CA8H         LINE#         338
  C:6CAEH         LINE#         339
  C:6CB3H         LINE#         344
  C:6CB8H         LINE#         346
  C:6CB8H         LINE#         353
  C:6CC4H         LINE#         354
  C:6CC6H         LINE#         355
  C:6CCAH         LINE#         357
  C:6CCFH         LINE#         359
  C:6CD2H         LINE#         362
  C:6CD8H         LINE#         367
  C:6CDBH         LINE#         368
  C:6CDEH         LINE#         388
  C:6CE3H         LINE#         389
  C:6CE8H         LINE#         391
  C:6CF1H         LINE#         395
  C:6CFAH         LINE#         396
  C:6D03H         LINE#         397
  -------         ENDPROC       MAIN_INIT
  -------         PROC          INITCPU
  C:96ADH         LINE#         402
  C:96ADH         LINE#         403
  C:96ADH         LINE#         404
  C:96B0H         LINE#         405
  C:96B3H         LINE#         406
  C:96B6H         LINE#         407
  C:96B9H         LINE#         411
  C:96BCH         LINE#         418
  C:96BFH         LINE#         420
  C:96C2H         LINE#         422
  C:96C5H         LINE#         426
  C:96CBH         LINE#         428
  C:96CEH         LINE#         429
  C:96D1H         LINE#         433
  C:96D4H         LINE#         436
  C:96D6H         LINE#         437
BL51 BANKED LINKER/LOCATER V6.22                                                      12/09/2015  15:21:44  PAGE 30


  C:96D8H         LINE#         443
  C:96DAH         LINE#         444
  C:96DCH         LINE#         445
  C:96DEH         LINE#         451
  C:96E1H         LINE#         452
  C:96E4H         LINE#         455
  C:96E7H         LINE#         458
  C:96EAH         LINE#         460
  C:96ECH         LINE#         463
  C:96EFH         LINE#         464
  C:96F2H         LINE#         471
  C:96F4H         LINE#         472
  C:96F7H         LINE#         473
  -------         ENDPROC       INITCPU
  -------         PROC          TIMER0_INT
  -------         DO            
  D:000FH         SYMBOL        TempKey
  -------         ENDDO         
  C:6520H         LINE#         491
  C:652BH         LINE#         495
  C:652DH         LINE#         498
  C:6533H         LINE#         499
  C:6535H         LINE#         500
  C:653BH         LINE#         501
  C:653BH         LINE#         505
  C:6544H         LINE#         507
  C:654BH         LINE#         508
  C:654BH         LINE#         509
  C:6553H         LINE#         510
  C:655BH         LINE#         511
  C:6563H         LINE#         512
  C:6566H         LINE#         513
  C:6568H         LINE#         516
  C:656EH         LINE#         517
  C:656EH         LINE#         518
  C:656EH         LINE#         526
  C:6578H         LINE#         529
  C:6580H         LINE#         530
  C:6583H         LINE#         531
  C:6585H         LINE#         533
  C:658EH         LINE#         534
  C:658EH         LINE#         535
  C:6599H         LINE#         536
  C:65B1H         LINE#         537
  C:65B4H         LINE#         541
  C:65BDH         LINE#         542
  C:65C0H         LINE#         544
  C:65C6H         LINE#         546
  C:65CFH         LINE#         547
  C:65D2H         LINE#         549
  C:65D5H         LINE#         550
  C:65DBH         LINE#         551
  C:65DEH         LINE#         552
  C:65E4H         LINE#         553
  C:65EBH         LINE#         554
  C:65EBH         LINE#         555
  C:65EDH         LINE#         556
BL51 BANKED LINKER/LOCATER V6.22                                                      12/09/2015  15:21:44  PAGE 31


  C:65F3H         LINE#         557
  C:65F3H         LINE#         559
  C:65FAH         LINE#         560
  C:65FAH         LINE#         561
  C:65FCH         LINE#         562
  C:6602H         LINE#         563
  C:6602H         LINE#         565
  C:6609H         LINE#         566
  C:6609H         LINE#         567
  C:660BH         LINE#         568
  C:6611H         LINE#         569
  C:6611H         LINE#         571
  C:6618H         LINE#         572
  C:661DH         LINE#         574
  C:661FH         LINE#         581
  C:661FH         LINE#         582
  C:6629H         LINE#         583
  C:6631H         LINE#         586
  C:6638H         LINE#         587
  C:663DH         LINE#         588
  C:6644H         LINE#         589
  C:6646H         LINE#         590
  C:6648H         LINE#         591
  C:664AH         LINE#         592
  C:664FH         LINE#         593
  C:6656H         LINE#         594
  C:6658H         LINE#         595
  C:665AH         LINE#         596
  C:665DH         LINE#         597
  C:665DH         LINE#         598
  C:665FH         LINE#         599
  C:6661H         LINE#         601
  C:6661H         LINE#         602
  C:6664H         LINE#         603
  C:6667H         LINE#         604
  C:6667H         LINE#         606
  C:6667H         LINE#         607
  -------         ENDPROC       TIMER0_INT
  -------         PROC          INITVARS
  C:A1B7H         LINE#         612
  C:A1B7H         LINE#         613
  C:A1B7H         LINE#         614
  C:A1C0H         LINE#         623
  C:A1C4H         LINE#         628
  C:A1C9H         LINE#         629
  C:A1CEH         LINE#         631
  C:A1D0H         LINE#         632
  -------         ENDPROC       INITVARS
  C:87F1H         SYMBOL        L?0164
  C:8803H         SYMBOL        L?0174
  -------         PROC          INITTECHWELL
  C:8785H         LINE#         638
  C:8785H         LINE#         639
  C:8785H         LINE#         656
  C:8799H         LINE#         657
  C:87A1H         LINE#         658
  C:87A9H         LINE#         659
BL51 BANKED LINKER/LOCATER V6.22                                                      12/09/2015  15:21:44  PAGE 32


  C:87B2H         LINE#         660
  C:87BCH         LINE#         661
  C:87BCH         LINE#         663
  C:87C2H         LINE#         666
  C:87CCH         LINE#         667
  C:87CCH         LINE#         668
  C:87D2H         LINE#         669
  C:87DDH         LINE#         670
  C:87DDH         LINE#         671
  C:87DDH         LINE#         673
  C:87E2H         LINE#         674
  C:87E2H         LINE#         675
  C:87F0H         LINE#         676
  C:87F0H         LINE#         677
  C:87F0H         LINE#         683
  -------         ENDPROC       INITTECHWELL
  -------         PROC          _POWERLED
  D:0007H         SYMBOL        flag
  C:A1D5H         LINE#         689
  C:A1D5H         LINE#         690
  C:A1D5H         LINE#         694
  C:A1D9H         LINE#         696
  C:A1DCH         LINE#         697
  C:A1DCH         LINE#         699
  C:A1DEH         LINE#         700
  C:A1E1H         LINE#         701
  C:A1E1H         LINE#         703
  C:A1E4H         LINE#         704
  C:A1E7H         LINE#         706
  C:A1E8H         LINE#         707
  C:A1ECH         LINE#         708
  C:A1ECH         LINE#         710
  C:A1EFH         LINE#         711
  C:A1F2H         LINE#         713
  C:A1F2H         LINE#         714
  -------         ENDPROC       _POWERLED
  -------         PROC          EXT1_INT
  C:0026H         LINE#         723
  C:0026H         LINE#         725
  C:0028H         LINE#         726
  -------         ENDPROC       EXT1_INT
  -------         PROC          SERIAL_INT
  C:9CA5H         LINE#         841
  C:9CACH         LINE#         847
  C:9CAFH         LINE#         848
  C:9CB1H         LINE#         849
  C:9CC1H         LINE#         851
  C:9CC3H         LINE#         852
  C:9CCDH         LINE#         853
  C:9CCDH         LINE#         855
  C:9CD0H         LINE#         856
  C:9CD2H         LINE#         857
  C:9CD4H         LINE#         858
  C:9CD4H         LINE#         859
  -------         ENDPROC       SERIAL_INT
  -------         PROC          SERIAL2_INT
  C:9D40H         LINE#         863
BL51 BANKED LINKER/LOCATER V6.22                                                      12/09/2015  15:21:44  PAGE 33


  C:9D47H         LINE#         868
  C:9D4CH         LINE#         869
  C:9D4CH         LINE#         871
  C:9D4FH         LINE#         872
  C:9D56H         LINE#         874
  C:9D58H         LINE#         875
  C:9D62H         LINE#         876
  C:9D62H         LINE#         878
  C:9D67H         LINE#         879
  C:9D67H         LINE#         880
  C:9D6AH         LINE#         881
  C:9D6CH         LINE#         882
  C:9D6CH         LINE#         883
  -------         ENDPROC       SERIAL2_INT
  -------         PROC          RS_READY
  C:A416H         LINE#         890
  C:A416H         LINE#         891
  C:A416H         LINE#         892
  C:A41EH         LINE#         893
  C:A420H         LINE#         894
  -------         ENDPROC       RS_READY
  -------         PROC          _RS_TX
  D:0007H         SYMBOL        tx_buf
  C:0003H         LINE#         918
  C:0003H         LINE#         919
  C:0003H         LINE#         920
  C:0006H         LINE#         921
  C:0008H         LINE#         922
  C:000AH         LINE#         923
  -------         ENDPROC       _RS_TX
  -------         PROC          _RS2_TX
  D:0007H         SYMBOL        tx_buf
  C:A484H         LINE#         928
  C:A484H         LINE#         929
  C:A484H         LINE#         938
  C:A487H         LINE#         939
  C:A489H         LINE#         940
  C:A48BH         LINE#         941
  -------         ENDPROC       _RS2_TX
  -------         PROC          TIMER2_INT
  C:A366H         LINE#         979
  C:A368H         LINE#         981
  C:A36AH         LINE#         983
  C:A372H         LINE#         1114
  -------         ENDPROC       TIMER2_INT
  -------         PROC          _DELAY
  D:0007H         SYMBOL        cnt
  -------         DO            
  D:0004H         SYMBOL        ttic01
  -------         ENDDO         
  C:A2D2H         LINE#         1117
  C:A2D2H         LINE#         1118
  C:A2D2H         LINE#         1121
  C:A2E0H         LINE#         1122
  C:A2E0H         LINE#         1124
  C:A2E9H         LINE#         1125
  -------         ENDPROC       _DELAY
BL51 BANKED LINKER/LOCATER V6.22                                                      12/09/2015  15:21:44  PAGE 34


  -------         PROC          GETTIME_MS
  -------         DO            
  X:0024H         SYMBOL        tms
  -------         ENDDO         
  C:9ADAH         LINE#         1132
  C:9ADAH         LINE#         1133
  C:9ADAH         LINE#         1136
  C:9AE3H         LINE#         1137
  C:9B0EH         LINE#         1138
  C:9B16H         LINE#         1139
  -------         ENDPROC       GETTIME_MS
  -------         PROC          _DIFFTIME_MS
  D:0006H         SYMBOL        stime
  D:0004H         SYMBOL        etime
  C:A179H         LINE#         1188
  C:A179H         LINE#         1189
  C:A179H         LINE#         1193
  C:A180H         LINE#         1194
  C:A190H         LINE#         1195
  C:A190H         LINE#         1196
  C:A190H         LINE#         1197
  C:A197H         LINE#         1198
  C:A197H         LINE#         1199
  -------         ENDPROC       _DIFFTIME_MS
  -------         PROC          _WAIT_MS
  X:0024H         SYMBOL        Tms
  -------         DO            
  X:0026H         SYMBOL        count
  -------         ENDDO         
  C:9743H         LINE#         1201
  C:974BH         LINE#         1202
  C:974BH         LINE#         1208
  C:9755H         LINE#         1209
  C:9755H         LINE#         1210
  C:977EH         LINE#         1211
  C:9788H         LINE#         1212
  C:978AH         LINE#         1213
  -------         ENDPROC       _WAIT_MS
  -------         PROC          _TW2835COMMAND
  X:0017H         SYMBOL        _commid
  D:0005H         SYMBOL        _attr0
  D:0003H         SYMBOL        _attr1
[...]
  C:690BH         LINE#         348
  C:6922H         LINE#         349
  C:6924H         LINE#         350
  C:6924H         LINE#         352
  C:6927H         LINE#         353
  C:6927H         LINE#         354
  C:692DH         LINE#         356
  C:693EH         LINE#         357
  C:6946H         LINE#         359
  C:6959H         LINE#         361
  C:695EH         LINE#         363
  C:696AH         LINE#         365
  C:696FH         LINE#         372
  C:6979H         LINE#         373
  C:6979H         LINE#         389
  C:6983H         LINE#         391
  C:698FH         LINE#         392
  C:6993H         LINE#         394
  C:6998H         LINE#         396
  C:69A0H         LINE#         397
  C:69A0H         LINE#         398
  C:69A4H         LINE#         399
  C:69A7H         LINE#         400
  C:69A9H         LINE#         402
  C:69A9H         LINE#         403
  C:69ADH         LINE#         404
  C:69B0H         LINE#         405
  C:69B0H         LINE#         407
  C:69B3H         LINE#         408
  C:69B9H         LINE#         410
  C:69BEH         LINE#         412
  -------         ENDPROC       _CHANGEVOL
  -------         ENDMOD        AUDIO

  -------         MODULE        DEBUG
  C:0000H         SYMBOL        _ICE_DUMMY_
  D:00E8H         PUBLIC        P4
  -------         ENDMOD        DEBUG

  -------         MODULE        HS_DVRPROTOCOL
  C:0000H         SYMBOL        _ICE_DUMMY_
  X:0067H         PUBLIC        PresetMode
  B:0021H.5       PUBLIC        FormatStart
  X:0068H         PUBLIC        second
  X:0069H         PUBLIC        UpdateOK
  B:0021H.6       PUBLIC        SpeedDomeMode
  D:00E8H         PUBLIC        P4
  X:006AH         PUBLIC        DVR_Resolution
BL51 BANKED LINKER/LOCATER V6.22                                                      12/09/2015  15:21:44  PAGE 132


  X:006BH         PUBLIC        DVR_timebeginesmonth
  X:006CH         PUBLIC        Information
  X:007AH         PUBLIC        DVR_timebeginesweek
  X:007BH         PUBLIC        minute
  X:007CH         PUBLIC        DVR_RecordLength
  B:0021H.7       PUBLIC        DoorState
  X:007DH         PUBLIC        CommandBuffer
  X:007FH         PUBLIC        month
  X:0080H         PUBLIC        InformationLen
  B:0022H.0       PUBLIC        GetDVRStatusflag
  X:0081H         PUBLIC        DVR_daylightsaving
  X:0082H         PUBLIC        DVR_FPS
  X:0083H         PUBLIC        DVR_RecordMode
  X:0084H         PUBLIC        DVR_RecordStatus
  X:0085H         PUBLIC        DVR_Quality
  X:0086H         PUBLIC        day
  X:0087H         PUBLIC        hour
  B:0022H.1       PUBLIC        DVR_Ready
  X:0088H         PUBLIC        DVR_standardtimebeginesWeek
  X:0089H         PUBLIC        DVR_standardtimebeginesTime
  C:8C1FH         PUBLIC        Send_PelcoD_Command
  X:008AH         PUBLIC        DVR_PostAlarmLength
  X:008BH         PUBLIC        DVR_PreAlarmLength
  D:008DH         PUBLIC        TH1
  X:008CH         PUBLIC        DVR_sandardtimebeginesMonth
  C:5791H         PUBLIC        _CAM_TxCommand_toRS485
  X:008DH         PUBLIC        SerialNumber
  X:008EH         PUBLIC        DVR_System
  C:8A25H         PUBLIC        Send_PelcoP_Command
  X:008FH         PUBLIC        DVRVersion
  X:00A0H         PUBLIC        TriggerStatus
  X:00A1H         PUBLIC        PresetNumber
  X:00A2H         PUBLIC        year1
  X:00A3H         PUBLIC        year2
  X:00A4H         PUBLIC        DVR_SDCardAvailable
  D:00BAH         PUBLIC        S2BRT
  X:00A5H         PUBLIC        GPSState
  X:00A6H         PUBLIC        DVR_Busy
  X:00A7H         PUBLIC        DVR_timebeginesTime
  X:00A8H         PUBLIC        FormatStatus
  X:00A9H         PUBLIC        DVRVersionLen
  X:00AAH         PUBLIC        gb_P_Com
  X:00ACH         PUBLIC        DVR_OverWrite
  X:00ADH         PUBLIC        gb_PTZ_Speed
  X:00AEH         PUBLIC        DVR_TimeZone
  C:9C70H         SYMBOL        Com005D
  C:9C70H         SYMBOL        L?0094
  C:9C70H         SYMBOL        L?0095
  C:9C77H         SYMBOL        L?0096
  C:9C77H         SYMBOL        L?0097
  C:9C7AH         SYMBOL        L?0098
  C:9C82H         SYMBOL        L?0099
  C:9C82H         SYMBOL        L?0100
  C:9C8BH         SYMBOL        L?0101
  C:9C8BH         SYMBOL        L?0102
  C:9C94H         SYMBOL        L?0103
  C:9C94H         SYMBOL        L?0104
BL51 BANKED LINKER/LOCATER V6.22                                                      12/09/2015  15:21:44  PAGE 133


  C:9C9BH         SYMBOL        L?0105
  -------         PROC          COM005D
  -------         ENDPROC       COM005D
  -------         PROC          _CAM_TXCOMMAND_TORS485
  X:0004H         SYMBOL        Com_ID
  -------         DO            
  X:0005H         SYMBOL        j
  -------         ENDDO         
  C:5791H         LINE#         994
  C:5796H         LINE#         995
  C:5796H         LINE#         1001
  C:57A6H         LINE#         1002
  C:57A6H         LINE#         1003
  C:57A6H         LINE#         1005
  C:57B5H         LINE#         1006
  C:57C2H         LINE#         1007
  C:57C8H         LINE#         1009
  C:57D1H         LINE#         1010
  C:57D7H         LINE#         1012
  C:5803H         LINE#         1013
  C:5803H         LINE#         1026
  C:5803H         LINE#         1027
  C:5803H         LINE#         1028
  C:5808H         LINE#         1029
  C:5808H         LINE#         1030
  C:5808H         LINE#         1031
  C:5808H         LINE#         1032
  C:580AH         LINE#         1040
  C:580AH         LINE#         1041
  C:580FH         LINE#         1042
  C:580FH         LINE#         1043
  C:580FH         LINE#         1044
  C:580FH         LINE#         1045
  C:580FH         LINE#         1046
  C:5812H         LINE#         1048
  C:5812H         LINE#         1049
  C:5812H         LINE#         1050
  C:5818H         LINE#         1051
  C:5819H         LINE#         1052
  C:5819H         LINE#         1053
  C:5819H         LINE#         1054
  C:581CH         LINE#         1112
  C:581CH         LINE#         1113
  C:581CH         LINE#         1114
  C:5821H         LINE#         1115
  C:5821H         LINE#         1119
  C:5821H         LINE#         1120
  C:5821H         LINE#         1121
  C:5823H         LINE#         1122
  C:5823H         LINE#         1123
  C:5823H         LINE#         1124
  C:5828H         LINE#         1125
  C:5828H         LINE#         1129
  C:582BH         LINE#         1130
  C:582BH         LINE#         1131
  C:582DH         LINE#         1132
  C:582DH         LINE#         1133
BL51 BANKED LINKER/LOCATER V6.22                                                      12/09/2015  15:21:44  PAGE 134


  C:582DH         LINE#         1134
  C:5833H         LINE#         1135
  C:5836H         LINE#         1136
  C:583CH         LINE#         1138
  C:583FH         LINE#         1139
  C:5840H         LINE#         1140
  C:5840H         LINE#         1141
  C:5842H         LINE#         1142
  C:5842H         LINE#         1143
  C:5842H         LINE#         1144
  C:5848H         LINE#         1145
  C:584BH         LINE#         1146
  C:5851H         LINE#         1148
  C:5854H         LINE#         1149
  C:5858H         LINE#         1150
  C:5858H         LINE#         1151
  C:585AH         LINE#         1152
  C:585AH         LINE#         1153
  C:585AH         LINE#         1154
  C:5860H         LINE#         1155
  C:5863H         LINE#         1156
  C:5866H         LINE#         1157
  C:586CH         LINE#         1159
  C:586FH         LINE#         1160
  C:586FH         LINE#         1161
  C:5871H         LINE#         1162
  C:5871H         LINE#         1163
  C:5871H         LINE#         1164
  C:5877H         LINE#         1165
  C:587AH         LINE#         1166
  C:587DH         LINE#         1167
  C:5883H         LINE#         1169
  C:5886H         LINE#         1170
  C:5886H         LINE#         1171
  C:5888H         LINE#         1172
  C:5888H         LINE#         1173
  C:5888H         LINE#         1174
  C:588BH         LINE#         1175
  C:588BH         LINE#         1176
  C:588FH         LINE#         1177
  C:588FH         LINE#         1178
  C:5891H         LINE#         1179
  C:5891H         LINE#         1180
  C:5897H         LINE#         1181
  C:589AH         LINE#         1182
  C:589CH         LINE#         1183
  C:589EH         LINE#         1184
  C:58A1H         LINE#         1185
  C:58A1H         LINE#         1216
  C:58A1H         LINE#         1217
  C:58A1H         LINE#         1218
  C:58A1H         LINE#         1220
  C:58B0H         LINE#         1221
  C:58BDH         LINE#         1222
  C:58C3H         LINE#         1224
  C:58CBH         LINE#         1226
  C:58F7H         LINE#         1227
BL51 BANKED LINKER/LOCATER V6.22                                                      12/09/2015  15:21:44  PAGE 135


  C:58F7H         LINE#         1240
  C:58F7H         LINE#         1241
  C:58F7H         LINE#         1242
  C:58FCH         LINE#         1243
  C:58FCH         LINE#         1244
  C:58FCH         LINE#         1245
  C:58FCH         LINE#         1246
  C:58FEH         LINE#         1254
  C:58FEH         LINE#         1255
  C:5903H         LINE#         1256
  C:5903H         LINE#         1257
  C:5903H         LINE#         1258
  C:5903H         LINE#         1259
  C:5903H         LINE#         1260
  C:5906H         LINE#         1262
  C:5906H         LINE#         1263
  C:5906H         LINE#         1264
  C:590CH         LINE#         1265
  C:590DH         LINE#         1266
  C:590DH         LINE#         1267
  C:590DH         LINE#         1268
  C:5910H         LINE#         1320
  C:5910H         LINE#         1321
  C:5910H         LINE#         1322
  C:5916H         LINE#         1323
  C:5919H         LINE#         1324
  C:591FH         LINE#         1326
  C:5922H         LINE#         1327
  C:5922H         LINE#         1328
  C:5922H         LINE#         1329
  C:5924H         LINE#         1330
  C:5924H         LINE#         1331
  C:5924H         LINE#         1332
  C:592AH         LINE#         1333
  C:592DH         LINE#         1334
  C:5933H         LINE#         1336
  C:5936H         LINE#         1337
  C:5937H         LINE#         1338
  C:5937H         LINE#         1339
  C:5939H         LINE#         1340
  C:5939H         LINE#         1341
  C:5939H         LINE#         1342
  C:593FH         LINE#         1343
  C:5942H         LINE#         1344
  C:5945H         LINE#         1345
  C:594BH         LINE#         1347
  C:594EH         LINE#         1348
  C:594EH         LINE#         1349
  C:5950H         LINE#         1350
  C:5950H         LINE#         1351
  C:5950H         LINE#         1352
  C:5956H         LINE#         1353
  C:5959H         LINE#         1354
  C:595CH         LINE#         1355
  C:5962H         LINE#         1357
  C:5965H         LINE#         1358
  C:5965H         LINE#         1359
BL51 BANKED LINKER/LOCATER V6.22                                                      12/09/2015  15:21:44  PAGE 136


  C:5967H         LINE#         1360
  C:5967H         LINE#         1361
  C:5967H         LINE#         1362
  C:596CH         LINE#         1363
  C:596CH         LINE#         1367
  C:5973H         LINE#         1368
  C:5973H         LINE#         1369
  C:5975H         LINE#         1370
  C:5975H         LINE#         1371
  C:5975H         LINE#         1372
  C:597AH         LINE#         1373
  C:597AH         LINE#         1377
  C:5981H         LINE#         1378
  C:5981H         LINE#         1379
  C:5983H         LINE#         1380
  C:5983H         LINE#         1381
  C:5983H         LINE#         1382
  C:5986H         LINE#         1383
  C:5986H         LINE#         1384
  C:598AH         LINE#         1385
  C:598AH         LINE#         1386
  C:598CH         LINE#         1387
  C:598CH         LINE#         1388
  C:5992H         LINE#         1389
  C:5995H         LINE#         1390
  C:5997H         LINE#         1391
  C:5999H         LINE#         1392
  C:599CH         LINE#         1393
  C:599CH         LINE#         1424
  C:599CH         LINE#         1425
  C:599CH         LINE#         1498
  C:599CH         LINE#         1500
  -------         ENDPROC       _CAM_TXCOMMAND_TORS485
  -------         PROC          SEND_PELCOP_COMMAND
  -------         DO            
  X:0006H         SYMBOL        ii
  D:0004H         SYMBOL        j
  -------         ENDDO         
  C:8A25H         LINE#         1508
  C:8A25H         LINE#         1509
  C:8A25H         LINE#         1513
  C:8A2DH         LINE#         1514
  C:8A2FH         LINE#         1515
  C:8A47H         LINE#         1521
  C:8A55H         LINE#         1522
  C:8A55H         LINE#         1523
  C:8A55H         LINE#         1524
  C:8A58H         LINE#         1525
  C:8A5AH         LINE#         1526
  C:8A5AH         LINE#         1527
  C:8A5DH         LINE#         1528
  C:8A5FH         LINE#         1529
  C:8A5FH         LINE#         1530
  C:8A62H         LINE#         1531
  C:8A62H         LINE#         1532
  C:8A62H         LINE#         1534
  C:8A75H         LINE#         1535
BL51 BANKED LINKER/LOCATER V6.22                                                      12/09/2015  15:21:44  PAGE 137


  C:8A7CH         LINE#         1536
  C:8A8BH         LINE#         1537
  C:8A8BH         LINE#         1538
  C:8A93H         LINE#         1539
  C:8A9BH         LINE#         1540
  C:8AA2H         LINE#         1541
  C:8AA5H         LINE#         1546
  -------         ENDPROC       SEND_PELCOP_COMMAND
  -------         PROC          SEND_PELCOD_COMMAND
  -------         DO            
  X:0006H         SYMBOL        ii
  D:0007H         SYMBOL        j
  -------         ENDDO         
  C:8C1FH         LINE#         1554
  C:8C1FH         LINE#         1555
  C:8C1FH         LINE#         1559
  C:8C27H         LINE#         1560
  C:8C29H         LINE#         1561
  C:8C39H         LINE#         1563
  C:8C47H         LINE#         1564
  C:8C47H         LINE#         1565
  C:8C47H         LINE#         1566
  C:8C4AH         LINE#         1567
  C:8C4CH         LINE#         1568
  C:8C4CH         LINE#         1569
  C:8C4FH         LINE#         1570
  C:8C51H         LINE#         1571
  C:8C51H         LINE#         1572
  C:8C54H         LINE#         1573
  C:8C54H         LINE#         1574
  C:8C54H         LINE#         1576
  C:8C6AH         LINE#         1577
  C:8C71H         LINE#         1580
  C:8C80H         LINE#         1581
  C:8C80H         LINE#         1582
  C:8C88H         LINE#         1583
  C:8C90H         LINE#         1585
  C:8C97H         LINE#         1586
  C:8C9AH         LINE#         1589
  -------         ENDPROC       SEND_PELCOD_COMMAND
  -------         ENDMOD        HS_DVRPROTOCOL

  -------         MODULE        ?C?COPY
  C:3EE2H         PUBLIC        ?C?COPY
  -------         ENDMOD        ?C?COPY

  -------         MODULE        ?C?CLDPTR
  C:3F08H         PUBLIC        ?C?CLDPTR
  -------         ENDMOD        ?C?CLDPTR

  -------         MODULE        ?C?CLDOPTR
  C:3F21H         PUBLIC        ?C?CLDOPTR
  -------         ENDMOD        ?C?CLDOPTR

  -------         MODULE        ?C?CSTPTR
  C:3F4EH         PUBLIC        ?C?CSTPTR
  -------         ENDMOD        ?C?CSTPTR
BL51 BANKED LINKER/LOCATER V6.22                                                      12/09/2015  15:21:44  PAGE 138



  -------         MODULE        ?C?IMUL
  C:3F60H         PUBLIC        ?C?IMUL
  -------         ENDMOD        ?C?IMUL

  -------         MODULE        ?C?UIDIV
  C:3F72H         PUBLIC        ?C?UIDIV
  -------         ENDMOD        ?C?UIDIV

  -------         MODULE        ?C?SIDIV
  C:3FC7H         PUBLIC        ?C?SIDIV
  -------         ENDMOD        ?C?SIDIV

  -------         MODULE        ?C?IILDX
  C:3FFDH         PUBLIC        ?C?IILDX
  -------         ENDMOD        ?C?IILDX

  -------         MODULE        ?C?ILDPTR
  C:4013H         PUBLIC        ?C?ILDPTR
  -------         ENDMOD        ?C?ILDPTR

  -------         MODULE        ?C?ILDOPTR
  C:403EH         PUBLIC        ?C?ILDOPTR
  -------         ENDMOD        ?C?ILDOPTR

  -------         MODULE        ?C?ISTPTR
  C:4076H         PUBLIC        ?C?ISTPTR
  -------         ENDMOD        ?C?ISTPTR

  -------         MODULE        ?C?LMUL
  C:4095H         PUBLIC        ?C?LMUL
  -------         ENDMOD        ?C?LMUL

  -------         MODULE        ?C?ULDIV
  C:4120H         PUBLIC        ?C?ULDIV
  -------         ENDMOD        ?C?ULDIV

  -------         MODULE        ?C?ULCMP
  C:41B2H         PUBLIC        ?C?ULCMP
  -------         ENDMOD        ?C?ULCMP

  -------         MODULE        ?C?SLSHR
  C:41C3H         PUBLIC        ?C?SLSHR
  -------         ENDMOD        ?C?SLSHR

  -------         MODULE        ?C?LLDPTR
  C:41D7H         PUBLIC        ?C?LLDPTR
  -------         ENDMOD        ?C?LLDPTR

  -------         MODULE        ?C?LLDXDATA
  C:41F7H         PUBLIC        ?C?LLDXDATA
  -------         ENDMOD        ?C?LLDXDATA

  -------         MODULE        ?C?LLDXDATA0
  C:4203H         PUBLIC        ?C?LLDXDATA0
  -------         ENDMOD        ?C?LLDXDATA0

BL51 BANKED LINKER/LOCATER V6.22                                                      12/09/2015  15:21:44  PAGE 139


  -------         MODULE        ?C?LSTXDATA
  C:420FH         PUBLIC        ?C?LSTXDATA
  -------         ENDMOD        ?C?LSTXDATA

  -------         MODULE        ?C?LSTKXDATA
  C:421BH         PUBLIC        ?C?LSTKXDATA
  -------         ENDMOD        ?C?LSTKXDATA

  -------         MODULE        ?C?OFFXADD
  C:424CH         PUBLIC        ?C?OFFXADD
  -------         ENDMOD        ?C?OFFXADD

  -------         MODULE        ?C?PLDXDATA
  C:4258H         PUBLIC        ?C?PLDXDATA
  -------         ENDMOD        ?C?PLDXDATA

  -------         MODULE        ?C?PLDIXDATA
  C:4261H         PUBLIC        ?C?PLDIXDATA
  -------         ENDMOD        ?C?PLDIXDATA

  -------         MODULE        ?C?PSTXDATA
  C:4278H         PUBLIC        ?C?PSTXDATA
  -------         ENDMOD        ?C?PSTXDATA

  -------         MODULE        ?C?PLDCODE
  C:4281H         PUBLIC        ?C?PLDCODE
  -------         ENDMOD        ?C?PLDCODE

  -------         MODULE        ?C?PLDPTR
  C:428DH         PUBLIC        ?C?PLDPTR
  -------         ENDMOD        ?C?PLDPTR

  -------         MODULE        ?C?PLDOPTR
  C:42ADH         PUBLIC        ?C?PLDOPTR
  -------         ENDMOD        ?C?PLDOPTR

  -------         MODULE        ?C?CCASE
  C:42DDH         PUBLIC        ?C?CCASE
  -------         ENDMOD        ?C?CCASE

  -------         MODULE        ABS
  C:A40AH         PUBLIC        _ABS
  -------         ENDMOD        ABS

  -------         MODULE        ?C?LLDIDATA
  C:4303H         PUBLIC        ?C?LLDIDATA
  -------         ENDMOD        ?C?LLDIDATA

  -------         MODULE        ?C?LLDPDATA
  C:430FH         PUBLIC        ?C?LLDPDATA
  -------         ENDMOD        ?C?LLDPDATA

  -------         MODULE        ?C?LLDCODE
  C:431BH         PUBLIC        ?C?LLDCODE
  -------         ENDMOD        ?C?LLDCODE

  -------         MODULE        ?C?PLDIDATA
BL51 BANKED LINKER/LOCATER V6.22                                                      12/09/2015  15:21:44  PAGE 140


  C:432BH         PUBLIC        ?C?PLDIDATA
  -------         ENDMOD        ?C?PLDIDATA

  -------         MODULE        ?C?PLDPDATA
  C:4334H         PUBLIC        ?C?PLDPDATA
  -------         ENDMOD        ?C?PLDPDATA

*** WARNING L13: RECURSIVE CALL TO SEGMENT
    SEGMENT: ?PR?_SETSOURCEMODE?HS_KEYREMO
    CALLER:  ?PR?SETNOWMODE?HS_KEYREMO

Program Size: data=107.3 xdata=269 code=42223
LINK/LOCATE RUN COMPLETE.  1 WARNING(S),  0 ERROR(S)
