BL51 BANKED LINKER/LOCATER V6.22.2.0                                                    06/22/2022  16:23:04  PAGE 1


BL51 BANKED LINKER/LOCATER V6.22.2.0, INVOKED BY:
C:\KEIL_V5\C51\BIN\BL51.EXE .\Output\adc.obj, .\Output\cpu.obj, .\Output\dispinfo.obj, .\Output\etc_eep.obj, .\Output\I2
>> c.obj, .\Output\keyremo.obj, .\Output\Main.obj, .\Output\Measure.obj, .\Output\Osdbasic.obj, .\Output\osdmenu.obj, .\
>> Output\pc_eep.obj, .\Output\Printf.obj, .\Output\table.obj, .\Output\TW88.obj, .\Output\udfont.obj, .\Output\HS_keyre
>> mo.obj, .\Output\HS_DisplayOSD.obj, .\Output\audio.obj, .\Output\Debug.obj, .\Output\HS_DVRProtocol.obj, .\Output\mon
>> itor.obj TO .\Output\TW8816 PRINT (.\Source\TW8816.m51) RAMSIZE (256)


MEMORY MODEL: LARGE


INPUT MODULES INCLUDED:
  .\Output\adc.obj (ADC)
  .\Output\cpu.obj (CPU)
  .\Output\dispinfo.obj (DISPINFO)
  .\Output\etc_eep.obj (ETC_EEP)
  .\Output\I2c.obj (I2C)
  .\Output\keyremo.obj (KEYREMO)
  .\Output\Main.obj (MAIN)
  .\Output\Measure.obj (MEASURE)
  .\Output\Osdbasic.obj (OSDBASIC)
  .\Output\osdmenu.obj (OSDMENU)
  .\Output\pc_eep.obj (PC_EEP)
  .\Output\Printf.obj (PRINTF)
  .\Output\table.obj (TABLE)
  .\Output\TW88.obj (TW88)
  .\Output\udfont.obj (UDFONT)
  .\Output\HS_keyremo.obj (HS_KEYREMO)
  .\Output\HS_DisplayOSD.obj (HS_DISPLAYOSD)
  .\Output\audio.obj (AUDIO)
  .\Output\Debug.obj (DEBUG)
  .\Output\HS_DVRProtocol.obj (HS_DVRPROTOCOL)
  .\Output\monitor.obj (MONITOR)
  C:\KEIL_V5\C51\LIB\C51L.LIB (?C_STARTUP)
  C:\KEIL_V5\C51\LIB\C51L.LIB (?C?COPY)
  C:\KEIL_V5\C51\LIB\C51L.LIB (?C?CLDPTR)
  C:\KEIL_V5\C51\LIB\C51L.LIB (?C?CLDOPTR)
  C:\KEIL_V5\C51\LIB\C51L.LIB (?C?CSTPTR)
  C:\KEIL_V5\C51\LIB\C51L.LIB (?C?IMUL)
  C:\KEIL_V5\C51\LIB\C51L.LIB (?C?UIDIV)
  C:\KEIL_V5\C51\LIB\C51L.LIB (?C?SIDIV)
  C:\KEIL_V5\C51\LIB\C51L.LIB (?C?IILDX)
  C:\KEIL_V5\C51\LIB\C51L.LIB (?C?ILDPTR)
  C:\KEIL_V5\C51\LIB\C51L.LIB (?C?ILDOPTR)
  C:\KEIL_V5\C51\LIB\C51L.LIB (?C?ISTPTR)
  C:\KEIL_V5\C51\LIB\C51L.LIB (?C?LADD)
  C:\KEIL_V5\C51\LIB\C51L.LIB (?C?LMUL)
  C:\KEIL_V5\C51\LIB\C51L.LIB (?C?ULDIV)
  C:\KEIL_V5\C51\LIB\C51L.LIB (?C?ULCMP)
  C:\KEIL_V5\C51\LIB\C51L.LIB (?C?SLSHR)
  C:\KEIL_V5\C51\LIB\C51L.LIB (?C?LLDPTR)
  C:\KEIL_V5\C51\LIB\C51L.LIB (?C?LLDXDATA)
  C:\KEIL_V5\C51\LIB\C51L.LIB (?C?LLDXDATA0)
  C:\KEIL_V5\C51\LIB\C51L.LIB (?C?LSTXDATA)
  C:\KEIL_V5\C51\LIB\C51L.LIB (?C?LSTKXDATA)
  C:\KEIL_V5\C51\LIB\C51L.LIB (?C?OFFXADD)
  C:\KEIL_V5\C51\LIB\C51L.LIB (?C?PLDXDATA)
  C:\KEIL_V5\C51\LIB\C51L.LIB (?C?PLDIXDATA)
BL51 BANKED LINKER/LOCATER V6.22.2.0                                                  06/22/2022  16:23:04  PAGE 2


  C:\KEIL_V5\C51\LIB\C51L.LIB (?C?PSTXDATA)
  C:\KEIL_V5\C51\LIB\C51L.LIB (?C?PLDCODE)
  C:\KEIL_V5\C51\LIB\C51L.LIB (?C?PLDPTR)
  C:\KEIL_V5\C51\LIB\C51L.LIB (?C?PLDOPTR)
  C:\KEIL_V5\C51\LIB\C51L.LIB (?C?CCASE)
  C:\KEIL_V5\C51\LIB\C51L.LIB (?C_INIT)
  C:\KEIL_V5\C51\LIB\C51L.LIB (?C?LLDIDATA)
  C:\KEIL_V5\C51\LIB\C51L.LIB (?C?LLDPDATA)
  C:\KEIL_V5\C51\LIB\C51L.LIB (?C?LLDCODE)
  C:\KEIL_V5\C51\LIB\C51L.LIB (?C?PLDIDATA)
  C:\KEIL_V5\C51\LIB\C51L.LIB (?C?PLDPDATA)


LINK MAP OF MODULE:  .\Output\TW8816 (ADC)


            TYPE    BASE      LENGTH    RELOCATION   SEGMENT NAME
            -----------------------------------------------------

            * * * * * * *   D A T A   M E M O R Y   * * * * * * *
            REG     0000H     0008H     ABSOLUTE     "REG BANK 0"
            REG     0008H     0008H     ABSOLUTE     "REG BANK 1"
            DATA    0010H     0010H     UNIT         ?DT?MAIN
            BIT     0020H.0   0001H.4   UNIT         ?BI?MAIN
            BIT     0021H.4   0000H.5   UNIT         ?BI?CPU
            BIT     0022H.1   0000H.5   UNIT         ?BI?HS_DVRPROTOCOL
            BIT     0022H.6   0000H.3   UNIT         ?BI?KEYREMO
            BIT     0023H.1   0000H.3   UNIT         ?BI?HS_KEYREMO
            BIT     0023H.4   0000H.3   UNIT         ?BI?MONITOR
            BIT     0023H.7   0000H.2   UNIT         ?BI?OSDMENU
            BIT     0024H.1   0000H.2   UNIT         _BIT_GROUP_
            BIT     0024H.3   0000H.1   UNIT         ?BI?HS_DISPLAYOSD
                    0024H.4   0000H.4                *** GAP ***
            DATA    0025H     0041H     UNIT         ?DT?CPU
            DATA    0066H     000AH     UNIT         ?DT?OSDBASIC
            DATA    0070H     0005H     UNIT         ?DT?KEYREMO
            DATA    0075H     0005H     UNIT         ?DT?OSDMENU
            DATA    007AH     0002H     UNIT         ?DT?DISPINFO
            DATA    007CH     0001H     UNIT         ?DT?MONITOR
            IDATA   007DH     0001H     UNIT         ?STACK

            * * * * * * *  X D A T A   M E M O R Y  * * * * * * *
            XDATA   0000H     005DH     UNIT         _XDATA_GROUP_
            XDATA   005DH     0048H     UNIT         ?XD?HS_DVRPROTOCOL
            XDATA   00A5H     003AH     UNIT         ?XD?MONITOR
            XDATA   00DFH     0020H     UNIT         ?XD?OSDMENU
            XDATA   00FFH     0019H     UNIT         ?XD?MAIN
            XDATA   0118H     0010H     UNIT         ?XD?HS_KEYREMO
            XDATA   0128H     000AH     UNIT         ?XD?KEYREMO
            XDATA   0132H     0009H     UNIT         ?XD?CPU
            XDATA   013BH     0006H     UNIT         ?XD?CHECKANDCLEAROSD?DISPINFO
            XDATA   0141H     0004H     UNIT         ?XD?DISPINFO
            XDATA   0145H     0004H     UNIT         ?XD?TW88
            XDATA   0149H     0002H     UNIT         ?XD?AUDIO

            * * * * * * *   C O D E   M E M O R Y   * * * * * * *
            CODE    0000H     0003H     ABSOLUTE     
BL51 BANKED LINKER/LOCATER V6.22.2.0                                                  06/22/2022  16:23:04  PAGE 3


            CODE    0003H     0008H     UNIT         ?PR?_RS_TX?CPU
            CODE    000BH     0003H     ABSOLUTE     
            CODE    000EH     0005H     UNIT         ?PR?SETLEFTSOURCE?HS_KEYREMO
            CODE    0013H     0003H     ABSOLUTE     
            CODE    0016H     000DH     UNIT         ?PR?I2CSTOP?I2C
            CODE    0023H     0003H     ABSOLUTE     
            CODE    0026H     0005H     UNIT         ?PR?SETRIGHTSOURCE?HS_KEYREMO
            CODE    002BH     0003H     ABSOLUTE     
            CODE    002EH     0035H     UNIT         ?PR?OSDHIGHMENU?OSDMENU
            CODE    0063H     0003H     ABSOLUTE     
            CODE    0066H     1653H     UNIT         ?CO?OSDMENU
            CODE    16B9H     14F2H     UNIT         ?CO?UDFONT
            CODE    2BABH     0985H     UNIT         ?PR?_SETITEMVALUE?OSDMENU
            CODE    3530H     0844H     UNIT         ?CO?CPU
            CODE    3D74H     059FH     UNIT         ?CO?MONITOR
            CODE    4313H     0538H     UNIT         ?C?LIB_CODE
            CODE    484BH     0502H     UNIT         ?PR?CHECKKEYIN?KEYREMO
            CODE    4D4DH     0411H     UNIT         ?PR?MONITOR?MONITOR
            CODE    515EH     03CFH     UNIT         ?PR?OSDMENU
            CODE    552DH     03CBH     UNIT         ?PR?_DISPLAYOSDMENUONEITEM?OSDMENU
            CODE    58F8H     033AH     UNIT         ?PR?DISPLAYINPUT?DISPINFO
            CODE    5C32H     0338H     UNIT         ?PR?_TRIGGERHANDLER?HS_KEYREMO
            CODE    5F6AH     0331H     UNIT         ?PR?_DOPRINT?PRINTF
            CODE    629BH     02A0H     UNIT         ?CO?TABLE
            CODE    653BH     0248H     UNIT         ?CO?KEYREMO
            CODE    6783H     0241H     UNIT         ?PR?_GETITEMVALUE?OSDMENU
            CODE    69C4H     0208H     UNIT         ?PR?_CAM_TXCOMMAND_TORS485?HS_DVRPROTOCOL
            CODE    6BCCH     0200H     UNIT         ?CO?MAIN
            CODE    6DCCH     01E4H     UNIT         ?PR?RESETOSDVALUE?OSDMENU
            CODE    6FB0H     01D0H     UNIT         ?PR?_OSDCURSORMOVE?OSDMENU
            CODE    7180H     01C6H     UNIT         ?PR?_DRAWMENULIST?OSDMENU
            CODE    7346H     01B5H     UNIT         ?PR?MONGETCOMMAND?MONITOR
            CODE    74FBH     01A3H     UNIT         ?CO?HS_KEYREMO
            CODE    769EH     0177H     UNIT         ?PR?TIMER0_INT?CPU
            CODE    7815H     0173H     UNIT         ?PR?OSDSELECT?OSDMENU
            CODE    7988H     0169H     UNIT         ?PR?_SETOSDPOSITIONMODE?OSDMENU
            CODE    7AF1H     0167H     UNIT         ?C_INITSEG
            CODE    7C58H     0167H     UNIT         ?PR?DISPLAYINFO_OSD?OSDMENU
            CODE    7DBFH     0158H     UNIT         ?PR?MONITOR
            CODE    7F17H     014CH     UNIT         ?CO?OSDBASIC
            CODE    8063H     0142H     UNIT         ?PR?CHECKTRIGGER?HS_KEYREMO
            CODE    81A5H     0128H     UNIT         ?PR?_DISPLAYRAMFONT?OSDBASIC
            CODE    82CDH     0128H     UNIT         ?PR?_OSDVALUEUPDN?OSDMENU
            CODE    83F5H     0124H     UNIT         ?PR?_CHANGEVOL?AUDIO
            CODE    8519H     0121H     UNIT         ?PR?_UTOA?OSDBASIC
            CODE    863AH     011DH     UNIT         ?PR?MAIN_INIT?CPU
            CODE    8757H     0119H     UNIT         ?PR?LOADEEPROM?MAIN
            CODE    8870H     0117H     UNIT         ?PR?_CHANGEINPUT?MAIN
            CODE    8987H     0117H     UNIT         ?PR?_ADJUSTAUTODAYNIGHT?MAIN
            CODE    8A9EH     0113H     UNIT         ?PR?_DISPLAYINFORMATION?HS_DISPLAYOSD
            CODE    8BB1H     010FH     UNIT         ?PR?MAIN_LOOP?MAIN
            CODE    8CC0H     0104H     UNIT         ?PR?_DISPLAYROMFONT?OSDBASIC
            CODE    8DC4H     00FEH     UNIT         ?PR?MONWRITEBIT?MONITOR
            CODE    8EC2H     00F1H     UNIT         ?PR?_SETVIDEOMODE?OSDMENU
            CODE    8FB3H     00EAH     UNIT         ?PR?DISPLAYGAUGEOSD?HS_DISPLAYOSD
            CODE    909DH     00E5H     UNIT         ?PR?DISPLAYOSDMENU?OSDMENU
            CODE    9182H     00E4H     UNIT         ?PR?_LCDPOWERON?TW88
BL51 BANKED LINKER/LOCATER V6.22.2.0                                                  06/22/2022  16:23:04  PAGE 4


            CODE    9266H     00E3H     UNIT         ?CO?DISPINFO
            CODE    9349H     00E0H     UNIT         ?PR?_DRAWNUM?OSDMENU
            CODE    9429H     00E0H     UNIT         ?CO?HS_DISPLAYOSD
            CODE    9509H     00DEH     UNIT         ?PR?MONDUMPI2C?MONITOR
            CODE    95E7H     00DBH     UNIT         ?PR?DISPLAYCURSOR?OSDMENU
            CODE    96C2H     00D3H     UNIT         ?PR?CHECKDECODERINPUT?MAIN
            CODE    9795H     00D2H     UNIT         ?PR?_DRAWSTRINGBYLANG?OSDMENU
            CODE    9867H     00CEH     UNIT         ?PR?DISPLAYVOL?DISPINFO
            CODE    9935H     00CEH     UNIT         ?PR?_ACTIONREMO?KEYREMO
            CODE    9A03H     00C4H     UNIT         ?PR?OSDBASIC
            CODE    9AC7H     00BFH     UNIT         ?PR?_INITVIDEODATA?MAIN
            CODE    9B86H     00BCH     UNIT         ?PR?MONNEWDUMPI2C?MONITOR
            CODE    9C42H     00B6H     UNIT         ?PR?CHECKMIRROR?HS_KEYREMO
            CODE    9CF8H     00AEH     UNIT         ?PR?_SETPCCOLOR?OSDMENU
            CODE    9DA6H     00AAH     UNIT         ?PR?SETSELECTMODE?HS_KEYREMO
            CODE    9E50H     00A7H     UNIT         ?PR?OSDHIGHMENU_SUB?OSDMENU
            CODE    9EF7H     00A6H     UNIT         ?PR?_DISPLAYVIEWBAR?OSDMENU
            CODE    9F9DH     00A5H     UNIT         ?PR?_DISPLAYVOLUMEBAR?OSDMENU
            CODE    A042H     00A5H     UNIT         ?PR?_MAPPING1?TW88
            CODE    A0E7H     00A4H     UNIT         ?PR?MAIN?MAIN
            CODE    A18BH     00A4H     UNIT         ?PR?_SETVIDEOSHARPNESS?OSDMENU
            CODE    A22FH     00A2H     UNIT         ?PR?_INITOSDWINDOW?OSDBASIC
            CODE    A2D1H     00A2H     UNIT         ?PR?MONHELP?MONITOR
            CODE    A373H     009EH     UNIT         ?PR?CHECKANDCLEAROSD?DISPINFO
            CODE    A411H     009EH     UNIT         ?PR?_CHANGEVIDEODATA?OSDMENU
            CODE    A4AFH     0096H     UNIT         ?PR?_DOACTION?OSDMENU
            CODE    A545H     008FH     UNIT         ?PR?INITTECHWELL?CPU
            CODE    A5D4H     008CH     UNIT         ?C_C51STARTUP
            CODE    A660H     0088H     UNIT         ?PR?SETPOSSIBLEAUTODETECTSTDEE?ETC_EEP
            CODE    A6E8H     0083H     UNIT         ?PR?INITOSDMENU?OSDMENU
            CODE    A76BH     0083H     UNIT         ?PR?SEND_PELCOP_COMMAND?HS_DVRPROTOCOL
            CODE    A7EEH     0082H     UNIT         ?PR?_AWT_DISPLAYVIEWBAR?OSDMENU
            CODE    A870H     0082H     UNIT         ?PR?_CHECKSOURCEMODE?HS_KEYREMO
            CODE    A8F2H     0082H     UNIT         ?PR?SEND_PELCOD_COMMAND?HS_DVRPROTOCOL
            CODE    A974H     007DH     UNIT         ?PR?_HS_DISPLAY2835CLKTUNEVAL?KEYREMO
            CODE    A9F1H     007DH     UNIT         ?PR?WAITPOWERON?MAIN
            CODE    AA6EH     007CH     UNIT         ?PR?_SETPCCOLORTEMP?OSDMENU
            CODE    AAEAH     0079H     UNIT         ?PR?_SETVIDEOSATURATION?OSDMENU
            CODE    AB63H     0079H     UNIT         ?PR?_MONINCDECI2C?MONITOR
            CODE    ABDCH     0077H     UNIT         ?PR?MONWRITEI2C?MONITOR
            CODE    AC53H     0070H     UNIT         ?PR?_A2I?MONITOR
            CODE    ACC3H     006AH     UNIT         ?PR?RESETVIDEOVALUE?OSDMENU
            CODE    AD2DH     0069H     UNIT         ?PR?_I2CWRITEDATA?I2C
            CODE    AD96H     0069H     UNIT         ?PR?_SETVIDEOBACKLIGHT?OSDMENU
            CODE    ADFFH     0067H     UNIT         ?PR?PRINTF
            CODE    AE66H     0066H     UNIT         ?PR?_SETRGBCONTRAST?OSDMENU
            CODE    AECCH     0065H     UNIT         ?PR?CHANGE_OSDCOLORLOOKUP?OSDBASIC
            CODE    AF31H     0063H     UNIT         ?PR?SETREARSOURCE?HS_KEYREMO
            CODE    AF94H     0061H     UNIT         ?PR?GETFWREVEE?ETC_EEP
            CODE    AFF5H     0061H     UNIT         ?PR?_GETKEY?KEYREMO
            CODE    B056H     0060H     UNIT         ?PR?TW88
            CODE    B0B6H     005FH     UNIT         ?PR?DETECTDECODERINPUT?TW88
            CODE    B115H     005EH     UNIT         ?PR?CLEAROSDINFO?DISPINFO
            CODE    B173H     005EH     UNIT         ?PR?_DOWNLOADFONT?OSDBASIC
            CODE    B1D1H     005CH     UNIT         ?PR?INITOSDMENUXY?OSDMENU
            CODE    B22DH     005CH     UNIT         ?PR?HS_KEYREMO
            CODE    B289H     005AH     UNIT         ?PR?MONNEWWRITEI2C?MONITOR
BL51 BANKED LINKER/LOCATER V6.22.2.0                                                  06/22/2022  16:23:04  PAGE 5


            CODE    B2E3H     0059H     UNIT         ?PR?GETVINPUTSTDINX?MAIN
            CODE    B33CH     0058H     UNIT         ?PR?CHECKPANELIMAGE?OSDMENU
            CODE    B394H     0058H     UNIT         ?PR?_SETVIDEOHUE?OSDMENU
            CODE    B3ECH     0058H     UNIT         ?CO?TW88
            CODE    B444H     0055H     UNIT         ?PR?_GETOSDWINDOWY?OSDBASIC
            CODE    B499H     0053H     UNIT         ?PR?SETJUMPMODE?HS_KEYREMO
            CODE    B4ECH     0052H     UNIT         ?PR?_I2CDEVICEINITIALIZE?MAIN
            CODE    B53EH     0051H     UNIT         ?PR?_CAMOUTDSEL?OSDMENU
            CODE    B58FH     004FH     UNIT         ?PR?INITCPU?CPU
            CODE    B5DEH     004CH     UNIT         ?PR?MONNEWREADI2C?MONITOR
            CODE    B62AH     004BH     UNIT         ?PR?MONREADI2C?MONITOR
            CODE    B675H     0049H     UNIT         ?PR?_GETOSDWINDOWX?OSDBASIC
            CODE    B6BEH     0049H     UNIT         ?PR?CLEARCURSOR?OSDMENU
            CODE    B707H     0049H     UNIT         ?PR?HS_DVRPROTOCOL
            CODE    B750H     0048H     UNIT         ?PR?_WAIT_MS?CPU
            CODE    B798H     0047H     UNIT         ?PR?_WRITEEEP?I2C
            CODE    B7DFH     0045H     UNIT         ?PR?_GETLOWERMENUITEM?OSDMENU
            CODE    B824H     0044H     UNIT         ?PR?_SAVEFWREVEE?ETC_EEP
            CODE    B868H     0043H     UNIT         ?PR?_SHOWOSDWINDOW_TW88?OSDBASIC
            CODE    B8ABH     0042H     UNIT         ?PR?DOWNLOADUDFONT?OSDBASIC
            CODE    B8EDH     0041H     UNIT         ?PR?_WRITEI2CN?I2C
            CODE    B92EH     0041H     UNIT         ?PR?_SETOSDWINDOWY_TW88?OSDBASIC
            CODE    B96FH     0041H     UNIT         ?PR?_GETTARGETCHILD?OSDMENU
            CODE    B9B0H     003EH     UNIT         ?PR?_WRITEI2CND?I2C
            CODE    B9EEH     003EH     UNIT         ?PR?_SETOSDWINDOWX_TW88?OSDBASIC
            CODE    BA2CH     003DH     UNIT         ?PR?GETTIME_MS?CPU
            CODE    BA69H     003DH     UNIT         ?PR?MONTXDUMP?MONITOR
            CODE    BAA6H     003CH     UNIT         ?PR?CLOSEOSDMENU?OSDMENU
            CODE    BAE2H     003CH     UNIT         ?PR?_STRICMP?MONITOR
            CODE    BB1EH     003BH     UNIT         ?PR?SERIAL2_INT?CPU
            CODE    BB59H     003BH     UNIT         ?PR?SEQMODE?HS_KEYREMO
            CODE    BB94H     003AH     UNIT         ?PR?HS_DISPLAYOSD
            CODE    BBCEH     0039H     UNIT         ?PR?_READI2C?I2C
            CODE    BC07H     0039H     UNIT         ?PR?_WRITEI2CN_?I2C
            CODE    BC40H     0039H     UNIT         ?PR?_SETVINPUTSTD?MAIN
            CODE    BC79H     0039H     UNIT         ?PR?_ASC2BIN?MONITOR
            CODE    BCB2H     0038H     UNIT         ?PR?SERIAL_INT?CPU
            CODE    BCEAH     0038H     UNIT         ?PR?LCDPOWER?TW88
            CODE    BD22H     0037H     UNIT         ?PR?VLOSSHANDLER?DISPINFO
            CODE    BD59H     0034H     UNIT         ?PR?WAITENDOFDISPLAYAREA?OSDBASIC
            CODE    BD8DH     0034H     UNIT         ?PR?SETNOWMODE?HS_KEYREMO
            CODE    BDC1H     0034H     UNIT         ?PR?_ASC1BIN?MONITOR
            CODE    BDF5H     0033H     UNIT         ?PR?REMOMENU_MENUKEY?KEYREMO
            CODE    BE28H     0033H     UNIT         ?PR?_WRITESTRINGTOADDR?OSDBASIC
            CODE    BE5BH     0033H     UNIT         ?PR?OPENOSDMENU?OSDMENU
            CODE    BE8EH     0033H     UNIT         ?PR?_PRINTF?PRINTF
            CODE    BEC1H     0031H     UNIT         ?PR?_DRAWATTRCNT?OSDBASIC
            CODE    BEF2H     0030H     UNIT         ?PR?I2CREADDATA?I2C
            CODE    BF22H     0030H     UNIT         ?PR?_SETVIDEOBRIGHTNESS?OSDMENU
            CODE    BF52H     002FH     UNIT         ?PR?_SHOWOSDWINDOWALL?OSDBASIC
            CODE    BF81H     002FH     UNIT         ?PR?_GET_CURSOR_ITEM?OSDMENU
            CODE    BFB0H     002EH     UNIT         ?PR?CLEARTVINFO?DISPINFO
            CODE    BFDEH     002DH     UNIT         ?PR?_CLEARDATACNT?OSDBASIC
            CODE    C00BH     002DH     UNIT         ?PR?PUSHMENU?OSDMENU
            CODE    C038H     002CH     UNIT         ?PR?MAIN
            CODE    C064H     002CH     UNIT         ?CO?HS_DVRPROTOCOL
            CODE    C090H     0029H     UNIT         ?PR?_SETVIDEOCONTRAST?OSDMENU
BL51 BANKED LINKER/LOCATER V6.22.2.0                                                  06/22/2022  16:23:04  PAGE 6


            CODE    C0B9H     0028H     UNIT         ?PR?SAVEVALUE1?OSDMENU
            CODE    C0E1H     0026H     UNIT         ?PR?_READEEP?I2C
            CODE    C107H     0026H     UNIT         ?PR?_WRITEI2C?I2C
            CODE    C12DH     0025H     UNIT         ?PR?_POWERLED?CPU
            CODE    C152H     0023H     UNIT         ?PR?READVINPUTSTD?MAIN
            CODE    C175H     0022H     UNIT         ?PR?CLEARBASICEE?ETC_EEP
            CODE    C197H     0022H     UNIT         ?PR?PROMPT?MONITOR
            CODE    C1B9H     0020H     UNIT         ?PR?SETAUTODETECTSTD?TW88
            CODE    C1D9H     001FH     UNIT         ?PR?_DIFFTIME_MS?CPU
            CODE    C1F8H     001FH     UNIT         ?PR?GETNEXTINPUTSELECTION?MAIN
            CODE    C217H     001EH     UNIT         ?PR?INITVARS?CPU
            CODE    C235H     001EH     UNIT         ?PR?I2C
            CODE    C253H     001EH     UNIT         ?PR?_SETLANGUAGE?OSDMENU
            CODE    C271H     001DH     UNIT         ?PR?_CLEARAUTODETECTSTD?TW88
            CODE    C28EH     001CH     UNIT         ?PR?RS_RX?CPU
            CODE    C2AAH     001CH     UNIT         ?PR?DISPINFO
            CODE    C2C6H     001CH     UNIT         ?PR?POPMENU?OSDMENU
            CODE    C2E2H     001CH     UNIT         ?PR?_GETNEXTCURSORMENUITEM?OSDMENU
            CODE    C2FEH     001CH     UNIT         ?PR?COMPOSITE1INPUT?TW88
            CODE    C31AH     001CH     UNIT         ?PR?COMPOSITE2INPUT?TW88
            CODE    C336H     001CH     UNIT         ?PR?COMPOSITE3INPUT?TW88
            CODE    C352H     001CH     UNIT         ?PR?COMPOSITE4INPUT?TW88
            CODE    C36EH     001CH     UNIT         ?PR?_TOUPPER?MONITOR
            CODE    C38AH     001BH     UNIT         ?PR?REMOVOLUP_RIGHTKEY?KEYREMO
            CODE    C3A5H     001BH     UNIT         ?PR?REMOVOLDN_LEFTKEY?KEYREMO
            CODE    C3C0H     001BH     UNIT         ?PR?_STRLEN?OSDBASIC
            CODE    C3DBH     001BH     UNIT         ?PR?_PUTS?PRINTF
            CODE    C3F6H     0019H     UNIT         ?CO?AUDIO
            CODE    C40FH     0018H     UNIT         ?PR?_DELAY?CPU
            CODE    C427H     0016H     UNIT         ?PR?CLEARINPUT?DISPINFO
            CODE    C43DH     0014H     UNIT         ?PR?KEYREMO
            CODE    C451H     0013H     UNIT         ?PR?CPU
            CODE    C464H     0012H     UNIT         ?PR?I2CSTART?I2C
            CODE    C476H     0011H     UNIT         ?PR?ISNOINPUT?MAIN
            CODE    C487H     0011H     UNIT         ?PR?GETOSDLANG?OSDMENU
            CODE    C498H     0011H     UNIT         ?CO?PRINTF
            CODE    C4A9H     0010H     UNIT         ?PR?HS_INITVARS?MAIN
            CODE    C4B9H     000FH     UNIT         ?PR?TIMER2_INT?CPU
            CODE    C4C8H     000FH     UNIT         ?PR?CLEARVLOSSOSD?DISPINFO
            CODE    C4D7H     000FH     UNIT         ?PR?CLEARMUTEINFO?DISPINFO
            CODE    C4E6H     000FH     UNIT         ?PR?CLEARGAUGEINFO?HS_DISPLAYOSD
            CODE    C4F5H     000DH     UNIT         ?PR?REMOCHNUP_UPKEY?KEYREMO
            CODE    C502H     000DH     UNIT         ?PR?REMOCHNDN_DNKEY?KEYREMO
            CODE    C50FH     000DH     UNIT         ?PR?POWEROFF?MAIN
            CODE    C51CH     000CH     UNIT         ?PR?_CLEARDISPLAYEDOSD?DISPINFO
            CODE    C528H     000CH     UNIT         ?PR?SETOSDLASTKEYINTIME?MAIN
            CODE    C534H     000CH     UNIT         ?PR?CLEARVALUEWIN?OSDMENU
            CODE    C540H     000BH     UNIT         ?PR?RS_READY?CPU
            CODE    C54BH     000AH     UNIT         ?PR?CLEARINPUT2S?DISPINFO
            CODE    C555H     000AH     UNIT         ?PR?_GETVIDEODATAFROMEE?ETC_EEP
            CODE    C55FH     0009H     UNIT         ?PR?_SAVEDEBUGLEVELEE?ETC_EEP
            CODE    C568H     0009H     UNIT         ?PR?_SAVEOSDPOSITIONMODEEE?ETC_EEP
            CODE    C571H     0009H     UNIT         ?PR?_SAVEVIDEODATATOEE?ETC_EEP
            CODE    C57AH     0009H     UNIT         ?PR?_SAVEINPUTSELECTIONEE?ETC_EEP
            CODE    C583H     0009H     UNIT         ?PR?_SAVEOSDLANGEE?ETC_EEP
            CODE    C58CH     0009H     UNIT         ?PR?_SETAUDIOVOLEE?ETC_EEP
            CODE    C595H     0009H     UNIT         ?PR?_SETPCAUDIOVOLEE?ETC_EEP
BL51 BANKED LINKER/LOCATER V6.22.2.0                                                  06/22/2022  16:23:04  PAGE 7


            CODE    C59EH     0009H     UNIT         ?PR?POWERDOWN_XTAL?MAIN
            CODE    C5A7H     0009H     UNIT         ?PR?GETOSDLASTKEYINTIME?MAIN
            CODE    C5B0H     0009H     UNIT         ?PR?_GETUPPERMENUITEM?OSDMENU
            CODE    C5B9H     0009H     UNIT         ?PR?AUDIOMUTE?AUDIO
            CODE    C5C2H     0008H     UNIT         ?PR?_RS2_TX?CPU
            CODE    C5CAH     0007H     UNIT         ?PR?_SETDISPLAYEDOSD?DISPINFO
            CODE    C5D1H     0007H     UNIT         ?PR?GETDEBUGLEVELEE?ETC_EEP
            CODE    C5D8H     0007H     UNIT         ?PR?GETPOSSIBLEAUTODETECTSTDEE?ETC_EEP
            CODE    C5DFH     0007H     UNIT         ?PR?GETOSDPOSITIONMODEEE?ETC_EEP
            CODE    C5E6H     0007H     UNIT         ?PR?GETOSDLANGEE?ETC_EEP
            CODE    C5EDH     0007H     UNIT         ?PR?GETAUDIOVOLEE?ETC_EEP
            CODE    C5F4H     0007H     UNIT         ?PR?GETPCAUDIOVOLEE?ETC_EEP
            CODE    C5FBH     0007H     UNIT         ?PR?_GETVIDEODATAWITHOFFSET?OSDMENU
            CODE    C602H     0006H     UNIT         ?PR?GETDISPLAYEDOSD?DISPINFO
            CODE    C608H     0006H     UNIT         ?PR?GETINPUTSELECTION?MAIN
            CODE    C60EH     0003H     UNIT         ?PR?EXT1_INT?CPU
            CODE    C611H     0003H     UNIT         ?PR?GETOSDPOSITIONMODE?OSDMENU
            CODE    C614H     0003H     UNIT         ?PR?ISINPUTANALOGRGB?OSDMENU
            CODE    C617H     0003H     UNIT         ?PR?_MON_TX?MONITOR
            CODE    C61AH     0003H     UNIT         ?PR?_SETMONADDRESS?MONITOR
            CODE    C61DH     0001H     UNIT         ?PR?DD?I2C
            CODE    C61EH     0001H     UNIT         ?PR?ON_LVDS?TW88
            CODE    C61FH     0001H     UNIT         ?PR?OFF_LVDS?TW88



OVERLAY MAP OF MODULE:   .\Output\TW8816 (ADC)


SEGMENT                                             BIT_GROUP          XDATA_GROUP
  +--> CALLED SEGMENT                            START    LENGTH     START    LENGTH
------------------------------------------------------------------------------------
?PR?TIMER0_INT?CPU                               -----    -----      -----    -----
  +--> ?PR?CPU

*** NEW ROOT ***************************************************

?C_C51STARTUP                                    -----    -----      -----    -----
  +--> ?PR?MAIN?MAIN
  +--> ?C_INITSEG

?PR?MAIN?MAIN                                    -----    -----      -----    -----
  +--> ?PR?AUDIOMUTE?AUDIO
  +--> ?PR?_WAIT_MS?CPU
  +--> ?PR?INITCPU?CPU
  +--> ?PR?_POWERLED?CPU
  +--> ?PR?INITVARS?CPU
  +--> ?PR?HS_INITVARS?MAIN
  +--> ?PR?INITTECHWELL?CPU
  +--> ?PR?_SETMONADDRESS?MONITOR
  +--> ?PR?MAIN_INIT?CPU
  +--> ?PR?_WRITEI2C?I2C
  +--> ?PR?LOADEEPROM?MAIN
  +--> ?PR?_READEEP?I2C
  +--> ?PR?_CAMOUTDSEL?OSDMENU
  +--> ?CO?MAIN
  +--> ?PR?_PRINTF?PRINTF
BL51 BANKED LINKER/LOCATER V6.22.2.0                                                  06/22/2022  16:23:04  PAGE 8


  +--> ?PR?_LCDPOWERON?TW88
  +--> ?PR?_DELAY?CPU
  +--> ?PR?SETNOWMODE?HS_KEYREMO
  +--> ?PR?MAIN_LOOP?MAIN
  +--> ?PR?WAITPOWERON?MAIN

?PR?AUDIOMUTE?AUDIO                              0024H.1  0000H.1    -----    -----

?PR?_WAIT_MS?CPU                                 -----    -----      0019H    0004H

?PR?INITVARS?CPU                                 -----    -----      -----    -----
  +--> ?PR?_DELAY?CPU
  +--> ?PR?POWERDOWN_XTAL?MAIN

?PR?POWERDOWN_XTAL?MAIN                          0024H.1  0000H.1    -----    -----

?PR?INITTECHWELL?CPU                             -----    -----      -----    -----
  +--> ?CO?CPU
  +--> ?PR?_PUTS?PRINTF
  +--> ?PR?_PRINTF?PRINTF
  +--> ?PR?RS_READY?CPU
  +--> ?PR?_READI2C?I2C
  +--> ?PR?CPU
  +--> ?PR?_DELAY?CPU

?PR?_PUTS?PRINTF                                 -----    -----      0014H    0003H
  +--> ?PR?PRINTF
  +--> ?PR?_RS_TX?CPU

?PR?_PRINTF?PRINTF                               -----    -----      0019H    002EH
  +--> ?PR?_DOPRINT?PRINTF

?PR?_DOPRINT?PRINTF                              0024H.1  0000H.2    0047H    0015H
  +--> ?PR?PRINTF
  +--> ?CO?PRINTF

?PR?_READI2C?I2C                                 -----    -----      0034H    0003H
  +--> ?PR?I2CSTART?I2C
  +--> ?PR?_I2CWRITEDATA?I2C
  +--> ?PR?I2CREADDATA?I2C
  +--> ?PR?I2CSTOP?I2C

?PR?I2CSTART?I2C                                 -----    -----      -----    -----
  +--> ?PR?DD?I2C

?PR?_I2CWRITEDATA?I2C                            -----    -----      -----    -----
  +--> ?PR?I2C

?PR?I2C                                          -----    -----      -----    -----
  +--> ?PR?DD?I2C

?PR?I2CREADDATA?I2C                              -----    -----      -----    -----
  +--> ?PR?DD?I2C

?PR?I2CSTOP?I2C                                  -----    -----      -----    -----
  +--> ?PR?DD?I2C

BL51 BANKED LINKER/LOCATER V6.22.2.0                                                  06/22/2022  16:23:04  PAGE 9


?PR?MAIN_INIT?CPU                                -----    -----      0000H    0002H
  +--> ?PR?_WRITEI2C?I2C
  +--> ?PR?GETFWREVEE?ETC_EEP
  +--> ?PR?CPU
  +--> ?CO?CPU
  +--> ?PR?_PRINTF?PRINTF
  +--> ?PR?_SAVEFWREVEE?ETC_EEP
  +--> ?PR?_SAVEDEBUGLEVELEE?ETC_EEP
  +--> ?PR?_SAVEINPUTSELECTIONEE?ETC_EEP
  +--> ?PR?CLEARBASICEE?ETC_EEP
  +--> ?PR?GETDEBUGLEVELEE?ETC_EEP
  +--> ?PR?_SETVINPUTSTD?MAIN
  +--> ?PR?_LCDPOWERON?TW88
  +--> ?PR?_READEEP?I2C
  +--> ?PR?SETPOSSIBLEAUTODETECTSTDEE?ETC_EEP
  +--> ?PR?CHANGE_OSDCOLORLOOKUP?OSDBASIC
  +--> ?PR?DOWNLOADUDFONT?OSDBASIC
  +--> ?PR?_DISPLAYINFORMATION?HS_DISPLAYOSD
  +--> ?PR?_DELAY?CPU
  +--> ?PR?CLEARGAUGEINFO?HS_DISPLAYOSD
  +--> ?PR?PROMPT?MONITOR

?PR?_WRITEI2C?I2C                                -----    -----      0055H    0003H
  +--> ?PR?I2C
  +--> ?PR?I2CSTART?I2C
  +--> ?PR?_I2CWRITEDATA?I2C
  +--> ?PR?I2CSTOP?I2C

?PR?GETFWREVEE?ETC_EEP                           -----    -----      0002H    0002H
  +--> ?PR?_READEEP?I2C

?PR?_READEEP?I2C                                 -----    -----      0033H    0001H
  +--> ?PR?_READI2C?I2C
  +--> ?PR?_DELAY?CPU

?PR?_SAVEFWREVEE?ETC_EEP                         -----    -----      0002H    0002H
  +--> ?PR?_WRITEEEP?I2C

?PR?_WRITEEEP?I2C                                -----    -----      0028H    0004H
  +--> ?PR?I2CSTART?I2C
  +--> ?PR?_I2CWRITEDATA?I2C
  +--> ?PR?I2CSTOP?I2C
  +--> ?PR?_DELAY?CPU

?PR?_SAVEDEBUGLEVELEE?ETC_EEP                    -----    -----      -----    -----
  +--> ?PR?_WRITEEEP?I2C

?PR?_SAVEINPUTSELECTIONEE?ETC_EEP                -----    -----      -----    -----
  +--> ?PR?_WRITEEEP?I2C

?PR?CLEARBASICEE?ETC_EEP                         -----    -----      -----    -----
  +--> ?PR?_WRITEEEP?I2C
  +--> ?PR?RESETOSDVALUE?OSDMENU
  +--> ?PR?RESETVIDEOVALUE?OSDMENU

?PR?RESETOSDVALUE?OSDMENU                        -----    -----      -----    -----
  +--> ?CO?OSDMENU
BL51 BANKED LINKER/LOCATER V6.22.2.0                                                  06/22/2022  16:23:04  PAGE 10


  +--> ?PR?_SAVEOSDPOSITIONMODEEE?ETC_EEP
  +--> ?PR?_READEEP?I2C
  +--> ?PR?_WRITEEEP?I2C
  +--> ?PR?_CHANGEVOL?AUDIO
  +--> ?PR?_CAMOUTDSEL?OSDMENU
  +--> ?PR?_PUTS?PRINTF
  +--> ?PR?_CLEARDATACNT?OSDBASIC
  +--> ?PR?LOADEEPROM?MAIN
  +--> ?PR?_SAVEOSDLANGEE?ETC_EEP
  +--> ?PR?INITOSDMENU?OSDMENU
  +--> ?PR?CHECKMIRROR?HS_KEYREMO

?PR?_SAVEOSDPOSITIONMODEEE?ETC_EEP               -----    -----      -----    -----
  +--> ?PR?_WRITEEEP?I2C

?PR?_CHANGEVOL?AUDIO                             -----    -----      0013H    0002H
  +--> ?PR?AUDIOMUTE?AUDIO
  +--> ?CO?OSDMENU
  +--> ?PR?_WRITEI2C?I2C
  +--> ?CO?AUDIO
  +--> ?PR?_SETPCAUDIOVOLEE?ETC_EEP
  +--> ?PR?_SETAUDIOVOLEE?ETC_EEP
  +--> ?PR?_PRINTF?PRINTF

?PR?_SETPCAUDIOVOLEE?ETC_EEP                     -----    -----      -----    -----
  +--> ?PR?_WRITEEEP?I2C

?PR?_SETAUDIOVOLEE?ETC_EEP                       -----    -----      -----    -----
  +--> ?PR?_WRITEEEP?I2C

?PR?_CAMOUTDSEL?OSDMENU                          -----    -----      0009H    0001H
  +--> ?CO?OSDMENU
  +--> ?PR?_PUTS?PRINTF

?PR?_CLEARDATACNT?OSDBASIC                       -----    -----      0030H    0003H
  +--> ?PR?OSDBASIC
  +--> ?PR?_WRITEI2C?I2C
  +--> ?PR?_WRITEI2CND?I2C

?PR?OSDBASIC                                     -----    -----      -----    -----
  +--> ?CO?OSDBASIC

?PR?_WRITEI2CND?I2C                              -----    -----      0034H    0005H
  +--> ?PR?I2C
  +--> ?PR?I2CSTART?I2C
  +--> ?PR?_I2CWRITEDATA?I2C
  +--> ?PR?I2CSTOP?I2C

?PR?LOADEEPROM?MAIN                              -----    -----      -----    -----
  +--> ?PR?_READEEP?I2C
  +--> ?PR?GETAUDIOVOLEE?ETC_EEP
  +--> ?PR?GETPCAUDIOVOLEE?ETC_EEP

?PR?GETAUDIOVOLEE?ETC_EEP                        -----    -----      -----    -----
  +--> ?PR?_READEEP?I2C

?PR?GETPCAUDIOVOLEE?ETC_EEP                      -----    -----      -----    -----
BL51 BANKED LINKER/LOCATER V6.22.2.0                                                  06/22/2022  16:23:04  PAGE 11


  +--> ?PR?_READEEP?I2C

?PR?_SAVEOSDLANGEE?ETC_EEP                       -----    -----      -----    -----
  +--> ?PR?_WRITEEEP?I2C

?PR?INITOSDMENU?OSDMENU                          -----    -----      000DH    0001H
  +--> ?PR?GETOSDLANGEE?ETC_EEP
  +--> ?PR?GETINPUTSELECTION?MAIN
  +--> ?CO?OSDMENU
  +--> ?PR?OSDMENU
  +--> ?CO?OSDBASIC
  +--> ?PR?_INITOSDWINDOW?OSDBASIC
  +--> ?PR?_CLEARDATACNT?OSDBASIC
  +--> ?PR?GETOSDPOSITIONMODEEE?ETC_EEP
  +--> ?PR?INITOSDMENUXY?OSDMENU
  +--> ?PR?DISPLAYOSDMENU?OSDMENU

?PR?GETOSDLANGEE?ETC_EEP                         -----    -----      -----    -----
  +--> ?PR?_READEEP?I2C

?PR?OSDMENU                                      -----    -----      -----    -----
  +--> ?CO?OSDMENU
  +--> ?CO?MAIN

?PR?_INITOSDWINDOW?OSDBASIC                      -----    -----      0016H    0005H
  +--> ?PR?_READI2C?I2C
  +--> ?PR?_WRITEI2C?I2C
  +--> ?PR?OSDBASIC
  +--> ?PR?_WRITEI2CN_?I2C

?PR?_WRITEI2CN_?I2C                              -----    -----      001BH    0006H
  +--> ?PR?I2CSTART?I2C
  +--> ?PR?_I2CWRITEDATA?I2C
  +--> ?PR?I2C
  +--> ?PR?I2CSTOP?I2C

?PR?GETOSDPOSITIONMODEEE?ETC_EEP                 -----    -----      -----    -----
  +--> ?PR?_READEEP?I2C

?PR?INITOSDMENUXY?OSDMENU                        -----    -----      000EH    0007H
  +--> ?CO?OSDMENU
  +--> ?PR?OSDMENU
  +--> ?PR?_GETOSDWINDOWX?OSDBASIC
  +--> ?PR?_SETOSDWINDOWX_TW88?OSDBASIC
  +--> ?PR?_GETOSDWINDOWY?OSDBASIC
  +--> ?PR?_SETOSDWINDOWY_TW88?OSDBASIC

?PR?_GETOSDWINDOWX?OSDBASIC                      -----    -----      0028H    0002H
  +--> ?PR?OSDBASIC
  +--> ?PR?_WRITEI2C?I2C
  +--> ?PR?_READI2C?I2C

?PR?_SETOSDWINDOWX_TW88?OSDBASIC                 -----    -----      0015H    0003H
  +--> ?PR?OSDBASIC
  +--> ?PR?_WRITEI2C?I2C
  +--> ?PR?_READI2C?I2C

BL51 BANKED LINKER/LOCATER V6.22.2.0                                                  06/22/2022  16:23:04  PAGE 12


?PR?_GETOSDWINDOWY?OSDBASIC                      -----    -----      0028H    0002H
  +--> ?PR?OSDBASIC
  +--> ?PR?_WRITEI2C?I2C
  +--> ?PR?_READI2C?I2C

?PR?_SETOSDWINDOWY_TW88?OSDBASIC                 -----    -----      0015H    0003H
  +--> ?PR?OSDBASIC
  +--> ?PR?_WRITEI2C?I2C
  +--> ?PR?_READI2C?I2C

?PR?DISPLAYOSDMENU?OSDMENU                       -----    -----      -----    -----
  +--> ?PR?_DRAWATTRCNT?OSDBASIC
  +--> ?PR?OSDMENU
  +--> ?PR?GETINPUTSELECTION?MAIN
  +--> ?PR?_READEEP?I2C
  +--> ?PR?_DRAWMENULIST?OSDMENU
  +--> ?PR?PUSHMENU?OSDMENU
  +--> ?PR?POPMENU?OSDMENU
  +--> ?PR?DISPLAYCURSOR?OSDMENU

?PR?_DRAWATTRCNT?OSDBASIC                        -----    -----      0030H    0004H
  +--> ?PR?OSDBASIC
  +--> ?PR?_WRITEI2C?I2C
  +--> ?PR?_WRITEI2CND?I2C

?PR?_DRAWMENULIST?OSDMENU                        -----    -----      0011H    000CH
  +--> ?PR?OSDMENU
  +--> ?PR?_STRLEN?OSDBASIC
  +--> ?PR?_DRAWATTRCNT?OSDBASIC
  +--> ?PR?_WRITESTRINGTOADDR?OSDBASIC
  +--> ?PR?_CLEARDATACNT?OSDBASIC
  +--> ?PR?_WRITEI2C?I2C
  +--> ?PR?_DISPLAYOSDMENUONEITEM?OSDMENU
  +--> ?PR?_GETLOWERMENUITEM?OSDMENU

?PR?_STRLEN?OSDBASIC                             -----    -----      004FH    0003H

?PR?_WRITESTRINGTOADDR?OSDBASIC                  -----    -----      004FH    0006H
  +--> ?PR?OSDBASIC
  +--> ?PR?_WRITEI2C?I2C
  +--> ?PR?_WRITEI2CN?I2C

?PR?_WRITEI2CN?I2C                               -----    -----      0055H    0007H
  +--> ?PR?I2C
  +--> ?PR?I2CSTART?I2C
  +--> ?PR?_I2CWRITEDATA?I2C
  +--> ?PR?I2CSTOP?I2C

?PR?_DISPLAYOSDMENUONEITEM?OSDMENU               -----    -----      001DH    0013H
  +--> ?PR?OSDMENU
  +--> ?PR?_WRITESTRINGTOADDR?OSDBASIC
  +--> ?PR?_DRAWATTRCNT?OSDBASIC
  +--> ?PR?_CLEARDATACNT?OSDBASIC
  +--> ?PR?_AWT_DISPLAYVIEWBAR?OSDMENU
  +--> ?PR?_DISPLAYVIEWBAR?OSDMENU
  +--> ?PR?_GETITEMVALUE?OSDMENU
  +--> ?PR?_DRAWNUM?OSDMENU
BL51 BANKED LINKER/LOCATER V6.22.2.0                                                  06/22/2022  16:23:04  PAGE 13


  +--> ?CO?OSDMENU
  +--> ?PR?_DRAWSTRINGBYLANG?OSDMENU
  +--> ?PR?_STRLEN?OSDBASIC

?PR?_AWT_DISPLAYVIEWBAR?OSDMENU                  -----    -----      0030H    000EH
  +--> ?PR?OSDMENU
  +--> ?CO?OSDMENU
  +--> ?PR?_WRITESTRINGTOADDR?OSDBASIC

?PR?_DISPLAYVIEWBAR?OSDMENU                      -----    -----      0030H    000EH
  +--> ?PR?OSDMENU
  +--> ?CO?OSDMENU
  +--> ?PR?_WRITESTRINGTOADDR?OSDBASIC

?PR?_GETITEMVALUE?OSDMENU                        -----    -----      0030H    0003H
  +--> ?PR?GETOSDPOSITIONMODE?OSDMENU
  +--> ?PR?_READEEP?I2C
  +--> ?PR?_GETVIDEODATAWITHOFFSET?OSDMENU
  +--> ?PR?OSDMENU

?PR?GETOSDPOSITIONMODE?OSDMENU                   -----    -----      -----    -----
  +--> ?PR?GETOSDPOSITIONMODEEE?ETC_EEP

?PR?_GETVIDEODATAWITHOFFSET?OSDMENU              -----    -----      -----    -----
  +--> ?PR?_GETVIDEODATAFROMEE?ETC_EEP
  +--> ?PR?OSDMENU

?PR?_GETVIDEODATAFROMEE?ETC_EEP                  -----    -----      -----    -----
  +--> ?PR?_READEEP?I2C

?PR?_DRAWNUM?OSDMENU                             -----    -----      0030H    001FH
  +--> ?PR?OSDMENU
  +--> ?CO?OSDMENU
  +--> ?PR?_UTOA?OSDBASIC
  +--> ?PR?_STRLEN?OSDBASIC
  +--> ?PR?_WRITESTRINGTOADDR?OSDBASIC

?PR?_UTOA?OSDBASIC                               -----    -----      004FH    000EH
  +--> ?PR?OSDBASIC

?PR?_DRAWSTRINGBYLANG?OSDMENU                    -----    -----      0030H    0018H
  +--> ?PR?OSDMENU
  +--> ?CO?OSDMENU
  +--> ?PR?_WRITESTRINGTOADDR?OSDBASIC
  +--> ?PR?_STRLEN?OSDBASIC

?PR?_GETLOWERMENUITEM?OSDMENU                    -----    -----      001DH    0004H

?PR?PUSHMENU?OSDMENU                             -----    -----      -----    -----
  +--> ?PR?OSDMENU

?PR?POPMENU?OSDMENU                              -----    -----      -----    -----
  +--> ?PR?OSDMENU

?PR?DISPLAYCURSOR?OSDMENU                        -----    -----      000EH    0004H
  +--> ?PR?OSDMENU
  +--> ?PR?_DRAWATTRCNT?OSDBASIC
BL51 BANKED LINKER/LOCATER V6.22.2.0                                                  06/22/2022  16:23:04  PAGE 14


  +--> ?PR?_GETITEMVALUE?OSDMENU

?PR?CHECKMIRROR?HS_KEYREMO                       -----    -----      0018H    0001H
  +--> ?PR?_READEEP?I2C
  +--> ?PR?_WRITEI2C?I2C
  +--> ?PR?_WAIT_MS?CPU

?PR?RESETVIDEOVALUE?OSDMENU                      -----    -----      0009H    0002H
  +--> ?PR?OSDMENU
  +--> ?CO?OSDMENU
  +--> ?PR?_SETVIDEOMODE?OSDMENU
  +--> ?PR?_SAVEVIDEODATATOEE?ETC_EEP

?PR?_SETVIDEOMODE?OSDMENU                        -----    -----      0019H    0007H
  +--> ?PR?_WRITEEEP?I2C
  +--> ?CO?OSDMENU
  +--> ?PR?_WRITEI2C?I2C
  +--> ?PR?OSDMENU
  +--> ?PR?_GETVIDEODATAWITHOFFSET?OSDMENU
  +--> ?PR?_SETVIDEOCONTRAST?OSDMENU
  +--> ?PR?_SETVIDEOBRIGHTNESS?OSDMENU
  +--> ?PR?_SETVIDEOSATURATION?OSDMENU
  +--> ?PR?_SETVIDEOHUE?OSDMENU
  +--> ?PR?_MAPPING1?TW88
  +--> ?PR?_READI2C?I2C

?PR?_SETVIDEOCONTRAST?OSDMENU                    -----    -----      0020H    0002H
  +--> ?PR?OSDMENU
  +--> ?CO?OSDMENU
  +--> ?PR?_MAPPING1?TW88
  +--> ?PR?_WRITEI2C?I2C

?PR?_MAPPING1?TW88                               -----    -----      0024H    000FH
  +--> ?PR?TW88

?PR?_SETVIDEOBRIGHTNESS?OSDMENU                  -----    -----      0020H    0002H
  +--> ?PR?OSDMENU
  +--> ?CO?OSDMENU
  +--> ?PR?_MAPPING1?TW88
  +--> ?PR?ISINPUTANALOGRGB?OSDMENU
  +--> ?PR?_WRITEI2C?I2C

?PR?_SETVIDEOSATURATION?OSDMENU                  -----    -----      0020H    0004H
  +--> ?PR?ISINPUTANALOGRGB?OSDMENU
  +--> ?PR?OSDMENU
  +--> ?CO?OSDMENU
  +--> ?PR?_MAPPING1?TW88
  +--> ?PR?_READI2C?I2C
  +--> ?PR?_WRITEI2C?I2C

?PR?_SETVIDEOHUE?OSDMENU                         -----    -----      0020H    0003H
  +--> ?PR?OSDMENU
  +--> ?CO?OSDMENU
  +--> ?PR?_MAPPING1?TW88
  +--> ?PR?_READI2C?I2C
  +--> ?PR?ISINPUTANALOGRGB?OSDMENU
  +--> ?PR?_WRITEI2C?I2C
BL51 BANKED LINKER/LOCATER V6.22.2.0                                                  06/22/2022  16:23:04  PAGE 15



?PR?_SAVEVIDEODATATOEE?ETC_EEP                   -----    -----      -----    -----
  +--> ?PR?_WRITEEEP?I2C

?PR?GETDEBUGLEVELEE?ETC_EEP                      -----    -----      -----    -----
  +--> ?PR?_READEEP?I2C

?PR?_SETVINPUTSTD?MAIN                           -----    -----      -----    -----
  +--> ?PR?MAIN

?PR?MAIN                                         -----    -----      -----    -----
  +--> ?CO?MAIN

?PR?_LCDPOWERON?TW88                             -----    -----      0013H    0001H
  +--> ?PR?CHECKTRIGGER?HS_KEYREMO
  +--> ?PR?_POWERLED?CPU
  +--> ?PR?OFF_LVDS?TW88
  +--> ?PR?_DELAY?CPU
  +--> ?PR?ON_LVDS?TW88
  +--> ?PR?_WRITEI2C?I2C
  +--> ?CO?TW88
  +--> ?PR?_PUTS?PRINTF
  +--> ?PR?_WAIT_MS?CPU
  +--> ?PR?_GETKEY?KEYREMO
  +--> ?PR?_PRINTF?PRINTF

?PR?CHECKTRIGGER?HS_KEYREMO                      -----    -----      0014H    0001H
  +--> ?PR?_WAIT_MS?CPU

?PR?_GETKEY?KEYREMO                              0024H.1  0000H.1    -----    -----

?PR?SETPOSSIBLEAUTODETECTSTDEE?ETC_EEP           -----    -----      0002H    0002H
  +--> ?CO?MAIN
  +--> ?PR?_WRITEEEP?I2C

?PR?CHANGE_OSDCOLORLOOKUP?OSDBASIC               -----    -----      000DH    0002H
  +--> ?PR?OSDBASIC
  +--> ?CO?UDFONT
  +--> ?PR?_WRITEI2C?I2C

?PR?DOWNLOADUDFONT?OSDBASIC                      -----    -----      0005H    0001H
  +--> ?PR?_WRITEI2C?I2C
  +--> ?CO?UDFONT
  +--> ?PR?_DOWNLOADFONT?OSDBASIC

?PR?_DOWNLOADFONT?OSDBASIC                       -----    -----      0006H    0004H
  +--> ?PR?_READI2C?I2C
  +--> ?PR?_WRITEI2C?I2C
  +--> ?PR?_WRITEI2CN?I2C

?PR?_DISPLAYINFORMATION?HS_DISPLAYOSD            -----    -----      0004H    0001H
  +--> ?PR?_CLEARDATACNT?OSDBASIC
  +--> ?CO?HS_DISPLAYOSD
  +--> ?PR?_INITOSDWINDOW?OSDBASIC
  +--> ?PR?HS_DISPLAYOSD
  +--> ?PR?_DRAWATTRCNT?OSDBASIC
  +--> ?PR?_SHOWOSDWINDOW_TW88?OSDBASIC
BL51 BANKED LINKER/LOCATER V6.22.2.0                                                  06/22/2022  16:23:04  PAGE 16


  +--> ?PR?WAITENDOFDISPLAYAREA?OSDBASIC
  +--> ?PR?_WRITESTRINGTOADDR?OSDBASIC
  +--> ?PR?_SETDISPLAYEDOSD?DISPINFO
  +--> ?PR?_SHOWOSDWINDOWALL?OSDBASIC
  +--> ?PR?_WRITEI2C?I2C

?PR?HS_DISPLAYOSD                                -----    -----      -----    -----
  +--> ?CO?HS_DISPLAYOSD

?PR?_SHOWOSDWINDOW_TW88?OSDBASIC                 -----    -----      0018H    0002H
  +--> ?PR?OSDBASIC
  +--> ?PR?_WRITEI2C?I2C
  +--> ?PR?_READI2C?I2C
  +--> ?PR?WAITENDOFDISPLAYAREA?OSDBASIC

?PR?WAITENDOFDISPLAYAREA?OSDBASIC                -----    -----      0028H    0002H
  +--> ?PR?_READI2C?I2C

?PR?_SHOWOSDWINDOWALL?OSDBASIC                   -----    -----      0018H    0002H
  +--> ?PR?WAITENDOFDISPLAYAREA?OSDBASIC
  +--> ?PR?_READI2C?I2C
  +--> ?PR?_WRITEI2C?I2C

?PR?CLEARGAUGEINFO?HS_DISPLAYOSD                 -----    -----      -----    -----
  +--> ?PR?_SHOWOSDWINDOW_TW88?OSDBASIC

?PR?PROMPT?MONITOR                               -----    -----      -----    -----
  +--> ?CO?MONITOR
  +--> ?PR?_PRINTF?PRINTF

?PR?SETNOWMODE?HS_KEYREMO                        -----    -----      -----    -----
  +--> ?CO?HS_KEYREMO
  +--> ?PR?HS_KEYREMO
  +--> ?PR?_PRINTF?PRINTF
  +--> ?PR?_CHECKSOURCEMODE?HS_KEYREMO
  +--> ?PR?_READEEP?I2C

?PR?_CHECKSOURCEMODE?HS_KEYREMO                  -----    -----      -----    -----
  +--> ?CO?HS_KEYREMO
  +--> ?PR?_PRINTF?PRINTF
  +--> ?PR?_CHANGEINPUT?MAIN
  +--> ?PR?DISPLAYINPUT?DISPINFO
  +--> ?PR?_WRITEEEP?I2C
  +--> ?PR?HS_KEYREMO

?PR?_CHANGEINPUT?MAIN                            -----    -----      0012H    0001H
  +--> ?PR?_WRITEI2C?I2C
  +--> ?PR?_INITVIDEODATA?MAIN
  +--> ?PR?COMPOSITE1INPUT?TW88
  +--> ?PR?_CHANGEVOL?AUDIO
  +--> ?PR?_READI2C?I2C
  +--> ?CO?MAIN
  +--> ?PR?COMPOSITE4INPUT?TW88
  +--> ?PR?COMPOSITE3INPUT?TW88
  +--> ?PR?COMPOSITE2INPUT?TW88
  +--> ?PR?_WAIT_MS?CPU
  +--> ?PR?MAIN
BL51 BANKED LINKER/LOCATER V6.22.2.0                                                  06/22/2022  16:23:04  PAGE 17


  +--> ?PR?_PRINTF?PRINTF
  +--> ?PR?CHECKPANELIMAGE?OSDMENU
  +--> ?PR?_SAVEINPUTSELECTIONEE?ETC_EEP
  +--> ?PR?_DELAY?CPU
  +--> ?PR?CHECKDECODERINPUT?MAIN
  +--> ?PR?CHECKMIRROR?HS_KEYREMO
  +--> ?PR?DISPLAYINPUT?DISPINFO
  +--> ?PR?_LCDPOWERON?TW88

?PR?_INITVIDEODATA?MAIN                          -----    -----      0018H    0001H
  +--> ?CO?TABLE
  +--> ?PR?_I2CDEVICEINITIALIZE?MAIN
  +--> ?PR?_CLEARAUTODETECTSTD?TW88
  +--> ?PR?SETAUTODETECTSTD?TW88
  +--> ?PR?_WRITEI2C?I2C
  +--> ?PR?_READEEP?I2C
  +--> ?PR?_SETVIDEOMODE?OSDMENU
  +--> ?CO?MAIN
  +--> ?PR?MAIN
  +--> ?PR?_PRINTF?PRINTF

?PR?_I2CDEVICEINITIALIZE?MAIN                    -----    -----      0019H    0006H
  +--> ?PR?MAIN
  +--> ?PR?_WRITEI2C?I2C

?PR?_CLEARAUTODETECTSTD?TW88                     -----    -----      0019H    0001H
  +--> ?PR?_READI2C?I2C
  +--> ?PR?_WRITEI2C?I2C

?PR?SETAUTODETECTSTD?TW88                        -----    -----      -----    -----
  +--> ?PR?GETPOSSIBLEAUTODETECTSTDEE?ETC_EEP
  +--> ?PR?_WRITEI2C?I2C
  +--> ?PR?_READI2C?I2C

?PR?GETPOSSIBLEAUTODETECTSTDEE?ETC_EEP           -----    -----      -----    -----
  +--> ?PR?_READEEP?I2C

?PR?COMPOSITE1INPUT?TW88                         -----    -----      -----    -----
  +--> ?PR?_WRITEI2C?I2C
  +--> ?PR?TW88
  +--> ?PR?_READI2C?I2C

?PR?COMPOSITE4INPUT?TW88                         -----    -----      -----    -----
  +--> ?PR?_WRITEI2C?I2C
  +--> ?PR?TW88
  +--> ?PR?_READI2C?I2C

?PR?COMPOSITE3INPUT?TW88                         -----    -----      -----    -----
  +--> ?PR?_WRITEI2C?I2C
  +--> ?PR?TW88
  +--> ?PR?_READI2C?I2C

?PR?COMPOSITE2INPUT?TW88                         -----    -----      -----    -----
  +--> ?PR?_WRITEI2C?I2C
  +--> ?PR?TW88
  +--> ?PR?_READI2C?I2C

BL51 BANKED LINKER/LOCATER V6.22.2.0                                                  06/22/2022  16:23:04  PAGE 18


?PR?CHECKPANELIMAGE?OSDMENU                      -----    -----      -----    -----
  +--> ?PR?_READI2C?I2C
  +--> ?PR?_WRITEI2C?I2C

?PR?CHECKDECODERINPUT?MAIN                       -----    -----      0013H    0005H
  +--> ?PR?DETECTDECODERINPUT?TW88
  +--> ?PR?_SETVINPUTSTD?MAIN
  +--> ?PR?CLEARGAUGEINFO?HS_DISPLAYOSD
  +--> ?PR?_DELAY?CPU
  +--> ?PR?_INITVIDEODATA?MAIN

?PR?DETECTDECODERINPUT?TW88                      -----    -----      0018H    0002H
  +--> ?PR?_DELAY?CPU
  +--> ?PR?_READI2C?I2C

?PR?DISPLAYINPUT?DISPINFO                        -----    -----      0013H    0003H
  +--> ?PR?CLEAROSDINFO?DISPINFO
  +--> ?CO?OSDBASIC
  +--> ?PR?_INITOSDWINDOW?OSDBASIC
  +--> ?PR?_CLEARDATACNT?OSDBASIC
  +--> ?CO?DISPINFO
  +--> ?PR?DISPINFO
  +--> ?PR?_WRITESTRINGTOADDR?OSDBASIC
  +--> ?PR?GETINPUTSELECTION?MAIN
  +--> ?CO?MAIN
  +--> ?PR?_STRLEN?OSDBASIC
  +--> ?PR?_DRAWATTRCNT?OSDBASIC
  +--> ?PR?_READEEP?I2C
  +--> ?PR?_SHOWOSDWINDOW_TW88?OSDBASIC
  +--> ?PR?_SHOWOSDWINDOWALL?OSDBASIC
  +--> ?PR?VLOSSHANDLER?DISPINFO
  +--> ?PR?GETTIME_MS?CPU

?PR?CLEAROSDINFO?DISPINFO                        -----    -----      0016H    0001H
  +--> ?PR?GETDISPLAYEDOSD?DISPINFO
  +--> ?CO?DISPINFO
  +--> ?PR?_PRINTF?PRINTF
  +--> ?PR?CLEARTVINFO?DISPINFO
  +--> ?PR?CLEARMUTEINFO?DISPINFO
  +--> ?PR?CLEARINPUT?DISPINFO
  +--> ?PR?CLOSEOSDMENU?OSDMENU
  +--> ?PR?CLEARGAUGEINFO?HS_DISPLAYOSD
  +--> ?PR?CLEARVLOSSOSD?DISPINFO

?PR?CLEARTVINFO?DISPINFO                         -----    -----      -----    -----
  +--> ?PR?_SHOWOSDWINDOWALL?OSDBASIC
  +--> ?PR?CHECKMIRROR?HS_KEYREMO
  +--> ?PR?_SHOWOSDWINDOW_TW88?OSDBASIC

?PR?CLEARMUTEINFO?DISPINFO                       -----    -----      -----    -----
  +--> ?PR?_SHOWOSDWINDOW_TW88?OSDBASIC

?PR?CLEARINPUT?DISPINFO                          -----    -----      -----    -----
  +--> ?PR?_SHOWOSDWINDOWALL?OSDBASIC
  +--> ?PR?_SHOWOSDWINDOW_TW88?OSDBASIC

?PR?CLOSEOSDMENU?OSDMENU                         -----    -----      0017H    0001H
BL51 BANKED LINKER/LOCATER V6.22.2.0                                                  06/22/2022  16:23:04  PAGE 19


  +--> ?PR?_SHOWOSDWINDOWALL?OSDBASIC
  +--> ?PR?WAITENDOFDISPLAYAREA?OSDBASIC
  +--> ?PR?OSDMENU
  +--> ?PR?_WRITEI2C?I2C
  +--> ?PR?_CLEARDISPLAYEDOSD?DISPINFO
  +--> ?PR?CHECKMIRROR?HS_KEYREMO

?PR?CLEARVLOSSOSD?DISPINFO                       -----    -----      -----    -----
  +--> ?PR?_SHOWOSDWINDOW_TW88?OSDBASIC
  +--> ?PR?_CLEARDISPLAYEDOSD?DISPINFO

?PR?DISPINFO                                     -----    -----      -----    -----
  +--> ?CO?DISPINFO

?PR?VLOSSHANDLER?DISPINFO                        -----    -----      -----    -----
  +--> ?PR?GETDISPLAYEDOSD?DISPINFO
  +--> ?PR?_CLEARDISPLAYEDOSD?DISPINFO
  +--> ?PR?_CLEARDATACNT?OSDBASIC
  +--> ?CO?DISPINFO
  +--> ?PR?_PRINTF?PRINTF

?PR?GETTIME_MS?CPU                               -----    -----      0016H    0002H

?PR?MAIN_LOOP?MAIN                               -----    -----      0000H    0001H
  +--> ?CO?MAIN
  +--> ?PR?_PUTS?PRINTF
  +--> ?PR?RS_READY?CPU
  +--> ?PR?MONITOR?MONITOR
  +--> ?PR?CHECKTRIGGER?HS_KEYREMO
  +--> ?PR?_TRIGGERHANDLER?HS_KEYREMO
  +--> ?PR?SEQMODE?HS_KEYREMO
  +--> ?PR?_READI2C?I2C
  +--> ?PR?_ADJUSTAUTODAYNIGHT?MAIN
  +--> ?PR?CHECKKEYIN?KEYREMO
  +--> ?PR?GETDISPLAYEDOSD?DISPINFO
  +--> ?PR?_SETDISPLAYEDOSD?DISPINFO
  +--> ?PR?DISPLAYINPUT?DISPINFO
  +--> ?PR?_READEEP?I2C
  +--> ?PR?DISPLAYGAUGEOSD?HS_DISPLAYOSD
  +--> ?PR?CLEARINPUT2S?DISPINFO
  +--> ?PR?VLOSSHANDLER?DISPINFO
  +--> ?PR?GETINPUTSELECTION?MAIN
  +--> ?PR?CHECKDECODERINPUT?MAIN
  +--> ?PR?_WRITEI2C?I2C
  +--> ?PR?_POWERLED?CPU
  +--> ?PR?_WAIT_MS?CPU

?PR?MONITOR?MONITOR                              -----    -----      0001H    0001H
  +--> ?PR?MONGETCOMMAND?MONITOR
  +--> ?CO?MONITOR
  +--> ?PR?MONWRITEI2C?MONITOR
  +--> ?PR?MONNEWWRITEI2C?MONITOR
  +--> ?PR?MONREADI2C?MONITOR
  +--> ?PR?MONNEWREADI2C?MONITOR
  +--> ?PR?_PUTS?PRINTF
  +--> ?PR?MONDUMPI2C?MONITOR
  +--> ?PR?MONNEWDUMPI2C?MONITOR
BL51 BANKED LINKER/LOCATER V6.22.2.0                                                  06/22/2022  16:23:04  PAGE 20


  +--> ?PR?MONWRITEBIT?MONITOR
  +--> ?PR?_ASC2BIN?MONITOR
  +--> ?PR?MONHELP?MONITOR
  +--> ?PR?_PRINTF?PRINTF
  +--> ?PR?LCDPOWER?TW88
  +--> ?PR?_SAVEDEBUGLEVELEE?ETC_EEP
  +--> ?PR?MONITOR
  +--> ?PR?RS_READY?CPU
  +--> ?PR?_READI2C?I2C
  +--> ?PR?DISPLAYINPUT?DISPINFO
  +--> ?PR?_SHOWOSDWINDOWALL?OSDBASIC
  +--> ?PR?MONTXDUMP?MONITOR
  +--> ?PR?_STRICMP?MONITOR
  +--> ?PR?_DISPLAYRAMFONT?OSDBASIC
  +--> ?PR?_DISPLAYROMFONT?OSDBASIC
  +--> ?PR?PROMPT?MONITOR

?PR?MONGETCOMMAND?MONITOR                        -----    -----      0002H    0003H
  +--> ?PR?RS_READY?CPU
  +--> ?PR?RS_RX?CPU
  +--> ?PR?_MON_TX?MONITOR
  +--> ?PR?PROMPT?MONITOR
  +--> ?PR?MONITOR
  +--> ?PR?_MONINCDECI2C?MONITOR

?PR?_MON_TX?MONITOR                              -----    -----      -----    -----
  +--> ?PR?_RS_TX?CPU

?PR?MONITOR                                      -----    -----      -----    -----
  +--> ?CO?MONITOR
  +--> ?PR?_ASC2BIN?MONITOR

?PR?_ASC2BIN?MONITOR                             -----    -----      -----    -----
  +--> ?PR?_ASC1BIN?MONITOR

?PR?_MONINCDECI2C?MONITOR                        -----    -----      -----    -----
  +--> ?PR?MONITOR
  +--> ?PR?_WRITEI2C?I2C
  +--> ?PR?_READI2C?I2C
  +--> ?CO?MONITOR
  +--> ?PR?_PRINTF?PRINTF
  +--> ?PR?PROMPT?MONITOR

?PR?MONWRITEI2C?MONITOR                          -----    -----      -----    -----
  +--> ?PR?MONITOR
  +--> ?PR?_ASC2BIN?MONITOR
  +--> ?CO?MONITOR
  +--> ?PR?_PRINTF?PRINTF
  +--> ?PR?_WRITEI2C?I2C
  +--> ?PR?_READI2C?I2C

?PR?MONNEWWRITEI2C?MONITOR                       -----    -----      0002H    0001H
  +--> ?PR?MONITOR
  +--> ?PR?_ASC2BIN?MONITOR
  +--> ?PR?_WRITEI2C?I2C
  +--> ?PR?_READI2C?I2C
  +--> ?PR?_PRINTF?PRINTF
BL51 BANKED LINKER/LOCATER V6.22.2.0                                                  06/22/2022  16:23:04  PAGE 21



?PR?MONREADI2C?MONITOR                           -----    -----      -----    -----
  +--> ?PR?MONITOR
  +--> ?PR?_ASC2BIN?MONITOR
  +--> ?PR?_PRINTF?PRINTF
  +--> ?PR?_READI2C?I2C
  +--> ?CO?MONITOR

?PR?MONNEWREADI2C?MONITOR                        -----    -----      0002H    0001H
  +--> ?PR?MONITOR
  +--> ?PR?_PRINTF?PRINTF
  +--> ?PR?_ASC2BIN?MONITOR
  +--> ?PR?_READI2C?I2C

?PR?MONDUMPI2C?MONITOR                           -----    -----      0002H    0003H
  +--> ?PR?MONITOR
  +--> ?PR?_ASC2BIN?MONITOR
  +--> ?PR?_READI2C?I2C
  +--> ?CO?MONITOR
  +--> ?PR?_PRINTF?PRINTF

?PR?MONNEWDUMPI2C?MONITOR                        -----    -----      0002H    0004H
  +--> ?PR?MONITOR
  +--> ?PR?_ASC2BIN?MONITOR
  +--> ?PR?_READI2C?I2C
  +--> ?CO?MONITOR
  +--> ?PR?_PRINTF?PRINTF

?PR?MONWRITEBIT?MONITOR                          -----    -----      0002H    0005H
  +--> ?PR?MONITOR
  +--> ?PR?_ASC2BIN?MONITOR
  +--> ?CO?MONITOR
  +--> ?PR?_WRITEI2C?I2C
  +--> ?PR?_READI2C?I2C
  +--> ?PR?_PRINTF?PRINTF

?PR?MONHELP?MONITOR                              -----    -----      -----    -----
  +--> ?CO?MONITOR
  +--> ?PR?_PRINTF?PRINTF

?PR?LCDPOWER?TW88                                -----    -----      -----    -----
  +--> ?PR?POWERDOWN_XTAL?MAIN
  +--> ?CO?TW88
  +--> ?PR?_DELAY?CPU
  +--> ?PR?_LCDPOWERON?TW88
  +--> ?PR?_PRINTF?PRINTF

?PR?MONTXDUMP?MONITOR                            -----    -----      0002H    0002H
  +--> ?PR?MONITOR
  +--> ?CO?MONITOR
  +--> ?PR?_PUTS?PRINTF
  +--> ?PR?_A2I?MONITOR
  +--> ?PR?_RS_TX?CPU

?PR?_A2I?MONITOR                                 -----    -----      0004H    0008H
  +--> ?PR?MONITOR

BL51 BANKED LINKER/LOCATER V6.22.2.0                                                  06/22/2022  16:23:04  PAGE 22


?PR?_STRICMP?MONITOR                             -----    -----      0002H    0008H
  +--> ?PR?MONITOR
  +--> ?PR?_TOUPPER?MONITOR

?PR?_DISPLAYRAMFONT?OSDBASIC                     -----    -----      0002H    0003H
  +--> ?PR?_WRITEI2C?I2C
  +--> ?PR?OSDBASIC
  +--> ?CO?OSDBASIC
  +--> ?PR?_PUTS?PRINTF
  +--> ?PR?RS_READY?CPU
  +--> ?PR?DOWNLOADUDFONT?OSDBASIC
  +--> ?PR?_PRINTF?PRINTF

?PR?_DISPLAYROMFONT?OSDBASIC                     -----    -----      0002H    0002H
  +--> ?PR?OSDBASIC
  +--> ?PR?_WRITEI2C?I2C
  +--> ?CO?OSDBASIC
  +--> ?PR?_PUTS?PRINTF
  +--> ?PR?RS_READY?CPU

?PR?_TRIGGERHANDLER?HS_KEYREMO                   -----    -----      0002H    000BH
  +--> ?PR?HS_KEYREMO
  +--> ?PR?GETDISPLAYEDOSD?DISPINFO
  +--> ?CO?HS_KEYREMO
  +--> ?PR?SETREARSOURCE?HS_KEYREMO
  +--> ?PR?CLEARGAUGEINFO?HS_DISPLAYOSD
  +--> ?PR?SETLEFTSOURCE?HS_KEYREMO
  +--> ?PR?CLEAROSDINFO?DISPINFO
  +--> ?PR?INITOSDMENU?OSDMENU
  +--> ?PR?CHANGE_OSDCOLORLOOKUP?OSDBASIC
  +--> ?PR?SETRIGHTSOURCE?HS_KEYREMO
  +--> ?PR?_WRITEI2C?I2C
  +--> ?PR?_READEEP?I2C
  +--> ?PR?_PRINTF?PRINTF
  +--> ?PR?CHECKTRIGGER?HS_KEYREMO
  +--> ?PR?SETNOWMODE?HS_KEYREMO
  +--> ?PR?_WAIT_MS?CPU

?PR?SETREARSOURCE?HS_KEYREMO                     -----    -----      -----    -----
  +--> ?PR?_CHANGEINPUT?MAIN
  +--> ?PR?HS_KEYREMO
  +--> ?PR?_WRITEI2C?I2C
  +--> ?PR?_READEEP?I2C
  +--> ?PR?DISPLAYGAUGEOSD?HS_DISPLAYOSD

?PR?DISPLAYGAUGEOSD?HS_DISPLAYOSD                -----    -----      000DH    0001H
  +--> ?CO?HS_DISPLAYOSD
  +--> ?PR?_INITOSDWINDOW?OSDBASIC
  +--> ?PR?HS_DISPLAYOSD
  +--> ?PR?_WRITESTRINGTOADDR?OSDBASIC
  +--> ?PR?_DRAWATTRCNT?OSDBASIC
  +--> ?PR?_SETDISPLAYEDOSD?DISPINFO
  +--> ?PR?_CLEARDISPLAYEDOSD?DISPINFO
  +--> ?PR?VLOSSHANDLER?DISPINFO
  +--> ?PR?_SHOWOSDWINDOW_TW88?OSDBASIC
  +--> ?PR?_SHOWOSDWINDOWALL?OSDBASIC
  +--> ?PR?_WRITEI2C?I2C
BL51 BANKED LINKER/LOCATER V6.22.2.0                                                  06/22/2022  16:23:04  PAGE 23



?PR?SETLEFTSOURCE?HS_KEYREMO                     -----    -----      -----    -----
  +--> ?PR?_CHANGEINPUT?MAIN

?PR?SETRIGHTSOURCE?HS_KEYREMO                    -----    -----      -----    -----
  +--> ?PR?_CHANGEINPUT?MAIN

?PR?SEQMODE?HS_KEYREMO                           -----    -----      -----    -----
  +--> ?PR?_CHECKSOURCEMODE?HS_KEYREMO
  +--> ?PR?HS_KEYREMO

?PR?_ADJUSTAUTODAYNIGHT?MAIN                     -----    -----      0001H    0002H
  +--> ?PR?_READI2C?I2C
  +--> ?PR?_WRITEI2C?I2C

?PR?CHECKKEYIN?KEYREMO                           -----    -----      0001H    0003H
  +--> ?PR?_GETKEY?KEYREMO
  +--> ?CO?KEYREMO
  +--> ?PR?_PRINTF?PRINTF
  +--> ?PR?KEYREMO
  +--> ?PR?_WRITEEEP?I2C
  +--> ?PR?_DISPLAYINFORMATION?HS_DISPLAYOSD
  +--> ?PR?DISPLAYGAUGEOSD?HS_DISPLAYOSD
  +--> ?PR?CLEARGAUGEINFO?HS_DISPLAYOSD
  +--> ?PR?DISPLAYINPUT?DISPINFO
  +--> ?PR?_WAIT_MS?CPU
  +--> ?PR?_POWERLED?CPU
  +--> ?PR?CLEAROSDINFO?DISPINFO
  +--> ?PR?SETOSDLASTKEYINTIME?MAIN
  +--> ?PR?_PUTS?PRINTF
  +--> ?PR?_ACTIONREMO?KEYREMO
  +--> ?PR?_HS_DISPLAY2835CLKTUNEVAL?KEYREMO
  +--> ?PR?GETDISPLAYEDOSD?DISPINFO
  +--> ?PR?OSDSELECT?OSDMENU
  +--> ?PR?_OSDVALUEUPDN?OSDMENU
  +--> ?PR?_OSDCURSORMOVE?OSDMENU
  +--> ?PR?CLOSEOSDMENU?OSDMENU
  +--> ?PR?CLEARINPUT?DISPINFO
  +--> ?PR?SETSELECTMODE?HS_KEYREMO
  +--> ?PR?_READEEP?I2C
  +--> ?PR?SETJUMPMODE?HS_KEYREMO
  +--> ?PR?_CAM_TXCOMMAND_TORS485?HS_DVRPROT...
  +--> ?PR?_CLEARDATACNT?OSDBASIC
  +--> ?PR?_DELAY?CPU

?PR?SETOSDLASTKEYINTIME?MAIN                     -----    -----      -----    -----
  +--> ?PR?GETTIME_MS?CPU

?PR?_ACTIONREMO?KEYREMO                          -----    -----      0004H    0002H
  +--> ?PR?SETOSDLASTKEYINTIME?MAIN
  +--> ?PR?GETNEXTINPUTSELECTION?MAIN
  +--> ?PR?_CHANGEINPUT?MAIN
  +--> ?PR?GETDISPLAYEDOSD?DISPINFO
  +--> ?PR?CLEARINPUT?DISPINFO
  +--> ?PR?DISPLAYINPUT?DISPINFO
  +--> ?PR?REMOCHNUP_UPKEY?KEYREMO
  +--> ?PR?REMOCHNDN_DNKEY?KEYREMO
BL51 BANKED LINKER/LOCATER V6.22.2.0                                                  06/22/2022  16:23:04  PAGE 24


  +--> ?PR?OSDSELECT?OSDMENU
  +--> ?PR?REMOVOLUP_RIGHTKEY?KEYREMO
  +--> ?PR?REMOVOLDN_LEFTKEY?KEYREMO
  +--> ?PR?REMOMENU_MENUKEY?KEYREMO
  +--> ?PR?_DOACTION?OSDMENU

?PR?GETNEXTINPUTSELECTION?MAIN                   -----    -----      -----    -----
  +--> ?PR?MAIN

?PR?REMOCHNUP_UPKEY?KEYREMO                      -----    -----      -----    -----
  +--> ?PR?GETDISPLAYEDOSD?DISPINFO
  +--> ?PR?_OSDCURSORMOVE?OSDMENU

?PR?_OSDCURSORMOVE?OSDMENU                       0024H.1  0000H.1    0006H    0004H
  +--> ?PR?OSDMENU
  +--> ?PR?_READEEP?I2C
  +--> ?PR?_GETNEXTCURSORMENUITEM?OSDMENU
  +--> ?PR?_GETLOWERMENUITEM?OSDMENU
  +--> ?PR?CLEARVALUEWIN?OSDMENU
  +--> ?PR?CLEARCURSOR?OSDMENU
  +--> ?PR?WAITENDOFDISPLAYAREA?OSDBASIC
  +--> ?PR?_WRITEI2C?I2C
  +--> ?PR?_SHOWOSDWINDOW_TW88?OSDBASIC
  +--> ?PR?_GETOSDWINDOWY?OSDBASIC
  +--> ?PR?_SETOSDWINDOWY_TW88?OSDBASIC
  +--> ?PR?DISPLAYOSDMENU?OSDMENU
  +--> ?PR?_DRAWMENULIST?OSDMENU
  +--> ?PR?DISPLAYCURSOR?OSDMENU

?PR?_GETNEXTCURSORMENUITEM?OSDMENU               -----    -----      000AH    0005H
  +--> ?PR?_GETUPPERMENUITEM?OSDMENU
  +--> ?PR?_GETLOWERMENUITEM?OSDMENU

?PR?CLEARVALUEWIN?OSDMENU                        -----    -----      -----    -----
  +--> ?PR?SAVEVALUE1?OSDMENU

?PR?SAVEVALUE1?OSDMENU                           -----    -----      -----    -----
  +--> ?PR?OSDMENU

?PR?CLEARCURSOR?OSDMENU                          -----    -----      000AH    0002H
  +--> ?PR?OSDMENU
  +--> ?PR?_DRAWATTRCNT?OSDBASIC

?PR?REMOCHNDN_DNKEY?KEYREMO                      -----    -----      -----    -----
  +--> ?PR?GETDISPLAYEDOSD?DISPINFO
  +--> ?PR?_OSDCURSORMOVE?OSDMENU

?PR?OSDSELECT?OSDMENU                            -----    -----      0006H    0002H
  +--> ?PR?OSDMENU
  +--> ?PR?GETINPUTSELECTION?MAIN
  +--> ?PR?READVINPUTSTD?MAIN
  +--> ?PR?_DOACTION?OSDMENU
  +--> ?PR?CLEARCURSOR?OSDMENU
  +--> ?PR?CLOSEOSDMENU?OSDMENU
  +--> ?PR?DISPLAYCURSOR?OSDMENU
  +--> ?PR?_GETITEMVALUE?OSDMENU
  +--> ?PR?_WRITEI2C?I2C
BL51 BANKED LINKER/LOCATER V6.22.2.0                                                  06/22/2022  16:23:04  PAGE 25


  +--> ?PR?PUSHMENU?OSDMENU
  +--> ?PR?_GET_CURSOR_ITEM?OSDMENU
  +--> ?PR?DISPLAYOSDMENU?OSDMENU

?PR?READVINPUTSTD?MAIN                           -----    -----      -----    -----
  +--> ?PR?ISNOINPUT?MAIN
  +--> ?PR?_READI2C?I2C

?PR?ISNOINPUT?MAIN                               -----    -----      -----    -----
  +--> ?PR?_READI2C?I2C

?PR?_DOACTION?OSDMENU                            -----    -----      0008H    0001H
  +--> ?PR?_CHANGEINPUT?MAIN
  +--> ?PR?DISPLAYINPUT?DISPINFO
  +--> ?CO?OSDMENU
  +--> ?PR?_PRINTF?PRINTF
  +--> ?PR?OSDHIGHMENU_SUB?OSDMENU
  +--> ?PR?DISPLAYINFO_OSD?OSDMENU
  +--> ?PR?CLOSEOSDMENU?OSDMENU
  +--> ?PR?_READEEP?I2C
  +--> ?PR?CLEAROSDINFO?DISPINFO
  +--> ?PR?RESETVIDEOVALUE?OSDMENU
  +--> ?PR?RESETOSDVALUE?OSDMENU
  +--> ?PR?SETNOWMODE?HS_KEYREMO

?PR?OSDHIGHMENU_SUB?OSDMENU                      -----    -----      0009H    0001H
  +--> ?PR?OSDMENU
  +--> ?PR?POPMENU?OSDMENU
  +--> ?PR?CLOSEOSDMENU?OSDMENU
  +--> ?CO?OSDMENU
  +--> ?PR?_PRINTF?PRINTF
  +--> ?PR?DISPLAYOSDMENU?OSDMENU
  +--> ?PR?_DRAWMENULIST?OSDMENU
  +--> ?PR?DISPLAYCURSOR?OSDMENU
  +--> ?PR?_WRITEI2C?I2C

?PR?DISPLAYINFO_OSD?OSDMENU                      -----    -----      0009H    0008H
  +--> ?PR?PUSHMENU?OSDMENU
  +--> ?PR?OSDMENU
  +--> ?PR?_DRAWMENULIST?OSDMENU
  +--> ?PR?_DRAWATTRCNT?OSDBASIC
  +--> ?CO?OSDMENU
  +--> ?PR?_WRITESTRINGTOADDR?OSDBASIC
  +--> ?PR?GETINPUTSELECTION?MAIN
  +--> ?CO?MAIN
  +--> ?PR?_STRLEN?OSDBASIC
  +--> ?PR?GETVINPUTSTDINX?MAIN
  +--> ?PR?_READEEP?I2C

?PR?GETVINPUTSTDINX?MAIN                         -----    -----      -----    -----
  +--> ?PR?READVINPUTSTD?MAIN
  +--> ?PR?MAIN
  +--> ?CO?MAIN

?PR?_GET_CURSOR_ITEM?OSDMENU                     -----    -----      0008H    0002H
  +--> ?PR?GETINPUTSELECTION?MAIN
  +--> ?PR?_GETTARGETCHILD?OSDMENU
BL51 BANKED LINKER/LOCATER V6.22.2.0                                                  06/22/2022  16:23:04  PAGE 26



?PR?_GETTARGETCHILD?OSDMENU                      -----    -----      -----    -----
  +--> ?PR?OSDMENU
  +--> ?PR?_GETLOWERMENUITEM?OSDMENU

?PR?REMOVOLUP_RIGHTKEY?KEYREMO                   -----    -----      -----    -----
  +--> ?PR?GETDISPLAYEDOSD?DISPINFO
  +--> ?PR?_OSDVALUEUPDN?OSDMENU
  +--> ?PR?OSDSELECT?OSDMENU
  +--> ?PR?_CHANGEVOL?AUDIO
  +--> ?PR?DISPLAYVOL?DISPINFO

?PR?_OSDVALUEUPDN?OSDMENU                        -----    -----      0006H    0008H
  +--> ?PR?OSDMENU
  +--> ?PR?_SETITEMVALUE?OSDMENU
  +--> ?PR?_AWT_DISPLAYVIEWBAR?OSDMENU
  +--> ?PR?_DISPLAYVIEWBAR?OSDMENU
  +--> ?PR?_DRAWNUM?OSDMENU
  +--> ?PR?_DRAWSTRINGBYLANG?OSDMENU

?PR?_SETITEMVALUE?OSDMENU                        -----    -----      000EH    0004H
  +--> ?PR?OSDMENU
  +--> ?CO?OSDMENU
  +--> ?PR?_PRINTF?PRINTF
  +--> ?PR?_SETOSDPOSITIONMODE?OSDMENU
  +--> ?PR?_SETLANGUAGE?OSDMENU
  +--> ?PR?_SETPCCOLORTEMP?OSDMENU
  +--> ?PR?_SETPCCOLOR?OSDMENU
  +--> ?PR?_SETVIDEOMODE?OSDMENU
  +--> ?PR?_READEEP?I2C
  +--> ?PR?_DRAWATTRCNT?OSDBASIC
  +--> ?PR?_CHANGEVIDEODATA?OSDMENU
  +--> ?PR?_SETVIDEOSHARPNESS?OSDMENU
  +--> ?PR?_CHANGEVOL?AUDIO
  +--> ?PR?_WRITEEEP?I2C
  +--> ?PR?SETNOWMODE?HS_KEYREMO

?PR?_SETOSDPOSITIONMODE?OSDMENU                  -----    -----      0012H    0016H
  +--> ?PR?GETOSDPOSITIONMODE?OSDMENU
  +--> ?PR?OSDMENU
  +--> ?PR?_GETOSDWINDOWX?OSDBASIC
  +--> ?PR?_GETOSDWINDOWY?OSDBASIC
  +--> ?PR?WAITENDOFDISPLAYAREA?OSDBASIC
  +--> ?PR?_READI2C?I2C
  +--> ?PR?_WRITEI2C?I2C
  +--> ?PR?_WRITEI2CN?I2C
  +--> ?PR?_SAVEOSDPOSITIONMODEEE?ETC_EEP

?PR?_SETLANGUAGE?OSDMENU                         -----    -----      -----    -----
  +--> ?PR?OSDMENU
  +--> ?PR?_SAVEOSDLANGEE?ETC_EEP

?PR?_SETPCCOLORTEMP?OSDMENU                      -----    -----      0012H    0002H
  +--> ?PR?OSDMENU
  +--> ?PR?_WRITEEEP?I2C
  +--> ?PR?_READEEP?I2C
  +--> ?CO?OSDMENU
BL51 BANKED LINKER/LOCATER V6.22.2.0                                                  06/22/2022  16:23:04  PAGE 27


  +--> ?PR?_MAPPING1?TW88
  +--> ?PR?_SETRGBCONTRAST?OSDMENU
  +--> ?PR?_DRAWATTRCNT?OSDBASIC

?PR?_SETRGBCONTRAST?OSDMENU                      -----    -----      0014H    0008H
  +--> ?PR?OSDMENU
  +--> ?PR?_READEEP?I2C
  +--> ?PR?_MAPPING1?TW88
  +--> ?PR?_WRITEI2C?I2C

?PR?_SETPCCOLOR?OSDMENU                          -----    -----      0012H    0007H
  +--> ?PR?OSDMENU
  +--> ?PR?_MAPPING1?TW88
  +--> ?PR?_WRITEEEP?I2C
  +--> ?PR?_READEEP?I2C
  +--> ?CO?OSDMENU
  +--> ?PR?_WRITEI2C?I2C

?PR?_CHANGEVIDEODATA?OSDMENU                     -----    -----      0012H    0003H
  +--> ?PR?OSDMENU
  +--> ?PR?_SETVIDEOCONTRAST?OSDMENU
  +--> ?PR?_SETVIDEOBRIGHTNESS?OSDMENU
  +--> ?PR?_SETVIDEOSATURATION?OSDMENU
  +--> ?PR?_SETVIDEOHUE?OSDMENU
  +--> ?PR?_SETVIDEOBACKLIGHT?OSDMENU
  +--> ?PR?_SAVEVIDEODATATOEE?ETC_EEP

?PR?_SETVIDEOBACKLIGHT?OSDMENU                   -----    -----      0015H    0003H
  +--> ?PR?OSDMENU
  +--> ?CO?OSDMENU
  +--> ?PR?_MAPPING1?TW88
  +--> ?PR?_READI2C?I2C
  +--> ?PR?_WRITEI2C?I2C

?PR?_SETVIDEOSHARPNESS?OSDMENU                   -----    -----      0012H    0005H
  +--> ?PR?_READI2C?I2C
  +--> ?PR?OSDMENU
  +--> ?CO?OSDMENU
  +--> ?PR?_MAPPING1?TW88
  +--> ?PR?_WRITEI2C?I2C
  +--> ?PR?_SAVEVIDEODATATOEE?ETC_EEP

?PR?DISPLAYVOL?DISPINFO                          -----    -----      0006H    0002H
  +--> ?CO?DISPINFO
  +--> ?PR?_PRINTF?PRINTF
  +--> ?PR?_WRITEI2C?I2C
  +--> ?PR?CLEAROSDINFO?DISPINFO
  +--> ?PR?_DELAY?CPU
  +--> ?CO?OSDBASIC
  +--> ?PR?_INITOSDWINDOW?OSDBASIC
  +--> ?PR?_CLEARDATACNT?OSDBASIC
  +--> ?PR?_DRAWATTRCNT?OSDBASIC
  +--> ?PR?GETOSDLANG?OSDMENU
  +--> ?CO?OSDMENU
  +--> ?PR?_STRLEN?OSDBASIC
  +--> ?PR?_WRITESTRINGTOADDR?OSDBASIC
  +--> ?PR?_SHOWOSDWINDOW_TW88?OSDBASIC
BL51 BANKED LINKER/LOCATER V6.22.2.0                                                  06/22/2022  16:23:04  PAGE 28


  +--> ?PR?_SHOWOSDWINDOWALL?OSDBASIC
  +--> ?PR?_DISPLAYVOLUMEBAR?OSDMENU
  +--> ?PR?GETTIME_MS?CPU
  +--> ?PR?_WAIT_MS?CPU

?PR?GETOSDLANG?OSDMENU                           -----    -----      -----    -----
  +--> ?PR?GETOSDLANGEE?ETC_EEP

?PR?_DISPLAYVOLUMEBAR?OSDMENU                    -----    -----      0008H    0016H
  +--> ?CO?OSDMENU
  +--> ?PR?OSDMENU
  +--> ?PR?_WRITESTRINGTOADDR?OSDBASIC

?PR?REMOVOLDN_LEFTKEY?KEYREMO                    -----    -----      -----    -----
  +--> ?PR?GETDISPLAYEDOSD?DISPINFO
  +--> ?PR?_OSDVALUEUPDN?OSDMENU
  +--> ?PR?OSDHIGHMENU?OSDMENU
  +--> ?PR?_CHANGEVOL?AUDIO
  +--> ?PR?DISPLAYVOL?DISPINFO

?PR?OSDHIGHMENU?OSDMENU                          -----    -----      -----    -----
  +--> ?PR?CLEARVALUEWIN?OSDMENU
  +--> ?PR?_DRAWMENULIST?OSDMENU
  +--> ?PR?DISPLAYCURSOR?OSDMENU
  +--> ?PR?OSDMENU
  +--> ?PR?_DOACTION?OSDMENU
  +--> ?PR?CLEARCURSOR?OSDMENU
  +--> ?PR?OSDHIGHMENU_SUB?OSDMENU

?PR?REMOMENU_MENUKEY?KEYREMO                     -----    -----      -----    -----
  +--> ?PR?GETDISPLAYEDOSD?DISPINFO
  +--> ?PR?OSDHIGHMENU?OSDMENU
  +--> ?PR?CLEAROSDINFO?DISPINFO
  +--> ?PR?_WRITEI2C?I2C
  +--> ?PR?OPENOSDMENU?OSDMENU
  +--> ?PR?_WAIT_MS?CPU

?PR?OPENOSDMENU?OSDMENU                          -----    -----      0006H    0001H
  +--> ?PR?CLEAROSDINFO?DISPINFO
  +--> ?PR?INITOSDMENU?OSDMENU
  +--> ?PR?OSDMENU
  +--> ?PR?_SHOWOSDWINDOW_TW88?OSDBASIC
  +--> ?PR?_SHOWOSDWINDOWALL?OSDBASIC
  +--> ?PR?_SETDISPLAYEDOSD?DISPINFO

?PR?_HS_DISPLAY2835CLKTUNEVAL?KEYREMO            -----    -----      0004H    0004H
  +--> ?CO?KEYREMO
  +--> ?PR?KEYREMO
  +--> ?CO?OSDBASIC
  +--> ?PR?_INITOSDWINDOW?OSDBASIC
  +--> ?PR?_SETDISPLAYEDOSD?DISPINFO
  +--> ?PR?_CLEARDATACNT?OSDBASIC
  +--> ?PR?_DRAWATTRCNT?OSDBASIC
  +--> ?PR?_WRITESTRINGTOADDR?OSDBASIC
  +--> ?PR?_SHOWOSDWINDOW_TW88?OSDBASIC
  +--> ?PR?_SHOWOSDWINDOWALL?OSDBASIC

BL51 BANKED LINKER/LOCATER V6.22.2.0                                                  06/22/2022  16:23:04  PAGE 29


?PR?SETSELECTMODE?HS_KEYREMO                     -----    -----      -----    -----
  +--> ?PR?_CHECKSOURCEMODE?HS_KEYREMO
  +--> ?PR?HS_KEYREMO
  +--> ?CO?HS_KEYREMO
  +--> ?PR?_PRINTF?PRINTF
  +--> ?PR?_WRITEEEP?I2C

?PR?SETJUMPMODE?HS_KEYREMO                       -----    -----      0004H    0001H
  +--> ?PR?_READEEP?I2C
  +--> ?PR?_CHECKSOURCEMODE?HS_KEYREMO
  +--> ?CO?HS_KEYREMO
  +--> ?PR?_WRITESTRINGTOADDR?OSDBASIC
  +--> ?PR?HS_KEYREMO
  +--> ?PR?_WRITEEEP?I2C

?PR?_CAM_TXCOMMAND_TORS485?HS_DVRPROT...         -----    -----      0004H    0002H
  +--> ?PR?HS_DVRPROTOCOL
  +--> ?PR?SEND_PELCOP_COMMAND?HS_DVRPROTOCOL
  +--> ?PR?SEND_PELCOD_COMMAND?HS_DVRPROTOCOL

?PR?SEND_PELCOP_COMMAND?HS_DVRPROTOCOL           -----    -----      0006H    0001H
  +--> ?PR?HS_DVRPROTOCOL
  +--> ?CO?HS_DVRPROTOCOL
  +--> ?PR?_PRINTF?PRINTF
  +--> ?PR?_WAIT_MS?CPU
  +--> ?PR?_RS2_TX?CPU

?PR?SEND_PELCOD_COMMAND?HS_DVRPROTOCOL           -----    -----      0006H    0001H
  +--> ?PR?HS_DVRPROTOCOL
  +--> ?CO?HS_DVRPROTOCOL
  +--> ?PR?_PRINTF?PRINTF
  +--> ?PR?_WAIT_MS?CPU
  +--> ?PR?_RS2_TX?CPU

?PR?CLEARINPUT2S?DISPINFO                        -----    -----      -----    -----
  +--> ?PR?_SHOWOSDWINDOW_TW88?OSDBASIC

?PR?WAITPOWERON?MAIN                             -----    -----      0000H    0002H
  +--> ?PR?CHECKTRIGGER?HS_KEYREMO
  +--> ?PR?_TRIGGERHANDLER?HS_KEYREMO
  +--> ?PR?_LCDPOWERON?TW88
  +--> ?PR?POWEROFF?MAIN
  +--> ?PR?AUDIOMUTE?AUDIO
  +--> ?PR?_GETKEY?KEYREMO
  +--> ?PR?_WRITEEEP?I2C
  +--> ?PR?VLOSSHANDLER?DISPINFO
  +--> ?PR?DISPLAYINPUT?DISPINFO
  +--> ?PR?SETNOWMODE?HS_KEYREMO
  +--> ?PR?_READEEP?I2C

?PR?POWEROFF?MAIN                                -----    -----      -----    -----
  +--> ?PR?AUDIOMUTE?AUDIO
  +--> ?PR?_POWERLED?CPU



UNRESOLVED EXTERNAL SYMBOLS:
BL51 BANKED LINKER/LOCATER V6.22.2.0                                                  06/22/2022  16:23:04  PAGE 30


   LCDPOWEROFF



SYMBOL TABLE OF MODULE:  .\Output\TW8816 (ADC)

  VALUE           TYPE          NAME
  ----------------------------------

  -------         MODULE        ADC
  C:0000H         SYMBOL        _ICE_DUMMY_
  -------         ENDMOD        ADC

  -------         MODULE        CPU
  C:0000H         SYMBOL        _ICE_DUMMY_
  C:B58FH         PUBLIC        InitCPU
  D:00B1H         PUBLIC        P3M0
  C:769EH         PUBLIC        timer0_int
  X:0132H         PUBLIC        FormatSDCard
  D:00B2H         PUBLIC        P3M1
  D:00A0H         PUBLIC        P2
  C:C4B9H         PUBLIC        timer2_int
  D:00E8H         PUBLIC        P4
  X:0133H         PUBLIC        FormatWait
  D:0025H         PUBLIC        DVR_buf
  D:002DH         PUBLIC        keytic
  D:00A8H         PUBLIC        IE
  D:002EH         PUBLIC        RS2_in
  B:0021H.4       PUBLIC        RepeatKey
  C:C40FH         PUBLIC        _delay
  B:00B0H.4       PUBLIC        P3_4
  B:00A8H.4       PUBLIC        ES
  D:00B8H         PUBLIC        IP
  D:00DEH         PUBLIC        CCAPM4
  B:0098H.0       PUBLIC        RI
  B:0098H.1       PUBLIC        TI
  C:C540H         PUBLIC        RS_ready
  D:002FH         PUBLIC        tic01
  B:0021H.5       PUBLIC        KeyReady
  B:0021H.6       PUBLIC        RS_Xbusy
  D:00D8H         PUBLIC        CCON
  C:C5C2H         PUBLIC        _RS2_tx
  X:0134H         PUBLIC        Time5ms
  X:0135H         PUBLIC        keyticSec
  D:0030H         PUBLIC        Key
  C:BCB2H         PUBLIC        serial_int
  C:C60EH         PUBLIC        ext1_int
  D:0099H         PUBLIC        SBUF
  D:0087H         PUBLIC        PCON
  D:0098H         PUBLIC        SCON
  C:C217H         PUBLIC        InitVars
  D:0089H         PUBLIC        TMOD
  D:0088H         PUBLIC        TCON
  C:3D45H         PUBLIC        PanelInfoStr
  D:00BFH         PUBLIC        CHPCON
  C:863AH         PUBLIC        main_init
  D:00F6H         PUBLIC        CHPENR
BL51 BANKED LINKER/LOCATER V6.22.2.0                                                  06/22/2022  16:23:04  PAGE 31


  X:0136H         PUBLIC        PowerDownWait
  D:0031H         PUBLIC        tm01
  D:0033H         PUBLIC        stopWatch
  D:0035H         SYMBOL        RS_buf
  B:00A8H.5       PUBLIC        ET2
  B:00C8H.7       PUBLIC        TF2
  D:008CH         PUBLIC        TH0
  D:008DH         PUBLIC        TH1
  C:C1D9H         PUBLIC        _DiffTime_ms
  B:00A8H.2       PUBLIC        EX1
  D:008AH         PUBLIC        TL0
  C:A545H         PUBLIC        InitTechwell
  B:0021H.7       PUBLIC        RS2_Xbusy
  C:B750H         PUBLIC        _Wait_ms
  B:00C8H.2       PUBLIC        TR2
  X:0137H         PUBLIC        updn_reg
  D:0049H         PUBLIC        RS_in
  D:004AH         PUBLIC        RS_out
  C:BB1EH         PUBLIC        serial2_int
  D:009AH         PUBLIC        S2BUF
  C:C12DH         PUBLIC        _PowerLED
  D:00AAH         PUBLIC        S2CON
  D:00C8H         PUBLIC        T2CON
  D:00BAH         PUBLIC        S2BRT
  C:C28EH         PUBLIC        RS_rx
  C:0003H         PUBLIC        _RS_tx
  D:004BH         PUBLIC        tm001
  D:00A6H         PUBLIC        AUXR2
  B:0022H.0       PUBLIC        ChangeKey
  C:BA2CH         PUBLIC        GetTime_ms
  D:004CH         PUBLIC        tic_pc
  D:004EH         PUBLIC        RS_buf2
  D:0062H         PUBLIC        SystemClock
  C:3CDFH         PUBLIC        CommTable
  D:00ADH         PUBLIC        AUXIE
  C:C451H         SYMBOL        Com0066
  C:C451H         SYMBOL        L?0103
  C:C454H         SYMBOL        L?0104
  C:C45BH         SYMBOL        L?0105
  C:C45BH         SYMBOL        L?0106
  -------         PROC          COM0066
  -------         ENDPROC       COM0066
  C:874FH         SYMBOL        L?0107
  -------         PROC          MAIN_INIT
  -------         DO            
  X:0000H         SYMBOL        rev
  -------         ENDDO         
  C:863AH         LINE#         289
  C:863AH         LINE#         290
  C:863AH         LINE#         296
  C:8643H         LINE#         308
  C:864AH         LINE#         309
  C:865CH         LINE#         311
  C:8669H         LINE#         312
  C:8669H         LINE#         313
  C:867CH         LINE#         314
  C:8683H         LINE#         315
BL51 BANKED LINKER/LOCATER V6.22.2.0                                                  06/22/2022  16:23:04  PAGE 32


  C:8691H         LINE#         316
  C:8691H         LINE#         320
  C:869EH         LINE#         321
  C:869EH         LINE#         322
  C:86ACH         LINE#         323
  C:86ACH         LINE#         324
  C:86B4H         LINE#         327
  C:86B9H         LINE#         328
  C:86BCH         LINE#         329
  C:86C5H         LINE#         334
  C:86C7H         LINE#         336
  C:86C7H         LINE#         338
  C:86CFH         LINE#         340
  C:86CFH         LINE#         341
  C:86D1H         LINE#         343
  C:86D1H         LINE#         344
  C:86DAH         LINE#         345
  C:86E3H         LINE#         346
  C:86E9H         LINE#         347
  C:86EEH         LINE#         352
  C:86F3H         LINE#         354
  C:86F3H         LINE#         361
  C:86FFH         LINE#         362
  C:8701H         LINE#         363
  C:8705H         LINE#         365
  C:870AH         LINE#         367
  C:870DH         LINE#         370
  C:8713H         LINE#         375
  C:8716H         LINE#         376
  C:8719H         LINE#         379
  C:871EH         LINE#         380
  C:8723H         LINE#         381
  C:8726H         LINE#         392
  C:8729H         LINE#         396
  C:872EH         LINE#         397
  C:8733H         LINE#         399
  C:873CH         LINE#         403
  C:8745H         LINE#         404
  C:874EH         LINE#         405
  -------         ENDPROC       MAIN_INIT
  -------         PROC          INITCPU
  C:B58FH         LINE#         410
  C:B58FH         LINE#         411
  C:B58FH         LINE#         412
  C:B592H         LINE#         413
  C:B595H         LINE#         414
  C:B598H         LINE#         415
  C:B59BH         LINE#         419
  C:B59EH         LINE#         426
  C:B5A1H         LINE#         428
  C:B5A4H         LINE#         430
  C:B5A7H         LINE#         434
  C:B5ADH         LINE#         436
  C:B5B0H         LINE#         437
  C:B5B3H         LINE#         441
  C:B5B6H         LINE#         444
  C:B5B8H         LINE#         445
BL51 BANKED LINKER/LOCATER V6.22.2.0                                                  06/22/2022  16:23:04  PAGE 33


  C:B5BAH         LINE#         451
  C:B5BCH         LINE#         452
  C:B5BEH         LINE#         453
  C:B5C0H         LINE#         459
  C:B5C3H         LINE#         460
  C:B5C6H         LINE#         463
  C:B5C9H         LINE#         466
  C:B5CCH         LINE#         468
  C:B5CEH         LINE#         471
  C:B5D1H         LINE#         472
  C:B5D4H         LINE#         479
  C:B5D6H         LINE#         480
  C:B5D9H         LINE#         484
  C:B5DDH         LINE#         486
  -------         ENDPROC       INITCPU
  -------         PROC          TIMER0_INT
  -------         DO            
  D:000FH         SYMBOL        TempKey
  -------         ENDDO         
  C:769EH         LINE#         504
  C:76A9H         LINE#         508
  C:76ABH         LINE#         511
  C:76B1H         LINE#         512
  C:76B3H         LINE#         513
  C:76B9H         LINE#         514
  C:76B9H         LINE#         518
  C:76C2H         LINE#         520
  C:76C9H         LINE#         521
  C:76C9H         LINE#         522
  C:76D1H         LINE#         523
  C:76D9H         LINE#         524
  C:76E1H         LINE#         525
  C:76E4H         LINE#         526
  C:76E6H         LINE#         530
  C:76ECH         LINE#         533
  C:76ECH         LINE#         534
  C:76ECH         LINE#         542
  C:76FAH         LINE#         545
  C:7702H         LINE#         546
  C:7705H         LINE#         547
  C:7707H         LINE#         548
  C:7712H         LINE#         550
  C:771BH         LINE#         551
  C:771BH         LINE#         552
  C:772BH         LINE#         553
  C:7743H         LINE#         554
  C:7746H         LINE#         558
  C:774EH         LINE#         559
  C:7751H         LINE#         561
  C:7759H         LINE#         562
  C:775CH         LINE#         565
  C:7762H         LINE#         567
  C:776FH         LINE#         568
  C:7772H         LINE#         570
  C:7775H         LINE#         571
  C:777BH         LINE#         572
  C:777EH         LINE#         573
BL51 BANKED LINKER/LOCATER V6.22.2.0                                                  06/22/2022  16:23:04  PAGE 34


  C:7784H         LINE#         574
  C:778CH         LINE#         575
  C:778CH         LINE#         576
  C:778DH         LINE#         577
  C:7793H         LINE#         578
  C:7793H         LINE#         580
  C:779BH         LINE#         581
  C:779BH         LINE#         582
  C:779CH         LINE#         583
  C:77A2H         LINE#         584
  C:77A2H         LINE#         586
  C:77AAH         LINE#         587
  C:77AAH         LINE#         588
  C:77ABH         LINE#         589
  C:77B1H         LINE#         590
  C:77B1H         LINE#         592
  C:77B8H         LINE#         593
  C:77BDH         LINE#         595
  C:77BFH         LINE#         602
  C:77BFH         LINE#         605
  C:77C9H         LINE#         606
  C:77D1H         LINE#         609
  C:77D8H         LINE#         610
  C:77E1H         LINE#         611
  C:77E8H         LINE#         612
  C:77EAH         LINE#         613
  C:77ECH         LINE#         614
  C:77EEH         LINE#         615
  C:77F4H         LINE#         616
  C:77FBH         LINE#         617
  C:77FDH         LINE#         618
  C:77FFH         LINE#         619
  C:7802H         LINE#         620
  C:7802H         LINE#         621
  C:7804H         LINE#         622
  C:7806H         LINE#         624
  C:7806H         LINE#         625
  C:7809H         LINE#         626
  C:780CH         LINE#         627
[...]
  C:9BD4H         LINE#         347
  C:9BD4H         LINE#         348
  C:9BD4H         LINE#         349
  C:9BDCH         LINE#         350
  C:9BE4H         LINE#         351
  C:9BE9H         LINE#         352
  C:9BEEH         LINE#         353
  C:9BEEH         LINE#         354
  C:9BEEH         LINE#         355
  C:9BF6H         LINE#         356
  C:9BFEH         LINE#         357
  C:9C03H         LINE#         358
  C:9C03H         LINE#         359
  C:9C03H         LINE#         360
  -------         ENDPROC       MONNEWDUMPI2C
  C:8EA6H         SYMBOL        L?0325
  -------         PROC          MONWRITEBIT
  -------         DO            
  X:0002H         SYMBOL        mask
  D:0006H         SYMBOL        i
  X:0003H         SYMBOL        FromBit
  X:0004H         SYMBOL        ToBit
  X:0005H         SYMBOL        MonMask
  D:0004H         SYMBOL        val
  X:0006H         SYMBOL        Slave
  -------         ENDDO         
  C:8DC4H         LINE#         363
  C:8DC4H         LINE#         364
  C:8DC4H         LINE#         369
  C:8DD1H         LINE#         370
  C:8DD7H         LINE#         372
  C:8DD7H         LINE#         373
  C:8DDFH         LINE#         375
  C:8DDFH         LINE#         376
  C:8DE9H         LINE#         377
  C:8DF3H         LINE#         378
  C:8DFEH         LINE#         380
  C:8E1FH         LINE#         381
  C:8E28H         LINE#         383
  C:8E28H         LINE#         385
  C:8E2EH         LINE#         386
  C:8E30H         LINE#         387
  C:8E3CH         LINE#         388
  C:8E42H         LINE#         389
  C:8E45H         LINE#         390
  C:8E48H         LINE#         392
  C:8E4AH         LINE#         393
  C:8E56H         LINE#         394
  C:8E5CH         LINE#         395
  C:8E60H         LINE#         396
  C:8E63H         LINE#         398
  C:8E6BH         LINE#         399
  C:8E6EH         LINE#         400
  C:8E71H         LINE#         402
  C:8E77H         LINE#         403
  C:8E7AH         LINE#         404
BL51 BANKED LINKER/LOCATER V6.22.2.0                                                  06/22/2022  16:23:04  PAGE 160


  C:8E7CH         LINE#         405
  C:8E7CH         LINE#         406
  C:8E7FH         LINE#         407
  C:8E82H         LINE#         409
  C:8E88H         LINE#         410
  C:8E93H         LINE#         411
  C:8E93H         LINE#         413
  C:8E96H         LINE#         414
  C:8EA5H         LINE#         416
  -------         ENDPROC       MONWRITEBIT
  -------         PROC          MONTXDUMP
  -------         DO            
  X:0002H         SYMBOL        count
  -------         ENDDO         
  C:BA69H         LINE#         442
  C:BA69H         LINE#         443
  C:BA69H         LINE#         446
  C:BA6EH         LINE#         447
  C:BA77H         LINE#         449
  C:BA77H         LINE#         450
  C:BA88H         LINE#         451
  C:BA88H         LINE#         452
  C:BA95H         LINE#         453
  C:BA9BH         LINE#         454
  C:BAA5H         LINE#         455
  -------         ENDPROC       MONTXDUMP
  C:A352H         SYMBOL        L?0298
  C:A363H         SYMBOL        L?0316
  C:A36BH         SYMBOL        L?0333
  -------         PROC          MONHELP
  C:A2D1H         LINE#         461
  C:A2D1H         LINE#         462
  C:A2D1H         LINE#         463
  C:A2DAH         LINE#         464
  C:A2DEH         LINE#         465
  C:A2DEH         LINE#         466
  C:A2E8H         LINE#         467
  C:A2ECH         LINE#         468
  C:A2F6H         LINE#         469
  C:A2FAH         LINE#         470
  C:A304H         LINE#         471
  C:A308H         LINE#         472
  C:A312H         LINE#         473
  C:A316H         LINE#         474
  C:A320H         LINE#         475
  C:A329H         LINE#         476
  C:A332H         LINE#         477
  C:A33BH         LINE#         478
  C:A344H         LINE#         479
  C:A348H         LINE#         480
  C:A348H         LINE#         481
  C:A352H         LINE#         482
  -------         ENDPROC       MONHELP
  C:74F2H         SYMBOL        L?0342
  -------         PROC          MONGETCOMMAND
  -------         DO            
  X:00A5H         SYMBOL        comment
BL51 BANKED LINKER/LOCATER V6.22.2.0                                                  06/22/2022  16:23:04  PAGE 161


  X:00A6H         SYMBOL        incnt
  X:00A7H         SYMBOL        last_argc
  X:0002H         SYMBOL        i
  X:0003H         SYMBOL        ch
  X:0004H         SYMBOL        ret
  -------         ENDDO         
  C:7346H         LINE#         487
  C:7346H         LINE#         488
  C:7346H         LINE#         492
  C:734BH         LINE#         494
  C:7353H         LINE#         496
  C:735BH         LINE#         499
  C:7361H         LINE#         500
  C:7376H         LINE#         501
  C:7376H         LINE#         502
  C:737BH         LINE#         503
  C:737DH         LINE#         504
  C:737DH         LINE#         505
  C:737DH         LINE#         506
  C:7385H         LINE#         507
  C:738BH         LINE#         508
  C:738EH         LINE#         509
  C:7391H         LINE#         510
  C:7391H         LINE#         513
  C:73B4H         LINE#         515
  C:73B4H         LINE#         516
  C:73B9H         LINE#         517
  C:73B9H         LINE#         518
  C:73B9H         LINE#         519
  C:73B9H         LINE#         520
  C:73BBH         LINE#         523
  C:73BBH         LINE#         525
  C:73C1H         LINE#         526
  C:73C4H         LINE#         527
  C:73C7H         LINE#         528
  C:73C7H         LINE#         530
  C:73D6H         LINE#         531
  C:73DAH         LINE#         533
  C:73EFH         LINE#         535
  C:73F5H         LINE#         536
  C:73F9H         LINE#         537
  C:73FDH         LINE#         538
  C:7400H         LINE#         539
  C:7403H         LINE#         540
  C:7403H         LINE#         541
  C:740CH         LINE#         542
  C:7411H         LINE#         543
  C:741DH         LINE#         544
  C:7422H         LINE#         546
  C:7424H         LINE#         547
  C:7437H         LINE#         548
  C:743DH         LINE#         549
  C:7440H         LINE#         550
  C:7457H         LINE#         551
  C:7457H         LINE#         552
  C:7457H         LINE#         553
  C:745CH         LINE#         555
BL51 BANKED LINKER/LOCATER V6.22.2.0                                                  06/22/2022  16:23:04  PAGE 162


  C:7461H         LINE#         556
  C:7464H         LINE#         557
  C:7469H         LINE#         559
  C:746CH         LINE#         562
  C:746CH         LINE#         563
  C:7474H         LINE#         564
  C:747AH         LINE#         565
  C:747CH         LINE#         568
  C:747CH         LINE#         569
  C:7482H         LINE#         570
  C:7484H         LINE#         571
  C:7487H         LINE#         572
  C:748CH         LINE#         573
  C:748FH         LINE#         574
  C:748FH         LINE#         575
  C:7491H         LINE#         578
  C:7491H         LINE#         579
  C:7497H         LINE#         580
  C:7497H         LINE#         581
  C:7497H         LINE#         582
  C:7499H         LINE#         584
  C:749BH         LINE#         585
  C:749DH         LINE#         587
  C:749DH         LINE#         588
  C:74A3H         LINE#         589
  C:74A3H         LINE#         590
  C:74A3H         LINE#         591
  C:74A5H         LINE#         593
  C:74A7H         LINE#         594
  C:74A9H         LINE#         596
  C:74A9H         LINE#         597
  C:74AFH         LINE#         598
  C:74AFH         LINE#         599
  C:74AFH         LINE#         600
  C:74B1H         LINE#         602
  C:74B3H         LINE#         603
  C:74B5H         LINE#         605
  C:74B5H         LINE#         606
  C:74BBH         LINE#         607
  C:74BBH         LINE#         608
  C:74BBH         LINE#         609
  C:74BDH         LINE#         611
  C:74C2H         LINE#         612
  C:74C4H         LINE#         614
  C:74C4H         LINE#         615
  C:74CCH         LINE#         616
  C:74DDH         LINE#         617
  C:74DDH         LINE#         618
  C:74DDH         LINE#         620
  C:74E4H         LINE#         621
  C:74E8H         LINE#         622
  C:74EBH         LINE#         623
  C:74ECH         LINE#         624
  C:74ECH         LINE#         625
  C:74ECH         LINE#         626
  C:74F1H         LINE#         627
  C:74F1H         LINE#         628
BL51 BANKED LINKER/LOCATER V6.22.2.0                                                  06/22/2022  16:23:04  PAGE 163


  -------         ENDPROC       MONGETCOMMAND
  C:5012H         SYMBOL        L?0273
  C:5026H         SYMBOL        L?0274
  C:503AH         SYMBOL        L?0275
  C:504EH         SYMBOL        L?0276
  C:5062H         SYMBOL        L?0277
  C:507AH         SYMBOL        L?0278
  C:508EH         SYMBOL        L?0279
  C:50A6H         SYMBOL        L?0280
  C:50BAH         SYMBOL        L?0281
  C:50D2H         SYMBOL        L?0282
  C:50E6H         SYMBOL        L?0287
  C:50FAH         SYMBOL        L?0288
  C:510EH         SYMBOL        L?0291
  C:5122H         SYMBOL        L?0297
  C:5136H         SYMBOL        L?0304
  C:514AH         SYMBOL        L?0307
  -------         PROC          MONITOR
  -------         DO            
  X:0001H         SYMBOL        mode
  -------         ENDDO         
  C:4D4DH         LINE#         634
  C:4D4DH         LINE#         635
  C:4D4DH         LINE#         636
  C:4D56H         LINE#         650
  C:4D58H         LINE#         653
  C:4D61H         LINE#         654
  C:4D64H         LINE#         655
  C:4D67H         LINE#         656
  C:4D70H         LINE#         657
  C:4D72H         LINE#         658
  C:4D75H         LINE#         659
  C:4D78H         LINE#         671
  C:4D81H         LINE#         672
  C:4D84H         LINE#         673
  C:4D87H         LINE#         674
  C:4D90H         LINE#         675
  C:4D92H         LINE#         676
  C:4D95H         LINE#         677
  C:4D98H         LINE#         688
  C:4DA1H         LINE#         689
  C:4DAAH         LINE#         690
  C:4DADH         LINE#         691
  C:4DB0H         LINE#         692
  C:4DB9H         LINE#         693
  C:4DBBH         LINE#         694
  C:4DBEH         LINE#         695
  C:4DC1H         LINE#         698
  C:4DCAH         LINE#         699
  C:4DCDH         LINE#         700
  C:4DD0H         LINE#         784
  C:4DD9H         LINE#         785
  C:4DDEH         LINE#         786
  C:4DE1H         LINE#         789
  C:4DFCH         LINE#         790
  C:4DFFH         LINE#         792
  C:4E02H         LINE#         794
BL51 BANKED LINKER/LOCATER V6.22.2.0                                                  06/22/2022  16:23:04  PAGE 164


  C:4E0BH         LINE#         796
  C:4E13H         LINE#         797
  C:4E1CH         LINE#         798
  C:4E25H         LINE#         799
  C:4E2BH         LINE#         800
  C:4E2EH         LINE#         801
  C:4E2EH         LINE#         803
  C:4E36H         LINE#         805
  C:4E36H         LINE#         806
  C:4E39H         LINE#         816
  C:4E42H         LINE#         817
  C:4E45H         LINE#         818
  C:4E48H         LINE#         870
  C:4E51H         LINE#         871
  C:4E59H         LINE#         872
  C:4E61H         LINE#         873
  C:4E64H         LINE#         874
  C:4E64H         LINE#         875
  C:4E77H         LINE#         876
  C:4E7AH         LINE#         879
  C:4E83H         LINE#         880
  C:4E88H         LINE#         881
  C:4E8AH         LINE#         882
  C:4E90H         LINE#         883
  C:4E93H         LINE#         884
  C:4E93H         LINE#         885
  C:4E95H         LINE#         886
  C:4E9BH         LINE#         887
  C:4E9BH         LINE#         888
  C:4E9EH         LINE#         890
  C:4EA7H         LINE#         891
  C:4EACH         LINE#         892
  C:4EAEH         LINE#         893
  C:4EB4H         LINE#         894
  C:4EB7H         LINE#         895
  C:4EBCH         LINE#         896
  C:4EBEH         LINE#         897
  C:4EC4H         LINE#         898
  C:4EC7H         LINE#         899
  C:4EC7H         LINE#         900
  C:4ED2H         LINE#         901
  C:4ED2H         LINE#         902
  C:4ED5H         LINE#         903
  C:4EDEH         LINE#         904
  C:4EE3H         LINE#         906
  C:4EE9H         LINE#         907
  C:4EECH         LINE#         908
  C:4EF3H         LINE#         910
  C:4EF7H         LINE#         911
  C:4EFAH         LINE#         912
  C:4EFAH         LINE#         913
  C:4F03H         LINE#         914
  C:4F03H         LINE#         915
  C:4F06H         LINE#         916
  C:4F0FH         LINE#         917
  C:4F18H         LINE#         918
  C:4F1AH         LINE#         919
BL51 BANKED LINKER/LOCATER V6.22.2.0                                                  06/22/2022  16:23:04  PAGE 165


  C:4F20H         LINE#         920
  C:4F23H         LINE#         921
  C:4F2CH         LINE#         922
  C:4F2EH         LINE#         923
  C:4F34H         LINE#         924
  C:4F37H         LINE#         925
  C:4F37H         LINE#         926
  C:4F42H         LINE#         927
  C:4F42H         LINE#         928
  C:4F45H         LINE#         930
  C:4F4EH         LINE#         931
  C:4F5AH         LINE#         933
  C:4F5AH         LINE#         934
  C:4F63H         LINE#         935
  C:4F6CH         LINE#         936
  C:4F75H         LINE#         937
  C:4F7EH         LINE#         938
  C:4F80H         LINE#         939
  C:4F80H         LINE#         940
  C:4F89H         LINE#         941
  C:4F8CH         LINE#         942
  C:4F8FH         LINE#         943
  C:4F94H         LINE#         944
  C:4F98H         LINE#         945
  C:4F98H         LINE#         1087
  C:4F9BH         LINE#         1090
  C:4FA4H         LINE#         1091
  C:4FA7H         LINE#         1092
  C:4FA9H         LINE#         1095
  C:4FC2H         LINE#         1096
  C:4FCBH         LINE#         1097
  C:4FD4H         LINE#         1098
  C:4FD6H         LINE#         1099
  C:4FEFH         LINE#         1100
  C:4FF8H         LINE#         1101
  C:4FFAH         LINE#         1102
  C:4FFAH         LINE#         1103
  C:5003H         LINE#         1104
  C:5003H         LINE#         1105
  C:5005H         LINE#         1130
  C:5005H         LINE#         1131
  C:500EH         LINE#         1132
  C:500EH         LINE#         1134
  C:5011H         LINE#         1136
  -------         ENDPROC       MONITOR
  -------         ENDMOD        MONITOR

  -------         MODULE        ?C?COPY
  C:43E3H         PUBLIC        ?C?COPY
  -------         ENDMOD        ?C?COPY

  -------         MODULE        ?C?CLDPTR
  C:4409H         PUBLIC        ?C?CLDPTR
  -------         ENDMOD        ?C?CLDPTR

  -------         MODULE        ?C?CLDOPTR
  C:4422H         PUBLIC        ?C?CLDOPTR
BL51 BANKED LINKER/LOCATER V6.22.2.0                                                  06/22/2022  16:23:04  PAGE 166


  -------         ENDMOD        ?C?CLDOPTR

  -------         MODULE        ?C?CSTPTR
  C:444FH         PUBLIC        ?C?CSTPTR
  -------         ENDMOD        ?C?CSTPTR

  -------         MODULE        ?C?IMUL
  C:4461H         PUBLIC        ?C?IMUL
  -------         ENDMOD        ?C?IMUL

  -------         MODULE        ?C?UIDIV
  C:4473H         PUBLIC        ?C?UIDIV
  -------         ENDMOD        ?C?UIDIV

  -------         MODULE        ?C?SIDIV
  C:44C8H         PUBLIC        ?C?SIDIV
  -------         ENDMOD        ?C?SIDIV

  -------         MODULE        ?C?IILDX
  C:44FEH         PUBLIC        ?C?IILDX
  -------         ENDMOD        ?C?IILDX

  -------         MODULE        ?C?ILDPTR
  C:4514H         PUBLIC        ?C?ILDPTR
  -------         ENDMOD        ?C?ILDPTR

  -------         MODULE        ?C?ILDOPTR
  C:453FH         PUBLIC        ?C?ILDOPTR
  -------         ENDMOD        ?C?ILDOPTR

  -------         MODULE        ?C?ISTPTR
  C:4577H         PUBLIC        ?C?ISTPTR
  -------         ENDMOD        ?C?ISTPTR

  -------         MODULE        ?C?LADD
  C:4596H         PUBLIC        ?C?LADD
  -------         ENDMOD        ?C?LADD

  -------         MODULE        ?C?LMUL
  C:45A3H         PUBLIC        ?C?LMUL
  -------         ENDMOD        ?C?LMUL

  -------         MODULE        ?C?ULDIV
  C:462EH         PUBLIC        ?C?ULDIV
  -------         ENDMOD        ?C?ULDIV

  -------         MODULE        ?C?ULCMP
  C:46C0H         PUBLIC        ?C?ULCMP
  -------         ENDMOD        ?C?ULCMP

  -------         MODULE        ?C?SLSHR
  C:46D1H         PUBLIC        ?C?SLSHR
  -------         ENDMOD        ?C?SLSHR

  -------         MODULE        ?C?LLDPTR
  C:46E5H         PUBLIC        ?C?LLDPTR
  -------         ENDMOD        ?C?LLDPTR
BL51 BANKED LINKER/LOCATER V6.22.2.0                                                  06/22/2022  16:23:04  PAGE 167



  -------         MODULE        ?C?LLDXDATA
  C:4705H         PUBLIC        ?C?LLDXDATA
  -------         ENDMOD        ?C?LLDXDATA

  -------         MODULE        ?C?LLDXDATA0
  C:4711H         PUBLIC        ?C?LLDXDATA0
  -------         ENDMOD        ?C?LLDXDATA0

  -------         MODULE        ?C?LSTXDATA
  C:471DH         PUBLIC        ?C?LSTXDATA
  -------         ENDMOD        ?C?LSTXDATA

  -------         MODULE        ?C?LSTKXDATA
  C:4729H         PUBLIC        ?C?LSTKXDATA
  -------         ENDMOD        ?C?LSTKXDATA

  -------         MODULE        ?C?OFFXADD
  C:475AH         PUBLIC        ?C?OFFXADD
  -------         ENDMOD        ?C?OFFXADD

  -------         MODULE        ?C?PLDXDATA
  C:4766H         PUBLIC        ?C?PLDXDATA
  -------         ENDMOD        ?C?PLDXDATA

  -------         MODULE        ?C?PLDIXDATA
  C:476FH         PUBLIC        ?C?PLDIXDATA
  -------         ENDMOD        ?C?PLDIXDATA

  -------         MODULE        ?C?PSTXDATA
  C:4786H         PUBLIC        ?C?PSTXDATA
  -------         ENDMOD        ?C?PSTXDATA

  -------         MODULE        ?C?PLDCODE
  C:478FH         PUBLIC        ?C?PLDCODE
  -------         ENDMOD        ?C?PLDCODE

  -------         MODULE        ?C?PLDPTR
  C:479BH         PUBLIC        ?C?PLDPTR
  -------         ENDMOD        ?C?PLDPTR

  -------         MODULE        ?C?PLDOPTR
  C:47BBH         PUBLIC        ?C?PLDOPTR
  -------         ENDMOD        ?C?PLDOPTR

  -------         MODULE        ?C?CCASE
  C:47EBH         PUBLIC        ?C?CCASE
  -------         ENDMOD        ?C?CCASE

  -------         MODULE        ?C?LLDIDATA
  C:4811H         PUBLIC        ?C?LLDIDATA
  -------         ENDMOD        ?C?LLDIDATA

  -------         MODULE        ?C?LLDPDATA
  C:481DH         PUBLIC        ?C?LLDPDATA
  -------         ENDMOD        ?C?LLDPDATA

BL51 BANKED LINKER/LOCATER V6.22.2.0                                                  06/22/2022  16:23:04  PAGE 168


  -------         MODULE        ?C?LLDCODE
  C:4829H         PUBLIC        ?C?LLDCODE
  -------         ENDMOD        ?C?LLDCODE

  -------         MODULE        ?C?PLDIDATA
  C:4839H         PUBLIC        ?C?PLDIDATA
  -------         ENDMOD        ?C?PLDIDATA

  -------         MODULE        ?C?PLDPDATA
  C:4842H         PUBLIC        ?C?PLDPDATA
  -------         ENDMOD        ?C?PLDPDATA

*** WARNING L16: UNCALLED SEGMENT, IGNORED FOR OVERLAY PROCESS
    SEGMENT: ?PR?CHECKANDCLEAROSD?DISPINFO

*** WARNING L1: UNRESOLVED EXTERNAL SYMBOL
    SYMBOL:  LCDPOWEROFF
    MODULE:  .\Output\TW88.obj (TW88)

*** WARNING L2: REFERENCE MADE TO UNRESOLVED EXTERNAL
    SYMBOL:  LCDPOWEROFF
    MODULE:  .\Output\TW88.obj (TW88)
    ADDRESS: BCF4H

Program Size: data=125.4 xdata=331 code=50720
LINK/LOCATE RUN COMPLETE.  3 WARNING(S),  0 ERROR(S)
